PARSING CAST: token=CAST_UNCHECKED isUnchecked=1
PARSING CAST: token=CAST_UNCHECKED isUnchecked=1
PARSING CAST: token=CAST_UNCHECKED isUnchecked=1
PARSING CAST: token=CAST_UNCHECKED isUnchecked=1
PARSING CAST: token=CAST_UNCHECKED isUnchecked=1
PARSING CAST: token=CAST_UNCHECKED isUnchecked=1
PARSING CAST: token=CAST_UNCHECKED isUnchecked=1
PARSING CAST: token=CAST_UNCHECKED isUnchecked=1
PARSING CAST: token=CAST_UNCHECKED isUnchecked=1
PARSING CAST: token=CAST_UNCHECKED isUnchecked=1
PARSING CAST: token=CAST_UNCHECKED isUnchecked=1
PARSING CAST: token=CAST_UNCHECKED isUnchecked=1
PARSING CAST: token=CAST_UNCHECKED isUnchecked=1
PARSING CAST: token=CAST_UNCHECKED isUnchecked=1
PARSING CAST: token=CAST_UNCHECKED isUnchecked=1
PARSING CAST: token=CAST_UNCHECKED isUnchecked=1
PARSING CAST: token=CAST_UNCHECKED isUnchecked=1
PARSING CAST: token=CAST_UNCHECKED isUnchecked=1
PARSING CAST: token=CAST_UNCHECKED isUnchecked=1
PARSING CAST: token=CAST_UNCHECKED isUnchecked=1
PARSING CAST: token=CAST_UNCHECKED isUnchecked=1
PARSING CAST: token=CAST_UNCHECKED isUnchecked=1
PARSING CAST: token=CAST_UNCHECKED isUnchecked=1
PARSING CAST: token=CAST_UNCHECKED isUnchecked=1
PARSING CAST: token=CAST_UNCHECKED isUnchecked=1
PARSING CAST: token=CAST_UNCHECKED isUnchecked=1
PARSING CAST: token=CAST_UNCHECKED isUnchecked=1
PARSING CAST: token=CAST_UNCHECKED isUnchecked=1
PARSING CAST: token=CAST_UNCHECKED isUnchecked=1
PARSING CAST: token=CAST_UNCHECKED isUnchecked=1
PARSING CAST: token=CAST_UNCHECKED isUnchecked=1
PARSING CAST: token=CAST_UNCHECKED isUnchecked=1
PARSING CAST: token=CAST_UNCHECKED isUnchecked=1
PARSING CAST: token=CAST_UNCHECKED isUnchecked=1
PARSING CAST: token=CAST_UNCHECKED isUnchecked=1
PARSING CAST: token=CAST_UNCHECKED isUnchecked=1
PARSING CAST: token=CAST_UNCHECKED isUnchecked=1
PARSING CAST: token=CAST_UNCHECKED isUnchecked=1
PARSING CAST: token=CAST_UNCHECKED isUnchecked=1
PARSING CAST: token=CAST_UNCHECKED isUnchecked=1
PARSING CAST: token=CAST_UNCHECKED isUnchecked=1
PARSING CAST: token=CAST_UNCHECKED isUnchecked=1
PARSING CAST: token=CAST_UNCHECKED isUnchecked=1
PARSING CAST: token=CAST_UNCHECKED isUnchecked=1
PARSING CAST: token=CAST_UNCHECKED isUnchecked=1
PARSING CAST: token=CAST_UNCHECKED isUnchecked=1
PARSING CAST: token=CAST_UNCHECKED isUnchecked=1
PARSING CAST: token=CAST_UNCHECKED isUnchecked=1
PARSING CAST: token=CAST_UNCHECKED isUnchecked=1
PARSING CAST: token=CAST_UNCHECKED isUnchecked=1
PARSING CAST: token=CAST_UNCHECKED isUnchecked=1
PARSING CAST: token=CAST_UNCHECKED isUnchecked=1
PARSING CAST: token=CAST_UNCHECKED isUnchecked=1
PARSING CAST: token=CAST_UNCHECKED isUnchecked=1
PARSING CAST: token=CAST_UNCHECKED isUnchecked=1
PARSING CAST: token=CAST_UNCHECKED isUnchecked=1
PARSING CAST: token=CAST_UNCHECKED isUnchecked=1
PARSING CAST: token=CAST_UNCHECKED isUnchecked=1
PARSING CAST: token=CAST_UNCHECKED isUnchecked=1
PARSING CAST: token=CAST_UNCHECKED isUnchecked=1
PARSING CAST: token=CAST_UNCHECKED isUnchecked=1
PARSING CAST: token=CAST_UNCHECKED isUnchecked=1
PARSING CAST: token=CAST_UNCHECKED isUnchecked=1
PARSING CAST: token=CAST_UNCHECKED isUnchecked=1
PARSING CAST: token=CAST_UNCHECKED isUnchecked=1
PARSING CAST: token=CAST_UNCHECKED isUnchecked=1
PARSING CAST: token=CAST_UNCHECKED isUnchecked=1
PARSING CAST: token=CAST_UNCHECKED isUnchecked=1
PARSING CAST: token=CAST_UNCHECKED isUnchecked=1
PARSING CAST: token=CAST_UNCHECKED isUnchecked=1
PARSING CAST: token=CAST_UNCHECKED isUnchecked=1
PARSING CAST: token=CAST_UNCHECKED isUnchecked=1
PARSING CAST: token=CAST_UNCHECKED isUnchecked=1
PARSING CAST: token=CAST_UNCHECKED isUnchecked=1
PARSING CAST: token=CAST_UNCHECKED isUnchecked=1
PARSING CAST: token=CAST_UNCHECKED isUnchecked=1
PARSING CAST: token=CAST_UNCHECKED isUnchecked=1
PARSING CAST: token=CAST_UNCHECKED isUnchecked=1
PARSING CAST: token=CAST_UNCHECKED isUnchecked=1
PARSING CAST: token=CAST_UNCHECKED isUnchecked=1
PARSING CAST: token=CAST_UNCHECKED isUnchecked=1
PARSING CAST: token=CAST_UNCHECKED isUnchecked=1
PARSING CAST: token=CAST_UNCHECKED isUnchecked=1
PARSING CAST: token=CAST_UNCHECKED isUnchecked=1
PARSING CAST: token=CAST_UNCHECKED isUnchecked=1
PARSING CAST: token=CAST_UNCHECKED isUnchecked=1
PARSING CAST: token=CAST_UNCHECKED isUnchecked=1
PARSING CAST: token=CAST_UNCHECKED isUnchecked=1
PARSING CAST: token=CAST_UNCHECKED isUnchecked=1
PARSING CAST: token=CAST_UNCHECKED isUnchecked=1
PARSING CAST: token=CAST_UNCHECKED isUnchecked=1
PARSING CAST: token=CAST_UNCHECKED isUnchecked=1
PARSING CAST: token=CAST_UNCHECKED isUnchecked=1
PARSING CAST: token=CAST_UNCHECKED isUnchecked=1
PARSING CAST: token=CAST_UNCHECKED isUnchecked=1
PARSING CAST: token=CAST_UNCHECKED isUnchecked=1
PARSING CAST: token=CAST_UNCHECKED isUnchecked=1
PARSING CAST: token=CAST_UNCHECKED isUnchecked=1
PARSING CAST: token=CAST_UNCHECKED isUnchecked=1
PARSING CAST: token=CAST_UNCHECKED isUnchecked=1
PARSING CAST: token=CAST_UNCHECKED isUnchecked=1
PARSING CAST: token=CAST_UNCHECKED isUnchecked=1
PARSING CAST: token=CAST_UNCHECKED isUnchecked=1
PARSING CAST: token=CAST_UNCHECKED isUnchecked=1
PARSING CAST: token=CAST_UNCHECKED isUnchecked=1
PARSING CAST: token=CAST_UNCHECKED isUnchecked=1
PARSING CAST: token=CAST_UNCHECKED isUnchecked=1
PARSING CAST: token=CAST_UNCHECKED isUnchecked=1
PARSING CAST: token=CAST_UNCHECKED isUnchecked=1
PARSING CAST: token=CAST_UNCHECKED isUnchecked=1
PARSING CAST: token=CAST_UNCHECKED isUnchecked=1
PARSING CAST: token=CAST_UNCHECKED isUnchecked=1
PARSING CAST: token=CAST_UNCHECKED isUnchecked=1
PARSING CAST: token=CAST_UNCHECKED isUnchecked=1
PARSING CAST: token=CAST_UNCHECKED isUnchecked=1
PARSING CAST: token=CAST_UNCHECKED isUnchecked=1
PARSING CAST: token=CAST_UNCHECKED isUnchecked=1
PARSING CAST: token=CAST_UNCHECKED isUnchecked=1
PARSING CAST: token=CAST_UNCHECKED isUnchecked=1
PARSING CAST: token=CAST_UNCHECKED isUnchecked=1
PARSING CAST: token=CAST_UNCHECKED isUnchecked=1
PARSING CAST: token=CAST_UNCHECKED isUnchecked=1
PARSING CAST: token=CAST_UNCHECKED isUnchecked=1
PARSING CAST: token=CAST_UNCHECKED isUnchecked=1
PARSING CAST: token=CAST_UNCHECKED isUnchecked=1
PARSING CAST: token=CAST_UNCHECKED isUnchecked=1
PARSING CAST: token=CAST_UNCHECKED isUnchecked=1
PARSING CAST: token=CAST_UNCHECKED isUnchecked=1
PARSING CAST: token=CAST_UNCHECKED isUnchecked=1
PARSING CAST: token=CAST_UNCHECKED isUnchecked=1
PARSING CAST: token=CAST_UNCHECKED isUnchecked=1
PARSING CAST: token=CAST_UNCHECKED isUnchecked=1
PARSING CAST: token=CAST_UNCHECKED isUnchecked=1
PARSING CAST: token=CAST_UNCHECKED isUnchecked=1
PARSING CAST: token=CAST_UNCHECKED isUnchecked=1
PARSING CAST: token=CAST_UNCHECKED isUnchecked=1
PARSING CAST: token=CAST_UNCHECKED isUnchecked=1
PARSING CAST: token=CAST_UNCHECKED isUnchecked=1
PARSING CAST: token=CAST_UNCHECKED isUnchecked=1
PARSING CAST: token=CAST_UNCHECKED isUnchecked=1
PARSING CAST: token=CAST_UNCHECKED isUnchecked=1
PARSING CAST: token=CAST_UNCHECKED isUnchecked=1
PARSING CAST: token=CAST_UNCHECKED isUnchecked=1
PARSING CAST: token=CAST_UNCHECKED isUnchecked=1
PARSING CAST: token=CAST_UNCHECKED isUnchecked=1
PARSING CAST: token=CAST_UNCHECKED isUnchecked=1
PARSING CAST: token=CAST_UNCHECKED isUnchecked=1
PARSING CAST: token=CAST_UNCHECKED isUnchecked=1
PARSING CAST: token=CAST_UNCHECKED isUnchecked=1
PARSING CAST: token=CAST_UNCHECKED isUnchecked=1
PARSING CAST: token=CAST_UNCHECKED isUnchecked=1
PARSING CAST: token=CAST_UNCHECKED isUnchecked=1
PARSING CAST: token=CAST_UNCHECKED isUnchecked=1
PARSING CAST: token=CAST_UNCHECKED isUnchecked=1
PARSING CAST: token=CAST_UNCHECKED isUnchecked=1
PARSING CAST: token=CAST_UNCHECKED isUnchecked=1
PARSING CAST: token=CAST_UNCHECKED isUnchecked=1
PARSING CAST: token=CAST_UNCHECKED isUnchecked=1
PARSING CAST: token=CAST_UNCHECKED isUnchecked=1
PARSING CAST: token=CAST_UNCHECKED isUnchecked=1
PARSING CAST: token=CAST_UNCHECKED isUnchecked=1
PARSING CAST: token=CAST_UNCHECKED isUnchecked=1
PARSING CAST: token=CAST_UNCHECKED isUnchecked=1
PARSING CAST: token=CAST_UNCHECKED isUnchecked=1
PARSING CAST: token=CAST_UNCHECKED isUnchecked=1
PARSING CAST: token=CAST_UNCHECKED isUnchecked=1
PARSING CAST: token=CAST_UNCHECKED isUnchecked=1
PARSING CAST: token=CAST_UNCHECKED isUnchecked=1
PARSING CAST: token=CAST_UNCHECKED isUnchecked=1
PARSING CAST: token=CAST_UNCHECKED isUnchecked=1
PARSING CAST: token=CAST_UNCHECKED isUnchecked=1
PARSING CAST: token=CAST_UNCHECKED isUnchecked=1
PARSING CAST: token=CAST_UNCHECKED isUnchecked=1
PARSING CAST: token=CAST_UNCHECKED isUnchecked=1
PARSING CAST: token=CAST_UNCHECKED isUnchecked=1
PARSING CAST: token=CAST_UNCHECKED isUnchecked=1
PARSING CAST: token=CAST_UNCHECKED isUnchecked=1
PARSING CAST: token=CAST_UNCHECKED isUnchecked=1
PARSING CAST: token=CAST_UNCHECKED isUnchecked=1
PARSING CAST: token=CAST_UNCHECKED isUnchecked=1
PARSING CAST: token=CAST_UNCHECKED isUnchecked=1
PARSING CAST: token=CAST_UNCHECKED isUnchecked=1
PARSING CAST: token=CAST_UNCHECKED isUnchecked=1
PARSING CAST: token=CAST_UNCHECKED isUnchecked=1
PARSING CAST: token=CAST_UNCHECKED isUnchecked=1
PARSING CAST: token=CAST_UNCHECKED isUnchecked=1
PARSING CAST: token=CAST_UNCHECKED isUnchecked=1
PARSING CAST: token=CAST_UNCHECKED isUnchecked=1
PARSING CAST: token=CAST_UNCHECKED isUnchecked=1
PARSING CAST: token=CAST_UNCHECKED isUnchecked=1
PARSING CAST: token=CAST_UNCHECKED isUnchecked=1
PARSING CAST: token=CAST_UNCHECKED isUnchecked=1
PARSING CAST: token=CAST_UNCHECKED isUnchecked=1
PARSING CAST: token=CAST_UNCHECKED isUnchecked=1
PARSING CAST: token=CAST_UNCHECKED isUnchecked=1
PARSING CAST: token=CAST_UNCHECKED isUnchecked=1
PARSING CAST: token=CAST_UNCHECKED isUnchecked=1
PARSING CAST: token=CAST_UNCHECKED isUnchecked=1
PARSING CAST: token=CAST_UNCHECKED isUnchecked=1
PARSING CAST: token=CAST_UNCHECKED isUnchecked=1
PARSING CAST: token=CAST_UNCHECKED isUnchecked=1
PARSING CAST: token=CAST_UNCHECKED isUnchecked=1
PARSING CAST: token=CAST_UNCHECKED isUnchecked=1
PARSING CAST: token=CAST_UNCHECKED isUnchecked=1
PARSING CAST: token=CAST_UNCHECKED isUnchecked=1
PARSING CAST: token=CAST_UNCHECKED isUnchecked=1
PARSING CAST: token=CAST_UNCHECKED isUnchecked=1
PARSING CAST: token=CAST_UNCHECKED isUnchecked=1
PARSING CAST: token=CAST_UNCHECKED isUnchecked=1
PARSING CAST: token=CAST_UNCHECKED isUnchecked=1
PARSING CAST: token=CAST_UNCHECKED isUnchecked=1
PARSING CAST: token=CAST_UNCHECKED isUnchecked=1
PARSING CAST: token=CAST_UNCHECKED isUnchecked=1
PARSING CAST: token=CAST_UNCHECKED isUnchecked=1
PARSING CAST: token=CAST_UNCHECKED isUnchecked=1
PARSING CAST: token=CAST_UNCHECKED isUnchecked=1
PARSING CAST: token=CAST_UNCHECKED isUnchecked=1
PARSING CAST: token=CAST_UNCHECKED isUnchecked=1
PARSING CAST: token=CAST_UNCHECKED isUnchecked=1
PARSING CAST: token=CAST_UNCHECKED isUnchecked=1
PARSING CAST: token=CAST_UNCHECKED isUnchecked=1
PARSING CAST: token=CAST_UNCHECKED isUnchecked=1
PARSING CAST: token=CAST_UNCHECKED isUnchecked=1
PARSING CAST: token=CAST_UNCHECKED isUnchecked=1
PARSING CAST: token=CAST_UNCHECKED isUnchecked=1
PARSING CAST: token=CAST_UNCHECKED isUnchecked=1
PARSING CAST: token=CAST_UNCHECKED isUnchecked=1
PARSING CAST: token=CAST_UNCHECKED isUnchecked=1
PARSING CAST: token=CAST_UNCHECKED isUnchecked=1
PARSING CAST: token=CAST_UNCHECKED isUnchecked=1
PARSING CAST: token=CAST_UNCHECKED isUnchecked=1
PARSING CAST: token=CAST_UNCHECKED isUnchecked=1
PARSING CAST: token=CAST_UNCHECKED isUnchecked=1
PARSING CAST: token=CAST_UNCHECKED isUnchecked=1
PARSING CAST: token=CAST_UNCHECKED isUnchecked=1
PARSING CAST: token=CAST_UNCHECKED isUnchecked=1
PARSING CAST: token=CAST_UNCHECKED isUnchecked=1
PARSING CAST: token=CAST_UNCHECKED isUnchecked=1
PARSING CAST: token=CAST_UNCHECKED isUnchecked=1
PARSING CAST: token=CAST_UNCHECKED isUnchecked=1
PARSING CAST: token=CAST_UNCHECKED isUnchecked=1
PARSING CAST: token=CAST_UNCHECKED isUnchecked=1
PARSING CAST: token=CAST_UNCHECKED isUnchecked=1
PARSING CAST: token=CAST_UNCHECKED isUnchecked=1
PARSING CAST: token=CAST_UNCHECKED isUnchecked=1
PARSING CAST: token=CAST_UNCHECKED isUnchecked=1
PARSING CAST: token=CAST_UNCHECKED isUnchecked=1
PARSING CAST: token=CAST_UNCHECKED isUnchecked=1
PARSING CAST: token=CAST_UNCHECKED isUnchecked=1
PARSING CAST: token=CAST_UNCHECKED isUnchecked=1
PARSING CAST: token=CAST_UNCHECKED isUnchecked=1
PARSING CAST: token=CAST_UNCHECKED isUnchecked=1
PARSING CAST: token=CAST_UNCHECKED isUnchecked=1
PARSING CAST: token=CAST_UNCHECKED isUnchecked=1
PARSING CAST: token=CAST_UNCHECKED isUnchecked=1
PARSING CAST: token=CAST_UNCHECKED isUnchecked=1
PARSING CAST: token=CAST_UNCHECKED isUnchecked=1
PARSING CAST: token=CAST_UNCHECKED isUnchecked=1
PARSING CAST: token=CAST_UNCHECKED isUnchecked=1
PARSING CAST: token=CAST_UNCHECKED isUnchecked=1
PARSING CAST: token=CAST_UNCHECKED isUnchecked=1
PARSING CAST: token=CAST_UNCHECKED isUnchecked=1
PARSING CAST: token=CAST_UNCHECKED isUnchecked=1
PARSING CAST: token=CAST_UNCHECKED isUnchecked=1
PARSING CAST: token=CAST_UNCHECKED isUnchecked=1
PARSING CAST: token=CAST_UNCHECKED isUnchecked=1
PARSING CAST: token=CAST_UNCHECKED isUnchecked=1
PARSING CAST: token=CAST_UNCHECKED isUnchecked=1
PARSING CAST: token=CAST_UNCHECKED isUnchecked=1
PARSING CAST: token=CAST_UNCHECKED isUnchecked=1
PARSING CAST: token=CAST_UNCHECKED isUnchecked=1
PARSING CAST: token=CAST_UNCHECKED isUnchecked=1
PARSING CAST: token=CAST_UNCHECKED isUnchecked=1
PARSING CAST: token=CAST_UNCHECKED isUnchecked=1
PARSING CAST: token=CAST_UNCHECKED isUnchecked=1
PARSING CAST: token=CAST_UNCHECKED isUnchecked=1
PARSING CAST: token=CAST_UNCHECKED isUnchecked=1
PARSING CAST: token=CAST_UNCHECKED isUnchecked=1
PARSING CAST: token=CAST_UNCHECKED isUnchecked=1
PARSING CAST: token=CAST_UNCHECKED isUnchecked=1
PARSING CAST: token=CAST_UNCHECKED isUnchecked=1
PARSING CAST: token=CAST_UNCHECKED isUnchecked=1
PARSING CAST: token=CAST_UNCHECKED isUnchecked=1
PARSING CAST: token=CAST_UNCHECKED isUnchecked=1
PARSING CAST: token=CAST_UNCHECKED isUnchecked=1
PARSING CAST: token=CAST_UNCHECKED isUnchecked=1
PARSING CAST: token=CAST_UNCHECKED isUnchecked=1
PARSING CAST: token=CAST_UNCHECKED isUnchecked=1
PARSING CAST: token=CAST_UNCHECKED isUnchecked=1
PARSING CAST: token=CAST_UNCHECKED isUnchecked=1
PARSING CAST: token=CAST_UNCHECKED isUnchecked=1
PARSING CAST: token=CAST_UNCHECKED isUnchecked=1
PARSING CAST: token=CAST_UNCHECKED isUnchecked=1
PARSING CAST: token=CAST_UNCHECKED isUnchecked=1
PARSING CAST: token=CAST_UNCHECKED isUnchecked=1
PARSING CAST: token=CAST_UNCHECKED isUnchecked=1
PARSING CAST: token=CAST_UNCHECKED isUnchecked=1
PARSING CAST: token=CAST_UNCHECKED isUnchecked=1
PARSING CAST: token=CAST_UNCHECKED isUnchecked=1
PARSING CAST: token=CAST_UNCHECKED isUnchecked=1
PARSING CAST: token=CAST_UNCHECKED isUnchecked=1
PARSING CAST: token=CAST_UNCHECKED isUnchecked=1
PARSING CAST: token=CAST_UNCHECKED isUnchecked=1
PARSING CAST: token=CAST_UNCHECKED isUnchecked=1
PARSING CAST: token=CAST_UNCHECKED isUnchecked=1
PARSING CAST: token=CAST_UNCHECKED isUnchecked=1
PARSING CAST: token=CAST_UNCHECKED isUnchecked=1
PARSING CAST: token=CAST_UNCHECKED isUnchecked=1
PARSING CAST: token=CAST_UNCHECKED isUnchecked=1
PARSING CAST: token=CAST_UNCHECKED isUnchecked=1
PARSING CAST: token=CAST_UNCHECKED isUnchecked=1
PARSING CAST: token=CAST_UNCHECKED isUnchecked=1
PARSING CAST: token=CAST_UNCHECKED isUnchecked=1
PARSING CAST: token=CAST_UNCHECKED isUnchecked=1
PARSING CAST: token=CAST_UNCHECKED isUnchecked=1
PARSING CAST: token=CAST_UNCHECKED isUnchecked=1
PARSING CAST: token=CAST_UNCHECKED isUnchecked=1
PARSING CAST: token=CAST_UNCHECKED isUnchecked=1
PARSING CAST: token=CAST_UNCHECKED isUnchecked=1
PARSING CAST: token=CAST_UNCHECKED isUnchecked=1
PARSING CAST: token=CAST_UNCHECKED isUnchecked=1
PARSING CAST: token=CAST_UNCHECKED isUnchecked=1
PARSING CAST: token=CAST_UNCHECKED isUnchecked=1
PARSING CAST: token=CAST_UNCHECKED isUnchecked=1
PARSING CAST: token=CAST_UNCHECKED isUnchecked=1
PARSING CAST: token=CAST_UNCHECKED isUnchecked=1
PARSING CAST: token=CAST_UNCHECKED isUnchecked=1
PARSING CAST: token=CAST_UNCHECKED isUnchecked=1
PARSING CAST: token=CAST_UNCHECKED isUnchecked=1
PARSING CAST: token=CAST_UNCHECKED isUnchecked=1
PARSING CAST: token=CAST_UNCHECKED isUnchecked=1
PARSING CAST: token=CAST_UNCHECKED isUnchecked=1
PARSING CAST: token=CAST_UNCHECKED isUnchecked=1
PARSING CAST: token=CAST_UNCHECKED isUnchecked=1
PARSING CAST: token=CAST_UNCHECKED isUnchecked=1
PARSING CAST: token=CAST_UNCHECKED isUnchecked=1
PARSING CAST: token=CAST_UNCHECKED isUnchecked=1
PARSING CAST: token=CAST_UNCHECKED isUnchecked=1
PARSING CAST: token=CAST_UNCHECKED isUnchecked=1
PARSING CAST: token=CAST_UNCHECKED isUnchecked=1
PARSING CAST: token=CAST_UNCHECKED isUnchecked=1
PARSING CAST: token=CAST_UNCHECKED isUnchecked=1
PARSING CAST: token=CAST_UNCHECKED isUnchecked=1
PARSING CAST: token=CAST_UNCHECKED isUnchecked=1
PARSING CAST: token=CAST_UNCHECKED isUnchecked=1
PARSING CAST: token=CAST_UNCHECKED isUnchecked=1
PARSING CAST: token=CAST_UNCHECKED isUnchecked=1
PARSING CAST: token=CAST_UNCHECKED isUnchecked=1
PARSING CAST: token=CAST_UNCHECKED isUnchecked=1
PARSING CAST: token=CAST_UNCHECKED isUnchecked=1
PARSING CAST: token=CAST_UNCHECKED isUnchecked=1
PARSING CAST: token=CAST_UNCHECKED isUnchecked=1
PARSING CAST: token=CAST_UNCHECKED isUnchecked=1
PARSING CAST: token=CAST_UNCHECKED isUnchecked=1
PARSING CAST: token=CAST_UNCHECKED isUnchecked=1
PARSING CAST: token=CAST isUnchecked=0
PARSING CAST: token=CAST isUnchecked=0
PARSING CAST: token=CAST isUnchecked=0
PARSING CAST: token=CAST isUnchecked=0
PARSING CAST: token=CAST isUnchecked=0
PARSING CAST: token=CAST isUnchecked=0
PARSING CAST: token=CAST isUnchecked=0
PARSING CAST: token=CAST isUnchecked=0
PARSING CAST: token=CAST isUnchecked=0
PARSING CAST: token=CAST isUnchecked=0
PARSING CAST: token=CAST isUnchecked=0
PARSING CAST: token=CAST isUnchecked=0
PARSING CAST: token=CAST isUnchecked=0
PARSING CAST: token=CAST isUnchecked=0
PARSING CAST: token=CAST isUnchecked=0
PARSING CAST: token=CAST isUnchecked=0
PARSING CAST: token=CAST isUnchecked=0
PARSING CAST: token=CAST isUnchecked=0
PARSING CAST: token=CAST isUnchecked=0
PARSING CAST: token=CAST isUnchecked=0
PARSING CAST: token=CAST isUnchecked=0
PARSING CAST: token=CAST isUnchecked=0
PARSING CAST: token=CAST_UNCHECKED isUnchecked=1
PARSING CAST: token=CAST_UNCHECKED isUnchecked=1
PARSING CAST: token=CAST_UNCHECKED isUnchecked=1
PARSING CAST: token=CAST_UNCHECKED isUnchecked=1
PARSING CAST: token=CAST_UNCHECKED isUnchecked=1
PARSING CAST: token=CAST_UNCHECKED isUnchecked=1
PARSING CAST: token=CAST_UNCHECKED isUnchecked=1
PARSING CAST: token=CAST_UNCHECKED isUnchecked=1
PARSING CAST: token=CAST isUnchecked=0
PARSING CAST: token=CAST isUnchecked=0
PARSING CAST: token=CAST isUnchecked=0
PARSING CAST: token=CAST isUnchecked=0
PARSING CAST: token=CAST isUnchecked=0
PARSING CAST: token=CAST isUnchecked=0
PARSING CAST: token=CAST isUnchecked=0
PARSING CAST: token=CAST_UNCHECKED isUnchecked=1
PARSING CAST: token=CAST_UNCHECKED isUnchecked=1
PARSING CAST: token=CAST_UNCHECKED isUnchecked=1
PARSING CAST: token=CAST_UNCHECKED isUnchecked=1
PARSING CAST: token=CAST_UNCHECKED isUnchecked=1
PARSING CAST: token=CAST_UNCHECKED isUnchecked=1
PARSING CAST: token=CAST_UNCHECKED isUnchecked=1
PARSING CAST: token=CAST_UNCHECKED isUnchecked=1
PARSING CAST: token=CAST_UNCHECKED isUnchecked=1
PARSING CAST: token=CAST_UNCHECKED isUnchecked=1
PARSING CAST: token=CAST isUnchecked=0
[DEBUG CODEGEN CALL] Generating call to: string_length
[DEBUG IR_GEN] Initializer generated for 'len', value = 0x5b6c746bb270
[DEBUG IR_GEN] InitVal type: 0x5b6c71992198
[DEBUG IR_GEN] Default builder.CreateStore for len
[DEBUG IR_GEN] Initializer generated for 'end_pos', value = 0x5b6c7471dec0
[DEBUG IR_GEN] InitVal type: 0x5b6c71992198
[DEBUG IR_GEN] Default builder.CreateStore for end_pos
[DEBUG CODEGEN CALL] Generating call to: string_substring
[DEBUG CODEGEN CALL] Generating call to: string_length
[DEBUG IR_GEN] Initializer generated for 'len', value = 0x5b6c7471e030
[DEBUG IR_GEN] InitVal type: 0x5b6c71992198
[DEBUG IR_GEN] Default builder.CreateStore for len
[DEBUG CODEGEN CALL] Generating call to: string_substring
[DEBUG CODEGEN CALL] Generating call to: string_index_of
[DEBUG IR_GEN] Initializer generated for 'idx', value = 0x5b6c7240ee30
[DEBUG IR_GEN] InitVal type: 0x5b6c71992198
[DEBUG IR_GEN] Default builder.CreateStore for idx
[DEBUG CODEGEN CALL] Generating call to: string_substring
[DEBUG CODEGEN CALL] Generating call to: string_index_of
[DEBUG IR_GEN] Initializer generated for 'idx', value = 0x5b6c723bb6e0
[DEBUG IR_GEN] InitVal type: 0x5b6c71992198
[DEBUG IR_GEN] Default builder.CreateStore for idx
[DEBUG CODEGEN CALL] Generating call to: string_length
[DEBUG IR_GEN] Initializer generated for 'dlen', value = 0x5b6c747a9aa0
[DEBUG IR_GEN] InitVal type: 0x5b6c71992198
[DEBUG IR_GEN] Default builder.CreateStore for dlen
[DEBUG CODEGEN CALL] Generating call to: string_length
[DEBUG IR_GEN] Initializer generated for 'slen', value = 0x5b6c747a9eb0
[DEBUG IR_GEN] InitVal type: 0x5b6c71992198
[DEBUG IR_GEN] Default builder.CreateStore for slen
[DEBUG IR_GEN] Initializer generated for 'start', value = 0x5b6c747aa240
[DEBUG IR_GEN] InitVal type: 0x5b6c71992198
[DEBUG IR_GEN] Default builder.CreateStore for start
[DEBUG CODEGEN CALL] Generating call to: string_substring
[DEBUG IR_GEN] Initializer generated for 'last', value = 0x5b6c74749470
[DEBUG IR_GEN] InitVal type: 0x5b6c71992198
[DEBUG IR_GEN] Default builder.CreateStore for last
[DEBUG CODEGEN CALL] Generating call to: string_length
[DEBUG IR_GEN] Initializer generated for 'dlen', value = 0x5b6c747aad00
[DEBUG IR_GEN] InitVal type: 0x5b6c71992198
[DEBUG IR_GEN] Default builder.CreateStore for dlen
[DEBUG CODEGEN CALL] Generating call to: string_length
[DEBUG IR_GEN] Initializer generated for 'slen', value = 0x5b6c747aaf70
[DEBUG IR_GEN] InitVal type: 0x5b6c71992198
[DEBUG IR_GEN] Default builder.CreateStore for slen
[DEBUG IR_GEN] Initializer generated for 'pos', value = 0x5b6c74325da0
[DEBUG IR_GEN] InitVal type: 0x5b6c71992198
[DEBUG IR_GEN] Default builder.CreateStore for pos
[DEBUG IR_GEN] Initializer generated for 'rest_len', value = 0x5b6c747abdd0
[DEBUG IR_GEN] InitVal type: 0x5b6c71992198
[DEBUG IR_GEN] Default builder.CreateStore for rest_len
[DEBUG CODEGEN CALL] Generating call to: string_substring
[DEBUG IR_GEN] Initializer generated for 'rest', value = 0x5b6c747aa960
[DEBUG IR_GEN] InitVal type: 0x5b6c746f0df0
[DEBUG IR_GEN] Default builder.CreateStore for rest
[DEBUG CODEGEN CALL] Generating call to: string_index_of
[DEBUG IR_GEN] Initializer generated for 'rel', value = 0x5b6c747ae200
[DEBUG IR_GEN] InitVal type: 0x5b6c71992198
[DEBUG IR_GEN] Default builder.CreateStore for rel
[DEBUG ASSIGNMENT] op=168, leftType=1 (POINTER_MEMBER=7)
[DEBUG ASSIGNMENT] op=168, leftType=1 (POINTER_MEMBER=7)
[DEBUG ASSIGNMENT] op=168, leftType=1 (POINTER_MEMBER=7)
[DEBUG ASSIGNMENT] op=168, leftType=1 (POINTER_MEMBER=7)
[DEBUG CODEGEN CALL] Generating call to: string_substring
[DEBUG IR_GEN] Initializer generated for 'last', value = 0x5b6c74749470
[DEBUG IR_GEN] InitVal type: 0x5b6c71992198
[DEBUG IR_GEN] Default builder.CreateStore for last
[DEBUG CODEGEN CALL] Generating call to: string_length
[DEBUG IR_GEN] Initializer generated for 'dlen', value = 0x5b6c747b6c20
[DEBUG IR_GEN] InitVal type: 0x5b6c71992198
[DEBUG IR_GEN] Default builder.CreateStore for dlen
[DEBUG CODEGEN CALL] Generating call to: string_length
[DEBUG IR_GEN] Initializer generated for 'slen', value = 0x5b6c747b6e90
[DEBUG IR_GEN] InitVal type: 0x5b6c71992198
[DEBUG IR_GEN] Default builder.CreateStore for slen
[DEBUG IR_GEN] Initializer generated for 'pos', value = 0x5b6c74325da0
[DEBUG IR_GEN] InitVal type: 0x5b6c71992198
[DEBUG IR_GEN] Default builder.CreateStore for pos
[DEBUG IR_GEN] Initializer generated for 'rest_len', value = 0x5b6c747b0140
[DEBUG IR_GEN] InitVal type: 0x5b6c71992198
[DEBUG IR_GEN] Default builder.CreateStore for rest_len
[DEBUG CODEGEN CALL] Generating call to: string_substring
[DEBUG IR_GEN] Initializer generated for 'rest', value = 0x5b6c747af0c0
[DEBUG IR_GEN] InitVal type: 0x5b6c746f0df0
[DEBUG IR_GEN] Default builder.CreateStore for rest
[DEBUG CODEGEN CALL] Generating call to: string_index_of
[DEBUG IR_GEN] Initializer generated for 'rel', value = 0x5b6c747b7620
[DEBUG IR_GEN] InitVal type: 0x5b6c71992198
[DEBUG IR_GEN] Default builder.CreateStore for rel
[DEBUG ASSIGNMENT] op=168, leftType=1 (POINTER_MEMBER=7)
[DEBUG ASSIGNMENT] op=168, leftType=1 (POINTER_MEMBER=7)
[DEBUG ASSIGNMENT] op=168, leftType=1 (POINTER_MEMBER=7)
[DEBUG ASSIGNMENT] op=168, leftType=1 (POINTER_MEMBER=7)
[DEBUG IR_GEN] Initializer generated for 'start', value = 0x5b6c747b8cb0
[DEBUG IR_GEN] InitVal type: 0x5b6c71992198
[DEBUG IR_GEN] Default builder.CreateStore for start
[DEBUG CODEGEN CALL] Generating call to: string_substring
[DEBUG CODEGEN CALL] Generating call to: string_index_of
[DEBUG IR_GEN] Initializer generated for 'oi', value = 0x5b6c747baaa0
[DEBUG IR_GEN] InitVal type: 0x5b6c71992198
[DEBUG IR_GEN] Default builder.CreateStore for oi
[DEBUG CODEGEN CALL] Generating call to: string_length
[DEBUG IR_GEN] Initializer generated for 'olen', value = 0x5b6c747b13d0
[DEBUG IR_GEN] InitVal type: 0x5b6c71992198
[DEBUG IR_GEN] Default builder.CreateStore for olen
[DEBUG CODEGEN CALL] Generating call to: string_length
[DEBUG IR_GEN] Initializer generated for 'slen', value = 0x5b6c747b1640
[DEBUG IR_GEN] InitVal type: 0x5b6c71992198
[DEBUG IR_GEN] Default builder.CreateStore for slen
[DEBUG IR_GEN] Initializer generated for 'inner_start', value = 0x5b6c747b19d0
[DEBUG IR_GEN] InitVal type: 0x5b6c71992198
[DEBUG IR_GEN] Default builder.CreateStore for inner_start
[DEBUG CODEGEN CALL] Generating call to: string_substring
[DEBUG IR_GEN] Initializer generated for 'rest', value = 0x5b6c747b85f0
[DEBUG IR_GEN] InitVal type: 0x5b6c746f0df0
[DEBUG IR_GEN] Default builder.CreateStore for rest
[DEBUG CODEGEN CALL] Generating call to: string_index_of
[DEBUG IR_GEN] Initializer generated for 'ci', value = 0x5b6c747b12f0
[DEBUG IR_GEN] InitVal type: 0x5b6c71992198
[DEBUG IR_GEN] Default builder.CreateStore for ci
[DEBUG CODEGEN CALL] Generating call to: string_substring
[DEBUG CODEGEN CALL] Generating call to: string_index_of
[DEBUG IR_GEN] Initializer generated for 'idx', value = 0x5b6c747b94b0
[DEBUG IR_GEN] InitVal type: 0x5b6c71992198
[DEBUG IR_GEN] Default builder.CreateStore for idx
[DEBUG CODEGEN CALL] Generating call to: string_length
[DEBUG IR_GEN] Initializer generated for 'olen', value = 0x5b6c747b9e70
[DEBUG IR_GEN] InitVal type: 0x5b6c71992198
[DEBUG IR_GEN] Default builder.CreateStore for olen
[DEBUG CODEGEN CALL] Generating call to: string_length
[DEBUG IR_GEN] Initializer generated for 'slen', value = 0x5b6c747ba0e0
[DEBUG IR_GEN] InitVal type: 0x5b6c71992198
[DEBUG IR_GEN] Default builder.CreateStore for slen
[DEBUG CODEGEN CALL] Generating call to: string_substring
[DEBUG IR_GEN] Initializer generated for 'before', value = 0x5b6c747b91f0
[DEBUG IR_GEN] InitVal type: 0x5b6c746f0df0
[DEBUG IR_GEN] Default builder.CreateStore for before
[DEBUG IR_GEN] Initializer generated for 'after_start', value = 0x5b6c747b9c70
[DEBUG IR_GEN] InitVal type: 0x5b6c71992198
[DEBUG IR_GEN] Default builder.CreateStore for after_start
[DEBUG CODEGEN CALL] Generating call to: string_substring
[DEBUG IR_GEN] Initializer generated for 'after', value = 0x5b6c7367ae30
[DEBUG IR_GEN] InitVal type: 0x5b6c746f0df0
[DEBUG IR_GEN] Default builder.CreateStore for after
[DEBUG CODEGEN CALL] Generating call to: string_concat
[DEBUG CODEGEN CALL] Generating call to: string_concat
[DEBUG IR_GEN] Initializer generated for 'result', value = 0x5b6c747b3250
[DEBUG IR_GEN] InitVal type: 0x5b6c746f0df0
[DEBUG IR_GEN] Default builder.CreateStore for result
[DEBUG CODEGEN CALL] Generating call to: string_length
[DEBUG IR_GEN] Initializer generated for 'old_len', value = 0x5b6c747b3650
[DEBUG IR_GEN] InitVal type: 0x5b6c71992198
[DEBUG IR_GEN] Default builder.CreateStore for old_len
[DEBUG CODEGEN CALL] Generating call to: string_index_of
[DEBUG IR_GEN] Initializer generated for 'idx', value = 0x5b6c747b5860
[DEBUG IR_GEN] InitVal type: 0x5b6c71992198
[DEBUG IR_GEN] Default builder.CreateStore for idx
[DEBUG CODEGEN CALL] Generating call to: string_length
[DEBUG IR_GEN] Initializer generated for 'slen', value = 0x5b6c747b5260
[DEBUG IR_GEN] InitVal type: 0x5b6c71992198
[DEBUG IR_GEN] Default builder.CreateStore for slen
[DEBUG CODEGEN CALL] Generating call to: string_substring
[DEBUG IR_GEN] Initializer generated for 'before', value = 0x5b6c747b31f0
[DEBUG IR_GEN] InitVal type: 0x5b6c746f0df0
[DEBUG IR_GEN] Default builder.CreateStore for before
[DEBUG IR_GEN] Initializer generated for 'after_start', value = 0x5b6c747bb980
[DEBUG IR_GEN] InitVal type: 0x5b6c71992198
[DEBUG IR_GEN] Default builder.CreateStore for after_start
[DEBUG CODEGEN CALL] Generating call to: string_substring
[DEBUG IR_GEN] Initializer generated for 'after', value = 0x5b6c747bbe90
[DEBUG IR_GEN] InitVal type: 0x5b6c746f0df0
[DEBUG IR_GEN] Default builder.CreateStore for after
[DEBUG ASSIGNMENT] op=168, leftType=1 (POINTER_MEMBER=7)
[DEBUG CODEGEN CALL] Generating call to: string_concat
[DEBUG CODEGEN CALL] Generating call to: string_concat
[DEBUG CODEGEN CALL] Generating call to: string_starts_with
[DEBUG CODEGEN CALL] Generating call to: string_length
[DEBUG IR_GEN] Initializer generated for 'plen', value = 0x5b6c7479cb00
[DEBUG IR_GEN] InitVal type: 0x5b6c71992198
[DEBUG IR_GEN] Default builder.CreateStore for plen
[DEBUG CODEGEN CALL] Generating call to: string_length
[DEBUG IR_GEN] Initializer generated for 'slen', value = 0x5b6c74786320
[DEBUG IR_GEN] InitVal type: 0x5b6c71992198
[DEBUG IR_GEN] Default builder.CreateStore for slen
[DEBUG CODEGEN CALL] Generating call to: string_substring
[DEBUG CODEGEN CALL] Generating call to: string_ends_with
[DEBUG CODEGEN CALL] Generating call to: string_length
[DEBUG IR_GEN] Initializer generated for 'slen', value = 0x5b6c74786ef0
[DEBUG IR_GEN] InitVal type: 0x5b6c71992198
[DEBUG IR_GEN] Default builder.CreateStore for slen
[DEBUG CODEGEN CALL] Generating call to: string_length
[DEBUG IR_GEN] Initializer generated for 'sufflen', value = 0x5b6c747870a0
[DEBUG IR_GEN] InitVal type: 0x5b6c71992198
[DEBUG IR_GEN] Default builder.CreateStore for sufflen
[DEBUG IR_GEN] Initializer generated for 'end_pos', value = 0x5b6c74788120
[DEBUG IR_GEN] InitVal type: 0x5b6c71992198
[DEBUG IR_GEN] Default builder.CreateStore for end_pos
[DEBUG CODEGEN CALL] Generating call to: string_substring
[DEBUG IR_GEN] Initializer generated for 'count', value = 0x5b6c74325da0
[DEBUG IR_GEN] InitVal type: 0x5b6c71992198
[DEBUG IR_GEN] Default builder.CreateStore for count
[DEBUG CODEGEN CALL] Generating call to: string_length
[DEBUG IR_GEN] Initializer generated for 'sublen', value = 0x5b6c747a1890
[DEBUG IR_GEN] InitVal type: 0x5b6c71992198
[DEBUG IR_GEN] Default builder.CreateStore for sublen
[DEBUG CODEGEN CALL] Generating call to: string_length
[DEBUG IR_GEN] Initializer generated for 'slen', value = 0x5b6c747a3850
[DEBUG IR_GEN] InitVal type: 0x5b6c71992198
[DEBUG IR_GEN] Default builder.CreateStore for slen
[DEBUG IR_GEN] Initializer generated for 'pos', value = 0x5b6c74325da0
[DEBUG IR_GEN] InitVal type: 0x5b6c71992198
[DEBUG IR_GEN] Default builder.CreateStore for pos
[DEBUG IR_GEN] Initializer generated for 'rest_len', value = 0x5b6c747a3660
[DEBUG IR_GEN] InitVal type: 0x5b6c71992198
[DEBUG IR_GEN] Default builder.CreateStore for rest_len
[DEBUG CODEGEN CALL] Generating call to: string_substring
[DEBUG IR_GEN] Initializer generated for 'rest', value = 0x5b6c74787ea0
[DEBUG IR_GEN] InitVal type: 0x5b6c746f0df0
[DEBUG IR_GEN] Default builder.CreateStore for rest
[DEBUG CODEGEN CALL] Generating call to: string_index_of
[DEBUG IR_GEN] Initializer generated for 'rel', value = 0x5b6c747997b0
[DEBUG IR_GEN] InitVal type: 0x5b6c71992198
[DEBUG IR_GEN] Default builder.CreateStore for rel
[DEBUG ASSIGNMENT] op=168, leftType=1 (POINTER_MEMBER=7)
[DEBUG ASSIGNMENT] op=168, leftType=1 (POINTER_MEMBER=7)
[DEBUG ASSIGNMENT] op=168, leftType=1 (POINTER_MEMBER=7)
[DEBUG ASSIGNMENT] op=168, leftType=1 (POINTER_MEMBER=7)
[DEBUG CODEGEN CALL] Generating call to: string_is_empty
[DEBUG CODEGEN CALL] Generating call to: raw
[DEBUG CODEGEN CALL] Generating call to: str_count
[DEBUG IR_GEN] Initializer generated for 'n', value = 0x5b6c747f2dc0
[DEBUG IR_GEN] InitVal type: 0x5b6c71992198
[DEBUG IR_GEN] Default builder.CreateStore for n
[DEBUG CODEGEN CALL] Generating call to: string_trim
[DEBUG IR_GEN] Initializer generated for 'trimmed', value = 0x5b6c747f36f0
[DEBUG IR_GEN] InitVal type: 0x5b6c746f0df0
[DEBUG IR_GEN] Default builder.CreateStore for trimmed
[DEBUG CODEGEN CALL] Generating call to: string_is_empty
[DEBUG CODEGEN CALL] Generating call to: string_is_empty
[DEBUG CODEGEN CALL] Generating call to: raw
[DEBUG CODEGEN CALL] Generating call to: str_count
[DEBUG IR_GEN] Initializer generated for 'n', value = 0x5b6c747f4320
[DEBUG IR_GEN] InitVal type: 0x5b6c71992198
[DEBUG IR_GEN] Default builder.CreateStore for n
[DEBUG IR_GEN] Initializer generated for 'rest', value = 0x5b6c747f49a0
[DEBUG IR_GEN] InitVal type: 0x5b6c746f0df0
[DEBUG IR_GEN] Default builder.CreateStore for rest
[DEBUG IR_GEN] Initializer generated for 'i', value = 0x5b6c74325da0
[DEBUG IR_GEN] InitVal type: 0x5b6c71992198
[DEBUG IR_GEN] Default builder.CreateStore for i
[DEBUG IR_GEN] Initializer generated for 'found', value = 0x5b6c74325da0
[DEBUG IR_GEN] InitVal type: 0x5b6c71992198
[DEBUG IR_GEN] Default builder.CreateStore for found
[DEBUG IR_GEN] Initializer generated for 'result', value = 0x5b6c747f5220
[DEBUG IR_GEN] InitVal type: 0x5b6c746f0df0
[DEBUG IR_GEN] Default builder.CreateStore for result
[DEBUG ASSIGNMENT] op=168, leftType=1 (POINTER_MEMBER=7)
[DEBUG CODEGEN CALL] Generating call to: raw
[DEBUG CODEGEN CALL] Generating call to: str_before
[DEBUG ASSIGNMENT] op=168, leftType=1 (POINTER_MEMBER=7)
[DEBUG CODEGEN CALL] Generating call to: string_index_of
[DEBUG IR_GEN] Initializer generated for 'idx', value = 0x5b6c7477f560
[DEBUG IR_GEN] InitVal type: 0x5b6c71992198
[DEBUG IR_GEN] Default builder.CreateStore for idx
[DEBUG ASSIGNMENT] op=168, leftType=1 (POINTER_MEMBER=7)
[DEBUG CODEGEN CALL] Generating call to: string_length
[DEBUG IR_GEN] Initializer generated for 'dlen', value = 0x5b6c747f8720
[DEBUG IR_GEN] InitVal type: 0x5b6c71992198
[DEBUG IR_GEN] Default builder.CreateStore for dlen
[DEBUG CODEGEN CALL] Generating call to: string_length
[DEBUG IR_GEN] Initializer generated for 'rlen', value = 0x5b6c747f8b50
[DEBUG IR_GEN] InitVal type: 0x5b6c71992198
[DEBUG IR_GEN] Default builder.CreateStore for rlen
[DEBUG IR_GEN] Initializer generated for 'next_start', value = 0x5b6c747f8fe0
[DEBUG IR_GEN] InitVal type: 0x5b6c71992198
[DEBUG IR_GEN] Default builder.CreateStore for next_start
[DEBUG ASSIGNMENT] op=168, leftType=1 (POINTER_MEMBER=7)
[DEBUG CODEGEN CALL] Generating call to: string_substring
[DEBUG ASSIGNMENT] op=168, leftType=1 (POINTER_MEMBER=7)
[DEBUG CODEGEN CALL] Generating call to: raw
[DEBUG CODEGEN CALL] Generating call to: str_char_at
[DEBUG CODEGEN CALL] Generating call to: raw
[DEBUG CODEGEN CALL] Generating call to: str_slice
[DEBUG CODEGEN CALL] Generating call to: raw
[DEBUG CODEGEN CALL] Generating call to: str_before
[DEBUG CODEGEN CALL] Generating call to: raw
[DEBUG CODEGEN CALL] Generating call to: str_after
[DEBUG CODEGEN CALL] Generating call to: raw
[DEBUG CODEGEN CALL] Generating call to: str_before_last
[DEBUG CODEGEN CALL] Generating call to: raw
[DEBUG CODEGEN CALL] Generating call to: str_after_last
[DEBUG CODEGEN CALL] Generating call to: raw
[DEBUG CODEGEN CALL] Generating call to: str_between
[DEBUG CODEGEN CALL] Generating call to: raw
[DEBUG CODEGEN CALL] Generating call to: str_replace
[DEBUG CODEGEN CALL] Generating call to: raw
[DEBUG CODEGEN CALL] Generating call to: str_replace_all
[DEBUG CODEGEN CALL] Generating call to: raw
[DEBUG CODEGEN CALL] Generating call to: str_remove_prefix
[DEBUG CODEGEN CALL] Generating call to: raw
[DEBUG CODEGEN CALL] Generating call to: str_remove_suffix
[DEBUG CODEGEN CALL] Generating call to: raw
[DEBUG CODEGEN CALL] Generating call to: str_count
[DEBUG CODEGEN CALL] Generating call to: raw
[DEBUG CODEGEN CALL] Generating call to: str_line_count
[DEBUG CODEGEN CALL] Generating call to: raw
[DEBUG CODEGEN CALL] Generating call to: str_is_blank
[DEBUG CODEGEN CALL] Generating call to: raw
[DEBUG CODEGEN CALL] Generating call to: str_token_count
[DEBUG CODEGEN CALL] Generating call to: raw
[DEBUG CODEGEN CALL] Generating call to: str_token
[DEBUG ASSIGNMENT] op=168, leftType=1 (POINTER_MEMBER=7)
[DEBUG CODEGEN CALL] Generating call to: ahash
[DEBUG ASSIGNMENT] op=168, leftType=1 (POINTER_MEMBER=7)
[DEBUG ASSIGNMENT] op=168, leftType=1 (POINTER_MEMBER=7)
[DEBUG CODEGEN CALL] Generating call to: ahash
[DEBUG ASSIGNMENT] op=168, leftType=1 (POINTER_MEMBER=7)
[DEBUG CODEGEN CALL] Generating call to: drop
[DEBUG CODEGEN CALL] Generating call to: raw
[DEBUG CODEGEN CALL] Generating call to: toml_init
[DEBUG CODEGEN CALL] Generating call to: string_length
[DEBUG IR_GEN] Initializer generated for 'len', value = 0x5b6c74768d10
[DEBUG IR_GEN] InitVal type: 0x5b6c71992198
[DEBUG IR_GEN] Default builder.CreateStore for len
[DEBUG IR_GEN] Initializer generated for 'current_section', value = 0x5b6c747a22d0
[DEBUG IR_GEN] InitVal type: 0x5b6c746f0df0
[DEBUG IR_GEN] Default builder.CreateStore for current_section
[DEBUG CODEGEN CALL] Generating call to: raw
[DEBUG CODEGEN CALL] Generating call to expression.
[DEBUG CODEGEN CALL] Generating call to: Str_token_count
[DEBUG IR_GEN] Initializer generated for 'lines', value = 0x5b6c747dfd90
[DEBUG IR_GEN] InitVal type: 0x5b6c71992198
[DEBUG IR_GEN] Default builder.CreateStore for lines
[DEBUG IR_GEN] Initializer generated for 'i', value = 0x5b6c74325da0
[DEBUG IR_GEN] InitVal type: 0x5b6c71992198
[DEBUG IR_GEN] Default builder.CreateStore for i
[DEBUG CODEGEN CALL] Generating call to: raw
[DEBUG CODEGEN CALL] Generating call to expression.
[DEBUG CODEGEN CALL] Generating call to: Str_token
[DEBUG IR_GEN] Initializer generated for 'line', value = 0x5b6c747ec440
[DEBUG IR_GEN] InitVal type: 0x5b6c746f0df0
[DEBUG IR_GEN] Default builder.CreateStore for line
[DEBUG ASSIGNMENT] op=168, leftType=1 (POINTER_MEMBER=7)
[DEBUG CODEGEN CALL] Generating call to: string_trim
[DEBUG CODEGEN CALL] Generating call to: string_is_empty
[DEBUG CODEGEN CALL] Generating call to: string_starts_with
[DEBUG CODEGEN CALL] Generating call to: string_starts_with
[DEBUG CODEGEN CALL] Generating call to: raw
[DEBUG CODEGEN CALL] Generating call to expression.
[DEBUG CODEGEN CALL] Generating call to: Str_between
[DEBUG IR_GEN] Initializer generated for 'sec', value = 0x5b6c74833210
[DEBUG IR_GEN] InitVal type: 0x5b6c746f0df0
[DEBUG IR_GEN] Default builder.CreateStore for sec
[DEBUG ASSIGNMENT] op=168, leftType=1 (POINTER_MEMBER=7)
[DEBUG CODEGEN CALL] Generating call to: string_index_of
[DEBUG IR_GEN] Initializer generated for 'eq', value = 0x5b6c74833880
[DEBUG IR_GEN] InitVal type: 0x5b6c71992198
[DEBUG IR_GEN] Default builder.CreateStore for eq
[DEBUG CODEGEN CALL] Generating call to: raw
[DEBUG CODEGEN CALL] Generating call to expression.
[DEBUG CODEGEN CALL] Generating call to: Str_before
[DEBUG IR_GEN] Initializer generated for 'k', value = 0x5b6c74847f40
[DEBUG IR_GEN] InitVal type: 0x5b6c746f0df0
[DEBUG IR_GEN] Default builder.CreateStore for k
[DEBUG CODEGEN CALL] Generating call to: raw
[DEBUG CODEGEN CALL] Generating call to expression.
[DEBUG CODEGEN CALL] Generating call to: Str_after
[DEBUG IR_GEN] Initializer generated for 'v', value = 0x5b6c74848580
[DEBUG IR_GEN] InitVal type: 0x5b6c746f0df0
[DEBUG IR_GEN] Default builder.CreateStore for v
[DEBUG ASSIGNMENT] op=168, leftType=1 (POINTER_MEMBER=7)
[DEBUG CODEGEN CALL] Generating call to: string_trim
[DEBUG ASSIGNMENT] op=168, leftType=1 (POINTER_MEMBER=7)
[DEBUG CODEGEN CALL] Generating call to: string_trim
[DEBUG IR_GEN] Initializer generated for 'full_key', value = 0x5b6c74848bc0
[DEBUG IR_GEN] InitVal type: 0x5b6c746f0df0
[DEBUG IR_GEN] Default builder.CreateStore for full_key
[DEBUG CODEGEN CALL] Generating call to: string_is_empty
[DEBUG ASSIGNMENT] op=168, leftType=1 (POINTER_MEMBER=7)
[DEBUG CODEGEN CALL] Generating call to: string_concat
[DEBUG ASSIGNMENT] op=168, leftType=1 (POINTER_MEMBER=7)
[DEBUG CODEGEN CALL] Generating call to: string_concat
[DEBUG CODEGEN CALL] Generating call to: string_starts_with
[DEBUG CODEGEN CALL] Generating call to: string_ends_with
[DEBUG CODEGEN CALL] Generating call to: string_length
[DEBUG IR_GEN] Initializer generated for 'vlen', value = 0x5b6c748730c0
[DEBUG IR_GEN] InitVal type: 0x5b6c71992198
[DEBUG IR_GEN] Default builder.CreateStore for vlen
[DEBUG ASSIGNMENT] op=168, leftType=1 (POINTER_MEMBER=7)
[DEBUG CODEGEN CALL] Generating call to: string_substring
[DEBUG-XXX] op: 162, left: 1, right: 0
[DEBUG CODEGEN CALL] Generating call to: ahset
[DEBUG IR_GEN] Initializer generated for 'status', value = 0x5b6c723ae3c0
[DEBUG IR_GEN] InitVal type: 0x5b6c71992180
[DEBUG IR_GEN] Default builder.CreateStore for status
[DEBUG ASSIGNMENT] op=168, leftType=1 (POINTER_MEMBER=7)
[DEBUG ASSIGNMENT] op=168, leftType=1 (POINTER_MEMBER=7)
[DEBUG CODEGEN CALL] Generating call to: ahtype
[DEBUG IR_GEN] Initializer generated for 'tag', value = 0x5b6c74783df0
[DEBUG IR_GEN] InitVal type: 0x5b6c71992198
[DEBUG IR_GEN] Default builder.CreateStore for tag
[DEBUG CODEGEN CALL] Generating call to: ahget
[DEBUG IR_GEN] Initializer generated for 'v', value = 0x5b6c747bf180
[DEBUG IR_GEN] InitVal type: 0x5b6c746f0df0
[DEBUG IR_GEN] Default builder.CreateStore for v
[DEBUG CODEGEN CALL] Generating call to: ahtype
[DEBUG IR_GEN] Initializer generated for 'tag', value = 0x5b6c747f7f50
[DEBUG IR_GEN] InitVal type: 0x5b6c71992198
[DEBUG IR_GEN] Default builder.CreateStore for tag
[DEBUG CODEGEN CALL] Generating call to: ahget
[DEBUG IR_GEN] Initializer generated for 'v', value = 0x5b6c747bf500
[DEBUG IR_GEN] InitVal type: 0x5b6c746f0df0
[DEBUG IR_GEN] Default builder.CreateStore for v
[DEBUG CODEGEN CALL] Generating call to: string_to_int
[DEBUG CODEGEN CALL] Generating call to: ahtype
[DEBUG IR_GEN] Initializer generated for 'tag', value = 0x5b6c74783f40
[DEBUG IR_GEN] InitVal type: 0x5b6c71992198
[DEBUG IR_GEN] Default builder.CreateStore for tag
[DEBUG CODEGEN CALL] Generating call to: ahget
[DEBUG IR_GEN] Initializer generated for 'v', value = 0x5b6c747bfff0
[DEBUG IR_GEN] InitVal type: 0x5b6c746f0df0
[DEBUG IR_GEN] Default builder.CreateStore for v
[DEBUG CODEGEN CALL] Generating call to: string_equals
[DEBUG CODEGEN CALL] Generating call to: ahtype
[DEBUG IR_GEN] Initializer generated for 'tag', value = 0x5b6c747f7bb0
[DEBUG IR_GEN] InitVal type: 0x5b6c71992198
[DEBUG IR_GEN] Default builder.CreateStore for tag
[DEBUG CODEGEN CALL] Generating call to: drop
[DEBUG CODEGEN CALL] Generating call to: raw
[DEBUG CODEGEN CALL] Generating call to: toml_init
[DEBUG CODEGEN CALL] Generating call to: raw
[DEBUG CODEGEN CALL] Generating call to: toml_has_key
[DEBUG IR_GEN] Initializer generated for 'exists', value = 0x5b6c747dc810
[DEBUG IR_GEN] InitVal type: 0x5b6c71992180
[DEBUG IR_GEN] Default builder.CreateStore for exists
[DEBUG CODEGEN CALL] Generating call to: ahset
[DEBUG IR_GEN] Initializer generated for 'status', value = 0x5b6c7239fe30
[DEBUG IR_GEN] InitVal type: 0x5b6c71992180
[DEBUG IR_GEN] Default builder.CreateStore for status
[DEBUG ASSIGNMENT] op=168, leftType=1 (POINTER_MEMBER=7)
[DEBUG CODEGEN CALL] Generating call to: raw
[DEBUG CODEGEN CALL] Generating call to: toml_set_string
[DEBUG CODEGEN CALL] Generating call to: string_from_int
[DEBUG CODEGEN CALL] Generating call to: raw
[DEBUG CODEGEN CALL] Generating call to: toml_set_string
[DEBUG CODEGEN CALL] Generating call to: raw
[DEBUG CODEGEN CALL] Generating call to: toml_set_string
[DEBUG CODEGEN CALL] Generating call to: raw
[DEBUG CODEGEN CALL] Generating call to: toml_error
[DEBUG CODEGEN CALL] Generating call to: raw
[DEBUG CODEGEN CALL] Generating call to: toml_parse
[DEBUG CODEGEN CALL] Generating call to: raw
[DEBUG CODEGEN CALL] Generating call to: toml_parse_file
[DEBUG CODEGEN CALL] Generating call to: raw
[DEBUG CODEGEN CALL] Generating call to: toml_get_type
[DEBUG CODEGEN CALL] Generating call to: raw
[DEBUG CODEGEN CALL] Generating call to: toml_get_string
[DEBUG CODEGEN CALL] Generating call to: raw
[DEBUG CODEGEN CALL] Generating call to: toml_get_int
[DEBUG CODEGEN CALL] Generating call to: raw
[DEBUG CODEGEN CALL] Generating call to: toml_get_float
[DEBUG CODEGEN CALL] Generating call to: raw
[DEBUG CODEGEN CALL] Generating call to: toml_get_bool
[DEBUG CODEGEN CALL] Generating call to: raw
[DEBUG CODEGEN CALL] Generating call to: toml_has_key
[DEBUG CODEGEN CALL] Generating call to: raw
[DEBUG CODEGEN CALL] Generating call to: toml_set_string
[DEBUG CODEGEN CALL] Generating call to: raw
[DEBUG CODEGEN CALL] Generating call to: toml_set_int
[DEBUG CODEGEN CALL] Generating call to: raw
[DEBUG CODEGEN CALL] Generating call to: toml_set_bool
[DEBUG CODEGEN CALL] Generating call to: raw
[DEBUG CODEGEN CALL] Generating call to: toml_count
[DEBUG CODEGEN CALL] Generating call to: raw
[DEBUG CODEGEN CALL] Generating call to: toml_key_at
[DEBUG CODEGEN CALL] Generating call to: drop
[DEBUG CODEGEN CALL] Generating call to: raw
[DEBUG CODEGEN CALL] Generating call to: toml_clear
[DEBUG CODEGEN CALL] Generating call to: raw
[DEBUG CODEGEN CALL] Generating call to: toml_serialize
[DEBUG CODEGEN CALL] Generating call to: nitpick_libc_rwlock_create
[DEBUG CODEGEN CALL] Generating call to: nitpick_libc_rwlock_destroy
[DEBUG CODEGEN CALL] Generating call to: nitpick_libc_rwlock_rdlock
[DEBUG CODEGEN CALL] Generating call to: nitpick_libc_rwlock_tryrdlock
[DEBUG CODEGEN CALL] Generating call to: nitpick_libc_rwlock_wrlock
[DEBUG CODEGEN CALL] Generating call to: nitpick_libc_rwlock_trywrlock
[DEBUG CODEGEN CALL] Generating call to: nitpick_libc_rwlock_unlock
[DEBUG CODEGEN CALL] Generating call to: npk_shim_atomic_int32_create
[DEBUG IR_GEN] Initializer generated for 'atomic', value = 0x5b6c7481b730
[DEBUG IR_GEN] InitVal type: 0x5b6c746f17a0
[DEBUG IR_GEN] Default builder.CreateStore for atomic
[DEBUG CODEGEN CALL] Generating call to: npk_shim_atomic_int32_destroy
[DEBUG CODEGEN CALL] Generating call to: npk_shim_atomic_int32_load
[DEBUG CODEGEN CALL] Generating call to: npk_shim_atomic_int32_store
[DEBUG CODEGEN CALL] Generating call to: npk_shim_atomic_int32_fetch_add
[DEBUG CODEGEN CALL] Generating call to: npk_shim_atomic_int32_fetch_sub
[DEBUG CODEGEN CALL] Generating call to: npk_shim_atomic_int32_exchange
[DEBUG CODEGEN CALL] Generating call to: npk_shim_atomic_int64_create
[DEBUG IR_GEN] Initializer generated for 'atomic', value = 0x5b6c74788780
[DEBUG IR_GEN] InitVal type: 0x5b6c746f18c0
[DEBUG IR_GEN] Default builder.CreateStore for atomic
[DEBUG CODEGEN CALL] Generating call to: npk_shim_atomic_int64_destroy
[DEBUG CODEGEN CALL] Generating call to: npk_shim_atomic_int64_load
[DEBUG CODEGEN CALL] Generating call to: npk_shim_atomic_int64_store
[DEBUG CODEGEN CALL] Generating call to: npk_shim_atomic_int64_fetch_add
[DEBUG CODEGEN CALL] Generating call to: npk_shim_atomic_int64_fetch_sub
[DEBUG CODEGEN CALL] Generating call to: npk_shim_atomic_int64_exchange
[DEBUG CODEGEN CALL] Generating call to: npk_shim_atomic_bool_create
[DEBUG IR_GEN] Initializer generated for 'atomic', value = 0x5b6c747ecdb0
[DEBUG IR_GEN] InitVal type: 0x5b6c746f1a20
[DEBUG IR_GEN] Default builder.CreateStore for atomic
[DEBUG CODEGEN CALL] Generating call to: npk_shim_atomic_bool_destroy
[DEBUG CODEGEN CALL] Generating call to: npk_shim_atomic_bool_load
[DEBUG CODEGEN CALL] Generating call to: npk_shim_atomic_bool_store
[DEBUG CODEGEN CALL] Generating call to: npk_shim_atomic_bool_exchange
[DEBUG CODEGEN CALL] Generating call to: npk_shim_atomic_thread_fence
[DEBUG CODEGEN CALL] Generating call to: npk_shim_atomic_signal_fence
[DEBUG CODEGEN CALL] Generating call to: sys!!
[DEBUG IR_GEN] Initializer generated for 'sock_res', value = 0x5b6c74826b90
[DEBUG IR_GEN] InitVal type: 0x5b6c746f1d30
[DEBUG IR_GEN] Default builder.CreateStore for sock_res
[DEBUG IR_GEN] Initializer generated for 'fd', value = 0x5b6c74826730
[DEBUG IR_GEN] InitVal type: 0x5b6c71992198
[DEBUG IR_GEN] Default builder.CreateStore for fd
[DEBUG CODEGEN CALL] Generating call to: alloc
[DEBUG IR_GEN] Initializer generated for 'opt', value = 0x5b6c748058d0
[DEBUG IR_GEN] InitVal type: 0x5b6c746f0df0
[DEBUG IR_GEN] Default builder.CreateStore for opt
[DEBUG ASSIGNMENT] op=168, leftType=5 (POINTER_MEMBER=7)
[DEBUG CODEGEN CALL] Generating call to: asm!!!
[DEBUG IR_GEN] Initializer generated for 'opt_ptr', value = 0x5b6c748164a0
[DEBUG IR_GEN] InitVal type: 0x5b6c71992198
[DEBUG IR_GEN] Default builder.CreateStore for opt_ptr
[DEBUG CODEGEN CALL] Generating call to: drop
[DEBUG CODEGEN CALL] Generating call to: sys!!
[DEBUG CODEGEN CALL] Generating call to: alloc
[DEBUG IR_GEN] Initializer generated for 'addr_struct', value = 0x5b6c74817000
[DEBUG IR_GEN] InitVal type: 0x5b6c746f0df0
[DEBUG IR_GEN] Default builder.CreateStore for addr_struct
[DEBUG IR_GEN] Initializer generated for 'addr_struct_16', value = 0x5b6c74840a90
[DEBUG IR_GEN] InitVal type: 0x5b6c746f0df0
[DEBUG IR_GEN] Default builder.CreateStore for addr_struct_16
[DEBUG IR_GEN] Initializer generated for 'addr_struct_32', value = 0x5b6c7482dce0
[DEBUG IR_GEN] InitVal type: 0x5b6c746f0df0
[DEBUG IR_GEN] Default builder.CreateStore for addr_struct_32
[DEBUG IR_GEN] Initializer generated for 'addr_struct_64', value = 0x5b6c7482da30
[DEBUG IR_GEN] InitVal type: 0x5b6c746f0df0
[DEBUG IR_GEN] Default builder.CreateStore for addr_struct_64
[DEBUG ASSIGNMENT] op=168, leftType=5 (POINTER_MEMBER=7)
[DEBUG IR_GEN] Initializer generated for 'port16', value = 0x5b6c748429d0
[DEBUG IR_GEN] InitVal type: 0x5b6c71992168
[DEBUG IR_GEN] Default builder.CreateStore for port16
[DEBUG IR_GEN] Initializer generated for 'port_nbo', value = 0x5b6c748056e0
[DEBUG IR_GEN] InitVal type: 0x5b6c71992168
[DEBUG IR_GEN] Default builder.CreateStore for port_nbo
[DEBUG ASSIGNMENT] op=168, leftType=5 (POINTER_MEMBER=7)
[DEBUG IR_GEN] Initializer generated for 'ip_addr', value = 0x5b6c746f0cb0
[DEBUG IR_GEN] InitVal type: 0x5b6c71992180
[DEBUG IR_GEN] Default builder.CreateStore for ip_addr
[DEBUG ASSIGNMENT] op=168, leftType=1 (POINTER_MEMBER=7)
[DEBUG ASSIGNMENT] op=168, leftType=5 (POINTER_MEMBER=7)
[DEBUG ASSIGNMENT] op=168, leftType=5 (POINTER_MEMBER=7)
[DEBUG CODEGEN CALL] Generating call to: asm!!!
[DEBUG IR_GEN] Initializer generated for 'addr_ptr', value = 0x5b6c748183a0
[DEBUG IR_GEN] InitVal type: 0x5b6c71992198
[DEBUG IR_GEN] Default builder.CreateStore for addr_ptr
[DEBUG CODEGEN CALL] Generating call to: sys!!
[DEBUG IR_GEN] Initializer generated for 'bind_res', value = 0x5b6c7484bad0
[DEBUG IR_GEN] InitVal type: 0x5b6c746f1d30
[DEBUG IR_GEN] Default builder.CreateStore for bind_res
[DEBUG CODEGEN CALL] Generating call to: drop
[DEBUG CODEGEN CALL] Generating call to: sys!!
[DEBUG CODEGEN CALL] Generating call to: sys!!
[DEBUG IR_GEN] Initializer generated for 'listen_res', value = 0x5b6c74863d20
[DEBUG IR_GEN] InitVal type: 0x5b6c746f1d30
[DEBUG IR_GEN] Default builder.CreateStore for listen_res
[DEBUG CODEGEN CALL] Generating call to: drop
[DEBUG CODEGEN CALL] Generating call to: sys!!
[DEBUG CODEGEN CALL] Generating call to: alloc
[DEBUG IR_GEN] Initializer generated for 'addr_struct', value = 0x5b6c74865620
[DEBUG IR_GEN] InitVal type: 0x5b6c746f0df0
[DEBUG IR_GEN] Default builder.CreateStore for addr_struct
[DEBUG CODEGEN CALL] Generating call to: alloc
[DEBUG IR_GEN] Initializer generated for 'addr_len_ptr', value = 0x5b6c74865820
[DEBUG IR_GEN] InitVal type: 0x5b6c746f0df0
[DEBUG IR_GEN] Default builder.CreateStore for addr_len_ptr
[DEBUG ASSIGNMENT] op=168, leftType=5 (POINTER_MEMBER=7)
[DEBUG CODEGEN CALL] Generating call to: asm!!!
[DEBUG IR_GEN] Initializer generated for 'addr_ptr', value = 0x5b6c74865c60
[DEBUG IR_GEN] InitVal type: 0x5b6c71992198
[DEBUG IR_GEN] Default builder.CreateStore for addr_ptr
[DEBUG CODEGEN CALL] Generating call to: asm!!!
[DEBUG IR_GEN] Initializer generated for 'len_ptr', value = 0x5b6c74866080
[DEBUG IR_GEN] InitVal type: 0x5b6c71992198
[DEBUG IR_GEN] Default builder.CreateStore for len_ptr
[DEBUG CODEGEN CALL] Generating call to: sys!!
[DEBUG IR_GEN] Initializer generated for 'res', value = 0x5b6c74866990
[DEBUG IR_GEN] InitVal type: 0x5b6c746f1d30
[DEBUG IR_GEN] Default builder.CreateStore for res
[DEBUG CODEGEN CALL] Generating call to: drop
[DEBUG CODEGEN CALL] Generating call to: sys!!
[DEBUG CODEGEN CALL] Generating call to: drop
[DEBUG CODEGEN CALL] Generating call to: sys!!
[DEBUG IR_GEN] Initializer generated for 'buf_size', value = 0x5b6c74773dc0
[DEBUG IR_GEN] InitVal type: 0x5b6c71992198
[DEBUG IR_GEN] Default builder.CreateStore for buf_size
[DEBUG CODEGEN CALL] Generating call to: npk_core_alloc
[DEBUG-XXX] op: 161, left: 1, right: 0
[DEBUG IR_GEN] Initializer generated for 'buf_addr', value = 0x5b6c7488ba90
[DEBUG IR_GEN] InitVal type: 0x5b6c71992198
[DEBUG IR_GEN] Default builder.CreateStore for buf_addr
[DEBUG IR_GEN] Initializer generated for 'buf_ptr', value = 0x5b6c74862ad0
[DEBUG IR_GEN] InitVal type: 0x5b6c746f0df0
[DEBUG IR_GEN] Default builder.CreateStore for buf_ptr
[DEBUG IR_GEN] Initializer generated for 'req', value = 0x5b6c7488c0d0
[DEBUG IR_GEN] InitVal type: 0x5b6c746f1ba0
[DEBUG IR_GEN] Default builder.CreateStore for req
[DEBUG IR_GEN] Initializer generated for 'raw_str', value = 0x5b6c7488e230
[DEBUG IR_GEN] InitVal type: 0x5b6c746f0df0
[DEBUG IR_GEN] Default builder.CreateStore for raw_str
[DEBUG CODEGEN CALL] Generating call to: raw
[DEBUG CODEGEN CALL] Generating call to: sys!!
[DEBUG IR_GEN] Initializer generated for 'bytes_read', value = 0x5b6c7488e740
[DEBUG IR_GEN] InitVal type: 0x5b6c71992198
[DEBUG IR_GEN] Default builder.CreateStore for bytes_read
[DEBUG ASSIGNMENT] op=168, leftType=5 (POINTER_MEMBER=7)
[DEBUG CODEGEN CALL] Generating call to: string_from_cstr
[DEBUG IR_GEN] Initializer generated for 'temp_str', value = 0x5b6c7488dec0
[DEBUG IR_GEN] InitVal type: 0x5b6c746f0df0
[DEBUG IR_GEN] Default builder.CreateStore for temp_str
[DEBUG CODEGEN CALL] Generating call to: string_index_of
[DEBUG IR_GEN] Initializer generated for 'hdr_end', value = 0x5b6c74890600
[DEBUG IR_GEN] InitVal type: 0x5b6c71992198
[DEBUG IR_GEN] Default builder.CreateStore for hdr_end
[DEBUG IR_GEN] Initializer generated for 'body_start', value = 0x5b6c748bcdd0
[DEBUG IR_GEN] InitVal type: 0x5b6c71992198
[DEBUG IR_GEN] Default builder.CreateStore for body_start
[DEBUG IR_GEN] Initializer generated for 'old_char', value = 0x5b6c748bd330
[DEBUG IR_GEN] InitVal type: 0x5b6c71992198
[DEBUG IR_GEN] Default builder.CreateStore for old_char
[DEBUG ASSIGNMENT] op=168, leftType=5 (POINTER_MEMBER=7)
[DEBUG ASSIGNMENT] op=168, leftType=1 (POINTER_MEMBER=7)
[DEBUG CODEGEN CALL] Generating call to: string_from_cstr
[DEBUG ASSIGNMENT] op=168, leftType=5 (POINTER_MEMBER=7)
[DEBUG CODEGEN CALL] Generating call to: string_index_of
[DEBUG IR_GEN] Initializer generated for 'cl_start', value = 0x5b6c748be3f0
[DEBUG IR_GEN] InitVal type: 0x5b6c71992198
[DEBUG IR_GEN] Default builder.CreateStore for cl_start
[DEBUG ASSIGNMENT] op=168, leftType=1 (POINTER_MEMBER=7)
[DEBUG CODEGEN CALL] Generating call to: string_substring
[DEBUG CODEGEN CALL] Generating call to: string_length
[DEBUG IR_GEN] Initializer generated for 'cl_sub', value = 0x5b6c74865460
[DEBUG IR_GEN] InitVal type: 0x5b6c746f0df0
[DEBUG IR_GEN] Default builder.CreateStore for cl_sub
[DEBUG CODEGEN CALL] Generating call to: string_index_of
[DEBUG IR_GEN] Initializer generated for 'cl_end', value = 0x5b6c748eb970
[DEBUG IR_GEN] InitVal type: 0x5b6c71992198
[DEBUG IR_GEN] Default builder.CreateStore for cl_end
[DEBUG IR_GEN] Initializer generated for 'content_len', value = 0x5b6c74325da0
[DEBUG IR_GEN] InitVal type: 0x5b6c71992198
[DEBUG IR_GEN] Default builder.CreateStore for content_len
[DEBUG IR_GEN] Initializer generated for 'cl_i', value = 0x5b6c74325da0
[DEBUG IR_GEN] InitVal type: 0x5b6c71992198
[DEBUG IR_GEN] Default builder.CreateStore for cl_i
[DEBUG WHILE] Parsing condition for while loop. NodeType: 2
   BinaryOp Type: 176
[DEBUG IR_GEN] Initializer generated for 'c', value = 0x5b6c74946050
[DEBUG IR_GEN] InitVal type: 0x5b6c71992198
[DEBUG IR_GEN] Default builder.CreateStore for c
[DEBUG ASSIGNMENT] op=168, leftType=1 (POINTER_MEMBER=7)
[DEBUG ASSIGNMENT] op=168, leftType=1 (POINTER_MEMBER=7)
[DEBUG IR_GEN] Initializer generated for 'total_expected', value = 0x5b6c748797d0
[DEBUG IR_GEN] InitVal type: 0x5b6c71992198
[DEBUG IR_GEN] Default builder.CreateStore for total_expected
[DEBUG CODEGEN CALL] Generating call to: println
[DEBUG-XXX] op: 161, left: 2, right: 4
[DEBUG] getExprNumericTypeName leftType: 0
[DEBUG] getExprNumericTypeName leftType: 2
[DEBUG] getExprNumericTypeName leftType: 2
[DEBUG] getExprNumericTypeName leftType: 2
[DEBUG-XXX] op: 161, left: 2, right: 0
[DEBUG] getExprNumericTypeName leftType: 0
[DEBUG] getExprNumericTypeName leftType: 2
[DEBUG] getExprNumericTypeName leftType: 2
[DEBUG-XXX] op: 161, left: 2, right: 4
[DEBUG] getExprNumericTypeName leftType: 0
[DEBUG] getExprNumericTypeName leftType: 2
[DEBUG-XXX] op: 161, left: 2, right: 0
[DEBUG] getExprNumericTypeName leftType: 0
[DEBUG-XXX] op: 161, left: 0, right: 4
[DEBUG CODEGEN CALL] Generating call to: string_from_int
[DEBUG CODEGEN CALL] Generating call to: string_from_int
[DEBUG CODEGEN CALL] Generating call to: string_from_int
[DEBUG WHILE] Parsing condition for while loop. NodeType: 2
   BinaryOp Type: 181
[DEBUG IR_GEN] Initializer generated for 'rem', value = 0x5b6c7487b870
[DEBUG IR_GEN] InitVal type: 0x5b6c71992198
[DEBUG IR_GEN] Default builder.CreateStore for rem
[DEBUG IR_GEN] Initializer generated for 'dest', value = 0x5b6c7487bc70
[DEBUG IR_GEN] InitVal type: 0x5b6c71992198
[DEBUG IR_GEN] Default builder.CreateStore for dest
[DEBUG CODEGEN CALL] Generating call to: raw
[DEBUG CODEGEN CALL] Generating call to: sys!!
[DEBUG IR_GEN] Initializer generated for 'more', value = 0x5b6c7487c140
[DEBUG IR_GEN] InitVal type: 0x5b6c71992198
[DEBUG IR_GEN] Default builder.CreateStore for more
[DEBUG ASSIGNMENT] op=168, leftType=1 (POINTER_MEMBER=7)
[DEBUG ASSIGNMENT] op=168, leftType=6 (POINTER_MEMBER=7)
[DEBUG ASSIGNMENT] op=168, leftType=6 (POINTER_MEMBER=7)
[DEBUG ASSIGNMENT] op=168, leftType=6 (POINTER_MEMBER=7)
[DEBUG ASSIGNMENT] op=168, leftType=6 (POINTER_MEMBER=7)
[DEBUG CODEGEN CALL] Generating call to: println
[DEBUG-XXX] op: 161, left: 2, right: 0
[DEBUG] getExprNumericTypeName leftType: 0
[DEBUG-XXX] op: 161, left: 0, right: 1
[DEBUG CODEGEN CALL] Generating call to: string_index_of
[DEBUG IR_GEN] Initializer generated for 'line1_end', value = 0x5b6c749689e0
[DEBUG IR_GEN] InitVal type: 0x5b6c71992198
[DEBUG IR_GEN] Default builder.CreateStore for line1_end
[DEBUG CODEGEN CALL] Generating call to: string_substring
[DEBUG IR_GEN] Initializer generated for 'line1', value = 0x5b6c747865a0
[DEBUG IR_GEN] InitVal type: 0x5b6c746f0df0
[DEBUG IR_GEN] Default builder.CreateStore for line1
[DEBUG CODEGEN CALL] Generating call to: string_index_of
[DEBUG IR_GEN] Initializer generated for 'space1', value = 0x5b6c74969390
[DEBUG IR_GEN] InitVal type: 0x5b6c71992198
[DEBUG IR_GEN] Default builder.CreateStore for space1
[DEBUG ASSIGNMENT] op=168, leftType=6 (POINTER_MEMBER=7)
[DEBUG CODEGEN CALL] Generating call to: string_substring
[DEBUG CODEGEN CALL] Generating call to: string_substring
[DEBUG-XXX] op: 161, left: 1, right: 0
[DEBUG CODEGEN CALL] Generating call to: string_length
[DEBUG IR_GEN] Initializer generated for 'path_ver', value = 0x5b6c747822e0
[DEBUG IR_GEN] InitVal type: 0x5b6c746f0df0
[DEBUG IR_GEN] Default builder.CreateStore for path_ver
[DEBUG CODEGEN CALL] Generating call to: string_index_of
[DEBUG IR_GEN] Initializer generated for 'space2', value = 0x5b6c7496a2e0
[DEBUG IR_GEN] InitVal type: 0x5b6c71992198
[DEBUG IR_GEN] Default builder.CreateStore for space2
[DEBUG ASSIGNMENT] op=168, leftType=6 (POINTER_MEMBER=7)
[DEBUG CODEGEN CALL] Generating call to: string_substring
[DEBUG ASSIGNMENT] op=168, leftType=6 (POINTER_MEMBER=7)
[DEBUG CODEGEN CALL] Generating call to: string_substring
[DEBUG-XXX] op: 161, left: 1, right: 0
[DEBUG CODEGEN CALL] Generating call to: string_length
[DEBUG ASSIGNMENT] op=168, leftType=6 (POINTER_MEMBER=7)
[DEBUG CODEGEN CALL] Generating call to: string_substring
[DEBUG-XXX] op: 161, left: 1, right: 0
[DEBUG CODEGEN CALL] Generating call to: string_length
[DEBUG CODEGEN CALL] Generating call to: string_length
[DEBUG IR_GEN] Initializer generated for 'full_path', value = 0x5b6c7496be80
[DEBUG IR_GEN] InitVal type: 0x5b6c746f0df0
[DEBUG IR_GEN] Default builder.CreateStore for full_path
[DEBUG CODEGEN CALL] Generating call to: string_index_of
[DEBUG IR_GEN] Initializer generated for 'qidx', value = 0x5b6c7496c2c0
[DEBUG IR_GEN] InitVal type: 0x5b6c71992198
[DEBUG IR_GEN] Default builder.CreateStore for qidx
[DEBUG ASSIGNMENT] op=168, leftType=6 (POINTER_MEMBER=7)
[DEBUG CODEGEN CALL] Generating call to: string_substring
[DEBUG ASSIGNMENT] op=168, leftType=6 (POINTER_MEMBER=7)
[DEBUG CODEGEN CALL] Generating call to: string_substring
[DEBUG-XXX] op: 161, left: 1, right: 0
[DEBUG CODEGEN CALL] Generating call to: string_length
[DEBUG CODEGEN CALL] Generating call to: string_from_int
[DEBUG IR_GEN] Initializer generated for 'code_str', value = 0x5b6c7496dc70
[DEBUG IR_GEN] InitVal type: 0x5b6c746f0df0
[DEBUG IR_GEN] Default builder.CreateStore for code_str
[DEBUG CODEGEN CALL] Generating call to: string_length
[DEBUG IR_GEN] Initializer generated for 'len', value = 0x5b6c7496ded0
[DEBUG IR_GEN] InitVal type: 0x5b6c71992198
[DEBUG IR_GEN] Default builder.CreateStore for len
[DEBUG CODEGEN CALL] Generating call to: string_from_int
[DEBUG IR_GEN] Initializer generated for 'len_str', value = 0x5b6c7496e300
[DEBUG IR_GEN] InitVal type: 0x5b6c746f0df0
[DEBUG IR_GEN] Default builder.CreateStore for len_str
[DEBUG IR_GEN] Initializer generated for 'resp', value = 0x5b6c7496edc0
[DEBUG IR_GEN] InitVal type: 0x5b6c746f0df0
[DEBUG IR_GEN] Default builder.CreateStore for resp
[DEBUG CODEGEN CALL] Generating call to: string_to_cstr
[DEBUG IR_GEN] Initializer generated for 'resp_ptr', value = 0x5b6c7496e0a0
[DEBUG IR_GEN] InitVal type: 0x5b6c71992198
[DEBUG IR_GEN] Default builder.CreateStore for resp_ptr
[DEBUG CODEGEN CALL] Generating call to: string_length
[DEBUG IR_GEN] Initializer generated for 'resp_len', value = 0x5b6c7496f6d0
[DEBUG IR_GEN] InitVal type: 0x5b6c71992198
[DEBUG IR_GEN] Default builder.CreateStore for resp_len
[DEBUG CODEGEN CALL] Generating call to: drop
[DEBUG CODEGEN CALL] Generating call to: sys!!
[DEBUG CODEGEN CALL] Generating call to: string_from_int
[DEBUG IR_GEN] Initializer generated for 'code_str', value = 0x5b6c74970950
[DEBUG IR_GEN] InitVal type: 0x5b6c746f0df0
[DEBUG IR_GEN] Default builder.CreateStore for code_str
[DEBUG CODEGEN CALL] Generating call to: string_length
[DEBUG IR_GEN] Initializer generated for 'len', value = 0x5b6c7496faa0
[DEBUG IR_GEN] InitVal type: 0x5b6c71992198
[DEBUG IR_GEN] Default builder.CreateStore for len
[DEBUG CODEGEN CALL] Generating call to: string_from_int
[DEBUG IR_GEN] Initializer generated for 'len_str', value = 0x5b6c74970f80
[DEBUG IR_GEN] InitVal type: 0x5b6c746f0df0
[DEBUG IR_GEN] Default builder.CreateStore for len_str
[DEBUG IR_GEN] Initializer generated for 'resp', value = 0x5b6c74970c50
[DEBUG IR_GEN] InitVal type: 0x5b6c746f0df0
[DEBUG IR_GEN] Default builder.CreateStore for resp
[DEBUG CODEGEN CALL] Generating call to: string_to_cstr
[DEBUG IR_GEN] Initializer generated for 'resp_ptr', value = 0x5b6c74994000
[DEBUG IR_GEN] InitVal type: 0x5b6c71992198
[DEBUG IR_GEN] Default builder.CreateStore for resp_ptr
[DEBUG CODEGEN CALL] Generating call to: string_length
[DEBUG IR_GEN] Initializer generated for 'resp_len', value = 0x5b6c74994340
[DEBUG IR_GEN] InitVal type: 0x5b6c71992198
[DEBUG IR_GEN] Default builder.CreateStore for resp_len
[DEBUG CODEGEN CALL] Generating call to: drop
[DEBUG CODEGEN CALL] Generating call to: sys!!
[DEBUG CODEGEN CALL] Generating call to: string_from_int
[DEBUG IR_GEN] Initializer generated for 'code_str', value = 0x5b6c74995590
[DEBUG IR_GEN] InitVal type: 0x5b6c746f0df0
[DEBUG IR_GEN] Default builder.CreateStore for code_str
[DEBUG CODEGEN CALL] Generating call to: string_length
[DEBUG IR_GEN] Initializer generated for 'len', value = 0x5b6c74994710
[DEBUG IR_GEN] InitVal type: 0x5b6c71992198
[DEBUG IR_GEN] Default builder.CreateStore for len
[DEBUG CODEGEN CALL] Generating call to: string_from_int
[DEBUG IR_GEN] Initializer generated for 'len_str', value = 0x5b6c74995bc0
[DEBUG IR_GEN] InitVal type: 0x5b6c746f0df0
[DEBUG IR_GEN] Default builder.CreateStore for len_str
[DEBUG IR_GEN] Initializer generated for 'resp', value = 0x5b6c74995890
[DEBUG IR_GEN] InitVal type: 0x5b6c746f0df0
[DEBUG IR_GEN] Default builder.CreateStore for resp
[DEBUG CODEGEN CALL] Generating call to: string_to_cstr
[DEBUG IR_GEN] Initializer generated for 'resp_ptr', value = 0x5b6c74997160
[DEBUG IR_GEN] InitVal type: 0x5b6c71992198
[DEBUG IR_GEN] Default builder.CreateStore for resp_ptr
[DEBUG CODEGEN CALL] Generating call to: string_length
[DEBUG IR_GEN] Initializer generated for 'resp_len', value = 0x5b6c749974a0
[DEBUG IR_GEN] InitVal type: 0x5b6c71992198
[DEBUG IR_GEN] Default builder.CreateStore for resp_len
[DEBUG CODEGEN CALL] Generating call to: drop
[DEBUG CODEGEN CALL] Generating call to: sys!!
[DEBUG CODEGEN CALL] Generating call to: nitpick_libc_channel_create
[DEBUG CODEGEN CALL] Generating call to: nitpick_libc_channel_destroy
[DEBUG CODEGEN CALL] Generating call to: nitpick_libc_channel_create_unbuffered
[DEBUG CODEGEN CALL] Generating call to: nitpick_libc_channel_create_oneshot
[DEBUG CODEGEN CALL] Generating call to: nitpick_libc_channel_get_mode
[DEBUG CODEGEN CALL] Generating call to: nitpick_libc_channel_capacity
[DEBUG CODEGEN CALL] Generating call to: nitpick_libc_channel_send
[DEBUG CODEGEN CALL] Generating call to: nitpick_libc_channel_try_send
[DEBUG CODEGEN CALL] Generating call to: nitpick_libc_channel_recv
[DEBUG CODEGEN CALL] Generating call to: nitpick_libc_channel_try_recv
[DEBUG CODEGEN CALL] Generating call to: nitpick_libc_channel_count
[DEBUG CODEGEN CALL] Generating call to: nitpick_libc_channel_close
[DEBUG CODEGEN CALL] Generating call to: nitpick_libc_channel_is_closed
[DEBUG CODEGEN CALL] Generating call to: nitpick_libc_channel_select2
[DEBUG CODEGEN CALL] Generating call to: nitpick_libc_channel_select3
[DEBUG CODEGEN CALL] Generating call to: nitpick_libc_channel_select4
[DEBUG CODEGEN CALL] Generating call to: nitpick_libc_thread_spawn
[DEBUG CODEGEN CALL] Generating call to: nitpick_libc_thread_join
[DEBUG CODEGEN CALL] Generating call to: nitpick_libc_thread_detach
[DEBUG CODEGEN CALL] Generating call to: nitpick_libc_thread_yield
[DEBUG CODEGEN CALL] Generating call to: nitpick_libc_thread_sleep_ns
[DEBUG CODEGEN CALL] Generating call to: nitpick_libc_thread_sleep_ms
[DEBUG CODEGEN CALL] Generating call to: nitpick_libc_thread_set_name
[DEBUG CODEGEN CALL] Generating call to: nitpick_libc_thread_hardware_concurrency
[DEBUG CODEGEN CALL] Generating call to: nitpick_libc_thread_current_id
[DEBUG IR_GEN] Initializer generated for 'i', value = 0x5b6c74325da0
[DEBUG IR_GEN] InitVal type: 0x5b6c71992198
[DEBUG IR_GEN] Default builder.CreateStore for i
[DEBUG WHILE] Parsing condition for while loop. NodeType: 2
   BinaryOp Type: 176
[DEBUG CODEGEN CALL] Generating call to: nitpick_libc_string_byte_at
[DEBUG-XXX] op: 161, left: 1, right: 1
[DEBUG IR_GEN] Initializer generated for 'hb', value = 0x5b6c749a9b30
[DEBUG IR_GEN] InitVal type: 0x5b6c71992180
[DEBUG IR_GEN] Default builder.CreateStore for hb
[DEBUG CODEGEN CALL] Generating call to: nitpick_libc_string_byte_at
[DEBUG IR_GEN] Initializer generated for 'nb', value = 0x5b6c749a9dd0
[DEBUG IR_GEN] InitVal type: 0x5b6c71992180
[DEBUG IR_GEN] Default builder.CreateStore for nb
[DEBUG ASSIGNMENT] op=168, leftType=1 (POINTER_MEMBER=7)
[DEBUG CODEGEN CALL] Generating call to: string_length
[DEBUG IR_GEN] Initializer generated for 'h_len', value = 0x5b6c749aaf20
[DEBUG IR_GEN] InitVal type: 0x5b6c71992198
[DEBUG IR_GEN] Default builder.CreateStore for h_len
[DEBUG CODEGEN CALL] Generating call to: string_length
[DEBUG IR_GEN] Initializer generated for 'n_len', value = 0x5b6c749ab190
[DEBUG IR_GEN] InitVal type: 0x5b6c71992198
[DEBUG IR_GEN] Default builder.CreateStore for n_len
[DEBUG IR_GEN] Initializer generated for 'count', value = 0x5b6c74325da0
[DEBUG IR_GEN] InitVal type: 0x5b6c71992198
[DEBUG IR_GEN] Default builder.CreateStore for count
[DEBUG IR_GEN] Initializer generated for 'i', value = 0x5b6c74325da0
[DEBUG IR_GEN] InitVal type: 0x5b6c71992198
[DEBUG IR_GEN] Default builder.CreateStore for i
[DEBUG IR_GEN] Initializer generated for 'lim', value = 0x5b6c749ab560
[DEBUG IR_GEN] InitVal type: 0x5b6c71992198
[DEBUG IR_GEN] Default builder.CreateStore for lim
[DEBUG WHILE] Parsing condition for while loop. NodeType: 2
   BinaryOp Type: 177
[DEBUG CODEGEN CALL] Generating call to: raw
[DEBUG CODEGEN CALL] Generating call to: str_match_at
[DEBUG IR_GEN] Initializer generated for 'm', value = 0x5b6c749acb70
[DEBUG IR_GEN] InitVal type: 0x5b6c71992138
[DEBUG IR_GEN] Default builder.CreateStore for m
[DEBUG ASSIGNMENT] op=168, leftType=1 (POINTER_MEMBER=7)
[DEBUG ASSIGNMENT] op=168, leftType=1 (POINTER_MEMBER=7)
[DEBUG ASSIGNMENT] op=168, leftType=1 (POINTER_MEMBER=7)
[DEBUG CODEGEN CALL] Generating call to: string_length
[DEBUG IR_GEN] Initializer generated for 'src_len', value = 0x5b6c748fdca0
[DEBUG IR_GEN] InitVal type: 0x5b6c71992198
[DEBUG IR_GEN] Default builder.CreateStore for src_len
[DEBUG CODEGEN CALL] Generating call to: string_length
[DEBUG IR_GEN] Initializer generated for 'old_len', value = 0x5b6c748d8b10
[DEBUG IR_GEN] InitVal type: 0x5b6c71992198
[DEBUG IR_GEN] Default builder.CreateStore for old_len
[DEBUG CODEGEN CALL] Generating call to: string_length
[DEBUG IR_GEN] Initializer generated for 'new_len', value = 0x5b6c748dcf20
[DEBUG IR_GEN] InitVal type: 0x5b6c71992198
[DEBUG IR_GEN] Default builder.CreateStore for new_len
[DEBUG CODEGEN CALL] Generating call to: string_substring
[DEBUG IR_GEN] Initializer generated for 'copy', value = 0x5b6c749aac80
[DEBUG IR_GEN] InitVal type: 0x5b6c746f0df0
[DEBUG IR_GEN] Default builder.CreateStore for copy
[DEBUG CODEGEN CALL] Generating call to: raw
[DEBUG CODEGEN CALL] Generating call to: str_count
[DEBUG IR_GEN] Initializer generated for 'count', value = 0x5b6c74890d00
[DEBUG IR_GEN] InitVal type: 0x5b6c71992198
[DEBUG IR_GEN] Default builder.CreateStore for count
[DEBUG CODEGEN CALL] Generating call to: string_substring
[DEBUG IR_GEN] Initializer generated for 'copy', value = 0x5b6c749a8450
[DEBUG IR_GEN] InitVal type: 0x5b6c746f0df0
[DEBUG IR_GEN] Default builder.CreateStore for copy
[DEBUG IR_GEN] Initializer generated for 'result_len', value = 0x5b6c7491bce0
[DEBUG IR_GEN] InitVal type: 0x5b6c71992198
[DEBUG IR_GEN] Default builder.CreateStore for result_len
[DEBUG CODEGEN CALL] Generating call to: nitpick_libc_mem_malloc
[DEBUG-XXX] op: 161, left: 1, right: 0
[DEBUG IR_GEN] Initializer generated for 'buf', value = 0x5b6c7482aee0
[DEBUG IR_GEN] InitVal type: 0x5b6c71992198
[DEBUG IR_GEN] Default builder.CreateStore for buf
[DEBUG IR_GEN] Initializer generated for 'pos', value = 0x5b6c74325da0
[DEBUG IR_GEN] InitVal type: 0x5b6c71992198
[DEBUG IR_GEN] Default builder.CreateStore for pos
[DEBUG IR_GEN] Initializer generated for 'i', value = 0x5b6c74325da0
[DEBUG IR_GEN] InitVal type: 0x5b6c71992198
[DEBUG IR_GEN] Default builder.CreateStore for i
[DEBUG IR_GEN] Initializer generated for 'lim', value = 0x5b6c748d3e30
[DEBUG IR_GEN] InitVal type: 0x5b6c71992198
[DEBUG IR_GEN] Default builder.CreateStore for lim
[DEBUG WHILE] Parsing condition for while loop. NodeType: 2
   BinaryOp Type: 176
[DEBUG CODEGEN CALL] Generating call to: raw
[DEBUG CODEGEN CALL] Generating call to: str_match_at
[DEBUG IR_GEN] Initializer generated for 'm', value = 0x5b6c748bfce0
[DEBUG IR_GEN] InitVal type: 0x5b6c71992138
[DEBUG IR_GEN] Default builder.CreateStore for m
[DEBUG CODEGEN CALL] Generating call to: drop
[DEBUG CODEGEN CALL] Generating call to: nitpick_libc_string_copy_to_buf
[DEBUG ASSIGNMENT] op=168, leftType=1 (POINTER_MEMBER=7)
[DEBUG ASSIGNMENT] op=168, leftType=1 (POINTER_MEMBER=7)
[DEBUG CODEGEN CALL] Generating call to: nitpick_libc_string_byte_at
[DEBUG IR_GEN] Initializer generated for 'b', value = 0x5b6c74964260
[DEBUG IR_GEN] InitVal type: 0x5b6c71992180
[DEBUG IR_GEN] Default builder.CreateStore for b
[DEBUG CODEGEN CALL] Generating call to: drop
[DEBUG CODEGEN CALL] Generating call to: nitpick_libc_mem_write_byte
[DEBUG ASSIGNMENT] op=168, leftType=1 (POINTER_MEMBER=7)
[DEBUG ASSIGNMENT] op=168, leftType=1 (POINTER_MEMBER=7)
[DEBUG CODEGEN CALL] Generating call to: nitpick_libc_string_byte_at
[DEBUG IR_GEN] Initializer generated for 'b', value = 0x5b6c7489bfd0
[DEBUG IR_GEN] InitVal type: 0x5b6c71992180
[DEBUG IR_GEN] Default builder.CreateStore for b
[DEBUG CODEGEN CALL] Generating call to: drop
[DEBUG CODEGEN CALL] Generating call to: nitpick_libc_mem_write_byte
[DEBUG ASSIGNMENT] op=168, leftType=1 (POINTER_MEMBER=7)
[DEBUG ASSIGNMENT] op=168, leftType=1 (POINTER_MEMBER=7)
[DEBUG CODEGEN CALL] Generating call to: drop
[DEBUG CODEGEN CALL] Generating call to: nitpick_libc_mem_write_byte
[DEBUG CODEGEN CALL] Generating call to: nitpick_libc_string_from_buf
[DEBUG IR_GEN] Initializer generated for 'result', value = 0x5b6c74899ce0
[DEBUG IR_GEN] InitVal type: 0x5b6c746f0df0
[DEBUG IR_GEN] Default builder.CreateStore for result
[DEBUG CODEGEN CALL] Generating call to: drop
[DEBUG CODEGEN CALL] Generating call to: nitpick_libc_mem_free
[DEBUG CODEGEN CALL] Generating call to: string_length
[DEBUG IR_GEN] Initializer generated for 'src_len', value = 0x5b6c748d5ff0
[DEBUG IR_GEN] InitVal type: 0x5b6c71992198
[DEBUG IR_GEN] Default builder.CreateStore for src_len
[DEBUG CODEGEN CALL] Generating call to: string_length
[DEBUG IR_GEN] Initializer generated for 'old_len', value = 0x5b6c748d6120
[DEBUG IR_GEN] InitVal type: 0x5b6c71992198
[DEBUG IR_GEN] Default builder.CreateStore for old_len
[DEBUG CODEGEN CALL] Generating call to: string_length
[DEBUG IR_GEN] Initializer generated for 'new_len', value = 0x5b6c748afb00
[DEBUG IR_GEN] InitVal type: 0x5b6c71992198
[DEBUG IR_GEN] Default builder.CreateStore for new_len
[DEBUG CODEGEN CALL] Generating call to: string_substring
[DEBUG IR_GEN] Initializer generated for 'copy', value = 0x5b6c748d5f70
[DEBUG IR_GEN] InitVal type: 0x5b6c746f0df0
[DEBUG IR_GEN] Default builder.CreateStore for copy
[DEBUG IR_GEN] Initializer generated for 'found', value = 0x5b6c74749470
[DEBUG IR_GEN] InitVal type: 0x5b6c71992198
[DEBUG IR_GEN] Default builder.CreateStore for found
[DEBUG IR_GEN] Initializer generated for 'lim', value = 0x5b6c7489c370
[DEBUG IR_GEN] InitVal type: 0x5b6c71992198
[DEBUG IR_GEN] Default builder.CreateStore for lim
[DEBUG IR_GEN] Initializer generated for 'i', value = 0x5b6c74325da0
[DEBUG IR_GEN] InitVal type: 0x5b6c71992198
[DEBUG IR_GEN] Default builder.CreateStore for i
[DEBUG WHILE] Parsing condition for while loop. NodeType: 2
   BinaryOp Type: 177
[DEBUG CODEGEN CALL] Generating call to: raw
[DEBUG CODEGEN CALL] Generating call to: str_match_at
[DEBUG IR_GEN] Initializer generated for 'm', value = 0x5b6c74899700
[DEBUG IR_GEN] InitVal type: 0x5b6c71992138
[DEBUG IR_GEN] Default builder.CreateStore for m
[DEBUG ASSIGNMENT] op=168, leftType=1 (POINTER_MEMBER=7)
[DEBUG ASSIGNMENT] op=168, leftType=1 (POINTER_MEMBER=7)
[DEBUG ASSIGNMENT] op=168, leftType=1 (POINTER_MEMBER=7)
[DEBUG CODEGEN CALL] Generating call to: string_substring
[DEBUG IR_GEN] Initializer generated for 'copy', value = 0x5b6c7491ecd0
[DEBUG IR_GEN] InitVal type: 0x5b6c746f0df0
[DEBUG IR_GEN] Default builder.CreateStore for copy
[DEBUG IR_GEN] Initializer generated for 'result_len', value = 0x5b6c74966cb0
[DEBUG IR_GEN] InitVal type: 0x5b6c71992198
[DEBUG IR_GEN] Default builder.CreateStore for result_len
[DEBUG CODEGEN CALL] Generating call to: nitpick_libc_mem_malloc
[DEBUG-XXX] op: 161, left: 1, right: 0
[DEBUG IR_GEN] Initializer generated for 'buf', value = 0x5b6c74896f80
[DEBUG IR_GEN] InitVal type: 0x5b6c71992198
[DEBUG IR_GEN] Default builder.CreateStore for buf
[DEBUG CODEGEN CALL] Generating call to: drop
[DEBUG CODEGEN CALL] Generating call to: nitpick_libc_string_copy_to_buf
[DEBUG CODEGEN CALL] Generating call to: drop
[DEBUG CODEGEN CALL] Generating call to: nitpick_libc_string_copy_to_buf
[DEBUG IR_GEN] Initializer generated for 'suffix_start', value = 0x5b6c74966d40
[DEBUG IR_GEN] InitVal type: 0x5b6c71992198
[DEBUG IR_GEN] Default builder.CreateStore for suffix_start
[DEBUG IR_GEN] Initializer generated for 'suffix_len', value = 0x5b6c74896ef0
[DEBUG IR_GEN] InitVal type: 0x5b6c71992198
[DEBUG IR_GEN] Default builder.CreateStore for suffix_len
[DEBUG CODEGEN CALL] Generating call to: drop
[DEBUG CODEGEN CALL] Generating call to: nitpick_libc_string_copy_to_buf
[DEBUG-XXX] op: 161, left: 1, right: 1
[DEBUG CODEGEN CALL] Generating call to: drop
[DEBUG CODEGEN CALL] Generating call to: nitpick_libc_mem_write_byte
[DEBUG CODEGEN CALL] Generating call to: nitpick_libc_string_from_buf
[DEBUG IR_GEN] Initializer generated for 'result', value = 0x5b6c748cfe90
[DEBUG IR_GEN] InitVal type: 0x5b6c746f0df0
[DEBUG IR_GEN] Default builder.CreateStore for result
[DEBUG CODEGEN CALL] Generating call to: drop
[DEBUG CODEGEN CALL] Generating call to: nitpick_libc_mem_free
[DEBUG CODEGEN CALL] Generating call to: string_length
[DEBUG IR_GEN] Initializer generated for 'len', value = 0x5b6c748c3910
[DEBUG IR_GEN] InitVal type: 0x5b6c71992198
[DEBUG IR_GEN] Default builder.CreateStore for len
[DEBUG CODEGEN CALL] Generating call to: nitpick_libc_string_byte_at
[DEBUG IR_GEN] Initializer generated for 'b', value = 0x5b6c7487c940
[DEBUG IR_GEN] InitVal type: 0x5b6c71992180
[DEBUG IR_GEN] Default builder.CreateStore for b
[DEBUG CODEGEN CALL] Generating call to: string_length
[DEBUG IR_GEN] Initializer generated for 'len', value = 0x5b6c748bc140
[DEBUG IR_GEN] InitVal type: 0x5b6c71992198
[DEBUG IR_GEN] Default builder.CreateStore for len
[DEBUG CODEGEN CALL] Generating call to: string_substring
[DEBUG-XXX] op: 161, left: 1, right: 0
[DEBUG IR_GEN] Initializer generated for 'ch', value = 0x5b6c748c3640
[DEBUG IR_GEN] InitVal type: 0x5b6c746f0df0
[DEBUG IR_GEN] Default builder.CreateStore for ch
[DEBUG CODEGEN CALL] Generating call to: string_length
[DEBUG IR_GEN] Initializer generated for 'len', value = 0x5b6c7484ee10
[DEBUG IR_GEN] InitVal type: 0x5b6c71992198
[DEBUG IR_GEN] Default builder.CreateStore for len
[DEBUG CODEGEN CALL] Generating call to: string_substring
[DEBUG IR_GEN] Initializer generated for 'copy', value = 0x5b6c74965c50
[DEBUG IR_GEN] InitVal type: 0x5b6c746f0df0
[DEBUG IR_GEN] Default builder.CreateStore for copy
[DEBUG CODEGEN CALL] Generating call to: nitpick_libc_mem_malloc
[DEBUG-XXX] op: 161, left: 1, right: 0
[DEBUG IR_GEN] Initializer generated for 'buf', value = 0x5b6c7482f980
[DEBUG IR_GEN] InitVal type: 0x5b6c71992198
[DEBUG IR_GEN] Default builder.CreateStore for buf
[DEBUG IR_GEN] Initializer generated for 'i', value = 0x5b6c74325da0
[DEBUG IR_GEN] InitVal type: 0x5b6c71992198
[DEBUG IR_GEN] Default builder.CreateStore for i
[DEBUG WHILE] Parsing condition for while loop. NodeType: 2
   BinaryOp Type: 176
[DEBUG CODEGEN CALL] Generating call to: nitpick_libc_string_byte_at
[DEBUG-XXX] op: 162, left: 2, right: 1
[DEBUG] getExprNumericTypeName leftType: 1
[DEBUG-XXX] op: 162, left: 1, right: 0
[DEBUG IR_GEN] Initializer generated for 'b', value = 0x5b6c748512d0
[DEBUG IR_GEN] InitVal type: 0x5b6c71992180
[DEBUG IR_GEN] Default builder.CreateStore for b
[DEBUG CODEGEN CALL] Generating call to: drop
[DEBUG CODEGEN CALL] Generating call to: nitpick_libc_mem_write_byte
[DEBUG ASSIGNMENT] op=168, leftType=1 (POINTER_MEMBER=7)
[DEBUG CODEGEN CALL] Generating call to: drop
[DEBUG CODEGEN CALL] Generating call to: nitpick_libc_mem_write_byte
[DEBUG CODEGEN CALL] Generating call to: nitpick_libc_string_from_buf
[DEBUG IR_GEN] Initializer generated for 'result', value = 0x5b6c7483c7e0
[DEBUG IR_GEN] InitVal type: 0x5b6c746f0df0
[DEBUG IR_GEN] Default builder.CreateStore for result
[DEBUG CODEGEN CALL] Generating call to: drop
[DEBUG CODEGEN CALL] Generating call to: nitpick_libc_mem_free
[DEBUG CODEGEN CALL] Generating call to: nitpick_libc_string_atoi
[DEBUG IR_GEN] Initializer generated for 'r', value = 0x5b6c748b8fc0
[DEBUG IR_GEN] InitVal type: 0x5b6c71992198
[DEBUG IR_GEN] Default builder.CreateStore for r
[DEBUG CODEGEN CALL] Generating call to: string_length
[DEBUG IR_GEN] Initializer generated for 's_len', value = 0x5b6c7482bad0
[DEBUG IR_GEN] InitVal type: 0x5b6c71992198
[DEBUG IR_GEN] Default builder.CreateStore for s_len
[DEBUG CODEGEN CALL] Generating call to: string_length
[DEBUG IR_GEN] Initializer generated for 'd_len', value = 0x5b6c748d02e0
[DEBUG IR_GEN] InitVal type: 0x5b6c71992198
[DEBUG IR_GEN] Default builder.CreateStore for d_len
[DEBUG CODEGEN CALL] Generating call to: nitpick_libc_mem_malloc
[DEBUG IR_GEN] Initializer generated for 'h', value = 0x5b6c748d4050
[DEBUG IR_GEN] InitVal type: 0x5b6c71992198
[DEBUG IR_GEN] Default builder.CreateStore for h
[DEBUG CODEGEN CALL] Generating call to: drop
[DEBUG CODEGEN CALL] Generating call to: nitpick_libc_mem_write_i64
[DEBUG CODEGEN CALL] Generating call to: drop
[DEBUG CODEGEN CALL] Generating call to: nitpick_libc_mem_write_i64
[DEBUG CODEGEN CALL] Generating call to: nitpick_libc_mem_malloc
[DEBUG-BINARY] op=163 leftType=1 rightType=0 leftNumType= rightNumType=
[DEBUG-XXX] op: 163, left: 1, right: 0
[DEBUG IR_GEN] Initializer generated for 'parts', value = 0x5b6c7492c700
[DEBUG IR_GEN] InitVal type: 0x5b6c71992198
[DEBUG IR_GEN] Default builder.CreateStore for parts
[DEBUG IR_GEN] Initializer generated for 'ci', value = 0x5b6c74325da0
[DEBUG IR_GEN] InitVal type: 0x5b6c71992198
[DEBUG IR_GEN] Default builder.CreateStore for ci
[DEBUG WHILE] Parsing condition for while loop. NodeType: 2
   BinaryOp Type: 176
[DEBUG CODEGEN CALL] Generating call to: nitpick_libc_mem_malloc
[DEBUG IR_GEN] Initializer generated for 'part_buf', value = 0x5b6c748c20e0
[DEBUG IR_GEN] InitVal type: 0x5b6c71992198
[DEBUG IR_GEN] Default builder.CreateStore for part_buf
[DEBUG CODEGEN CALL] Generating call to: nitpick_libc_string_byte_at
[DEBUG IR_GEN] Initializer generated for 'byte_val', value = 0x5b6c748d2710
[DEBUG IR_GEN] InitVal type: 0x5b6c71992180
[DEBUG IR_GEN] Default builder.CreateStore for byte_val
[DEBUG CODEGEN CALL] Generating call to: drop
[DEBUG CODEGEN CALL] Generating call to: nitpick_libc_mem_write_byte
[DEBUG CODEGEN CALL] Generating call to: drop
[DEBUG CODEGEN CALL] Generating call to: nitpick_libc_mem_write_byte
[DEBUG CODEGEN CALL] Generating call to: drop
[DEBUG CODEGEN CALL] Generating call to: nitpick_libc_mem_write_i64
[DEBUG-BINARY] op=163 leftType=1 rightType=0 leftNumType= rightNumType=
[DEBUG-XXX] op: 163, left: 1, right: 0
[DEBUG CODEGEN CALL] Generating call to: drop
[DEBUG CODEGEN CALL] Generating call to: nitpick_libc_mem_write_i64
[DEBUG-XXX] op: 161, left: 2, right: 0
[DEBUG] getExprNumericTypeName leftType: 1
[DEBUG-BINARY] op=163 leftType=1 rightType=0 leftNumType= rightNumType=
[DEBUG-XXX] op: 163, left: 1, right: 0
[DEBUG ASSIGNMENT] op=168, leftType=1 (POINTER_MEMBER=7)
[DEBUG CODEGEN CALL] Generating call to: drop
[DEBUG CODEGEN CALL] Generating call to: nitpick_libc_mem_write_i64
[DEBUG CODEGEN CALL] Generating call to: drop
[DEBUG CODEGEN CALL] Generating call to: nitpick_libc_mem_write_i64
[DEBUG IR_GEN] Initializer generated for 'count', value = 0x5b6c743d74f0
[DEBUG IR_GEN] InitVal type: 0x5b6c71992198
[DEBUG IR_GEN] Default builder.CreateStore for count
[DEBUG IR_GEN] Initializer generated for 'i', value = 0x5b6c74325da0
[DEBUG IR_GEN] InitVal type: 0x5b6c71992198
[DEBUG IR_GEN] Default builder.CreateStore for i
[DEBUG IR_GEN] Initializer generated for 'lim', value = 0x5b6c74919920
[DEBUG IR_GEN] InitVal type: 0x5b6c71992198
[DEBUG IR_GEN] Default builder.CreateStore for lim
[DEBUG WHILE] Parsing condition for while loop. NodeType: 2
   BinaryOp Type: 177
[DEBUG CODEGEN CALL] Generating call to: raw
[DEBUG CODEGEN CALL] Generating call to: str_match_at
[DEBUG IR_GEN] Initializer generated for 'm', value = 0x5b6c7491a0e0
[DEBUG IR_GEN] InitVal type: 0x5b6c71992138
[DEBUG IR_GEN] Default builder.CreateStore for m
[DEBUG ASSIGNMENT] op=168, leftType=1 (POINTER_MEMBER=7)
[DEBUG ASSIGNMENT] op=168, leftType=1 (POINTER_MEMBER=7)
[DEBUG ASSIGNMENT] op=168, leftType=1 (POINTER_MEMBER=7)
[DEBUG CODEGEN CALL] Generating call to: nitpick_libc_mem_malloc
[DEBUG-BINARY] op=163 leftType=1 rightType=0 leftNumType= rightNumType=
[DEBUG-XXX] op: 163, left: 1, right: 0
[DEBUG IR_GEN] Initializer generated for 'parts', value = 0x5b6c748c68a0
[DEBUG IR_GEN] InitVal type: 0x5b6c71992198
[DEBUG IR_GEN] Default builder.CreateStore for parts
[DEBUG IR_GEN] Initializer generated for 'part_idx', value = 0x5b6c74325da0
[DEBUG IR_GEN] InitVal type: 0x5b6c71992198
[DEBUG IR_GEN] Default builder.CreateStore for part_idx
[DEBUG IR_GEN] Initializer generated for 'start', value = 0x5b6c74325da0
[DEBUG IR_GEN] InitVal type: 0x5b6c71992198
[DEBUG IR_GEN] Default builder.CreateStore for start
[DEBUG ASSIGNMENT] op=168, leftType=1 (POINTER_MEMBER=7)
[DEBUG WHILE] Parsing condition for while loop. NodeType: 2
   BinaryOp Type: 177
[DEBUG CODEGEN CALL] Generating call to: raw
[DEBUG CODEGEN CALL] Generating call to: str_match_at
[DEBUG IR_GEN] Initializer generated for 'm', value = 0x5b6c748b4900
[DEBUG IR_GEN] InitVal type: 0x5b6c71992138
[DEBUG IR_GEN] Default builder.CreateStore for m
[DEBUG IR_GEN] Initializer generated for 'plen', value = 0x5b6c748b5a10
[DEBUG IR_GEN] InitVal type: 0x5b6c71992198
[DEBUG IR_GEN] Default builder.CreateStore for plen
[DEBUG CODEGEN CALL] Generating call to: nitpick_libc_mem_malloc
[DEBUG-XXX] op: 161, left: 1, right: 0
[DEBUG IR_GEN] Initializer generated for 'pbuf', value = 0x5b6c7491d060
[DEBUG IR_GEN] InitVal type: 0x5b6c71992198
[DEBUG IR_GEN] Default builder.CreateStore for pbuf
[DEBUG CODEGEN CALL] Generating call to: drop
[DEBUG CODEGEN CALL] Generating call to: nitpick_libc_string_copy_to_buf
[DEBUG CODEGEN CALL] Generating call to: drop
[DEBUG CODEGEN CALL] Generating call to: nitpick_libc_mem_write_byte
[DEBUG CODEGEN CALL] Generating call to: drop
[DEBUG CODEGEN CALL] Generating call to: nitpick_libc_mem_write_i64
[DEBUG-BINARY] op=163 leftType=1 rightType=0 leftNumType= rightNumType=
[DEBUG-XXX] op: 163, left: 1, right: 0
[DEBUG CODEGEN CALL] Generating call to: drop
[DEBUG CODEGEN CALL] Generating call to: nitpick_libc_mem_write_i64
[DEBUG-XXX] op: 161, left: 2, right: 0
[DEBUG] getExprNumericTypeName leftType: 1
[DEBUG-BINARY] op=163 leftType=1 rightType=0 leftNumType= rightNumType=
[DEBUG-XXX] op: 163, left: 1, right: 0
[DEBUG ASSIGNMENT] op=168, leftType=1 (POINTER_MEMBER=7)
[DEBUG ASSIGNMENT] op=168, leftType=1 (POINTER_MEMBER=7)
[DEBUG ASSIGNMENT] op=168, leftType=1 (POINTER_MEMBER=7)
[DEBUG ASSIGNMENT] op=168, leftType=1 (POINTER_MEMBER=7)
[DEBUG IR_GEN] Initializer generated for 'final_len', value = 0x5b6c74956640
[DEBUG IR_GEN] InitVal type: 0x5b6c71992198
[DEBUG IR_GEN] Default builder.CreateStore for final_len
[DEBUG CODEGEN CALL] Generating call to: nitpick_libc_mem_malloc
[DEBUG-XXX] op: 161, left: 1, right: 0
[DEBUG IR_GEN] Initializer generated for 'final_buf', value = 0x5b6c74956980
[DEBUG IR_GEN] InitVal type: 0x5b6c71992198
[DEBUG IR_GEN] Default builder.CreateStore for final_buf
[DEBUG CODEGEN CALL] Generating call to: drop
[DEBUG CODEGEN CALL] Generating call to: nitpick_libc_string_copy_to_buf
[DEBUG CODEGEN CALL] Generating call to: drop
[DEBUG CODEGEN CALL] Generating call to: nitpick_libc_mem_write_byte
[DEBUG CODEGEN CALL] Generating call to: drop
[DEBUG CODEGEN CALL] Generating call to: nitpick_libc_mem_write_i64
[DEBUG-BINARY] op=163 leftType=1 rightType=0 leftNumType= rightNumType=
[DEBUG-XXX] op: 163, left: 1, right: 0
[DEBUG CODEGEN CALL] Generating call to: drop
[DEBUG CODEGEN CALL] Generating call to: nitpick_libc_mem_write_i64
[DEBUG-XXX] op: 161, left: 2, right: 0
[DEBUG] getExprNumericTypeName leftType: 1
[DEBUG-BINARY] op=163 leftType=1 rightType=0 leftNumType= rightNumType=
[DEBUG-XXX] op: 163, left: 1, right: 0
[DEBUG CODEGEN CALL] Generating call to: drop
[DEBUG CODEGEN CALL] Generating call to: nitpick_libc_mem_write_i64
[DEBUG CODEGEN CALL] Generating call to: drop
[DEBUG CODEGEN CALL] Generating call to: nitpick_libc_mem_write_i64
[DEBUG CODEGEN CALL] Generating call to: nitpick_libc_mem_read_i64
[DEBUG IR_GEN] Initializer generated for 'count', value = 0x5b6c748924b0
[DEBUG IR_GEN] InitVal type: 0x5b6c71992198
[DEBUG IR_GEN] Default builder.CreateStore for count
[DEBUG CODEGEN CALL] Generating call to: nitpick_libc_mem_read_i64
[DEBUG IR_GEN] Initializer generated for 'parts', value = 0x5b6c748c1e50
[DEBUG IR_GEN] InitVal type: 0x5b6c71992198
[DEBUG IR_GEN] Default builder.CreateStore for parts
[DEBUG CODEGEN CALL] Generating call to: nitpick_libc_mem_read_i64
[DEBUG-BINARY] op=163 leftType=1 rightType=0 leftNumType= rightNumType=
[DEBUG-XXX] op: 163, left: 1, right: 0
[DEBUG IR_GEN] Initializer generated for 'part_buf', value = 0x5b6c74828d00
[DEBUG IR_GEN] InitVal type: 0x5b6c71992198
[DEBUG IR_GEN] Default builder.CreateStore for part_buf
[DEBUG CODEGEN CALL] Generating call to: nitpick_libc_mem_read_i64
[DEBUG-XXX] op: 161, left: 2, right: 0
[DEBUG] getExprNumericTypeName leftType: 1
[DEBUG-BINARY] op=163 leftType=1 rightType=0 leftNumType= rightNumType=
[DEBUG-XXX] op: 163, left: 1, right: 0
[DEBUG IR_GEN] Initializer generated for 'part_len', value = 0x5b6c7482cd40
[DEBUG IR_GEN] InitVal type: 0x5b6c71992198
[DEBUG IR_GEN] Default builder.CreateStore for part_len
[DEBUG CODEGEN CALL] Generating call to: nitpick_libc_string_from_buf
[DEBUG IR_GEN] Initializer generated for 'result', value = 0x5b6c74803620
[DEBUG IR_GEN] InitVal type: 0x5b6c746f0df0
[DEBUG IR_GEN] Default builder.CreateStore for result
[DEBUG CODEGEN CALL] Generating call to: nitpick_libc_mem_read_i64
[DEBUG IR_GEN] Initializer generated for 'count', value = 0x5b6c748c31c0
[DEBUG IR_GEN] InitVal type: 0x5b6c71992198
[DEBUG IR_GEN] Default builder.CreateStore for count
[DEBUG CODEGEN CALL] Generating call to: nitpick_libc_mem_read_i64
[DEBUG IR_GEN] Initializer generated for 'parts', value = 0x5b6c748b6830
[DEBUG IR_GEN] InitVal type: 0x5b6c71992198
[DEBUG IR_GEN] Default builder.CreateStore for parts
[DEBUG IR_GEN] Initializer generated for 'fi', value = 0x5b6c74325da0
[DEBUG IR_GEN] InitVal type: 0x5b6c71992198
[DEBUG IR_GEN] Default builder.CreateStore for fi
[DEBUG WHILE] Parsing condition for while loop. NodeType: 2
   BinaryOp Type: 176
[DEBUG CODEGEN CALL] Generating call to: nitpick_libc_mem_read_i64
[DEBUG-BINARY] op=163 leftType=1 rightType=0 leftNumType= rightNumType=
[DEBUG-XXX] op: 163, left: 1, right: 0
[DEBUG IR_GEN] Initializer generated for 'part_buf', value = 0x5b6c748f0510
[DEBUG IR_GEN] InitVal type: 0x5b6c71992198
[DEBUG IR_GEN] Default builder.CreateStore for part_buf
[DEBUG CODEGEN CALL] Generating call to: drop
[DEBUG CODEGEN CALL] Generating call to: nitpick_libc_mem_free
[DEBUG ASSIGNMENT] op=168, leftType=1 (POINTER_MEMBER=7)
[DEBUG CODEGEN CALL] Generating call to: drop
[DEBUG CODEGEN CALL] Generating call to: nitpick_libc_mem_free
[DEBUG CODEGEN CALL] Generating call to: drop
[DEBUG CODEGEN CALL] Generating call to: nitpick_libc_mem_free
[DEBUG CODEGEN CALL] Generating call to: nitpick_libc_mem_read_i64
[DEBUG IR_GEN] Initializer generated for 'count', value = 0x5b6c74961860
[DEBUG IR_GEN] InitVal type: 0x5b6c71992198
[DEBUG IR_GEN] Default builder.CreateStore for count
[DEBUG CODEGEN CALL] Generating call to: string_length
[DEBUG IR_GEN] Initializer generated for 'd_len', value = 0x5b6c749620f0
[DEBUG IR_GEN] InitVal type: 0x5b6c71992198
[DEBUG IR_GEN] Default builder.CreateStore for d_len
[DEBUG CODEGEN CALL] Generating call to: nitpick_libc_mem_read_i64
[DEBUG IR_GEN] Initializer generated for 'parts', value = 0x5b6c74962360
[DEBUG IR_GEN] InitVal type: 0x5b6c71992198
[DEBUG IR_GEN] Default builder.CreateStore for parts
[DEBUG IR_GEN] Initializer generated for 'total', value = 0x5b6c74325da0
[DEBUG IR_GEN] InitVal type: 0x5b6c71992198
[DEBUG IR_GEN] Default builder.CreateStore for total
[DEBUG IR_GEN] Initializer generated for 'i', value = 0x5b6c74325da0
[DEBUG IR_GEN] InitVal type: 0x5b6c71992198
[DEBUG IR_GEN] Default builder.CreateStore for i
[DEBUG WHILE] Parsing condition for while loop. NodeType: 2
   BinaryOp Type: 176
[DEBUG CODEGEN CALL] Generating call to: nitpick_libc_mem_read_i64
[DEBUG-XXX] op: 161, left: 2, right: 0
[DEBUG] getExprNumericTypeName leftType: 1
[DEBUG-BINARY] op=163 leftType=1 rightType=0 leftNumType= rightNumType=
[DEBUG-XXX] op: 163, left: 1, right: 0
[DEBUG IR_GEN] Initializer generated for 'plen', value = 0x5b6c74931b10
[DEBUG IR_GEN] InitVal type: 0x5b6c71992198
[DEBUG IR_GEN] Default builder.CreateStore for plen
[DEBUG ASSIGNMENT] op=168, leftType=1 (POINTER_MEMBER=7)
[DEBUG ASSIGNMENT] op=168, leftType=1 (POINTER_MEMBER=7)
[DEBUG ASSIGNMENT] op=168, leftType=1 (POINTER_MEMBER=7)
[DEBUG CODEGEN CALL] Generating call to: nitpick_libc_mem_malloc
[DEBUG-XXX] op: 161, left: 1, right: 0
[DEBUG IR_GEN] Initializer generated for 'buf', value = 0x5b6c748a0090
[DEBUG IR_GEN] InitVal type: 0x5b6c71992198
[DEBUG IR_GEN] Default builder.CreateStore for buf
[DEBUG IR_GEN] Initializer generated for 'pos', value = 0x5b6c74325da0
[DEBUG IR_GEN] InitVal type: 0x5b6c71992198
[DEBUG IR_GEN] Default builder.CreateStore for pos
[DEBUG ASSIGNMENT] op=168, leftType=1 (POINTER_MEMBER=7)
[DEBUG WHILE] Parsing condition for while loop. NodeType: 2
   BinaryOp Type: 176
[DEBUG CODEGEN CALL] Generating call to: drop
[DEBUG CODEGEN CALL] Generating call to: nitpick_libc_string_copy_to_buf
[DEBUG ASSIGNMENT] op=168, leftType=1 (POINTER_MEMBER=7)
[DEBUG CODEGEN CALL] Generating call to: nitpick_libc_mem_read_i64
[DEBUG-BINARY] op=163 leftType=1 rightType=0 leftNumType= rightNumType=
[DEBUG-XXX] op: 163, left: 1, right: 0
[DEBUG IR_GEN] Initializer generated for 'part_buf', value = 0x5b6c7486cdf0
[DEBUG IR_GEN] InitVal type: 0x5b6c71992198
[DEBUG IR_GEN] Default builder.CreateStore for part_buf
[DEBUG CODEGEN CALL] Generating call to: nitpick_libc_mem_read_i64
[DEBUG-XXX] op: 161, left: 2, right: 0
[DEBUG] getExprNumericTypeName leftType: 1
[DEBUG-BINARY] op=163 leftType=1 rightType=0 leftNumType= rightNumType=
[DEBUG-XXX] op: 163, left: 1, right: 0
[DEBUG IR_GEN] Initializer generated for 'part_len', value = 0x5b6c7486cfd0
[DEBUG IR_GEN] InitVal type: 0x5b6c71992198
[DEBUG IR_GEN] Default builder.CreateStore for part_len
[DEBUG CODEGEN CALL] Generating call to: drop
[DEBUG CODEGEN CALL] Generating call to: nitpick_libc_mem_copy
[DEBUG-XXX] op: 161, left: 1, right: 1
[DEBUG ASSIGNMENT] op=168, leftType=1 (POINTER_MEMBER=7)
[DEBUG ASSIGNMENT] op=168, leftType=1 (POINTER_MEMBER=7)
[DEBUG CODEGEN CALL] Generating call to: drop
[DEBUG CODEGEN CALL] Generating call to: nitpick_libc_mem_write_byte
[DEBUG CODEGEN CALL] Generating call to: nitpick_libc_string_from_buf
[DEBUG IR_GEN] Initializer generated for 'result', value = 0x5b6c74952b80
[DEBUG IR_GEN] InitVal type: 0x5b6c746f0df0
[DEBUG IR_GEN] Default builder.CreateStore for result
[DEBUG CODEGEN CALL] Generating call to: drop
[DEBUG CODEGEN CALL] Generating call to: nitpick_libc_mem_free
[DEBUG CODEGEN CALL] Generating call to: int8_toString
[DEBUG CODEGEN CALL] Generating call to: int16_toString
[DEBUG IR_GEN] Initializer generated for 'v', value = 0x5b6c748b3da0
[DEBUG IR_GEN] InitVal type: 0x5b6c71992180
[DEBUG IR_GEN] Default builder.CreateStore for v
[DEBUG CODEGEN CALL] Generating call to: string_from_int
[DEBUG CODEGEN CALL] Generating call to: int64_toString
[DEBUG IR_GEN] Initializer generated for 'v', value = 0x5b6c748d67f0
[DEBUG IR_GEN] InitVal type: 0x5b6c71992180
[DEBUG IR_GEN] Default builder.CreateStore for v
[DEBUG CODEGEN CALL] Generating call to: string_from_int
[DEBUG IR_GEN] Initializer generated for 'v', value = 0x5b6c748bf160
[DEBUG IR_GEN] InitVal type: 0x5b6c71992180
[DEBUG IR_GEN] Default builder.CreateStore for v
[DEBUG CODEGEN CALL] Generating call to: string_from_int
[DEBUG IR_GEN] Initializer generated for 'v', value = 0x5b6c748befa0
[DEBUG IR_GEN] InitVal type: 0x5b6c71992180
[DEBUG IR_GEN] Default builder.CreateStore for v
[DEBUG CODEGEN CALL] Generating call to: string_from_int
[DEBUG IR_GEN] Initializer generated for 'v', value = 0x5b6c7483d790
[DEBUG IR_GEN] InitVal type: 0x5b6c71992180
[DEBUG IR_GEN] Default builder.CreateStore for v
[DEBUG CODEGEN CALL] Generating call to: string_from_int
[DEBUG CODEGEN CALL] Generating call to: string_from_int
[DEBUG CODEGEN CALL] Generating call to: string_from_int
[DEBUG CODEGEN CALL] Generating call to: string_from_int
[DEBUG CODEGEN CALL] Generating call to: string_from_int
[DEBUG CODEGEN CALL] Generating call to: string_from_int
[DEBUG CODEGEN CALL] Generating call to: string_from_int
[DEBUG CODEGEN CALL] Generating call to: string_from_int
[DEBUG CODEGEN CALL] Generating call to: string_from_int
[DEBUG CODEGEN CALL] Generating call to: string_format_float
[DEBUG CODEGEN CALL] Generating call to: string_format_float
[DEBUG CODEGEN CALL] Generating call to: string_format_float
[DEBUG CODEGEN CALL] Generating call to: string_format_float
[DEBUG CODEGEN CALL] Generating call to: string_is_empty
[DEBUG IR_GEN] Initializer generated for 'byte', value = 0x5b6c74806960
[DEBUG IR_GEN] InitVal type: 0x5b6c71992150
[DEBUG IR_GEN] Default builder.CreateStore for byte
[DEBUG CODEGEN CALL] Generating call to: string_from_char
[DEBUG IR_GEN] Initializer generated for 'v', value = 0x5b6c74847730
[DEBUG IR_GEN] InitVal type: 0x5b6c71992198
[DEBUG IR_GEN] Default builder.CreateStore for v
[DEBUG CODEGEN CALL] Generating call to: string_concat
[DEBUG CODEGEN CALL] Generating call to: string_from_int_hex
[DEBUG CODEGEN CALL] Generating call to: string_concat
[DEBUG CODEGEN CALL] Generating call to: string_from_int_hex
[DEBUG CODEGEN CALL] Generating call to: string_equals
[DEBUG CODEGEN CALL] Generating call to: string_pad_left
[DEBUG CODEGEN CALL] Generating call to: string_pad_left
[DEBUG CODEGEN CALL] Generating call to: string_equals
[DEBUG CODEGEN CALL] Generating call to: string_pad_right
[DEBUG CODEGEN CALL] Generating call to: string_pad_right
[DEBUG CODEGEN CALL] Generating call to: string_pad_left
[DEBUG CODEGEN CALL] Generating call to: string_pad_right
[DEBUG CODEGEN CALL] Generating call to: string_pad_left
[DEBUG IR_GEN] Initializer generated for 'n', value = 0x5b6c74959b90
[DEBUG IR_GEN] InitVal type: 0x5b6c71992198
[DEBUG IR_GEN] Default builder.CreateStore for n
[DEBUG CODEGEN CALL] Generating call to: string_repeat
[DEBUG CODEGEN CALL] Generating call to: string_concat
[DEBUG IR_GEN] Initializer generated for 'result', value = 0x5b6c7489d580
[DEBUG IR_GEN] InitVal type: 0x5b6c746f0df0
[DEBUG IR_GEN] Default builder.CreateStore for result
[DEBUG ASSIGNMENT] op=168, leftType=1 (POINTER_MEMBER=7)
[DEBUG CODEGEN CALL] Generating call to: string_concat
[DEBUG CODEGEN CALL] Generating call to: string_concat
[DEBUG IR_GEN] Initializer generated for 'result', value = 0x5b6c74957a80
[DEBUG IR_GEN] InitVal type: 0x5b6c746f0df0
[DEBUG IR_GEN] Default builder.CreateStore for result
[DEBUG ASSIGNMENT] op=168, leftType=1 (POINTER_MEMBER=7)
[DEBUG CODEGEN CALL] Generating call to: string_concat
[DEBUG ASSIGNMENT] op=168, leftType=1 (POINTER_MEMBER=7)
[DEBUG CODEGEN CALL] Generating call to: string_concat
[DEBUG CODEGEN CALL] Generating call to: string_concat
[DEBUG CODEGEN CALL] Generating call to: string_length
[DEBUG IR_GEN] Initializer generated for 'len', value = 0x5b6c748edfb0
[DEBUG IR_GEN] InitVal type: 0x5b6c71992198
[DEBUG IR_GEN] Default builder.CreateStore for len
[DEBUG IR_GEN] Initializer generated for 'i', value = 0x5b6c74325da0
[DEBUG IR_GEN] InitVal type: 0x5b6c71992198
[DEBUG IR_GEN] Default builder.CreateStore for i
[DEBUG CODEGEN CALL] Generating call to: raw
[DEBUG CODEGEN CALL] Generating call to: str_byte_at
[DEBUG IR_GEN] Initializer generated for 'c', value = 0x5b6c748e5820
[DEBUG IR_GEN] InitVal type: 0x5b6c71992198
[DEBUG IR_GEN] Default builder.CreateStore for c
[DEBUG WHILE] Parsing condition for while loop. NodeType: 2
   BinaryOp Type: 174
[DEBUG ASSIGNMENT] op=168, leftType=1 (POINTER_MEMBER=7)
[DEBUG ASSIGNMENT] op=168, leftType=1 (POINTER_MEMBER=7)
[DEBUG CODEGEN CALL] Generating call to: raw
[DEBUG CODEGEN CALL] Generating call to: str_byte_at
[DEBUG IR_GEN] Initializer generated for 'sign', value = 0x5b6c743d74f0
[DEBUG IR_GEN] InitVal type: 0x5b6c71992198
[DEBUG IR_GEN] Default builder.CreateStore for sign
[DEBUG ASSIGNMENT] op=168, leftType=1 (POINTER_MEMBER=7)
[DEBUG ASSIGNMENT] op=168, leftType=1 (POINTER_MEMBER=7)
[DEBUG ASSIGNMENT] op=168, leftType=1 (POINTER_MEMBER=7)
[DEBUG IR_GEN] Initializer generated for 'result', value = 0x5b6c74325da0
[DEBUG IR_GEN] InitVal type: 0x5b6c71992198
[DEBUG IR_GEN] Default builder.CreateStore for result
[DEBUG IR_GEN] Initializer generated for 'found_digit', value = 0x5b6c74325da0
[DEBUG IR_GEN] InitVal type: 0x5b6c71992198
[DEBUG IR_GEN] Default builder.CreateStore for found_digit
[DEBUG WHILE] Parsing condition for while loop. NodeType: 2
   BinaryOp Type: 176
[DEBUG ASSIGNMENT] op=168, leftType=1 (POINTER_MEMBER=7)
[DEBUG CODEGEN CALL] Generating call to: raw
[DEBUG CODEGEN CALL] Generating call to: str_byte_at
[DEBUG ASSIGNMENT] op=168, leftType=1 (POINTER_MEMBER=7)
[DEBUG IR_GEN] Initializer generated for 'digit', value = 0x5b6c74884d70
[DEBUG IR_GEN] InitVal type: 0x5b6c71992198
[DEBUG IR_GEN] Default builder.CreateStore for digit
[DEBUG ASSIGNMENT] op=168, leftType=1 (POINTER_MEMBER=7)
[DEBUG ASSIGNMENT] op=168, leftType=1 (POINTER_MEMBER=7)
[DEBUG IR_GEN] Initializer generated for 'signed_result', value = 0x5b6c748b8180
[DEBUG IR_GEN] InitVal type: 0x5b6c71992198
[DEBUG IR_GEN] Default builder.CreateStore for signed_result
[DEBUG ASSIGNMENT] op=168, leftType=1 (POINTER_MEMBER=7)
[DEBUG CODEGEN CALL] Generating call to: parse_int_pure
[DEBUG IR_GEN] Initializer generated for 'r', value = 0x5b6c748aec10
[DEBUG IR_GEN] InitVal type: 0x5b6c746f0f10
[DEBUG IR_GEN] Default builder.CreateStore for r
[DEBUG CODEGEN CALL] Generating call to: str_to_uint64
[DEBUG IR_GEN] Initializer generated for 'r', value = 0x5b6c7480ce40
[DEBUG IR_GEN] InitVal type: 0x5b6c746f0f10
[DEBUG IR_GEN] Default builder.CreateStore for r
[DEBUG CODEGEN CALL] Generating call to: str_to_uint64
[DEBUG IR_GEN] Initializer generated for 'r', value = 0x5b6c74902b10
[DEBUG IR_GEN] InitVal type: 0x5b6c746f0f10
[DEBUG IR_GEN] Default builder.CreateStore for r
[DEBUG CODEGEN CALL] Generating call to: str_to_uint64
[DEBUG IR_GEN] Initializer generated for 'r', value = 0x5b6c748ef4a0
[DEBUG IR_GEN] InitVal type: 0x5b6c746f0f10
[DEBUG IR_GEN] Default builder.CreateStore for r
[DEBUG CODEGEN CALL] Generating call to: parse_int_pure
[DEBUG IR_GEN] Initializer generated for 'r', value = 0x5b6c748d88c0
[DEBUG IR_GEN] InitVal type: 0x5b6c746f0f10
[DEBUG IR_GEN] Default builder.CreateStore for r
[DEBUG CODEGEN CALL] Generating call to: str_to_int64
[DEBUG IR_GEN] Initializer generated for 'r', value = 0x5b6c7481a280
[DEBUG IR_GEN] InitVal type: 0x5b6c746f0f10
[DEBUG IR_GEN] Default builder.CreateStore for r
[DEBUG CODEGEN CALL] Generating call to: str_to_int64
[DEBUG IR_GEN] Initializer generated for 'r', value = 0x5b6c7489f990
[DEBUG IR_GEN] InitVal type: 0x5b6c746f0f10
[DEBUG IR_GEN] Default builder.CreateStore for r
[DEBUG CODEGEN CALL] Generating call to: str_to_int64
[DEBUG IR_GEN] Initializer generated for 'r', value = 0x5b6c74857530
[DEBUG IR_GEN] InitVal type: 0x5b6c746f0f10
[DEBUG IR_GEN] Default builder.CreateStore for r
[DEBUG CODEGEN CALL] Generating call to: string_is_empty
[DEBUG CODEGEN CALL] Generating call to: nitpick_libc_string_atof
[DEBUG CODEGEN CALL] Generating call to: str_to_float64
[DEBUG IR_GEN] Initializer generated for 'r', value = 0x5b6c7486e950
[DEBUG IR_GEN] InitVal type: 0x5b6c746f12b0
[DEBUG IR_GEN] Default builder.CreateStore for r
[DEBUG CODEGEN CALL] Generating call to: str_to_int8
[DEBUG IR_GEN] Initializer generated for 'r', value = 0x5b6c747fa7d0
[DEBUG IR_GEN] InitVal type: 0x5b6c74804590
[DEBUG IR_GEN] Default builder.CreateStore for r
[DEBUG CODEGEN CALL] Generating call to: str_to_int16
[DEBUG IR_GEN] Initializer generated for 'r', value = 0x5b6c7486dd80
[DEBUG IR_GEN] InitVal type: 0x5b6c74804530
[DEBUG IR_GEN] Default builder.CreateStore for r
[DEBUG CODEGEN CALL] Generating call to: str_to_int32
[DEBUG IR_GEN] Initializer generated for 'r', value = 0x5b6c74857ec0
[DEBUG IR_GEN] InitVal type: 0x5b6c746f1220
[DEBUG IR_GEN] Default builder.CreateStore for r
[DEBUG CODEGEN CALL] Generating call to: str_to_int64
[DEBUG IR_GEN] Initializer generated for 'r', value = 0x5b6c74964950
[DEBUG IR_GEN] InitVal type: 0x5b6c746f0f10
[DEBUG IR_GEN] Default builder.CreateStore for r
[DEBUG CODEGEN CALL] Generating call to: str_to_int32
[DEBUG IR_GEN] Initializer generated for 'r', value = 0x5b6c74907220
[DEBUG IR_GEN] InitVal type: 0x5b6c746f1220
[DEBUG IR_GEN] Default builder.CreateStore for r
[DEBUG CODEGEN CALL] Generating call to: str_to_int32
[DEBUG IR_GEN] Initializer generated for 'r', value = 0x5b6c7485b130
[DEBUG IR_GEN] InitVal type: 0x5b6c746f1220
[DEBUG IR_GEN] Default builder.CreateStore for r
[DEBUG CODEGEN CALL] Generating call to: str_to_int32
[DEBUG IR_GEN] Initializer generated for 'r', value = 0x5b6c74952610
[DEBUG IR_GEN] InitVal type: 0x5b6c746f1220
[DEBUG IR_GEN] Default builder.CreateStore for r
[DEBUG CODEGEN CALL] Generating call to: string_length
[DEBUG IR_GEN] Initializer generated for 'len', value = 0x5b6c7492f8c0
[DEBUG IR_GEN] InitVal type: 0x5b6c71992198
[DEBUG IR_GEN] Default builder.CreateStore for len
[DEBUG IR_GEN] Initializer generated for 'i', value = 0x5b6c74325da0
[DEBUG IR_GEN] InitVal type: 0x5b6c71992198
[DEBUG IR_GEN] Default builder.CreateStore for i
[DEBUG CODEGEN CALL] Generating call to: raw
[DEBUG CODEGEN CALL] Generating call to: str_byte_at
[DEBUG IR_GEN] Initializer generated for 'c', value = 0x5b6c749275b0
[DEBUG IR_GEN] InitVal type: 0x5b6c71992198
[DEBUG IR_GEN] Default builder.CreateStore for c
[DEBUG WHILE] Parsing condition for while loop. NodeType: 2
   BinaryOp Type: 174
[DEBUG ASSIGNMENT] op=168, leftType=1 (POINTER_MEMBER=7)
[DEBUG ASSIGNMENT] op=168, leftType=1 (POINTER_MEMBER=7)
[DEBUG CODEGEN CALL] Generating call to: raw
[DEBUG CODEGEN CALL] Generating call to: str_byte_at
[DEBUG IR_GEN] Initializer generated for 'sign', value = 0x5b6c743d74f0
[DEBUG IR_GEN] InitVal type: 0x5b6c71992198
[DEBUG IR_GEN] Default builder.CreateStore for sign
[DEBUG ASSIGNMENT] op=168, leftType=1 (POINTER_MEMBER=7)
[DEBUG ASSIGNMENT] op=168, leftType=1 (POINTER_MEMBER=7)
[DEBUG ASSIGNMENT] op=168, leftType=1 (POINTER_MEMBER=7)
[DEBUG IR_GEN] Initializer generated for 'result', value = 0x5b6c74857bd0
[DEBUG IR_GEN] InitVal type: 0x5b6c74804680
[DEBUG IR_GEN] Default builder.CreateStore for result
[DEBUG IR_GEN] Initializer generated for 'found_digit', value = 0x5b6c74325da0
[DEBUG IR_GEN] InitVal type: 0x5b6c71992198
[DEBUG IR_GEN] Default builder.CreateStore for found_digit
[DEBUG WHILE] Parsing condition for while loop. NodeType: 2
   BinaryOp Type: 176
[DEBUG ASSIGNMENT] op=168, leftType=1 (POINTER_MEMBER=7)
[DEBUG CODEGEN CALL] Generating call to: raw
[DEBUG CODEGEN CALL] Generating call to: str_byte_at
[DEBUG ASSIGNMENT] op=168, leftType=1 (POINTER_MEMBER=7)
[DEBUG IR_GEN] Initializer generated for 'digit', value = 0x5b6c748b3cc0
[DEBUG IR_GEN] InitVal type: 0x5b6c74804680
[DEBUG IR_GEN] Default builder.CreateStore for digit
[DEBUG ASSIGNMENT] op=168, leftType=1 (POINTER_MEMBER=7)
[DEBUG ASSIGNMENT] op=168, leftType=1 (POINTER_MEMBER=7)
[DEBUG ASSIGNMENT] op=168, leftType=1 (POINTER_MEMBER=7)
[DEBUG IR_GEN] Initializer generated for 'frac_accumulator', value = 0x5b6c748812a0
[DEBUG IR_GEN] InitVal type: 0x5b6c74804680
[DEBUG IR_GEN] Default builder.CreateStore for frac_accumulator
[DEBUG IR_GEN] Initializer generated for 'frac_divisor', value = 0x5b6c748fd920
[DEBUG IR_GEN] InitVal type: 0x5b6c74804680
[DEBUG IR_GEN] Default builder.CreateStore for frac_divisor
[DEBUG IR_GEN] Initializer generated for 'frac_digits', value = 0x5b6c74325da0
[DEBUG IR_GEN] InitVal type: 0x5b6c71992198
[DEBUG IR_GEN] Default builder.CreateStore for frac_digits
[DEBUG WHILE] Parsing condition for while loop. NodeType: 2
   BinaryOp Type: 176
[DEBUG ASSIGNMENT] op=168, leftType=1 (POINTER_MEMBER=7)
[DEBUG CODEGEN CALL] Generating call to: raw
[DEBUG CODEGEN CALL] Generating call to: str_byte_at
[DEBUG ASSIGNMENT] op=168, leftType=1 (POINTER_MEMBER=7)
[DEBUG IR_GEN] Initializer generated for 'digit', value = 0x5b6c74a33ae0
[DEBUG IR_GEN] InitVal type: 0x5b6c74804680
[DEBUG IR_GEN] Default builder.CreateStore for digit
[DEBUG ASSIGNMENT] op=168, leftType=1 (POINTER_MEMBER=7)
[DEBUG ASSIGNMENT] op=168, leftType=1 (POINTER_MEMBER=7)
[DEBUG ASSIGNMENT] op=168, leftType=1 (POINTER_MEMBER=7)
[DEBUG ASSIGNMENT] op=168, leftType=1 (POINTER_MEMBER=7)
[DEBUG ASSIGNMENT] op=168, leftType=1 (POINTER_MEMBER=7)
[DEBUG IR_GEN] Initializer generated for 'zero', value = 0x5b6c74753290
[DEBUG IR_GEN] InitVal type: 0x5b6c74804680
[DEBUG IR_GEN] Default builder.CreateStore for zero
[DEBUG ASSIGNMENT] op=168, leftType=1 (POINTER_MEMBER=7)
[DEBUG ASSIGNMENT] op=168, leftType=1 (POINTER_MEMBER=7)
[DEBUG ASSIGNMENT] op=168, leftType=1 (POINTER_MEMBER=7)
[DEBUG IR_GEN] Initializer generated for 'fval', value = 0x5b6c74948d10
[DEBUG IR_GEN] InitVal type: 0x5b6c71992090
[DEBUG IR_GEN] Default builder.CreateStore for fval
[DEBUG CODEGEN CALL] Generating call to: float_toString
[DEBUG IR_GEN] Initializer generated for 'msg', value = 0x5b6c74822900
[DEBUG IR_GEN] InitVal type: 0x5b6c746f0df0
[DEBUG IR_GEN] Default builder.CreateStore for msg
[DEBUG CODEGEN CALL] Generating call to: drop
[DEBUG CODEGEN CALL] Generating call to: write
[DEBUG CODEGEN CALL] Generating call to: drop
[DEBUG CODEGEN CALL] Generating call to: sys
[DEBUG CODEGEN CALL] Generating call to: proc_exit
[DEBUG IR_GEN] Initializer generated for 'v', value = 0x5b6c74915770
[DEBUG IR_GEN] InitVal type: 0x5b6c71992198
[DEBUG IR_GEN] Default builder.CreateStore for v
[DEBUG CODEGEN CALL] Generating call to: drop
[DEBUG CODEGEN CALL] Generating call to: npk_mem_write_byte
[DEBUG-XXX] op: 189, left: 1, right: 0
[DEBUG CODEGEN CALL] Generating call to: drop
[DEBUG CODEGEN CALL] Generating call to: npk_mem_write_byte
[DEBUG-XXX] op: 161, left: 1, right: 0
[DEBUG-XXX] op: 189, left: 2, right: 0
[DEBUG] getExprNumericTypeName leftType: 1
[DEBUG-XXX] op: 194, left: 1, right: 0
[DEBUG CODEGEN CALL] Generating call to: drop
[DEBUG CODEGEN CALL] Generating call to: npk_mem_write_byte
[DEBUG-XXX] op: 161, left: 1, right: 0
[DEBUG-XXX] op: 189, left: 2, right: 0
[DEBUG] getExprNumericTypeName leftType: 1
[DEBUG-XXX] op: 194, left: 1, right: 0
[DEBUG CODEGEN CALL] Generating call to: drop
[DEBUG CODEGEN CALL] Generating call to: npk_mem_write_byte
[DEBUG-XXX] op: 161, left: 1, right: 0
[DEBUG-XXX] op: 189, left: 2, right: 0
[DEBUG] getExprNumericTypeName leftType: 1
[DEBUG-XXX] op: 194, left: 1, right: 0
[DEBUG CODEGEN CALL] Generating call to: npk_mem_read_byte
[DEBUG IR_GEN] Initializer generated for 'b0', value = 0x5b6c749f0b60
[DEBUG IR_GEN] InitVal type: 0x5b6c71992198
[DEBUG IR_GEN] Default builder.CreateStore for b0
[DEBUG CODEGEN CALL] Generating call to: npk_mem_read_byte
[DEBUG-XXX] op: 161, left: 1, right: 0
[DEBUG IR_GEN] Initializer generated for 'b1', value = 0x5b6c749f1070
[DEBUG IR_GEN] InitVal type: 0x5b6c71992198
[DEBUG IR_GEN] Default builder.CreateStore for b1
[DEBUG IR_GEN] Initializer generated for 'v', value = 0x5b6c74893ab0
[DEBUG IR_GEN] InitVal type: 0x5b6c71992198
[DEBUG IR_GEN] Default builder.CreateStore for v
[DEBUG CODEGEN CALL] Generating call to: drop
[DEBUG CODEGEN CALL] Generating call to: npk_mem_write_byte
[DEBUG-XXX] op: 189, left: 1, right: 0
[DEBUG CODEGEN CALL] Generating call to: drop
[DEBUG CODEGEN CALL] Generating call to: npk_mem_write_byte
[DEBUG-XXX] op: 161, left: 1, right: 0
[DEBUG-XXX] op: 189, left: 2, right: 0
[DEBUG] getExprNumericTypeName leftType: 1
[DEBUG-XXX] op: 194, left: 1, right: 0
[DEBUG CODEGEN CALL] Generating call to: npk_mem_read_byte
[DEBUG IR_GEN] Initializer generated for 'val', value = 0x5b6c749f2980
[DEBUG IR_GEN] InitVal type: 0x5b6c71992198
[DEBUG IR_GEN] Default builder.CreateStore for val
[DEBUG CODEGEN CALL] Generating call to: asm!!!
[DEBUG IR_GEN] Initializer generated for 'actual', value = 0x5b6c749f2420
[DEBUG IR_GEN] InitVal type: 0x5b6c71992198
[DEBUG IR_GEN] Default builder.CreateStore for actual
[DEBUG CODEGEN CALL] Generating call to: asm!!!
[DEBUG IR_GEN] Initializer generated for 'val', value = 0x5b6c749f4640
[DEBUG IR_GEN] InitVal type: 0x5b6c71992198
[DEBUG IR_GEN] Default builder.CreateStore for val
[DEBUG CODEGEN CALL] Generating call to: drop
[DEBUG CODEGEN CALL] Generating call to: npk_core_dalloc
[DEBUG CODEGEN CALL] Generating call to: string_to_cstr
[DEBUG IR_GEN] Initializer generated for 'c_toml_path', value = 0x5b6c749f51e0
[DEBUG IR_GEN] InitVal type: 0x5b6c71992198
[DEBUG IR_GEN] Default builder.CreateStore for c_toml_path
[DEBUG CODEGEN CALL] Generating call to: sys
[DEBUG IR_GEN] Initializer generated for 'fd', value = 0x5b6c748e73e8
[DEBUG IR_GEN] InitVal type: 0x5b6c71992198
[DEBUG IR_GEN] Default builder.CreateStore for fd
[DEBUG CODEGEN CALL] Generating call to: println
[DEBUG-XXX] op: 161, left: 0, right: 1
[DEBUG CODEGEN CALL] Generating call to: npk_core_alloc
[DEBUG IR_GEN] Initializer generated for 'buf', value = 0x5b6c7483b5c0
[DEBUG IR_GEN] InitVal type: 0x5b6c71992198
[DEBUG IR_GEN] Default builder.CreateStore for buf
[DEBUG CODEGEN CALL] Generating call to: sys
[DEBUG IR_GEN] Initializer generated for 'bytes_read', value = 0x5b6c74966208
[DEBUG IR_GEN] InitVal type: 0x5b6c71992198
[DEBUG IR_GEN] Default builder.CreateStore for bytes_read
[DEBUG CODEGEN CALL] Generating call to: drop
[DEBUG CODEGEN CALL] Generating call to: sys
[DEBUG CODEGEN CALL] Generating call to: println
[DEBUG CODEGEN CALL] Generating call to: drop
[DEBUG CODEGEN CALL] Generating call to: npk_core_dalloc
[DEBUG CODEGEN CALL] Generating call to: drop
[DEBUG CODEGEN CALL] Generating call to: npk_mem_write_byte
[DEBUG CODEGEN CALL] Generating call to: npk_mem_read_string
[DEBUG-XXX] op: 161, left: 1, right: 0
[DEBUG IR_GEN] Initializer generated for 'toml_str', value = 0x5b6c74895060
[DEBUG IR_GEN] InitVal type: 0x5b6c746f0df0
[DEBUG IR_GEN] Default builder.CreateStore for toml_str
[DEBUG CODEGEN CALL] Generating call to: raw
[DEBUG CODEGEN CALL] Generating call to expression.
[DEBUG CODEGEN CALL] Generating call to: Toml_parse
[DEBUG IR_GEN] Initializer generated for 'n', value = 0x5b6c748962e0
[DEBUG IR_GEN] InitVal type: 0x5b6c71992180
[DEBUG IR_GEN] Default builder.CreateStore for n
[DEBUG CODEGEN CALL] Generating call to: drop
[DEBUG CODEGEN CALL] Generating call to: npk_core_dalloc
[DEBUG CODEGEN CALL] Generating call to: npk_core_alloc
[DEBUG IR_GEN] Initializer generated for 'cfg_ptr', value = 0x5b6c74942fc0
[DEBUG IR_GEN] InitVal type: 0x5b6c71992198
[DEBUG IR_GEN] Default builder.CreateStore for cfg_ptr
[DEBUG IR_GEN] Initializer generated for 'port', value = 0x5b6c748c7d90
[DEBUG IR_GEN] InitVal type: 0x5b6c71992180
[DEBUG IR_GEN] Default builder.CreateStore for port
[DEBUG CODEGEN CALL] Generating call to: raw
[DEBUG CODEGEN CALL] Generating call to expression.
[DEBUG CODEGEN CALL] Generating call to: Toml_get_int
[DEBUG IR_GEN] Initializer generated for 'p', value = 0x5b6c74943420
[DEBUG IR_GEN] InitVal type: 0x5b6c71992198
[DEBUG IR_GEN] Default builder.CreateStore for p
[DEBUG ASSIGNMENT] op=168, leftType=1 (POINTER_MEMBER=7)
[DEBUG CODEGEN CALL] Generating call to: raw
[DEBUG CODEGEN CALL] Generating call to expression.
[DEBUG CODEGEN CALL] Generating call to: Toml_get_int
[DEBUG IR_GEN] Initializer generated for 'threads', value = 0x5b6c74907e60
[DEBUG IR_GEN] InitVal type: 0x5b6c71992198
[DEBUG IR_GEN] Default builder.CreateStore for threads
[DEBUG ASSIGNMENT] op=168, leftType=1 (POINTER_MEMBER=7)
[DEBUG CODEGEN CALL] Generating call to: raw
[DEBUG CODEGEN CALL] Generating call to expression.
[DEBUG CODEGEN CALL] Generating call to: Toml_get_int
[DEBUG IR_GEN] Initializer generated for 'flush', value = 0x5b6c749088a0
[DEBUG IR_GEN] InitVal type: 0x5b6c71992198
[DEBUG IR_GEN] Default builder.CreateStore for flush
[DEBUG ASSIGNMENT] op=168, leftType=1 (POINTER_MEMBER=7)
[DEBUG CODEGEN CALL] Generating call to: raw
[DEBUG CODEGEN CALL] Generating call to expression.
[DEBUG CODEGEN CALL] Generating call to: Toml_get_int
[DEBUG IR_GEN] Initializer generated for 'hm', value = 0x5b6c749092a0
[DEBUG IR_GEN] InitVal type: 0x5b6c71992198
[DEBUG IR_GEN] Default builder.CreateStore for hm
[DEBUG ASSIGNMENT] op=168, leftType=1 (POINTER_MEMBER=7)
[DEBUG CODEGEN CALL] Generating call to: raw
[DEBUG CODEGEN CALL] Generating call to expression.
[DEBUG CODEGEN CALL] Generating call to: Toml_get_int
[DEBUG IR_GEN] Initializer generated for 'efc', value = 0x5b6c74909cd0
[DEBUG IR_GEN] InitVal type: 0x5b6c71992198
[DEBUG IR_GEN] Default builder.CreateStore for efc
[DEBUG ASSIGNMENT] op=168, leftType=1 (POINTER_MEMBER=7)
[DEBUG CODEGEN CALL] Generating call to: drop
[DEBUG CODEGEN CALL] Generating call to: npk_mem_write_int32
[DEBUG CODEGEN CALL] Generating call to: drop
[DEBUG CODEGEN CALL] Generating call to: npk_mem_write_int64
[DEBUG CODEGEN CALL] Generating call to: drop
[DEBUG CODEGEN CALL] Generating call to: npk_mem_write_int64
[DEBUG CODEGEN CALL] Generating call to: drop
[DEBUG CODEGEN CALL] Generating call to: npk_mem_write_int64
[DEBUG CODEGEN CALL] Generating call to: drop
[DEBUG CODEGEN CALL] Generating call to: npk_mem_write_int64
[DEBUG ASSIGNMENT] op=168, leftType=1 (POINTER_MEMBER=7)
[DEBUG CODEGEN CALL] Generating call to: drop
[DEBUG CODEGEN CALL] Generating call to: npk_core_dalloc
[DEBUG ASSIGNMENT] op=168, leftType=1 (POINTER_MEMBER=7)
[DEBUG CODEGEN CALL] Generating call to: raw
[DEBUG CODEGEN CALL] Generating call to expression.
[DEBUG CODEGEN CALL] Generating call to: Toml_clear
[DEBUG CODEGEN CALL] Generating call to: npk_core_alloc
[DEBUG IR_GEN] Initializer generated for 'buf', value = 0x5b6c7490c8f0
[DEBUG IR_GEN] InitVal type: 0x5b6c71992198
[DEBUG IR_GEN] Default builder.CreateStore for buf
[DEBUG CODEGEN CALL] Generating call to: drop
[DEBUG CODEGEN CALL] Generating call to: npk_mem_write_int64
[DEBUG CODEGEN CALL] Generating call to: drop
[DEBUG CODEGEN CALL] Generating call to: npk_mem_write_int64
[DEBUG CODEGEN CALL] Generating call to: drop
[DEBUG CODEGEN CALL] Generating call to: npk_mem_write_int64
[DEBUG CODEGEN CALL] Generating call to: npk_mem_read_int64
[DEBUG CODEGEN CALL] Generating call to: npk_mem_read_int64
[DEBUG CODEGEN CALL] Generating call to: npk_mem_read_int64
[DEBUG CODEGEN CALL] Generating call to: location_file_num
[DEBUG IR_GEN] Initializer generated for 'fn', value = 0x5b6c748f4858
[DEBUG IR_GEN] InitVal type: 0x5b6c71992198
[DEBUG IR_GEN] Default builder.CreateStore for fn
[DEBUG CODEGEN CALL] Generating call to: location_file_num
[DEBUG IR_GEN] Initializer generated for 'fn', value = 0x5b6c748f6bd8
[DEBUG IR_GEN] InitVal type: 0x5b6c71992198
[DEBUG IR_GEN] Default builder.CreateStore for fn
[DEBUG CODEGEN CALL] Generating call to: location_encode
[DEBUG CODEGEN CALL] Generating call to: location_encode
[DEBUG CODEGEN CALL] Generating call to: print
[DEBUG CODEGEN CALL] Generating call to: npk_mem_read_byte
[DEBUG IR_GEN] Initializer generated for 't', value = 0x5b6c748f9a10
[DEBUG IR_GEN] InitVal type: 0x5b6c71992198
[DEBUG IR_GEN] Default builder.CreateStore for t
[DEBUG CODEGEN CALL] Generating call to: drop
[DEBUG CODEGEN CALL] Generating call to: npk_mem_write_byte
[DEBUG CODEGEN CALL] Generating call to: npk_mem_read_byte
[DEBUG CODEGEN CALL] Generating call to: drop
[DEBUG CODEGEN CALL] Generating call to: npk_mem_write_byte
[DEBUG CODEGEN CALL] Generating call to: npk_mem_read_byte
[DEBUG IR_GEN] Initializer generated for 'b1', value = 0x5b6c748fb8e0
[DEBUG IR_GEN] InitVal type: 0x5b6c71992198
[DEBUG IR_GEN] Default builder.CreateStore for b1
[DEBUG CODEGEN CALL] Generating call to: npk_mem_read_byte
[DEBUG-XXX] op: 161, left: 1, right: 0
[DEBUG IR_GEN] Initializer generated for 'b2', value = 0x5b6c748fbc90
[DEBUG IR_GEN] InitVal type: 0x5b6c71992198
[DEBUG IR_GEN] Default builder.CreateStore for b2
[DEBUG CODEGEN CALL] Generating call to: drop
[DEBUG CODEGEN CALL] Generating call to: npk_mem_write_byte
[DEBUG-XXX] op: 189, left: 1, right: 0
[DEBUG CODEGEN CALL] Generating call to: drop
[DEBUG CODEGEN CALL] Generating call to: npk_mem_write_byte
[DEBUG-XXX] op: 161, left: 1, right: 0
[DEBUG-XXX] op: 189, left: 2, right: 0
[DEBUG] getExprNumericTypeName leftType: 1
[DEBUG-XXX] op: 194, left: 1, right: 0
[DEBUG CODEGEN CALL] Generating call to: npk_mem_read_byte
[DEBUG-XXX] op: 161, left: 1, right: 1
[DEBUG CODEGEN CALL] Generating call to: drop
[DEBUG CODEGEN CALL] Generating call to: npk_mem_write_byte
[DEBUG-XXX] op: 161, left: 1, right: 1
[DEBUG CODEGEN CALL] Generating call to: npk_mem_read_byte
[DEBUG IR_GEN] Initializer generated for 't', value = 0x5b6c749dcb30
[DEBUG IR_GEN] InitVal type: 0x5b6c71992198
[DEBUG IR_GEN] Default builder.CreateStore for t
[DEBUG IR_GEN] Initializer generated for 'restart', value = 0x5b6c743d74f0
[DEBUG IR_GEN] InitVal type: 0x5b6c71992198
[DEBUG IR_GEN] Default builder.CreateStore for restart
[DEBUG WHILE] Parsing condition for while loop. NodeType: 2
   BinaryOp Type: 174
[DEBUG CODEGEN CALL] Generating call to: npk_mem_read_int64
[DEBUG IR_GEN] Initializer generated for 'hdr', value = 0x5b6c749df280
[DEBUG IR_GEN] InitVal type: 0x5b6c71992198
[DEBUG IR_GEN] Default builder.CreateStore for hdr
[DEBUG IR_GEN] Initializer generated for 't', value = 0x5b6c749df750
[DEBUG IR_GEN] InitVal type: 0x5b6c71992198
[DEBUG IR_GEN] Default builder.CreateStore for t
[DEBUG IR_GEN] Initializer generated for 'new_hdr', value = 0x5b6c74a17850
[DEBUG IR_GEN] InitVal type: 0x5b6c71992198
[DEBUG IR_GEN] Default builder.CreateStore for new_hdr
[DEBUG CODEGEN CALL] Generating call to: raw
[DEBUG CODEGEN CALL] Generating call to: npk_cas_i64
[DEBUG IR_GEN] Initializer generated for 'res', value = 0x5b6c74a17fc0
[DEBUG IR_GEN] InitVal type: 0x5b6c71992138
[DEBUG IR_GEN] Default builder.CreateStore for res
[DEBUG ASSIGNMENT] op=168, leftType=1 (POINTER_MEMBER=7)
[DEBUG IR_GEN] Initializer generated for 'restart', value = 0x5b6c743d74f0
[DEBUG IR_GEN] InitVal type: 0x5b6c71992198
[DEBUG IR_GEN] Default builder.CreateStore for restart
[DEBUG WHILE] Parsing condition for while loop. NodeType: 2
   BinaryOp Type: 174
[DEBUG CODEGEN CALL] Generating call to: npk_mem_read_int64
[DEBUG IR_GEN] Initializer generated for 'hdr', value = 0x5b6c74a7f750
[DEBUG IR_GEN] InitVal type: 0x5b6c71992198
[DEBUG IR_GEN] Default builder.CreateStore for hdr
[DEBUG IR_GEN] Initializer generated for 'new_hdr', value = 0x5b6c74a7fbb0
[DEBUG IR_GEN] InitVal type: 0x5b6c71992198
[DEBUG IR_GEN] Default builder.CreateStore for new_hdr
[DEBUG CODEGEN CALL] Generating call to: raw
[DEBUG CODEGEN CALL] Generating call to: npk_cas_i64
[DEBUG IR_GEN] Initializer generated for 'res', value = 0x5b6c74a7ff00
[DEBUG IR_GEN] InitVal type: 0x5b6c71992138
[DEBUG IR_GEN] Default builder.CreateStore for res
[DEBUG ASSIGNMENT] op=168, leftType=1 (POINTER_MEMBER=7)
[DEBUG CODEGEN CALL] Generating call to: npk_mem_read_int64
[DEBUG IR_GEN] Initializer generated for 'hdr', value = 0x5b6c74a809f0
[DEBUG IR_GEN] InitVal type: 0x5b6c71992198
[DEBUG IR_GEN] Default builder.CreateStore for hdr
[DEBUG IR_GEN] Initializer generated for 't', value = 0x5b6c74a80cb0
[DEBUG IR_GEN] InitVal type: 0x5b6c71992198
[DEBUG IR_GEN] Default builder.CreateStore for t
[DEBUG IR_GEN] Initializer generated for 'restart', value = 0x5b6c743d74f0
[DEBUG IR_GEN] InitVal type: 0x5b6c71992198
[DEBUG IR_GEN] Default builder.CreateStore for restart
[DEBUG WHILE] Parsing condition for while loop. NodeType: 2
   BinaryOp Type: 174
[DEBUG CODEGEN CALL] Generating call to: npk_mem_read_int64
[DEBUG IR_GEN] Initializer generated for 'hdr', value = 0x5b6c74a81cc0
[DEBUG IR_GEN] InitVal type: 0x5b6c71992198
[DEBUG IR_GEN] Default builder.CreateStore for hdr
[DEBUG IR_GEN] Initializer generated for 'new_hdr', value = 0x5b6c74a82120
[DEBUG IR_GEN] InitVal type: 0x5b6c71992198
[DEBUG IR_GEN] Default builder.CreateStore for new_hdr
[DEBUG CODEGEN CALL] Generating call to: raw
[DEBUG CODEGEN CALL] Generating call to: npk_cas_i64
[DEBUG IR_GEN] Initializer generated for 'res', value = 0x5b6c74a82470
[DEBUG IR_GEN] InitVal type: 0x5b6c71992138
[DEBUG IR_GEN] Default builder.CreateStore for res
[DEBUG ASSIGNMENT] op=168, leftType=1 (POINTER_MEMBER=7)
[DEBUG CODEGEN CALL] Generating call to: npk_mem_read_byte
[DEBUG CODEGEN CALL] Generating call to: npk_mem_read_byte
[DEBUG CODEGEN CALL] Generating call to: drop
[DEBUG CODEGEN CALL] Generating call to: npk_mem_write_byte
[DEBUG CODEGEN CALL] Generating call to: npk_mem_read_int64
[DEBUG CODEGEN CALL] Generating call to: drop
[DEBUG CODEGEN CALL] Generating call to: npk_mem_write_int64
[DEBUG CODEGEN CALL] Generating call to: npk_mem_read_int64
[DEBUG CODEGEN CALL] Generating call to: drop
[DEBUG CODEGEN CALL] Generating call to: npk_mem_write_int64
[DEBUG CODEGEN CALL] Generating call to: npk_mem_read_byte
[DEBUG-XXX] op: 161, left: 1, right: 1
[DEBUG CODEGEN CALL] Generating call to: drop
[DEBUG CODEGEN CALL] Generating call to: npk_mem_write_byte
[DEBUG-XXX] op: 161, left: 1, right: 1
[DEBUG CODEGEN CALL] Generating call to: npk_mem_read_byte
[DEBUG CODEGEN CALL] Generating call to: npk_core_alloc
[DEBUG IR_GEN] Initializer generated for 'ptr', value = 0x5b6c74a87820
[DEBUG IR_GEN] InitVal type: 0x5b6c71992198
[DEBUG IR_GEN] Default builder.CreateStore for ptr
[DEBUG CODEGEN CALL] Generating call to: drop
[DEBUG CODEGEN CALL] Generating call to: npk_mem_set
[DEBUG CODEGEN CALL] Generating call to: drop
[DEBUG CODEGEN CALL] Generating call to: npk_mem_write_byte
[DEBUG CODEGEN CALL] Generating call to: drop
[DEBUG CODEGEN CALL] Generating call to: npk_mem_write_byte
[DEBUG CODEGEN CALL] Generating call to: npk_core_alloc
[DEBUG IR_GEN] Initializer generated for 'ptr', value = 0x5b6c74a88eb0
[DEBUG IR_GEN] InitVal type: 0x5b6c71992198
[DEBUG IR_GEN] Default builder.CreateStore for ptr
[DEBUG CODEGEN CALL] Generating call to: drop
[DEBUG CODEGEN CALL] Generating call to: npk_mem_set
[DEBUG CODEGEN CALL] Generating call to: drop
[DEBUG CODEGEN CALL] Generating call to: npk_mem_write_byte
[DEBUG CODEGEN CALL] Generating call to: drop
[DEBUG CODEGEN CALL] Generating call to: npk_mem_write_byte
[DEBUG CODEGEN CALL] Generating call to: npk_core_alloc
[DEBUG IR_GEN] Initializer generated for 'ptr', value = 0x5b6c74a8a620
[DEBUG IR_GEN] InitVal type: 0x5b6c71992198
[DEBUG IR_GEN] Default builder.CreateStore for ptr
[DEBUG CODEGEN CALL] Generating call to: drop
[DEBUG CODEGEN CALL] Generating call to: npk_mem_set
[DEBUG CODEGEN CALL] Generating call to: drop
[DEBUG CODEGEN CALL] Generating call to: npk_mem_write_byte
[DEBUG CODEGEN CALL] Generating call to: drop
[DEBUG CODEGEN CALL] Generating call to: npk_mem_write_byte
[DEBUG CODEGEN CALL] Generating call to: npk_core_alloc
[DEBUG IR_GEN] Initializer generated for 'ptr', value = 0x5b6c74a8be20
[DEBUG IR_GEN] InitVal type: 0x5b6c71992198
[DEBUG IR_GEN] Default builder.CreateStore for ptr
[DEBUG CODEGEN CALL] Generating call to: drop
[DEBUG CODEGEN CALL] Generating call to: npk_mem_set
[DEBUG CODEGEN CALL] Generating call to: drop
[DEBUG CODEGEN CALL] Generating call to: npk_mem_write_byte
[DEBUG CODEGEN CALL] Generating call to: drop
[DEBUG CODEGEN CALL] Generating call to: npk_mem_write_byte
[DEBUG IR_GEN] Initializer generated for 'leaf_size', value = 0x5b6c74a8e3a0
[DEBUG IR_GEN] InitVal type: 0x5b6c71992198
[DEBUG IR_GEN] Default builder.CreateStore for leaf_size
[DEBUG CODEGEN CALL] Generating call to: npk_core_alloc
[DEBUG IR_GEN] Initializer generated for 'ptr', value = 0x5b6c74a8e610
[DEBUG IR_GEN] InitVal type: 0x5b6c71992198
[DEBUG IR_GEN] Default builder.CreateStore for ptr
[DEBUG CODEGEN CALL] Generating call to: drop
[DEBUG CODEGEN CALL] Generating call to: npk_mem_set
[DEBUG CODEGEN CALL] Generating call to: drop
[DEBUG CODEGEN CALL] Generating call to: npk_mem_write_byte
[DEBUG CODEGEN CALL] Generating call to: drop
[DEBUG CODEGEN CALL] Generating call to: npk_mem_write_int64
[DEBUG CODEGEN CALL] Generating call to: drop
[DEBUG CODEGEN CALL] Generating call to: npk_mem_write_int64
[DEBUG CODEGEN CALL] Generating call to: drop
[DEBUG CODEGEN CALL] Generating call to: npk_mem_copy
[DEBUG-XXX] op: 161, left: 1, right: 1
[DEBUG CODEGEN CALL] Generating call to: drop
[DEBUG CODEGEN CALL] Generating call to: npk_mem_copy
[DEBUG-XXX] op: 161, left: 2, right: 1
[DEBUG] getExprNumericTypeName leftType: 1
[DEBUG-XXX] op: 161, left: 1, right: 1
[DEBUG CODEGEN CALL] Generating call to: drop
[DEBUG CODEGEN CALL] Generating call to: npk_core_dalloc
[DEBUG CODEGEN CALL] Generating call to: npk_mem_read_int64
[DEBUG IR_GEN] Initializer generated for 'klen', value = 0x5b6c74929f90
[DEBUG IR_GEN] InitVal type: 0x5b6c71992198
[DEBUG IR_GEN] Default builder.CreateStore for klen
[DEBUG CODEGEN CALL] Generating call to: npk_core_alloc
[DEBUG IR_GEN] Initializer generated for 'out', value = 0x5b6c749ee650
[DEBUG IR_GEN] InitVal type: 0x5b6c71992198
[DEBUG IR_GEN] Default builder.CreateStore for out
[DEBUG CODEGEN CALL] Generating call to: drop
[DEBUG CODEGEN CALL] Generating call to: npk_mem_copy
[DEBUG-XXX] op: 161, left: 1, right: 1
[DEBUG CODEGEN CALL] Generating call to: npk_mem_read_int64
[DEBUG CODEGEN CALL] Generating call to: npk_mem_read_int64
[DEBUG CODEGEN CALL] Generating call to: npk_mem_read_int64
[DEBUG IR_GEN] Initializer generated for 'klen', value = 0x5b6c748cb350
[DEBUG IR_GEN] InitVal type: 0x5b6c71992198
[DEBUG IR_GEN] Default builder.CreateStore for klen
[DEBUG CODEGEN CALL] Generating call to: npk_mem_read_byte
[DEBUG-XXX] op: 161, left: 1, right: 1
[DEBUG CODEGEN CALL] Generating call to: drop
[DEBUG CODEGEN CALL] Generating call to: npk_mem_write_byte
[DEBUG-XXX] op: 161, left: 1, right: 1
[DEBUG IR_GEN] Initializer generated for 'addr', value = 0x5b6c747da1f0
[DEBUG IR_GEN] InitVal type: 0x5b6c71992198
[DEBUG IR_GEN] Default builder.CreateStore for addr
[DEBUG CODEGEN CALL] Generating call to: npk_mem_read_int64
[DEBUG CODEGEN CALL] Generating call to: drop
[DEBUG CODEGEN CALL] Generating call to: npk_mem_write_int64
[DEBUG-XXX] op: 161, left: 1, right: 2
[DEBUG] getExprNumericTypeName leftType: 1
[DEBUG-BINARY] op=163 leftType=1 rightType=0 leftNumType= rightNumType=
[DEBUG-XXX] op: 163, left: 1, right: 0
[DEBUG CODEGEN CALL] Generating call to: raw
[DEBUG CODEGEN CALL] Generating call to: art_node_num_children
[DEBUG IR_GEN] Initializer generated for 'count', value = 0x5b6c749d5820
[DEBUG IR_GEN] InitVal type: 0x5b6c71992198
[DEBUG IR_GEN] Default builder.CreateStore for count
[DEBUG IR_GEN] Initializer generated for 'i', value = 0x5b6c74325da0
[DEBUG IR_GEN] InitVal type: 0x5b6c71992198
[DEBUG IR_GEN] Default builder.CreateStore for i
[DEBUG WHILE] Parsing condition for while loop. NodeType: 2
   BinaryOp Type: 176
[DEBUG CODEGEN CALL] Generating call to: raw
[DEBUG CODEGEN CALL] Generating call to: node4_get_key
[DEBUG IR_GEN] Initializer generated for 'kb', value = 0x5b6c74973fc0
[DEBUG IR_GEN] InitVal type: 0x5b6c71992198
[DEBUG IR_GEN] Default builder.CreateStore for kb
[DEBUG CODEGEN CALL] Generating call to: raw
[DEBUG CODEGEN CALL] Generating call to: node4_get_child
[DEBUG ASSIGNMENT] op=168, leftType=1 (POINTER_MEMBER=7)
[DEBUG CODEGEN CALL] Generating call to: raw
[DEBUG CODEGEN CALL] Generating call to: art_node_num_children
[DEBUG IR_GEN] Initializer generated for 'count', value = 0x5b6c749cbf10
[DEBUG IR_GEN] InitVal type: 0x5b6c71992198
[DEBUG IR_GEN] Default builder.CreateStore for count
[DEBUG IR_GEN] Initializer generated for 'i', value = 0x5b6c74325da0
[DEBUG IR_GEN] InitVal type: 0x5b6c71992198
[DEBUG IR_GEN] Default builder.CreateStore for i
[DEBUG IR_GEN] Initializer generated for 'found', value = 0x5b6c74749470
[DEBUG IR_GEN] InitVal type: 0x5b6c71992198
[DEBUG IR_GEN] Default builder.CreateStore for found
[DEBUG WHILE] Parsing condition for while loop. NodeType: 2
   BinaryOp Type: 176
[DEBUG CODEGEN CALL] Generating call to: raw
[DEBUG CODEGEN CALL] Generating call to: node4_get_key
[DEBUG ASSIGNMENT] op=168, leftType=1 (POINTER_MEMBER=7)
[DEBUG ASSIGNMENT] op=168, leftType=1 (POINTER_MEMBER=7)
[DEBUG CODEGEN CALL] Generating call to: raw
[DEBUG CODEGEN CALL] Generating call to: node4_get_child
[DEBUG IR_GEN] Initializer generated for 'child', value = 0x5b6c749ce3c0
[DEBUG IR_GEN] InitVal type: 0x5b6c71992198
[DEBUG IR_GEN] Default builder.CreateStore for child
[DEBUG ASSIGNMENT] op=168, leftType=1 (POINTER_MEMBER=7)
[DEBUG WHILE] Parsing condition for while loop. NodeType: 2
   BinaryOp Type: 176
[DEBUG CODEGEN CALL] Generating call to: raw
[DEBUG CODEGEN CALL] Generating call to: node4_set_key
[DEBUG CODEGEN CALL] Generating call to: raw
[DEBUG CODEGEN CALL] Generating call to: node4_get_key
[DEBUG-XXX] op: 161, left: 1, right: 0
[DEBUG CODEGEN CALL] Generating call to: raw
[DEBUG CODEGEN CALL] Generating call to: node4_set_child
[DEBUG CODEGEN CALL] Generating call to: raw
[DEBUG CODEGEN CALL] Generating call to: node4_get_child
[DEBUG-XXX] op: 161, left: 1, right: 0
[DEBUG ASSIGNMENT] op=168, leftType=1 (POINTER_MEMBER=7)
[DEBUG CODEGEN CALL] Generating call to: raw
[DEBUG CODEGEN CALL] Generating call to: node4_set_key
[DEBUG-XXX] op: 162, left: 1, right: 0
[DEBUG CODEGEN CALL] Generating call to: raw
[DEBUG CODEGEN CALL] Generating call to: node4_set_child
[DEBUG-XXX] op: 162, left: 1, right: 0
[DEBUG CODEGEN CALL] Generating call to: raw
[DEBUG CODEGEN CALL] Generating call to: art_node_set_num_children
[DEBUG-XXX] op: 162, left: 1, right: 0
[DEBUG CODEGEN CALL] Generating call to: npk_mem_read_byte
[DEBUG-XXX] op: 161, left: 1, right: 1
[DEBUG CODEGEN CALL] Generating call to: drop
[DEBUG CODEGEN CALL] Generating call to: npk_mem_write_byte
[DEBUG-XXX] op: 161, left: 1, right: 1
[DEBUG IR_GEN] Initializer generated for 'addr', value = 0x5b6c748c91a0
[DEBUG IR_GEN] InitVal type: 0x5b6c71992198
[DEBUG IR_GEN] Default builder.CreateStore for addr
[DEBUG CODEGEN CALL] Generating call to: npk_mem_read_int64
[DEBUG CODEGEN CALL] Generating call to: drop
[DEBUG CODEGEN CALL] Generating call to: npk_mem_write_int64
[DEBUG-XXX] op: 161, left: 1, right: 2
[DEBUG] getExprNumericTypeName leftType: 1
[DEBUG-BINARY] op=163 leftType=1 rightType=0 leftNumType= rightNumType=
[DEBUG-XXX] op: 163, left: 1, right: 0
[DEBUG CODEGEN CALL] Generating call to: raw
[DEBUG CODEGEN CALL] Generating call to: art_node_num_children
[DEBUG IR_GEN] Initializer generated for 'count', value = 0x5b6c749b6510
[DEBUG IR_GEN] InitVal type: 0x5b6c71992198
[DEBUG IR_GEN] Default builder.CreateStore for count
[DEBUG IR_GEN] Initializer generated for 'i', value = 0x5b6c74325da0
[DEBUG IR_GEN] InitVal type: 0x5b6c71992198
[DEBUG IR_GEN] Default builder.CreateStore for i
[DEBUG WHILE] Parsing condition for while loop. NodeType: 2
   BinaryOp Type: 176
[DEBUG CODEGEN CALL] Generating call to: raw
[DEBUG CODEGEN CALL] Generating call to: node16_get_key
[DEBUG IR_GEN] Initializer generated for 'kb', value = 0x5b6c749ccae0
[DEBUG IR_GEN] InitVal type: 0x5b6c71992198
[DEBUG IR_GEN] Default builder.CreateStore for kb
[DEBUG CODEGEN CALL] Generating call to: raw
[DEBUG CODEGEN CALL] Generating call to: node16_get_child
[DEBUG ASSIGNMENT] op=168, leftType=1 (POINTER_MEMBER=7)
[DEBUG CODEGEN CALL] Generating call to: raw
[DEBUG CODEGEN CALL] Generating call to: art_node_num_children
[DEBUG IR_GEN] Initializer generated for 'count', value = 0x5b6c749d25a0
[DEBUG IR_GEN] InitVal type: 0x5b6c71992198
[DEBUG IR_GEN] Default builder.CreateStore for count
[DEBUG IR_GEN] Initializer generated for 'i', value = 0x5b6c74325da0
[DEBUG IR_GEN] InitVal type: 0x5b6c71992198
[DEBUG IR_GEN] Default builder.CreateStore for i
[DEBUG IR_GEN] Initializer generated for 'found', value = 0x5b6c74749470
[DEBUG IR_GEN] InitVal type: 0x5b6c71992198
[DEBUG IR_GEN] Default builder.CreateStore for found
[DEBUG WHILE] Parsing condition for while loop. NodeType: 2
   BinaryOp Type: 176
[DEBUG CODEGEN CALL] Generating call to: raw
[DEBUG CODEGEN CALL] Generating call to: node16_get_key
[DEBUG ASSIGNMENT] op=168, leftType=1 (POINTER_MEMBER=7)
[DEBUG ASSIGNMENT] op=168, leftType=1 (POINTER_MEMBER=7)
[DEBUG CODEGEN CALL] Generating call to: raw
[DEBUG CODEGEN CALL] Generating call to: node16_get_child
[DEBUG IR_GEN] Initializer generated for 'child', value = 0x5b6c749d47d0
[DEBUG IR_GEN] InitVal type: 0x5b6c71992198
[DEBUG IR_GEN] Default builder.CreateStore for child
[DEBUG ASSIGNMENT] op=168, leftType=1 (POINTER_MEMBER=7)
[DEBUG WHILE] Parsing condition for while loop. NodeType: 2
   BinaryOp Type: 176
[DEBUG CODEGEN CALL] Generating call to: raw
[DEBUG CODEGEN CALL] Generating call to: node16_set_key
[DEBUG CODEGEN CALL] Generating call to: raw
[DEBUG CODEGEN CALL] Generating call to: node16_get_key
[DEBUG-XXX] op: 161, left: 1, right: 0
[DEBUG CODEGEN CALL] Generating call to: raw
[DEBUG CODEGEN CALL] Generating call to: node16_set_child
[DEBUG CODEGEN CALL] Generating call to: raw
[DEBUG CODEGEN CALL] Generating call to: node16_get_child
[DEBUG-XXX] op: 161, left: 1, right: 0
[DEBUG ASSIGNMENT] op=168, leftType=1 (POINTER_MEMBER=7)
[DEBUG CODEGEN CALL] Generating call to: raw
[DEBUG CODEGEN CALL] Generating call to: node16_set_key
[DEBUG-XXX] op: 162, left: 1, right: 0
[DEBUG CODEGEN CALL] Generating call to: raw
[DEBUG CODEGEN CALL] Generating call to: node16_set_child
[DEBUG-XXX] op: 162, left: 1, right: 0
[DEBUG CODEGEN CALL] Generating call to: raw
[DEBUG CODEGEN CALL] Generating call to: art_node_set_num_children
[DEBUG-XXX] op: 162, left: 1, right: 0
[DEBUG IR_GEN] Initializer generated for 'idx_off', value = 0x5b6c74a1bf10
[DEBUG IR_GEN] InitVal type: 0x5b6c71992198
[DEBUG IR_GEN] Default builder.CreateStore for idx_off
[DEBUG CODEGEN CALL] Generating call to: npk_mem_read_byte
[DEBUG IR_GEN] Initializer generated for 'idx_off', value = 0x5b6c749c17f0
[DEBUG IR_GEN] InitVal type: 0x5b6c71992198
[DEBUG IR_GEN] Default builder.CreateStore for idx_off
[DEBUG CODEGEN CALL] Generating call to: drop
[DEBUG CODEGEN CALL] Generating call to: npk_mem_write_byte
[DEBUG IR_GEN] Initializer generated for 'child_off', value = 0x5b6c748955b0
[DEBUG IR_GEN] InitVal type: 0x5b6c71992198
[DEBUG IR_GEN] Default builder.CreateStore for child_off
[DEBUG IR_GEN] Initializer generated for 'addr', value = 0x5b6c74895ac0
[DEBUG IR_GEN] InitVal type: 0x5b6c71992198
[DEBUG IR_GEN] Default builder.CreateStore for addr
[DEBUG CODEGEN CALL] Generating call to: npk_mem_read_int64
[DEBUG IR_GEN] Initializer generated for 'child_off', value = 0x5b6c749eefd0
[DEBUG IR_GEN] InitVal type: 0x5b6c71992198
[DEBUG IR_GEN] Default builder.CreateStore for child_off
[DEBUG CODEGEN CALL] Generating call to: drop
[DEBUG CODEGEN CALL] Generating call to: npk_mem_write_int64
[DEBUG IR_GEN] Initializer generated for 'i', value = 0x5b6c74325da0
[DEBUG IR_GEN] InitVal type: 0x5b6c71992198
[DEBUG IR_GEN] Default builder.CreateStore for i
[DEBUG IR_GEN] Initializer generated for 'empty_slot', value = 0x5b6c74325da0
[DEBUG IR_GEN] InitVal type: 0x5b6c71992198
[DEBUG IR_GEN] Default builder.CreateStore for empty_slot
[DEBUG WHILE] Parsing condition for while loop. NodeType: 2
   BinaryOp Type: 176
[DEBUG CODEGEN CALL] Generating call to: raw
[DEBUG CODEGEN CALL] Generating call to: node48_get_child
[DEBUG-XXX] op: 161, left: 1, right: 0
[DEBUG IR_GEN] Initializer generated for 'c', value = 0x5b6c74924110
[DEBUG IR_GEN] InitVal type: 0x5b6c71992198
[DEBUG IR_GEN] Default builder.CreateStore for c
[DEBUG ASSIGNMENT] op=168, leftType=1 (POINTER_MEMBER=7)
[DEBUG ASSIGNMENT] op=168, leftType=1 (POINTER_MEMBER=7)
[DEBUG CODEGEN CALL] Generating call to: raw
[DEBUG CODEGEN CALL] Generating call to: node48_set_slot
[DEBUG CODEGEN CALL] Generating call to: raw
[DEBUG CODEGEN CALL] Generating call to: node48_set_child
[DEBUG CODEGEN CALL] Generating call to: raw
[DEBUG CODEGEN CALL] Generating call to: art_node_num_children
[DEBUG IR_GEN] Initializer generated for 'count', value = 0x5b6c74a300c0
[DEBUG IR_GEN] InitVal type: 0x5b6c71992198
[DEBUG IR_GEN] Default builder.CreateStore for count
[DEBUG CODEGEN CALL] Generating call to: raw
[DEBUG CODEGEN CALL] Generating call to: art_node_set_num_children
[DEBUG-XXX] op: 161, left: 1, right: 0
[DEBUG CODEGEN CALL] Generating call to: raw
[DEBUG CODEGEN CALL] Generating call to: node48_get_slot
[DEBUG IR_GEN] Initializer generated for 'slot', value = 0x5b6c74a7e000
[DEBUG IR_GEN] InitVal type: 0x5b6c71992198
[DEBUG IR_GEN] Default builder.CreateStore for slot
[DEBUG CODEGEN CALL] Generating call to: raw
[DEBUG CODEGEN CALL] Generating call to: node48_get_child
[DEBUG CODEGEN CALL] Generating call to: raw
[DEBUG CODEGEN CALL] Generating call to: node48_get_slot
[DEBUG IR_GEN] Initializer generated for 'slot', value = 0x5b6c749b0ab0
[DEBUG IR_GEN] InitVal type: 0x5b6c71992198
[DEBUG IR_GEN] Default builder.CreateStore for slot
[DEBUG CODEGEN CALL] Generating call to: raw
[DEBUG CODEGEN CALL] Generating call to: node48_set_child
[DEBUG CODEGEN CALL] Generating call to: raw
[DEBUG CODEGEN CALL] Generating call to: node48_set_slot
[DEBUG CODEGEN CALL] Generating call to: raw
[DEBUG CODEGEN CALL] Generating call to: art_node_num_children
[DEBUG IR_GEN] Initializer generated for 'num', value = 0x5b6c749c00f0
[DEBUG IR_GEN] InitVal type: 0x5b6c71992198
[DEBUG IR_GEN] Default builder.CreateStore for num
[DEBUG CODEGEN CALL] Generating call to: raw
[DEBUG CODEGEN CALL] Generating call to: art_node_set_num_children
[DEBUG-XXX] op: 162, left: 1, right: 0
[DEBUG IR_GEN] Initializer generated for 'child_off', value = 0x5b6c74a7e710
[DEBUG IR_GEN] InitVal type: 0x5b6c71992198
[DEBUG IR_GEN] Default builder.CreateStore for child_off
[DEBUG IR_GEN] Initializer generated for 'addr', value = 0x5b6c74839490
[DEBUG IR_GEN] InitVal type: 0x5b6c71992198
[DEBUG IR_GEN] Default builder.CreateStore for addr
[DEBUG CODEGEN CALL] Generating call to: npk_mem_read_int64
[DEBUG IR_GEN] Initializer generated for 'child_off', value = 0x5b6c749767b0
[DEBUG IR_GEN] InitVal type: 0x5b6c71992198
[DEBUG IR_GEN] Default builder.CreateStore for child_off
[DEBUG CODEGEN CALL] Generating call to: drop
[DEBUG CODEGEN CALL] Generating call to: npk_mem_write_int64
[DEBUG CODEGEN CALL] Generating call to: raw
[DEBUG CODEGEN CALL] Generating call to: node256_get_child
[DEBUG IR_GEN] Initializer generated for 'child', value = 0x5b6c749b1f90
[DEBUG IR_GEN] InitVal type: 0x5b6c71992198
[DEBUG IR_GEN] Default builder.CreateStore for child
[DEBUG CODEGEN CALL] Generating call to: raw
[DEBUG CODEGEN CALL] Generating call to: node256_set_child
[DEBUG CODEGEN CALL] Generating call to: raw
[DEBUG CODEGEN CALL] Generating call to: art_node_num_children
[DEBUG IR_GEN] Initializer generated for 'count', value = 0x5b6c74a7d920
[DEBUG IR_GEN] InitVal type: 0x5b6c71992198
[DEBUG IR_GEN] Default builder.CreateStore for count
[DEBUG CODEGEN CALL] Generating call to: raw
[DEBUG CODEGEN CALL] Generating call to: art_node_set_num_children
[DEBUG-XXX] op: 162, left: 1, right: 0
[DEBUG IR_GEN] Initializer generated for 'states_size', value = 0x5b6c74a02460
[DEBUG IR_GEN] InitVal type: 0x5b6c71992198
[DEBUG IR_GEN] Default builder.CreateStore for states_size
[DEBUG ASSIGNMENT] op=168, leftType=1 (POINTER_MEMBER=7)
[DEBUG CODEGEN CALL] Generating call to: npk_core_alloc
[DEBUG ASSIGNMENT] op=168, leftType=1 (POINTER_MEMBER=7)
[DEBUG CODEGEN CALL] Generating call to: npk_core_alloc
[DEBUG CODEGEN CALL] Generating call to: drop
[DEBUG CODEGEN CALL] Generating call to: npk_mem_write_int64
[DEBUG CODEGEN CALL] Generating call to: drop
[DEBUG CODEGEN CALL] Generating call to: npk_mem_write_int64
[DEBUG CODEGEN CALL] Generating call to: npk_mem_read_int64
[DEBUG IR_GEN] Initializer generated for 'curr', value = 0x5b6c74a269f0
[DEBUG IR_GEN] InitVal type: 0x5b6c71992198
[DEBUG IR_GEN] Default builder.CreateStore for curr
[DEBUG WHILE] Parsing condition for while loop. NodeType: 2
   BinaryOp Type: 175
[DEBUG CODEGEN CALL] Generating call to: npk_mem_read_int64
[DEBUG IR_GEN] Initializer generated for 'nxt', value = 0x5b6c7497c350
[DEBUG IR_GEN] InitVal type: 0x5b6c71992198
[DEBUG IR_GEN] Default builder.CreateStore for nxt
[DEBUG CODEGEN CALL] Generating call to: npk_mem_read_int64
[DEBUG IR_GEN] Initializer generated for 'node_ptr', value = 0x5b6c7497c790
[DEBUG IR_GEN] InitVal type: 0x5b6c71992198
[DEBUG IR_GEN] Default builder.CreateStore for node_ptr
[DEBUG CODEGEN CALL] Generating call to: drop
[DEBUG CODEGEN CALL] Generating call to: npk_core_dalloc
[DEBUG CODEGEN CALL] Generating call to: drop
[DEBUG CODEGEN CALL] Generating call to: npk_core_dalloc
[DEBUG ASSIGNMENT] op=168, leftType=1 (POINTER_MEMBER=7)
[DEBUG CODEGEN CALL] Generating call to: drop
[DEBUG CODEGEN CALL] Generating call to: npk_mem_write_int64
[DEBUG CODEGEN CALL] Generating call to: drop
[DEBUG CODEGEN CALL] Generating call to: npk_mem_write_int64
[DEBUG CODEGEN CALL] Generating call to: npk_mem_read_int64
[DEBUG IR_GEN] Initializer generated for 'curr', value = 0x5b6c74980ba0
[DEBUG IR_GEN] InitVal type: 0x5b6c71992198
[DEBUG IR_GEN] Default builder.CreateStore for curr
[DEBUG IR_GEN] Initializer generated for 'prev', value = 0x5b6c74325da0
[DEBUG IR_GEN] InitVal type: 0x5b6c71992198
[DEBUG IR_GEN] Default builder.CreateStore for prev
[DEBUG CODEGEN CALL] Generating call to: npk_mem_read_int64
[DEBUG IR_GEN] Initializer generated for 'count', value = 0x5b6c74981020
[DEBUG IR_GEN] InitVal type: 0x5b6c71992198
[DEBUG IR_GEN] Default builder.CreateStore for count
[DEBUG CODEGEN CALL] Generating call to: npk_mem_read_int64
[DEBUG IR_GEN] Initializer generated for 'safe_epoch', value = 0x5b6c74981500
[DEBUG IR_GEN] InitVal type: 0x5b6c71992198
[DEBUG IR_GEN] Default builder.CreateStore for safe_epoch
[DEBUG WHILE] Parsing condition for while loop. NodeType: 2
   BinaryOp Type: 175
[DEBUG CODEGEN CALL] Generating call to: npk_mem_read_int64
[DEBUG IR_GEN] Initializer generated for 'nxt', value = 0x5b6c74a20d70
[DEBUG IR_GEN] InitVal type: 0x5b6c71992198
[DEBUG IR_GEN] Default builder.CreateStore for nxt
[DEBUG CODEGEN CALL] Generating call to: npk_mem_read_int64
[DEBUG IR_GEN] Initializer generated for 'epoch', value = 0x5b6c74a21360
[DEBUG IR_GEN] InitVal type: 0x5b6c71992198
[DEBUG IR_GEN] Default builder.CreateStore for epoch
[DEBUG CODEGEN CALL] Generating call to: drop
[DEBUG CODEGEN CALL] Generating call to: npk_mem_write_int64
[DEBUG CODEGEN CALL] Generating call to: drop
[DEBUG CODEGEN CALL] Generating call to: npk_mem_write_int64
[DEBUG CODEGEN CALL] Generating call to: npk_mem_read_int64
[DEBUG IR_GEN] Initializer generated for 'node_ptr', value = 0x5b6c74acc890
[DEBUG IR_GEN] InitVal type: 0x5b6c71992198
[DEBUG IR_GEN] Default builder.CreateStore for node_ptr
[DEBUG CODEGEN CALL] Generating call to: drop
[DEBUG CODEGEN CALL] Generating call to: npk_core_dalloc
[DEBUG CODEGEN CALL] Generating call to: drop
[DEBUG CODEGEN CALL] Generating call to: npk_core_dalloc
[DEBUG ASSIGNMENT] op=168, leftType=1 (POINTER_MEMBER=7)
[DEBUG ASSIGNMENT] op=168, leftType=1 (POINTER_MEMBER=7)
[DEBUG ASSIGNMENT] op=168, leftType=1 (POINTER_MEMBER=7)
[DEBUG CODEGEN CALL] Generating call to: drop
[DEBUG CODEGEN CALL] Generating call to: npk_mem_write_int64
[DEBUG IR_GEN] Initializer generated for 'i', value = 0x5b6c74325da0
[DEBUG IR_GEN] InitVal type: 0x5b6c71992198
[DEBUG IR_GEN] Default builder.CreateStore for i
[DEBUG WHILE] Parsing condition for while loop. NodeType: 2
   BinaryOp Type: 176
[DEBUG CODEGEN CALL] Generating call to: npk_mem_read_int64
[DEBUG CODEGEN CALL] Generating call to: raw
[DEBUG CODEGEN CALL] Generating call to: ebr_thread_state
[DEBUG IR_GEN] Initializer generated for 'ts', value = 0x5b6c74ab07d0
[DEBUG IR_GEN] InitVal type: 0x5b6c71992198
[DEBUG IR_GEN] Default builder.CreateStore for ts
[DEBUG CODEGEN CALL] Generating call to: raw
[DEBUG CODEGEN CALL] Generating call to: ebr_flush_limbo_all
[DEBUG ASSIGNMENT] op=168, leftType=1 (POINTER_MEMBER=7)
[DEBUG CODEGEN CALL] Generating call to: drop
[DEBUG CODEGEN CALL] Generating call to: npk_core_dalloc
[DEBUG ASSIGNMENT] op=168, leftType=1 (POINTER_MEMBER=7)
[DEBUG IR_GEN] Initializer generated for 'tid', value = 0x5b6c74325da0
[DEBUG IR_GEN] InitVal type: 0x5b6c71992198
[DEBUG IR_GEN] Default builder.CreateStore for tid
[DEBUG IR_GEN] Initializer generated for 'success', value = 0x5b6c74325da0
[DEBUG IR_GEN] InitVal type: 0x5b6c71992198
[DEBUG IR_GEN] Default builder.CreateStore for success
[DEBUG WHILE] Parsing condition for while loop. NodeType: 2
   BinaryOp Type: 174
[DEBUG ASSIGNMENT] op=168, leftType=1 (POINTER_MEMBER=7)
[DEBUG CODEGEN CALL] Generating call to: npk_mem_read_int64
[DEBUG IR_GEN] Initializer generated for 'addr', value = 0x5b6c74aaa890
[DEBUG IR_GEN] InitVal type: 0x5b6c71992198
[DEBUG IR_GEN] Default builder.CreateStore for addr
[DEBUG CODEGEN CALL] Generating call to: raw
[DEBUG CODEGEN CALL] Generating call to: npk_cas_i64
[DEBUG-XXX] op: 161, left: 1, right: 0
[DEBUG IR_GEN] Initializer generated for 'res', value = 0x5b6c74aaadd0
[DEBUG IR_GEN] InitVal type: 0x5b6c71992138
[DEBUG IR_GEN] Default builder.CreateStore for res
[DEBUG ASSIGNMENT] op=168, leftType=1 (POINTER_MEMBER=7)
[DEBUG CODEGEN CALL] Generating call to: raw
[DEBUG CODEGEN CALL] Generating call to: ebr_thread_state
[DEBUG IR_GEN] Initializer generated for 'ts', value = 0x5b6c74a913e0
[DEBUG IR_GEN] InitVal type: 0x5b6c71992198
[DEBUG IR_GEN] Default builder.CreateStore for ts
[DEBUG CODEGEN CALL] Generating call to: drop
[DEBUG CODEGEN CALL] Generating call to: npk_mem_write_int64
[DEBUG CODEGEN CALL] Generating call to: drop
[DEBUG CODEGEN CALL] Generating call to: npk_mem_write_int64
[DEBUG CODEGEN CALL] Generating call to: drop
[DEBUG CODEGEN CALL] Generating call to: npk_mem_write_int64
[DEBUG CODEGEN CALL] Generating call to: drop
[DEBUG CODEGEN CALL] Generating call to: npk_mem_write_int64
[DEBUG CODEGEN CALL] Generating call to: drop
[DEBUG CODEGEN CALL] Generating call to: npk_mem_write_int64
[DEBUG CODEGEN CALL] Generating call to: drop
[DEBUG CODEGEN CALL] Generating call to: npk_mem_write_int64
[DEBUG CODEGEN CALL] Generating call to: raw
[DEBUG CODEGEN CALL] Generating call to: ebr_thread_state
[DEBUG IR_GEN] Initializer generated for 'ts', value = 0x5b6c749ca940
[DEBUG IR_GEN] InitVal type: 0x5b6c71992198
[DEBUG IR_GEN] Default builder.CreateStore for ts
[DEBUG CODEGEN CALL] Generating call to: drop
[DEBUG CODEGEN CALL] Generating call to: npk_mem_write_int64
[DEBUG CODEGEN CALL] Generating call to: npk_mem_read_int64
[DEBUG CODEGEN CALL] Generating call to: drop
[DEBUG CODEGEN CALL] Generating call to: npk_mem_write_int64
[DEBUG CODEGEN CALL] Generating call to: raw
[DEBUG CODEGEN CALL] Generating call to: ebr_thread_state
[DEBUG IR_GEN] Initializer generated for 'ts', value = 0x5b6c74935860
[DEBUG IR_GEN] InitVal type: 0x5b6c71992198
[DEBUG IR_GEN] Default builder.CreateStore for ts
[DEBUG CODEGEN CALL] Generating call to: drop
[DEBUG CODEGEN CALL] Generating call to: npk_mem_write_int64
[DEBUG CODEGEN CALL] Generating call to: npk_mem_read_int64
[DEBUG IR_GEN] Initializer generated for 'cur_epoch', value = 0x5b6c749c7b90
[DEBUG IR_GEN] InitVal type: 0x5b6c71992198
[DEBUG IR_GEN] Default builder.CreateStore for cur_epoch
[DEBUG IR_GEN] Initializer generated for 'i', value = 0x5b6c74325da0
[DEBUG IR_GEN] InitVal type: 0x5b6c71992198
[DEBUG IR_GEN] Default builder.CreateStore for i
[DEBUG CODEGEN CALL] Generating call to: npk_mem_read_int64
[DEBUG IR_GEN] Initializer generated for 'tcount', value = 0x5b6c749c5f60
[DEBUG IR_GEN] InitVal type: 0x5b6c71992198
[DEBUG IR_GEN] Default builder.CreateStore for tcount
[DEBUG WHILE] Parsing condition for while loop. NodeType: 2
   BinaryOp Type: 176
[DEBUG CODEGEN CALL] Generating call to: raw
[DEBUG CODEGEN CALL] Generating call to: ebr_thread_state
[DEBUG IR_GEN] Initializer generated for 'ts', value = 0x5b6c74a76d20
[DEBUG IR_GEN] InitVal type: 0x5b6c71992198
[DEBUG IR_GEN] Default builder.CreateStore for ts
[DEBUG CODEGEN CALL] Generating call to: npk_mem_read_int64
[DEBUG IR_GEN] Initializer generated for 'is_active', value = 0x5b6c749cfd80
[DEBUG IR_GEN] InitVal type: 0x5b6c71992198
[DEBUG IR_GEN] Default builder.CreateStore for is_active
[DEBUG CODEGEN CALL] Generating call to: npk_mem_read_int64
[DEBUG IR_GEN] Initializer generated for 'local_epoch', value = 0x5b6c74a9b060
[DEBUG IR_GEN] InitVal type: 0x5b6c71992198
[DEBUG IR_GEN] Default builder.CreateStore for local_epoch
[DEBUG ASSIGNMENT] op=168, leftType=1 (POINTER_MEMBER=7)
[DEBUG CODEGEN CALL] Generating call to: drop
[DEBUG CODEGEN CALL] Generating call to: npk_mem_write_int64
[DEBUG-XXX] op: 161, left: 1, right: 0
[DEBUG CODEGEN CALL] Generating call to: raw
[DEBUG CODEGEN CALL] Generating call to: ebr_thread_state
[DEBUG IR_GEN] Initializer generated for 'ts', value = 0x5b6c749e5300
[DEBUG IR_GEN] InitVal type: 0x5b6c71992198
[DEBUG IR_GEN] Default builder.CreateStore for ts
[DEBUG CODEGEN CALL] Generating call to: npk_mem_read_int64
[DEBUG IR_GEN] Initializer generated for 'count', value = 0x5b6c74a11ab0
[DEBUG IR_GEN] InitVal type: 0x5b6c71992198
[DEBUG IR_GEN] Default builder.CreateStore for count
[DEBUG CODEGEN CALL] Generating call to: npk_core_alloc
[DEBUG IR_GEN] Initializer generated for 'l_node', value = 0x5b6c74a12050
[DEBUG IR_GEN] InitVal type: 0x5b6c71992198
[DEBUG IR_GEN] Default builder.CreateStore for l_node
[DEBUG CODEGEN CALL] Generating call to: npk_mem_read_int64
[DEBUG IR_GEN] Initializer generated for 'head', value = 0x5b6c74a7c870
[DEBUG IR_GEN] InitVal type: 0x5b6c71992198
[DEBUG IR_GEN] Default builder.CreateStore for head
[DEBUG CODEGEN CALL] Generating call to: drop
[DEBUG CODEGEN CALL] Generating call to: npk_mem_write_int64
[DEBUG CODEGEN CALL] Generating call to: drop
[DEBUG CODEGEN CALL] Generating call to: npk_mem_write_int64
[DEBUG CODEGEN CALL] Generating call to: npk_mem_read_int64
[DEBUG CODEGEN CALL] Generating call to: drop
[DEBUG CODEGEN CALL] Generating call to: npk_mem_write_int64
[DEBUG CODEGEN CALL] Generating call to: drop
[DEBUG CODEGEN CALL] Generating call to: npk_mem_write_int64
[DEBUG CODEGEN CALL] Generating call to: drop
[DEBUG CODEGEN CALL] Generating call to: npk_mem_write_int64
[DEBUG-XXX] op: 161, left: 1, right: 0
[DEBUG CODEGEN CALL] Generating call to: npk_mem_read_int64
[DEBUG IR_GEN] Initializer generated for 'rcount', value = 0x5b6c74937510
[DEBUG IR_GEN] InitVal type: 0x5b6c71992198
[DEBUG IR_GEN] Default builder.CreateStore for rcount
[DEBUG CODEGEN CALL] Generating call to: drop
[DEBUG CODEGEN CALL] Generating call to: ebr_try_advance
[DEBUG CODEGEN CALL] Generating call to: raw
[DEBUG CODEGEN CALL] Generating call to: ebr_flush_limbo
[DEBUG CODEGEN CALL] Generating call to: drop
[DEBUG CODEGEN CALL] Generating call to: npk_mem_write_int64
[DEBUG CODEGEN CALL] Generating call to: drop
[DEBUG CODEGEN CALL] Generating call to: npk_mem_write_int64
[DEBUG CODEGEN CALL] Generating call to: npk_mem_read_int64
[DEBUG CODEGEN CALL] Generating call to: raw
[DEBUG CODEGEN CALL] Generating call to: ebr_thread_state
[DEBUG IR_GEN] Initializer generated for 'ts', value = 0x5b6c7498fda0
[DEBUG IR_GEN] InitVal type: 0x5b6c71992198
[DEBUG IR_GEN] Default builder.CreateStore for ts
[DEBUG CODEGEN CALL] Generating call to: npk_mem_read_int64
[DEBUG CODEGEN CALL] Generating call to: raw
[DEBUG CODEGEN CALL] Generating call to: ebr_thread_state
[DEBUG IR_GEN] Initializer generated for 'ts', value = 0x5b6c74a25390
[DEBUG IR_GEN] InitVal type: 0x5b6c71992198
[DEBUG IR_GEN] Default builder.CreateStore for ts
[DEBUG CODEGEN CALL] Generating call to: npk_mem_read_int64
[DEBUG CODEGEN CALL] Generating call to: raw
[DEBUG CODEGEN CALL] Generating call to: ebr_thread_state
[DEBUG IR_GEN] Initializer generated for 'ts', value = 0x5b6c74ab3d50
[DEBUG IR_GEN] InitVal type: 0x5b6c71992198
[DEBUG IR_GEN] Default builder.CreateStore for ts
[DEBUG CODEGEN CALL] Generating call to: npk_mem_read_int64
[DEBUG CODEGEN CALL] Generating call to: drop
[DEBUG CODEGEN CALL] Generating call to: npk_mem_write_int64
[DEBUG-XXX] op: 161, left: 4, right: 0
[DEBUG CODEGEN CALL] Generating call to: npk_mem_read_int64
[DEBUG CODEGEN CALL] Generating call to: raw
[DEBUG CODEGEN CALL] Generating call to: ebr_thread_state
[DEBUG IR_GEN] Initializer generated for 'ts', value = 0x5b6c74ab4a40
[DEBUG IR_GEN] InitVal type: 0x5b6c71992198
[DEBUG IR_GEN] Default builder.CreateStore for ts
[DEBUG CODEGEN CALL] Generating call to: raw
[DEBUG CODEGEN CALL] Generating call to: ebr_flush_limbo
[DEBUG IR_GEN] Initializer generated for 'retries', value = 0x5b6c74325da0
[DEBUG IR_GEN] InitVal type: 0x5b6c71992198
[DEBUG IR_GEN] Default builder.CreateStore for retries
[DEBUG WHILE] Parsing condition for while loop. NodeType: 2
   BinaryOp Type: 176
[DEBUG CODEGEN CALL] Generating call to: raw
[DEBUG CODEGEN CALL] Generating call to: ebr_retire
[DEBUG IR_GEN] Initializer generated for 'err', value = 0x5b6c74a11020
[DEBUG IR_GEN] InitVal type: 0x5b6c71992180
[DEBUG IR_GEN] Default builder.CreateStore for err
[DEBUG CODEGEN CALL] Generating call to: drop
[DEBUG CODEGEN CALL] Generating call to: ebr_try_advance
[DEBUG CODEGEN CALL] Generating call to: raw
[DEBUG CODEGEN CALL] Generating call to: ebr_thread_state
[DEBUG IR_GEN] Initializer generated for 'ts', value = 0x5b6c74a9d100
[DEBUG IR_GEN] InitVal type: 0x5b6c71992198
[DEBUG IR_GEN] Default builder.CreateStore for ts
[DEBUG CODEGEN CALL] Generating call to: raw
[DEBUG CODEGEN CALL] Generating call to: ebr_flush_limbo
[DEBUG ASSIGNMENT] op=168, leftType=1 (POINTER_MEMBER=7)
[DEBUG WHILE] Parsing condition for while loop. NodeType: 2
   BinaryOp Type: 174
[DEBUG CODEGEN CALL] Generating call to: raw
[DEBUG CODEGEN CALL] Generating call to: npk_cas_i64
[DEBUG CODEGEN CALL] Generating call to: drop
[DEBUG CODEGEN CALL] Generating call to: asm!!!
[DEBUG CODEGEN CALL] Generating call to: drop
[DEBUG CODEGEN CALL] Generating call to: npk_mem_write_int64
[DEBUG ASSIGNMENT] op=168, leftType=1 (POINTER_MEMBER=7)
[DEBUG CODEGEN CALL] Generating call to: npk_core_alloc
[DEBUG ASSIGNMENT] op=168, leftType=1 (POINTER_MEMBER=7)
[DEBUG CODEGEN CALL] Generating call to: npk_core_alloc
[DEBUG CODEGEN CALL] Generating call to: drop
[DEBUG CODEGEN CALL] Generating call to: npk_mem_write_int64
[DEBUG CODEGEN CALL] Generating call to: drop
[DEBUG CODEGEN CALL] Generating call to: npk_mem_write_int64
[DEBUG CODEGEN CALL] Generating call to: npk_mem_read_int64
[DEBUG CODEGEN CALL] Generating call to: raw
[DEBUG CODEGEN CALL] Generating call to: art_node_prefix_len
[DEBUG IR_GEN] Initializer generated for 'prefix_len', value = 0x5b6c74aaf1b0
[DEBUG IR_GEN] InitVal type: 0x5b6c71992198
[DEBUG IR_GEN] Default builder.CreateStore for prefix_len
[DEBUG IR_GEN] Initializer generated for 'max_compare', value = 0x5b6c74aaf360
[DEBUG IR_GEN] InitVal type: 0x5b6c71992198
[DEBUG IR_GEN] Default builder.CreateStore for max_compare
[DEBUG ASSIGNMENT] op=168, leftType=1 (POINTER_MEMBER=7)
[DEBUG IR_GEN] Initializer generated for 'i', value = 0x5b6c74325da0
[DEBUG IR_GEN] InitVal type: 0x5b6c71992198
[DEBUG IR_GEN] Default builder.CreateStore for i
[DEBUG WHILE] Parsing condition for while loop. NodeType: 2
   BinaryOp Type: 176
[DEBUG CODEGEN CALL] Generating call to: raw
[DEBUG CODEGEN CALL] Generating call to: art_node_prefix_byte
[DEBUG IR_GEN] Initializer generated for 'prefix_byte', value = 0x5b6c749b0270
[DEBUG IR_GEN] InitVal type: 0x5b6c71992198
[DEBUG IR_GEN] Default builder.CreateStore for prefix_byte
[DEBUG CODEGEN CALL] Generating call to: npk_mem_read_byte
[DEBUG-XXX] op: 161, left: 1, right: 1
[DEBUG IR_GEN] Initializer generated for 'key_byte', value = 0x5b6c74a2db10
[DEBUG IR_GEN] InitVal type: 0x5b6c71992198
[DEBUG IR_GEN] Default builder.CreateStore for key_byte
[DEBUG ASSIGNMENT] op=168, leftType=1 (POINTER_MEMBER=7)
[DEBUG CODEGEN CALL] Generating call to: raw
[DEBUG CODEGEN CALL] Generating call to: art_node_type
[DEBUG IR_GEN] Initializer generated for 'ntype', value = 0x5b6c74aca4f0
[DEBUG IR_GEN] InitVal type: 0x5b6c71992198
[DEBUG IR_GEN] Default builder.CreateStore for ntype
[DEBUG CODEGEN CALL] Generating call to: raw
[DEBUG CODEGEN CALL] Generating call to: node4_find_child
[DEBUG CODEGEN CALL] Generating call to: raw
[DEBUG CODEGEN CALL] Generating call to: node16_find_child
[DEBUG CODEGEN CALL] Generating call to: raw
[DEBUG CODEGEN CALL] Generating call to: node48_find_child
[DEBUG CODEGEN CALL] Generating call to: raw
[DEBUG CODEGEN CALL] Generating call to: node256_get_child
[DEBUG CODEGEN CALL] Generating call to: ebr_pin
[DEBUG IR_GEN] Initializer generated for 'pin_res', value = 0x5b6c74a09c70
[DEBUG IR_GEN] InitVal type: 0x5b6c746f11c0
[DEBUG IR_GEN] Default builder.CreateStore for pin_res
[DEBUG CODEGEN CALL] Generating call to: npk_mem_read_int64
[DEBUG IR_GEN] Initializer generated for 'node', value = 0x5b6c74a96d80
[DEBUG IR_GEN] InitVal type: 0x5b6c71992198
[DEBUG IR_GEN] Default builder.CreateStore for node
[DEBUG IR_GEN] Initializer generated for 'depth', value = 0x5b6c74325da0
[DEBUG IR_GEN] InitVal type: 0x5b6c71992198
[DEBUG IR_GEN] Default builder.CreateStore for depth
[DEBUG WHILE] Parsing condition for while loop. NodeType: 2
   BinaryOp Type: 175
[DEBUG CODEGEN CALL] Generating call to: raw
[DEBUG CODEGEN CALL] Generating call to: art_is_leaf
[DEBUG CODEGEN CALL] Generating call to: raw
[DEBUG CODEGEN CALL] Generating call to: art_leaf_key_len
[DEBUG IR_GEN] Initializer generated for 'lklen', value = 0x5b6c74988e90
[DEBUG IR_GEN] InitVal type: 0x5b6c71992198
[DEBUG IR_GEN] Default builder.CreateStore for lklen
[DEBUG CODEGEN CALL] Generating call to: drop
[DEBUG CODEGEN CALL] Generating call to: ebr_unpin
[DEBUG IR_GEN] Initializer generated for 'lkptr', value = 0x5b6c74ae4b80
[DEBUG IR_GEN] InitVal type: 0x5b6c71992198
[DEBUG IR_GEN] Default builder.CreateStore for lkptr
[DEBUG CODEGEN CALL] Generating call to: npk_mem_compare
[DEBUG IR_GEN] Initializer generated for 'match', value = 0x5b6c74a928e0
[DEBUG IR_GEN] InitVal type: 0x5b6c71992198
[DEBUG IR_GEN] Default builder.CreateStore for match
[DEBUG CODEGEN CALL] Generating call to: drop
[DEBUG CODEGEN CALL] Generating call to: ebr_unpin
[DEBUG CODEGEN CALL] Generating call to: drop
[DEBUG CODEGEN CALL] Generating call to: ebr_unpin
[DEBUG CODEGEN CALL] Generating call to: raw
[DEBUG CODEGEN CALL] Generating call to: art_check_prefix
[DEBUG IR_GEN] Initializer generated for 'p', value = 0x5b6c74afc240
[DEBUG IR_GEN] InitVal type: 0x5b6c71992198
[DEBUG IR_GEN] Default builder.CreateStore for p
[DEBUG CODEGEN CALL] Generating call to: raw
[DEBUG CODEGEN CALL] Generating call to: art_node_prefix_len
[DEBUG IR_GEN] Initializer generated for 'plen', value = 0x5b6c74afc510
[DEBUG IR_GEN] InitVal type: 0x5b6c71992198
[DEBUG IR_GEN] Default builder.CreateStore for plen
[DEBUG CODEGEN CALL] Generating call to: drop
[DEBUG CODEGEN CALL] Generating call to: ebr_unpin
[DEBUG ASSIGNMENT] op=168, leftType=1 (POINTER_MEMBER=7)
[DEBUG IR_GEN] Initializer generated for 'key_byte', value = 0x5b6c74325da0
[DEBUG IR_GEN] InitVal type: 0x5b6c71992198
[DEBUG IR_GEN] Default builder.CreateStore for key_byte
[DEBUG ASSIGNMENT] op=168, leftType=1 (POINTER_MEMBER=7)
[DEBUG CODEGEN CALL] Generating call to: npk_mem_read_byte
[DEBUG ASSIGNMENT] op=168, leftType=1 (POINTER_MEMBER=7)
[DEBUG CODEGEN CALL] Generating call to: raw
[DEBUG CODEGEN CALL] Generating call to: art_find_child
[DEBUG ASSIGNMENT] op=168, leftType=1 (POINTER_MEMBER=7)
[DEBUG CODEGEN CALL] Generating call to: drop
[DEBUG CODEGEN CALL] Generating call to: ebr_unpin
[DEBUG CODEGEN CALL] Generating call to: raw
[DEBUG CODEGEN CALL] Generating call to: art_node_type
[DEBUG IR_GEN] Initializer generated for 'ptype', value = 0x5b6c74aad5a0
[DEBUG IR_GEN] InitVal type: 0x5b6c71992198
[DEBUG IR_GEN] Default builder.CreateStore for ptype
[DEBUG CODEGEN CALL] Generating call to: raw
[DEBUG CODEGEN CALL] Generating call to: art_node_num_children
[DEBUG IR_GEN] Initializer generated for 'num', value = 0x5b6c74aadc30
[DEBUG IR_GEN] InitVal type: 0x5b6c71992198
[DEBUG IR_GEN] Default builder.CreateStore for num
[DEBUG IR_GEN] Initializer generated for 'i', value = 0x5b6c74325da0
[DEBUG IR_GEN] InitVal type: 0x5b6c71992198
[DEBUG IR_GEN] Default builder.CreateStore for i
[DEBUG WHILE] Parsing condition for while loop. NodeType: 2
   BinaryOp Type: 176
[DEBUG CODEGEN CALL] Generating call to: raw
[DEBUG CODEGEN CALL] Generating call to: node4_get_key
[DEBUG CODEGEN CALL] Generating call to: raw
[DEBUG CODEGEN CALL] Generating call to: node4_set_child
[DEBUG ASSIGNMENT] op=168, leftType=1 (POINTER_MEMBER=7)
[DEBUG CODEGEN CALL] Generating call to: raw
[DEBUG CODEGEN CALL] Generating call to: art_node_num_children
[DEBUG IR_GEN] Initializer generated for 'num', value = 0x5b6c749c7da0
[DEBUG IR_GEN] InitVal type: 0x5b6c71992198
[DEBUG IR_GEN] Default builder.CreateStore for num
[DEBUG IR_GEN] Initializer generated for 'i', value = 0x5b6c74325da0
[DEBUG IR_GEN] InitVal type: 0x5b6c71992198
[DEBUG IR_GEN] Default builder.CreateStore for i
[DEBUG WHILE] Parsing condition for while loop. NodeType: 2
   BinaryOp Type: 176
[DEBUG CODEGEN CALL] Generating call to: raw
[DEBUG CODEGEN CALL] Generating call to: node16_get_key
[DEBUG CODEGEN CALL] Generating call to: raw
[DEBUG CODEGEN CALL] Generating call to: node16_set_child
[DEBUG ASSIGNMENT] op=168, leftType=1 (POINTER_MEMBER=7)
[DEBUG CODEGEN CALL] Generating call to: raw
[DEBUG CODEGEN CALL] Generating call to: node48_get_slot
[DEBUG IR_GEN] Initializer generated for 'slot', value = 0x5b6c74b04310
[DEBUG IR_GEN] InitVal type: 0x5b6c71992198
[DEBUG IR_GEN] Default builder.CreateStore for slot
[DEBUG CODEGEN CALL] Generating call to: raw
[DEBUG CODEGEN CALL] Generating call to: node48_set_child
[DEBUG CODEGEN CALL] Generating call to: raw
[DEBUG CODEGEN CALL] Generating call to: node256_set_child
[DEBUG CODEGEN CALL] Generating call to: raw
[DEBUG CODEGEN CALL] Generating call to: art_node_type
[DEBUG IR_GEN] Initializer generated for 'ntype', value = 0x5b6c7498abc0
[DEBUG IR_GEN] InitVal type: 0x5b6c71992198
[DEBUG IR_GEN] Default builder.CreateStore for ntype
[DEBUG IR_GEN] Initializer generated for 'addr', value = 0x5b6c74325da0
[DEBUG IR_GEN] InitVal type: 0x5b6c71992198
[DEBUG IR_GEN] Default builder.CreateStore for addr
[DEBUG CODEGEN CALL] Generating call to: raw
[DEBUG CODEGEN CALL] Generating call to: art_node_num_children
[DEBUG IR_GEN] Initializer generated for 'count', value = 0x5b6c74923670
[DEBUG IR_GEN] InitVal type: 0x5b6c71992198
[DEBUG IR_GEN] Default builder.CreateStore for count
[DEBUG IR_GEN] Initializer generated for 'i', value = 0x5b6c74325da0
[DEBUG IR_GEN] InitVal type: 0x5b6c71992198
[DEBUG IR_GEN] Default builder.CreateStore for i
[DEBUG WHILE] Parsing condition for while loop. NodeType: 2
   BinaryOp Type: 176
[DEBUG CODEGEN CALL] Generating call to: raw
[DEBUG CODEGEN CALL] Generating call to: node4_get_key
[DEBUG ASSIGNMENT] op=168, leftType=1 (POINTER_MEMBER=7)
[DEBUG ASSIGNMENT] op=168, leftType=1 (POINTER_MEMBER=7)
[DEBUG CODEGEN CALL] Generating call to: raw
[DEBUG CODEGEN CALL] Generating call to: art_node_num_children
[DEBUG IR_GEN] Initializer generated for 'count', value = 0x5b6c74b0a220
[DEBUG IR_GEN] InitVal type: 0x5b6c71992198
[DEBUG IR_GEN] Default builder.CreateStore for count
[DEBUG IR_GEN] Initializer generated for 'i', value = 0x5b6c74325da0
[DEBUG IR_GEN] InitVal type: 0x5b6c71992198
[DEBUG IR_GEN] Default builder.CreateStore for i
[DEBUG WHILE] Parsing condition for while loop. NodeType: 2
   BinaryOp Type: 176
[DEBUG CODEGEN CALL] Generating call to: raw
[DEBUG CODEGEN CALL] Generating call to: node16_get_key
[DEBUG ASSIGNMENT] op=168, leftType=1 (POINTER_MEMBER=7)
[DEBUG ASSIGNMENT] op=168, leftType=1 (POINTER_MEMBER=7)
[DEBUG CODEGEN CALL] Generating call to: raw
[DEBUG CODEGEN CALL] Generating call to: node48_get_slot
[DEBUG IR_GEN] Initializer generated for 'slot', value = 0x5b6c74aeb3c0
[DEBUG IR_GEN] InitVal type: 0x5b6c71992198
[DEBUG IR_GEN] Default builder.CreateStore for slot
[DEBUG ASSIGNMENT] op=168, leftType=1 (POINTER_MEMBER=7)
[DEBUG ASSIGNMENT] op=168, leftType=1 (POINTER_MEMBER=7)
[DEBUG CODEGEN CALL] Generating call to: raw
[DEBUG CODEGEN CALL] Generating call to: npk_cas_i64
[DEBUG IR_GEN] Initializer generated for 'success', value = 0x5b6c74b4afb0
[DEBUG IR_GEN] InitVal type: 0x5b6c71992138
[DEBUG IR_GEN] Default builder.CreateStore for success
[DEBUG CODEGEN CALL] Generating call to: raw
[DEBUG CODEGEN CALL] Generating call to: art_node_type
[DEBUG IR_GEN] Initializer generated for 'ntype', value = 0x5b6c74b4b740
[DEBUG IR_GEN] InitVal type: 0x5b6c71992198
[DEBUG IR_GEN] Default builder.CreateStore for ntype
[DEBUG IR_GEN] Initializer generated for 'new_node', value = 0x5b6c74325da0
[DEBUG IR_GEN] InitVal type: 0x5b6c71992198
[DEBUG IR_GEN] Default builder.CreateStore for new_node
[DEBUG ASSIGNMENT] op=168, leftType=1 (POINTER_MEMBER=7)
[DEBUG CODEGEN CALL] Generating call to: raw
[DEBUG CODEGEN CALL] Generating call to: art_alloc_node4
[DEBUG ASSIGNMENT] op=168, leftType=1 (POINTER_MEMBER=7)
[DEBUG CODEGEN CALL] Generating call to: raw
[DEBUG CODEGEN CALL] Generating call to: art_alloc_node16
[DEBUG ASSIGNMENT] op=168, leftType=1 (POINTER_MEMBER=7)
[DEBUG CODEGEN CALL] Generating call to: raw
[DEBUG CODEGEN CALL] Generating call to: art_alloc_node48
[DEBUG ASSIGNMENT] op=168, leftType=1 (POINTER_MEMBER=7)
[DEBUG CODEGEN CALL] Generating call to: raw
[DEBUG CODEGEN CALL] Generating call to: art_alloc_node256
[DEBUG CODEGEN CALL] Generating call to: raw
[DEBUG CODEGEN CALL] Generating call to: art_node_prefix_len
[DEBUG IR_GEN] Initializer generated for 'plen', value = 0x5b6c74b4d1e0
[DEBUG IR_GEN] InitVal type: 0x5b6c71992198
[DEBUG IR_GEN] Default builder.CreateStore for plen
[DEBUG CODEGEN CALL] Generating call to: raw
[DEBUG CODEGEN CALL] Generating call to: art_node_set_prefix_len
[DEBUG IR_GEN] Initializer generated for 'i', value = 0x5b6c74325da0
[DEBUG IR_GEN] InitVal type: 0x5b6c71992198
[DEBUG IR_GEN] Default builder.CreateStore for i
[DEBUG WHILE] Parsing condition for while loop. NodeType: 2
   BinaryOp Type: 176
[DEBUG CODEGEN CALL] Generating call to: raw
[DEBUG CODEGEN CALL] Generating call to: art_node_set_prefix_byte
[DEBUG CODEGEN CALL] Generating call to: raw
[DEBUG CODEGEN CALL] Generating call to: art_node_prefix_byte
[DEBUG ASSIGNMENT] op=168, leftType=1 (POINTER_MEMBER=7)
[DEBUG CODEGEN CALL] Generating call to: raw
[DEBUG CODEGEN CALL] Generating call to: art_node_num_children
[DEBUG IR_GEN] Initializer generated for 'num', value = 0x5b6c748c85d0
[DEBUG IR_GEN] InitVal type: 0x5b6c71992198
[DEBUG IR_GEN] Default builder.CreateStore for num
[DEBUG CODEGEN CALL] Generating call to: raw
[DEBUG CODEGEN CALL] Generating call to: art_node_set_num_children
[DEBUG ASSIGNMENT] op=168, leftType=1 (POINTER_MEMBER=7)
[DEBUG WHILE] Parsing condition for while loop. NodeType: 2
   BinaryOp Type: 176
[DEBUG CODEGEN CALL] Generating call to: raw
[DEBUG CODEGEN CALL] Generating call to: node4_set_key
[DEBUG CODEGEN CALL] Generating call to: raw
[DEBUG CODEGEN CALL] Generating call to: node4_get_key
[DEBUG CODEGEN CALL] Generating call to: raw
[DEBUG CODEGEN CALL] Generating call to: node4_set_child
[DEBUG CODEGEN CALL] Generating call to: raw
[DEBUG CODEGEN CALL] Generating call to: node4_get_child
[DEBUG ASSIGNMENT] op=168, leftType=1 (POINTER_MEMBER=7)
[DEBUG ASSIGNMENT] op=168, leftType=1 (POINTER_MEMBER=7)
[DEBUG WHILE] Parsing condition for while loop. NodeType: 2
   BinaryOp Type: 176
[DEBUG CODEGEN CALL] Generating call to: raw
[DEBUG CODEGEN CALL] Generating call to: node16_set_key
[DEBUG CODEGEN CALL] Generating call to: raw
[DEBUG CODEGEN CALL] Generating call to: node16_get_key
[DEBUG CODEGEN CALL] Generating call to: raw
[DEBUG CODEGEN CALL] Generating call to: node16_set_child
[DEBUG CODEGEN CALL] Generating call to: raw
[DEBUG CODEGEN CALL] Generating call to: node16_get_child
[DEBUG ASSIGNMENT] op=168, leftType=1 (POINTER_MEMBER=7)
[DEBUG IR_GEN] Initializer generated for 'k', value = 0x5b6c74325da0
[DEBUG IR_GEN] InitVal type: 0x5b6c71992198
[DEBUG IR_GEN] Default builder.CreateStore for k
[DEBUG WHILE] Parsing condition for while loop. NodeType: 2
   BinaryOp Type: 176
[DEBUG CODEGEN CALL] Generating call to: raw
[DEBUG CODEGEN CALL] Generating call to: node48_get_slot
[DEBUG IR_GEN] Initializer generated for 'slot', value = 0x5b6c74b558d0
[DEBUG IR_GEN] InitVal type: 0x5b6c71992198
[DEBUG IR_GEN] Default builder.CreateStore for slot
[DEBUG CODEGEN CALL] Generating call to: raw
[DEBUG CODEGEN CALL] Generating call to: node48_set_slot
[DEBUG CODEGEN CALL] Generating call to: raw
[DEBUG CODEGEN CALL] Generating call to: node48_set_child
[DEBUG CODEGEN CALL] Generating call to: raw
[DEBUG CODEGEN CALL] Generating call to: node48_get_child
[DEBUG ASSIGNMENT] op=168, leftType=1 (POINTER_MEMBER=7)
[DEBUG IR_GEN] Initializer generated for 'k', value = 0x5b6c74325da0
[DEBUG IR_GEN] InitVal type: 0x5b6c71992198
[DEBUG IR_GEN] Default builder.CreateStore for k
[DEBUG WHILE] Parsing condition for while loop. NodeType: 2
   BinaryOp Type: 176
[DEBUG CODEGEN CALL] Generating call to: raw
[DEBUG CODEGEN CALL] Generating call to: node256_get_child
[DEBUG IR_GEN] Initializer generated for 'child', value = 0x5b6c74b94740
[DEBUG IR_GEN] InitVal type: 0x5b6c71992198
[DEBUG IR_GEN] Default builder.CreateStore for child
[DEBUG CODEGEN CALL] Generating call to: raw
[DEBUG CODEGEN CALL] Generating call to: node256_set_child
[DEBUG ASSIGNMENT] op=168, leftType=1 (POINTER_MEMBER=7)
[DEBUG CODEGEN CALL] Generating call to: raw
[DEBUG CODEGEN CALL] Generating call to: art_node_type
[DEBUG IR_GEN] Initializer generated for 'ntype', value = 0x5b6c74bd3d60
[DEBUG IR_GEN] InitVal type: 0x5b6c71992198
[DEBUG IR_GEN] Default builder.CreateStore for ntype
[DEBUG CODEGEN CALL] Generating call to: raw
[DEBUG CODEGEN CALL] Generating call to: art_node_num_children
[DEBUG IR_GEN] Initializer generated for 'num', value = 0x5b6c74bd40b0
[DEBUG IR_GEN] InitVal type: 0x5b6c71992198
[DEBUG IR_GEN] Default builder.CreateStore for num
[DEBUG CODEGEN CALL] Generating call to: raw
[DEBUG CODEGEN CALL] Generating call to: art_copy_node
[DEBUG IR_GEN] Initializer generated for 'new_node', value = 0x5b6c74bd4aa0
[DEBUG IR_GEN] InitVal type: 0x5b6c71992198
[DEBUG IR_GEN] Default builder.CreateStore for new_node
[DEBUG CODEGEN CALL] Generating call to: raw
[DEBUG CODEGEN CALL] Generating call to: node4_set_key
[DEBUG CODEGEN CALL] Generating call to: raw
[DEBUG CODEGEN CALL] Generating call to: node4_set_child
[DEBUG CODEGEN CALL] Generating call to: raw
[DEBUG CODEGEN CALL] Generating call to: art_node_set_num_children
[DEBUG-XXX] op: 161, left: 1, right: 0
[DEBUG CODEGEN CALL] Generating call to: raw
[DEBUG CODEGEN CALL] Generating call to: art_alloc_node16
[DEBUG IR_GEN] Initializer generated for 'n16', value = 0x5b6c74b1cf10
[DEBUG IR_GEN] InitVal type: 0x5b6c71992198
[DEBUG IR_GEN] Default builder.CreateStore for n16
[DEBUG CODEGEN CALL] Generating call to: raw
[DEBUG CODEGEN CALL] Generating call to: art_node_prefix_len
[DEBUG IR_GEN] Initializer generated for 'plen', value = 0x5b6c74ad9a20
[DEBUG IR_GEN] InitVal type: 0x5b6c71992198
[DEBUG IR_GEN] Default builder.CreateStore for plen
[DEBUG CODEGEN CALL] Generating call to: raw
[DEBUG CODEGEN CALL] Generating call to: art_node_set_prefix_len
[DEBUG IR_GEN] Initializer generated for 'i', value = 0x5b6c74325da0
[DEBUG IR_GEN] InitVal type: 0x5b6c71992198
[DEBUG IR_GEN] Default builder.CreateStore for i
[DEBUG WHILE] Parsing condition for while loop. NodeType: 2
   BinaryOp Type: 176
[DEBUG CODEGEN CALL] Generating call to: raw
[DEBUG CODEGEN CALL] Generating call to: art_node_set_prefix_byte
[DEBUG CODEGEN CALL] Generating call to: raw
[DEBUG CODEGEN CALL] Generating call to: art_node_prefix_byte
[DEBUG ASSIGNMENT] op=168, leftType=1 (POINTER_MEMBER=7)
[DEBUG ASSIGNMENT] op=168, leftType=1 (POINTER_MEMBER=7)
[DEBUG WHILE] Parsing condition for while loop. NodeType: 2
   BinaryOp Type: 176
[DEBUG CODEGEN CALL] Generating call to: raw
[DEBUG CODEGEN CALL] Generating call to: node16_set_key
[DEBUG CODEGEN CALL] Generating call to: raw
[DEBUG CODEGEN CALL] Generating call to: node4_get_key
[DEBUG CODEGEN CALL] Generating call to: raw
[DEBUG CODEGEN CALL] Generating call to: node16_set_child
[DEBUG CODEGEN CALL] Generating call to: raw
[DEBUG CODEGEN CALL] Generating call to: node4_get_child
[DEBUG ASSIGNMENT] op=168, leftType=1 (POINTER_MEMBER=7)
[DEBUG CODEGEN CALL] Generating call to: raw
[DEBUG CODEGEN CALL] Generating call to: node16_set_key
[DEBUG CODEGEN CALL] Generating call to: raw
[DEBUG CODEGEN CALL] Generating call to: node16_set_child
[DEBUG CODEGEN CALL] Generating call to: raw
[DEBUG CODEGEN CALL] Generating call to: art_node_set_num_children
[DEBUG-XXX] op: 161, left: 1, right: 0
[DEBUG CODEGEN CALL] Generating call to: raw
[DEBUG CODEGEN CALL] Generating call to: art_copy_node
[DEBUG IR_GEN] Initializer generated for 'new_node', value = 0x5b6c74b8cdb0
[DEBUG IR_GEN] InitVal type: 0x5b6c71992198
[DEBUG IR_GEN] Default builder.CreateStore for new_node
[DEBUG CODEGEN CALL] Generating call to: raw
[DEBUG CODEGEN CALL] Generating call to: node16_set_key
[DEBUG CODEGEN CALL] Generating call to: raw
[DEBUG CODEGEN CALL] Generating call to: node16_set_child
[DEBUG CODEGEN CALL] Generating call to: raw
[DEBUG CODEGEN CALL] Generating call to: art_node_set_num_children
[DEBUG-XXX] op: 161, left: 1, right: 0
[DEBUG CODEGEN CALL] Generating call to: raw
[DEBUG CODEGEN CALL] Generating call to: art_alloc_node48
[DEBUG IR_GEN] Initializer generated for 'n48', value = 0x5b6c7498ce70
[DEBUG IR_GEN] InitVal type: 0x5b6c71992198
[DEBUG IR_GEN] Default builder.CreateStore for n48
[DEBUG CODEGEN CALL] Generating call to: raw
[DEBUG CODEGEN CALL] Generating call to: art_node_prefix_len
[DEBUG IR_GEN] Initializer generated for 'plen', value = 0x5b6c7498d250
[DEBUG IR_GEN] InitVal type: 0x5b6c71992198
[DEBUG IR_GEN] Default builder.CreateStore for plen
[DEBUG CODEGEN CALL] Generating call to: raw
[DEBUG CODEGEN CALL] Generating call to: art_node_set_prefix_len
[DEBUG IR_GEN] Initializer generated for 'i', value = 0x5b6c74325da0
[DEBUG IR_GEN] InitVal type: 0x5b6c71992198
[DEBUG IR_GEN] Default builder.CreateStore for i
[DEBUG WHILE] Parsing condition for while loop. NodeType: 2
   BinaryOp Type: 176
[DEBUG CODEGEN CALL] Generating call to: raw
[DEBUG CODEGEN CALL] Generating call to: art_node_set_prefix_byte
[DEBUG CODEGEN CALL] Generating call to: raw
[DEBUG CODEGEN CALL] Generating call to: art_node_prefix_byte
[DEBUG ASSIGNMENT] op=168, leftType=1 (POINTER_MEMBER=7)
[DEBUG ASSIGNMENT] op=168, leftType=1 (POINTER_MEMBER=7)
[DEBUG WHILE] Parsing condition for while loop. NodeType: 2
   BinaryOp Type: 176
[DEBUG CODEGEN CALL] Generating call to: raw
[DEBUG CODEGEN CALL] Generating call to: node16_get_key
[DEBUG IR_GEN] Initializer generated for 'kb', value = 0x5b6c74b5cab0
[DEBUG IR_GEN] InitVal type: 0x5b6c71992198
[DEBUG IR_GEN] Default builder.CreateStore for kb
[DEBUG CODEGEN CALL] Generating call to: raw
[DEBUG CODEGEN CALL] Generating call to: node48_set_slot
[DEBUG-XXX] op: 161, left: 1, right: 0
[DEBUG CODEGEN CALL] Generating call to: raw
[DEBUG CODEGEN CALL] Generating call to: node48_set_child
[DEBUG-XXX] op: 161, left: 1, right: 0
[DEBUG CODEGEN CALL] Generating call to: raw
[DEBUG CODEGEN CALL] Generating call to: node16_get_child
[DEBUG ASSIGNMENT] op=168, leftType=1 (POINTER_MEMBER=7)
[DEBUG CODEGEN CALL] Generating call to: raw
[DEBUG CODEGEN CALL] Generating call to: node48_set_slot
[DEBUG-XXX] op: 161, left: 1, right: 0
[DEBUG CODEGEN CALL] Generating call to: raw
[DEBUG CODEGEN CALL] Generating call to: node48_set_child
[DEBUG-XXX] op: 161, left: 1, right: 0
[DEBUG CODEGEN CALL] Generating call to: raw
[DEBUG CODEGEN CALL] Generating call to: art_node_set_num_children
[DEBUG-XXX] op: 161, left: 1, right: 0
[DEBUG CODEGEN CALL] Generating call to: raw
[DEBUG CODEGEN CALL] Generating call to: art_copy_node
[DEBUG IR_GEN] Initializer generated for 'new_node', value = 0x5b6c74b5f5f0
[DEBUG IR_GEN] InitVal type: 0x5b6c71992198
[DEBUG IR_GEN] Default builder.CreateStore for new_node
[DEBUG IR_GEN] Initializer generated for 'i', value = 0x5b6c74325da0
[DEBUG IR_GEN] InitVal type: 0x5b6c71992198
[DEBUG IR_GEN] Default builder.CreateStore for i
[DEBUG IR_GEN] Initializer generated for 'empty_slot', value = 0x5b6c74325da0
[DEBUG IR_GEN] InitVal type: 0x5b6c71992198
[DEBUG IR_GEN] Default builder.CreateStore for empty_slot
[DEBUG WHILE] Parsing condition for while loop. NodeType: 2
   BinaryOp Type: 176
[DEBUG CODEGEN CALL] Generating call to: raw
[DEBUG CODEGEN CALL] Generating call to: node48_get_child
[DEBUG-XXX] op: 161, left: 1, right: 0
[DEBUG ASSIGNMENT] op=168, leftType=1 (POINTER_MEMBER=7)
[DEBUG ASSIGNMENT] op=168, leftType=1 (POINTER_MEMBER=7)
[DEBUG CODEGEN CALL] Generating call to: raw
[DEBUG CODEGEN CALL] Generating call to: node48_set_slot
[DEBUG CODEGEN CALL] Generating call to: raw
[DEBUG CODEGEN CALL] Generating call to: node48_set_child
[DEBUG CODEGEN CALL] Generating call to: raw
[DEBUG CODEGEN CALL] Generating call to: art_node_set_num_children
[DEBUG-XXX] op: 161, left: 1, right: 0
[DEBUG CODEGEN CALL] Generating call to: raw
[DEBUG CODEGEN CALL] Generating call to: art_alloc_node256
[DEBUG IR_GEN] Initializer generated for 'n256', value = 0x5b6c74be4dc0
[DEBUG IR_GEN] InitVal type: 0x5b6c71992198
[DEBUG IR_GEN] Default builder.CreateStore for n256
[DEBUG CODEGEN CALL] Generating call to: raw
[DEBUG CODEGEN CALL] Generating call to: art_node_prefix_len
[DEBUG IR_GEN] Initializer generated for 'plen', value = 0x5b6c74be50d0
[DEBUG IR_GEN] InitVal type: 0x5b6c71992198
[DEBUG IR_GEN] Default builder.CreateStore for plen
[DEBUG CODEGEN CALL] Generating call to: raw
[DEBUG CODEGEN CALL] Generating call to: art_node_set_prefix_len
[DEBUG IR_GEN] Initializer generated for 'i', value = 0x5b6c74325da0
[DEBUG IR_GEN] InitVal type: 0x5b6c71992198
[DEBUG IR_GEN] Default builder.CreateStore for i
[DEBUG WHILE] Parsing condition for while loop. NodeType: 2
   BinaryOp Type: 176
[DEBUG CODEGEN CALL] Generating call to: raw
[DEBUG CODEGEN CALL] Generating call to: art_node_set_prefix_byte
[DEBUG CODEGEN CALL] Generating call to: raw
[DEBUG CODEGEN CALL] Generating call to: art_node_prefix_byte
[DEBUG ASSIGNMENT] op=168, leftType=1 (POINTER_MEMBER=7)
[DEBUG IR_GEN] Initializer generated for 'k', value = 0x5b6c74325da0
[DEBUG IR_GEN] InitVal type: 0x5b6c71992198
[DEBUG IR_GEN] Default builder.CreateStore for k
[DEBUG WHILE] Parsing condition for while loop. NodeType: 2
   BinaryOp Type: 176
[DEBUG CODEGEN CALL] Generating call to: raw
[DEBUG CODEGEN CALL] Generating call to: node48_get_slot
[DEBUG IR_GEN] Initializer generated for 'slot', value = 0x5b6c74be66a0
[DEBUG IR_GEN] InitVal type: 0x5b6c71992198
[DEBUG IR_GEN] Default builder.CreateStore for slot
[DEBUG CODEGEN CALL] Generating call to: raw
[DEBUG CODEGEN CALL] Generating call to: node256_set_child
[DEBUG CODEGEN CALL] Generating call to: raw
[DEBUG CODEGEN CALL] Generating call to: node48_get_child
[DEBUG ASSIGNMENT] op=168, leftType=1 (POINTER_MEMBER=7)
[DEBUG CODEGEN CALL] Generating call to: raw
[DEBUG CODEGEN CALL] Generating call to: node256_set_child
[DEBUG CODEGEN CALL] Generating call to: raw
[DEBUG CODEGEN CALL] Generating call to: art_node_set_num_children
[DEBUG-XXX] op: 161, left: 1, right: 0
[DEBUG CODEGEN CALL] Generating call to: raw
[DEBUG CODEGEN CALL] Generating call to: art_copy_node
[DEBUG IR_GEN] Initializer generated for 'new_node', value = 0x5b6c74be9420
[DEBUG IR_GEN] InitVal type: 0x5b6c71992198
[DEBUG IR_GEN] Default builder.CreateStore for new_node
[DEBUG CODEGEN CALL] Generating call to: raw
[DEBUG CODEGEN CALL] Generating call to: node256_set_child
[DEBUG CODEGEN CALL] Generating call to: raw
[DEBUG CODEGEN CALL] Generating call to: art_node_set_num_children
[DEBUG-XXX] op: 161, left: 1, right: 0
[DEBUG CODEGEN CALL] Generating call to: ebr_pin
[DEBUG IR_GEN] Initializer generated for 'pin_res', value = 0x5b6c74bdaec0
[DEBUG IR_GEN] InitVal type: 0x5b6c746f11c0
[DEBUG IR_GEN] Default builder.CreateStore for pin_res
[DEBUG IR_GEN] Initializer generated for 'restart', value = 0x5b6c743d74f0
[DEBUG IR_GEN] InitVal type: 0x5b6c71992198
[DEBUG IR_GEN] Default builder.CreateStore for restart
[DEBUG WHILE] Parsing condition for while loop. NodeType: 2
   BinaryOp Type: 174
[DEBUG ASSIGNMENT] op=168, leftType=1 (POINTER_MEMBER=7)
[DEBUG CODEGEN CALL] Generating call to: npk_mem_read_int64
[DEBUG IR_GEN] Initializer generated for 'root', value = 0x5b6c74b82930
[DEBUG IR_GEN] InitVal type: 0x5b6c71992198
[DEBUG IR_GEN] Default builder.CreateStore for root
[DEBUG CODEGEN CALL] Generating call to: raw
[DEBUG CODEGEN CALL] Generating call to: art_alloc_leaf
[DEBUG IR_GEN] Initializer generated for 'new_leaf', value = 0x5b6c74b8c680
[DEBUG IR_GEN] InitVal type: 0x5b6c71992198
[DEBUG IR_GEN] Default builder.CreateStore for new_leaf
[DEBUG CODEGEN CALL] Generating call to: raw
[DEBUG CODEGEN CALL] Generating call to: npk_cas_i64
[DEBUG IR_GEN] Initializer generated for 'success', value = 0x5b6c74b8f2e0
[DEBUG IR_GEN] InitVal type: 0x5b6c71992138
[DEBUG IR_GEN] Default builder.CreateStore for success
[DEBUG CODEGEN CALL] Generating call to: drop
[DEBUG CODEGEN CALL] Generating call to: ebr_unpin
[DEBUG CODEGEN CALL] Generating call to: raw
[DEBUG CODEGEN CALL] Generating call to: art_free_node
[DEBUG ASSIGNMENT] op=168, leftType=1 (POINTER_MEMBER=7)
[DEBUG IR_GEN] Initializer generated for 'node', value = 0x5b6c749868c0
[DEBUG IR_GEN] InitVal type: 0x5b6c71992198
[DEBUG IR_GEN] Default builder.CreateStore for node
[DEBUG IR_GEN] Initializer generated for 'parent', value = 0x5b6c74325da0
[DEBUG IR_GEN] InitVal type: 0x5b6c71992198
[DEBUG IR_GEN] Default builder.CreateStore for parent
[DEBUG IR_GEN] Initializer generated for 'parent_key_byte', value = 0x5b6c74325da0
[DEBUG IR_GEN] InitVal type: 0x5b6c71992198
[DEBUG IR_GEN] Default builder.CreateStore for parent_key_byte
[DEBUG IR_GEN] Initializer generated for 'depth', value = 0x5b6c74325da0
[DEBUG IR_GEN] InitVal type: 0x5b6c71992198
[DEBUG IR_GEN] Default builder.CreateStore for depth
[DEBUG WHILE] Parsing condition for while loop. NodeType: 2
   BinaryOp Type: 175
[DEBUG CODEGEN CALL] Generating call to: raw
[DEBUG CODEGEN CALL] Generating call to: art_is_leaf
[DEBUG CODEGEN CALL] Generating call to: raw
[DEBUG CODEGEN CALL] Generating call to: art_leaf_key_len
[DEBUG IR_GEN] Initializer generated for 'lklen', value = 0x5b6c74b74750
[DEBUG IR_GEN] InitVal type: 0x5b6c71992198
[DEBUG IR_GEN] Default builder.CreateStore for lklen
[DEBUG IR_GEN] Initializer generated for 'lkptr', value = 0x5b6c74b74960
[DEBUG IR_GEN] InitVal type: 0x5b6c71992198
[DEBUG IR_GEN] Default builder.CreateStore for lkptr
[DEBUG IR_GEN] Initializer generated for 'match', value = 0x5b6c743d74f0
[DEBUG IR_GEN] InitVal type: 0x5b6c71992198
[DEBUG IR_GEN] Default builder.CreateStore for match
[DEBUG ASSIGNMENT] op=168, leftType=1 (POINTER_MEMBER=7)
[DEBUG CODEGEN CALL] Generating call to: npk_mem_compare
[DEBUG CODEGEN CALL] Generating call to: raw
[DEBUG CODEGEN CALL] Generating call to: art_alloc_leaf
[DEBUG IR_GEN] Initializer generated for 'new_leaf', value = 0x5b6c74b89fc0
[DEBUG IR_GEN] InitVal type: 0x5b6c71992198
[DEBUG IR_GEN] Default builder.CreateStore for new_leaf
[DEBUG CODEGEN CALL] Generating call to: raw
[DEBUG CODEGEN CALL] Generating call to: npk_cas_i64
[DEBUG IR_GEN] Initializer generated for 'success', value = 0x5b6c74b76490
[DEBUG IR_GEN] InitVal type: 0x5b6c71992138
[DEBUG IR_GEN] Default builder.CreateStore for success
[DEBUG CODEGEN CALL] Generating call to: raw
[DEBUG CODEGEN CALL] Generating call to: ebr_retire_or_flush
[DEBUG CODEGEN CALL] Generating call to: drop
[DEBUG CODEGEN CALL] Generating call to: ebr_unpin
[DEBUG CODEGEN CALL] Generating call to: raw
[DEBUG CODEGEN CALL] Generating call to: art_free_node
[DEBUG ASSIGNMENT] op=168, leftType=1 (POINTER_MEMBER=7)
[DEBUG CODEGEN CALL] Generating call to: raw
[DEBUG CODEGEN CALL] Generating call to: art_cas_child
[DEBUG IR_GEN] Initializer generated for 'cas_res', value = 0x5b6c74bf8530
[DEBUG IR_GEN] InitVal type: 0x5b6c71992198
[DEBUG IR_GEN] Default builder.CreateStore for cas_res
[DEBUG CODEGEN CALL] Generating call to: raw
[DEBUG CODEGEN CALL] Generating call to: ebr_retire_or_flush
[DEBUG CODEGEN CALL] Generating call to: drop
[DEBUG CODEGEN CALL] Generating call to: ebr_unpin
[DEBUG CODEGEN CALL] Generating call to: raw
[DEBUG CODEGEN CALL] Generating call to: art_free_node
[DEBUG ASSIGNMENT] op=168, leftType=1 (POINTER_MEMBER=7)
[DEBUG IR_GEN] Initializer generated for 'max_cmp', value = 0x5b6c74bf9770
[DEBUG IR_GEN] InitVal type: 0x5b6c71992198
[DEBUG IR_GEN] Default builder.CreateStore for max_cmp
[DEBUG ASSIGNMENT] op=168, leftType=1 (POINTER_MEMBER=7)
[DEBUG IR_GEN] Initializer generated for 'p', value = 0x5b6c74325da0
[DEBUG IR_GEN] InitVal type: 0x5b6c71992198
[DEBUG IR_GEN] Default builder.CreateStore for p
[DEBUG WHILE] Parsing condition for while loop. NodeType: 2
   BinaryOp Type: 181
[DEBUG CODEGEN CALL] Generating call to: npk_mem_read_byte
[DEBUG-XXX] op: 161, left: 1, right: 1
[DEBUG IR_GEN] Initializer generated for 'b1', value = 0x5b6c74b58430
[DEBUG IR_GEN] InitVal type: 0x5b6c71992198
[DEBUG IR_GEN] Default builder.CreateStore for b1
[DEBUG CODEGEN CALL] Generating call to: npk_mem_read_byte
[DEBUG-XXX] op: 161, left: 1, right: 1
[DEBUG IR_GEN] Initializer generated for 'b2', value = 0x5b6c74b58990
[DEBUG IR_GEN] InitVal type: 0x5b6c71992198
[DEBUG IR_GEN] Default builder.CreateStore for b2
[DEBUG ASSIGNMENT] op=168, leftType=1 (POINTER_MEMBER=7)
[DEBUG CODEGEN CALL] Generating call to: raw
[DEBUG CODEGEN CALL] Generating call to: art_alloc_node4
[DEBUG IR_GEN] Initializer generated for 'n4', value = 0x5b6c74ab81f0
[DEBUG IR_GEN] InitVal type: 0x5b6c71992198
[DEBUG IR_GEN] Default builder.CreateStore for n4
[DEBUG CODEGEN CALL] Generating call to: raw
[DEBUG CODEGEN CALL] Generating call to: art_node_set_prefix_len
[DEBUG IR_GEN] Initializer generated for 'i', value = 0x5b6c74325da0
[DEBUG IR_GEN] InitVal type: 0x5b6c71992198
[DEBUG IR_GEN] Default builder.CreateStore for i
[DEBUG WHILE] Parsing condition for while loop. NodeType: 2
   BinaryOp Type: 176
[DEBUG CODEGEN CALL] Generating call to: raw
[DEBUG CODEGEN CALL] Generating call to: art_node_set_prefix_byte
[DEBUG CODEGEN CALL] Generating call to: npk_mem_read_byte
[DEBUG-XXX] op: 161, left: 1, right: 1
[DEBUG ASSIGNMENT] op=168, leftType=1 (POINTER_MEMBER=7)
[DEBUG IR_GEN] Initializer generated for 'b_exist', value = 0x5b6c74325da0
[DEBUG IR_GEN] InitVal type: 0x5b6c71992198
[DEBUG IR_GEN] Default builder.CreateStore for b_exist
[DEBUG ASSIGNMENT] op=168, leftType=1 (POINTER_MEMBER=7)
[DEBUG CODEGEN CALL] Generating call to: npk_mem_read_byte
[DEBUG-XXX] op: 161, left: 1, right: 1
[DEBUG CODEGEN CALL] Generating call to: raw
[DEBUG CODEGEN CALL] Generating call to: node4_set_key
[DEBUG CODEGEN CALL] Generating call to: raw
[DEBUG CODEGEN CALL] Generating call to: node4_set_child
[DEBUG IR_GEN] Initializer generated for 'b_new', value = 0x5b6c74325da0
[DEBUG IR_GEN] InitVal type: 0x5b6c71992198
[DEBUG IR_GEN] Default builder.CreateStore for b_new
[DEBUG ASSIGNMENT] op=168, leftType=1 (POINTER_MEMBER=7)
[DEBUG CODEGEN CALL] Generating call to: npk_mem_read_byte
[DEBUG-XXX] op: 161, left: 1, right: 1
[DEBUG CODEGEN CALL] Generating call to: raw
[DEBUG CODEGEN CALL] Generating call to: art_alloc_leaf
[DEBUG IR_GEN] Initializer generated for 'new_leaf2', value = 0x5b6c74b3bd00
[DEBUG IR_GEN] InitVal type: 0x5b6c71992198
[DEBUG IR_GEN] Default builder.CreateStore for new_leaf2
[DEBUG CODEGEN CALL] Generating call to: raw
[DEBUG CODEGEN CALL] Generating call to: node4_set_key
[DEBUG CODEGEN CALL] Generating call to: raw
[DEBUG CODEGEN CALL] Generating call to: node4_set_child
[DEBUG CODEGEN CALL] Generating call to: raw
[DEBUG CODEGEN CALL] Generating call to: art_node_set_num_children
[DEBUG CODEGEN CALL] Generating call to: raw
[DEBUG CODEGEN CALL] Generating call to: npk_cas_i64
[DEBUG IR_GEN] Initializer generated for 'success', value = 0x5b6c74b3c8e0
[DEBUG IR_GEN] InitVal type: 0x5b6c71992138
[DEBUG IR_GEN] Default builder.CreateStore for success
[DEBUG CODEGEN CALL] Generating call to: drop
[DEBUG CODEGEN CALL] Generating call to: ebr_unpin
[DEBUG CODEGEN CALL] Generating call to: raw
[DEBUG CODEGEN CALL] Generating call to: art_free_node
[DEBUG CODEGEN CALL] Generating call to: raw
[DEBUG CODEGEN CALL] Generating call to: art_free_node
[DEBUG ASSIGNMENT] op=168, leftType=1 (POINTER_MEMBER=7)
[DEBUG CODEGEN CALL] Generating call to: raw
[DEBUG CODEGEN CALL] Generating call to: art_cas_child
[DEBUG IR_GEN] Initializer generated for 'cas_res', value = 0x5b6c74b3fa70
[DEBUG IR_GEN] InitVal type: 0x5b6c71992198
[DEBUG IR_GEN] Default builder.CreateStore for cas_res
[DEBUG CODEGEN CALL] Generating call to: drop
[DEBUG CODEGEN CALL] Generating call to: ebr_unpin
[DEBUG CODEGEN CALL] Generating call to: raw
[DEBUG CODEGEN CALL] Generating call to: art_free_node
[DEBUG CODEGEN CALL] Generating call to: raw
[DEBUG CODEGEN CALL] Generating call to: art_free_node
[DEBUG ASSIGNMENT] op=168, leftType=1 (POINTER_MEMBER=7)
[DEBUG CODEGEN CALL] Generating call to: raw
[DEBUG CODEGEN CALL] Generating call to: art_check_prefix
[DEBUG IR_GEN] Initializer generated for 'p2', value = 0x5b6c74adc8a0
[DEBUG IR_GEN] InitVal type: 0x5b6c71992198
[DEBUG IR_GEN] Default builder.CreateStore for p2
[DEBUG CODEGEN CALL] Generating call to: raw
[DEBUG CODEGEN CALL] Generating call to: art_node_prefix_len
[DEBUG IR_GEN] Initializer generated for 'plen', value = 0x5b6c74adcb70
[DEBUG IR_GEN] InitVal type: 0x5b6c71992198
[DEBUG IR_GEN] Default builder.CreateStore for plen
[DEBUG CODEGEN CALL] Generating call to: raw
[DEBUG CODEGEN CALL] Generating call to: art_alloc_node4
[DEBUG IR_GEN] Initializer generated for 'n4', value = 0x5b6c74add070
[DEBUG IR_GEN] InitVal type: 0x5b6c71992198
[DEBUG IR_GEN] Default builder.CreateStore for n4
[DEBUG CODEGEN CALL] Generating call to: raw
[DEBUG CODEGEN CALL] Generating call to: art_node_set_prefix_len
[DEBUG IR_GEN] Initializer generated for 'i', value = 0x5b6c74325da0
[DEBUG IR_GEN] InitVal type: 0x5b6c71992198
[DEBUG IR_GEN] Default builder.CreateStore for i
[DEBUG WHILE] Parsing condition for while loop. NodeType: 2
   BinaryOp Type: 176
[DEBUG CODEGEN CALL] Generating call to: raw
[DEBUG CODEGEN CALL] Generating call to: art_node_set_prefix_byte
[DEBUG CODEGEN CALL] Generating call to: raw
[DEBUG CODEGEN CALL] Generating call to: art_node_prefix_byte
[DEBUG ASSIGNMENT] op=168, leftType=1 (POINTER_MEMBER=7)
[DEBUG CODEGEN CALL] Generating call to: raw
[DEBUG CODEGEN CALL] Generating call to: art_node_prefix_byte
[DEBUG IR_GEN] Initializer generated for 'b_exist', value = 0x5b6c74bba140
[DEBUG IR_GEN] InitVal type: 0x5b6c71992198
[DEBUG IR_GEN] Default builder.CreateStore for b_exist
[DEBUG CODEGEN CALL] Generating call to: raw
[DEBUG CODEGEN CALL] Generating call to: node4_set_key
[DEBUG CODEGEN CALL] Generating call to: raw
[DEBUG CODEGEN CALL] Generating call to: node4_set_child
[DEBUG CODEGEN CALL] Generating call to: raw
[DEBUG CODEGEN CALL] Generating call to: art_copy_node
[DEBUG IR_GEN] Initializer generated for 'node_copy', value = 0x5b6c74b4ff20
[DEBUG IR_GEN] InitVal type: 0x5b6c71992198
[DEBUG IR_GEN] Default builder.CreateStore for node_copy
[DEBUG IR_GEN] Initializer generated for 'new_plen', value = 0x5b6c74b50280
[DEBUG IR_GEN] InitVal type: 0x5b6c71992198
[DEBUG IR_GEN] Default builder.CreateStore for new_plen
[DEBUG CODEGEN CALL] Generating call to: raw
[DEBUG CODEGEN CALL] Generating call to: art_node_set_prefix_len
[DEBUG ASSIGNMENT] op=168, leftType=1 (POINTER_MEMBER=7)
[DEBUG WHILE] Parsing condition for while loop. NodeType: 2
   BinaryOp Type: 176
[DEBUG CODEGEN CALL] Generating call to: raw
[DEBUG CODEGEN CALL] Generating call to: art_node_set_prefix_byte
[DEBUG CODEGEN CALL] Generating call to: raw
[DEBUG CODEGEN CALL] Generating call to: art_node_prefix_byte
[DEBUG-XXX] op: 161, left: 2, right: 1
[DEBUG] getExprNumericTypeName leftType: 1
[DEBUG-XXX] op: 161, left: 1, right: 0
[DEBUG ASSIGNMENT] op=168, leftType=1 (POINTER_MEMBER=7)
[DEBUG CODEGEN CALL] Generating call to: raw
[DEBUG CODEGEN CALL] Generating call to: node4_set_child
[DEBUG IR_GEN] Initializer generated for 'b_new', value = 0x5b6c74325da0
[DEBUG IR_GEN] InitVal type: 0x5b6c71992198
[DEBUG IR_GEN] Default builder.CreateStore for b_new
[DEBUG ASSIGNMENT] op=168, leftType=1 (POINTER_MEMBER=7)
[DEBUG CODEGEN CALL] Generating call to: npk_mem_read_byte
[DEBUG-XXX] op: 161, left: 1, right: 1
[DEBUG CODEGEN CALL] Generating call to: raw
[DEBUG CODEGEN CALL] Generating call to: art_alloc_leaf
[DEBUG IR_GEN] Initializer generated for 'new_leaf2', value = 0x5b6c74b10ab0
[DEBUG IR_GEN] InitVal type: 0x5b6c71992198
[DEBUG IR_GEN] Default builder.CreateStore for new_leaf2
[DEBUG CODEGEN CALL] Generating call to: raw
[DEBUG CODEGEN CALL] Generating call to: node4_set_key
[DEBUG CODEGEN CALL] Generating call to: raw
[DEBUG CODEGEN CALL] Generating call to: node4_set_child
[DEBUG CODEGEN CALL] Generating call to: raw
[DEBUG CODEGEN CALL] Generating call to: art_node_set_num_children
[DEBUG CODEGEN CALL] Generating call to: raw
[DEBUG CODEGEN CALL] Generating call to: npk_cas_i64
[DEBUG IR_GEN] Initializer generated for 'success', value = 0x5b6c74b71070
[DEBUG IR_GEN] InitVal type: 0x5b6c71992138
[DEBUG IR_GEN] Default builder.CreateStore for success
[DEBUG CODEGEN CALL] Generating call to: raw
[DEBUG CODEGEN CALL] Generating call to: ebr_retire_or_flush
[DEBUG CODEGEN CALL] Generating call to: drop
[DEBUG CODEGEN CALL] Generating call to: ebr_unpin
[DEBUG CODEGEN CALL] Generating call to: raw
[DEBUG CODEGEN CALL] Generating call to: art_free_node
[DEBUG CODEGEN CALL] Generating call to: raw
[DEBUG CODEGEN CALL] Generating call to: art_free_node
[DEBUG CODEGEN CALL] Generating call to: raw
[DEBUG CODEGEN CALL] Generating call to: art_free_node
[DEBUG ASSIGNMENT] op=168, leftType=1 (POINTER_MEMBER=7)
[DEBUG CODEGEN CALL] Generating call to: raw
[DEBUG CODEGEN CALL] Generating call to: art_cas_child
[DEBUG IR_GEN] Initializer generated for 'cas_res', value = 0x5b6c74b9db10
[DEBUG IR_GEN] InitVal type: 0x5b6c71992198
[DEBUG IR_GEN] Default builder.CreateStore for cas_res
[DEBUG CODEGEN CALL] Generating call to: raw
[DEBUG CODEGEN CALL] Generating call to: ebr_retire_or_flush
[DEBUG CODEGEN CALL] Generating call to: drop
[DEBUG CODEGEN CALL] Generating call to: ebr_unpin
[DEBUG CODEGEN CALL] Generating call to: raw
[DEBUG CODEGEN CALL] Generating call to: art_free_node
[DEBUG CODEGEN CALL] Generating call to: raw
[DEBUG CODEGEN CALL] Generating call to: art_free_node
[DEBUG CODEGEN CALL] Generating call to: raw
[DEBUG CODEGEN CALL] Generating call to: art_free_node
[DEBUG ASSIGNMENT] op=168, leftType=1 (POINTER_MEMBER=7)
[DEBUG ASSIGNMENT] op=168, leftType=1 (POINTER_MEMBER=7)
[DEBUG IR_GEN] Initializer generated for 'key_byte', value = 0x5b6c74325da0
[DEBUG IR_GEN] InitVal type: 0x5b6c71992198
[DEBUG IR_GEN] Default builder.CreateStore for key_byte
[DEBUG ASSIGNMENT] op=168, leftType=1 (POINTER_MEMBER=7)
[DEBUG CODEGEN CALL] Generating call to: npk_mem_read_byte
[DEBUG CODEGEN CALL] Generating call to: raw
[DEBUG CODEGEN CALL] Generating call to: art_find_child
[DEBUG IR_GEN] Initializer generated for 'next_child', value = 0x5b6c74b9fb20
[DEBUG IR_GEN] InitVal type: 0x5b6c71992198
[DEBUG IR_GEN] Default builder.CreateStore for next_child
[DEBUG CODEGEN CALL] Generating call to: raw
[DEBUG CODEGEN CALL] Generating call to: art_alloc_leaf
[DEBUG IR_GEN] Initializer generated for 'new_leaf', value = 0x5b6c74ba0220
[DEBUG IR_GEN] InitVal type: 0x5b6c71992198
[DEBUG IR_GEN] Default builder.CreateStore for new_leaf
[DEBUG CODEGEN CALL] Generating call to: raw
[DEBUG CODEGEN CALL] Generating call to: art_add_child_copy
[DEBUG IR_GEN] Initializer generated for 'new_node', value = 0x5b6c74ba0630
[DEBUG IR_GEN] InitVal type: 0x5b6c71992198
[DEBUG IR_GEN] Default builder.CreateStore for new_node
[DEBUG CODEGEN CALL] Generating call to: raw
[DEBUG CODEGEN CALL] Generating call to: npk_cas_i64
[DEBUG IR_GEN] Initializer generated for 'success', value = 0x5b6c74ba0c90
[DEBUG IR_GEN] InitVal type: 0x5b6c71992138
[DEBUG IR_GEN] Default builder.CreateStore for success
[DEBUG CODEGEN CALL] Generating call to: raw
[DEBUG CODEGEN CALL] Generating call to: ebr_retire_or_flush
[DEBUG CODEGEN CALL] Generating call to: drop
[DEBUG CODEGEN CALL] Generating call to: ebr_unpin
[DEBUG CODEGEN CALL] Generating call to: raw
[DEBUG CODEGEN CALL] Generating call to: art_free_node
[DEBUG CODEGEN CALL] Generating call to: raw
[DEBUG CODEGEN CALL] Generating call to: art_free_node
[DEBUG ASSIGNMENT] op=168, leftType=1 (POINTER_MEMBER=7)
[DEBUG CODEGEN CALL] Generating call to: raw
[DEBUG CODEGEN CALL] Generating call to: art_cas_child
[DEBUG IR_GEN] Initializer generated for 'cas_res', value = 0x5b6c74abd080
[DEBUG IR_GEN] InitVal type: 0x5b6c71992198
[DEBUG IR_GEN] Default builder.CreateStore for cas_res
[DEBUG CODEGEN CALL] Generating call to: raw
[DEBUG CODEGEN CALL] Generating call to: ebr_retire_or_flush
[DEBUG CODEGEN CALL] Generating call to: drop
[DEBUG CODEGEN CALL] Generating call to: ebr_unpin
[DEBUG CODEGEN CALL] Generating call to: raw
[DEBUG CODEGEN CALL] Generating call to: art_free_node
[DEBUG CODEGEN CALL] Generating call to: raw
[DEBUG CODEGEN CALL] Generating call to: art_free_node
[DEBUG ASSIGNMENT] op=168, leftType=1 (POINTER_MEMBER=7)
[DEBUG ASSIGNMENT] op=168, leftType=1 (POINTER_MEMBER=7)
[DEBUG ASSIGNMENT] op=168, leftType=1 (POINTER_MEMBER=7)
[DEBUG ASSIGNMENT] op=168, leftType=1 (POINTER_MEMBER=7)
[DEBUG ASSIGNMENT] op=168, leftType=1 (POINTER_MEMBER=7)
[DEBUG CODEGEN CALL] Generating call to: drop
[DEBUG CODEGEN CALL] Generating call to: ebr_unpin
[DEBUG CODEGEN CALL] Generating call to: drop
[DEBUG CODEGEN CALL] Generating call to: art_lock
[DEBUG CODEGEN CALL] Generating call to: raw
[DEBUG CODEGEN CALL] Generating call to: art_insert_internal
[DEBUG IR_GEN] Initializer generated for 'res', value = 0x5b6c74abf670
[DEBUG IR_GEN] InitVal type: 0x5b6c71992198
[DEBUG IR_GEN] Default builder.CreateStore for res
[DEBUG CODEGEN CALL] Generating call to: drop
[DEBUG CODEGEN CALL] Generating call to: art_unlock
[DEBUG CODEGEN CALL] Generating call to: raw
[DEBUG CODEGEN CALL] Generating call to: art_node_type
[DEBUG IR_GEN] Initializer generated for 'ntype', value = 0x5b6c74ac0870
[DEBUG IR_GEN] InitVal type: 0x5b6c71992198
[DEBUG IR_GEN] Default builder.CreateStore for ntype
[DEBUG CODEGEN CALL] Generating call to: raw
[DEBUG CODEGEN CALL] Generating call to: art_node_num_children
[DEBUG IR_GEN] Initializer generated for 'num', value = 0x5b6c74b3feb0
[DEBUG IR_GEN] InitVal type: 0x5b6c71992198
[DEBUG IR_GEN] Default builder.CreateStore for num
[DEBUG CODEGEN CALL] Generating call to: raw
[DEBUG CODEGEN CALL] Generating call to: art_node_prefix_len
[DEBUG IR_GEN] Initializer generated for 'plen', value = 0x5b6c74b40320
[DEBUG IR_GEN] InitVal type: 0x5b6c71992198
[DEBUG IR_GEN] Default builder.CreateStore for plen
[DEBUG IR_GEN] Initializer generated for 'i', value = 0x5b6c74325da0
[DEBUG IR_GEN] InitVal type: 0x5b6c71992198
[DEBUG IR_GEN] Default builder.CreateStore for i
[DEBUG CODEGEN CALL] Generating call to: raw
[DEBUG CODEGEN CALL] Generating call to: art_alloc_node4
[DEBUG IR_GEN] Initializer generated for 'n4', value = 0x5b6c74b3ff40
[DEBUG IR_GEN] InitVal type: 0x5b6c71992198
[DEBUG IR_GEN] Default builder.CreateStore for n4
[DEBUG CODEGEN CALL] Generating call to: raw
[DEBUG CODEGEN CALL] Generating call to: art_node_set_prefix_len
[DEBUG WHILE] Parsing condition for while loop. NodeType: 2
   BinaryOp Type: 176
[DEBUG CODEGEN CALL] Generating call to: raw
[DEBUG CODEGEN CALL] Generating call to: art_node_set_prefix_byte
[DEBUG CODEGEN CALL] Generating call to: raw
[DEBUG CODEGEN CALL] Generating call to: art_node_prefix_byte
[DEBUG ASSIGNMENT] op=168, leftType=1 (POINTER_MEMBER=7)
[DEBUG ASSIGNMENT] op=168, leftType=1 (POINTER_MEMBER=7)
[DEBUG IR_GEN] Initializer generated for 'idx', value = 0x5b6c74325da0
[DEBUG IR_GEN] InitVal type: 0x5b6c71992198
[DEBUG IR_GEN] Default builder.CreateStore for idx
[DEBUG WHILE] Parsing condition for while loop. NodeType: 2
   BinaryOp Type: 176
[DEBUG CODEGEN CALL] Generating call to: raw
[DEBUG CODEGEN CALL] Generating call to: node4_get_key
[DEBUG IR_GEN] Initializer generated for 'kb', value = 0x5b6c74bbb070
[DEBUG IR_GEN] InitVal type: 0x5b6c71992198
[DEBUG IR_GEN] Default builder.CreateStore for kb
[DEBUG CODEGEN CALL] Generating call to: raw
[DEBUG CODEGEN CALL] Generating call to: node4_set_key
[DEBUG CODEGEN CALL] Generating call to: raw
[DEBUG CODEGEN CALL] Generating call to: node4_set_child
[DEBUG CODEGEN CALL] Generating call to: raw
[DEBUG CODEGEN CALL] Generating call to: node4_get_child
[DEBUG ASSIGNMENT] op=168, leftType=1 (POINTER_MEMBER=7)
[DEBUG ASSIGNMENT] op=168, leftType=1 (POINTER_MEMBER=7)
[DEBUG CODEGEN CALL] Generating call to: raw
[DEBUG CODEGEN CALL] Generating call to: art_node_set_num_children
[DEBUG-XXX] op: 162, left: 1, right: 0
[DEBUG CODEGEN CALL] Generating call to: raw
[DEBUG CODEGEN CALL] Generating call to: art_alloc_node4
[DEBUG IR_GEN] Initializer generated for 'n4', value = 0x5b6c74a96630
[DEBUG IR_GEN] InitVal type: 0x5b6c71992198
[DEBUG IR_GEN] Default builder.CreateStore for n4
[DEBUG CODEGEN CALL] Generating call to: raw
[DEBUG CODEGEN CALL] Generating call to: art_node_set_prefix_len
[DEBUG WHILE] Parsing condition for while loop. NodeType: 2
   BinaryOp Type: 176
[DEBUG CODEGEN CALL] Generating call to: raw
[DEBUG CODEGEN CALL] Generating call to: art_node_set_prefix_byte
[DEBUG CODEGEN CALL] Generating call to: raw
[DEBUG CODEGEN CALL] Generating call to: art_node_prefix_byte
[DEBUG ASSIGNMENT] op=168, leftType=1 (POINTER_MEMBER=7)
[DEBUG ASSIGNMENT] op=168, leftType=1 (POINTER_MEMBER=7)
[DEBUG IR_GEN] Initializer generated for 'idx', value = 0x5b6c74325da0
[DEBUG IR_GEN] InitVal type: 0x5b6c71992198
[DEBUG IR_GEN] Default builder.CreateStore for idx
[DEBUG WHILE] Parsing condition for while loop. NodeType: 2
   BinaryOp Type: 176
[DEBUG CODEGEN CALL] Generating call to: raw
[DEBUG CODEGEN CALL] Generating call to: node16_get_key
[DEBUG IR_GEN] Initializer generated for 'kb', value = 0x5b6c74bed540
[DEBUG IR_GEN] InitVal type: 0x5b6c71992198
[DEBUG IR_GEN] Default builder.CreateStore for kb
[DEBUG CODEGEN CALL] Generating call to: raw
[DEBUG CODEGEN CALL] Generating call to: node4_set_key
[DEBUG CODEGEN CALL] Generating call to: raw
[DEBUG CODEGEN CALL] Generating call to: node4_set_child
[DEBUG CODEGEN CALL] Generating call to: raw
[DEBUG CODEGEN CALL] Generating call to: node16_get_child
[DEBUG ASSIGNMENT] op=168, leftType=1 (POINTER_MEMBER=7)
[DEBUG ASSIGNMENT] op=168, leftType=1 (POINTER_MEMBER=7)
[DEBUG CODEGEN CALL] Generating call to: raw
[DEBUG CODEGEN CALL] Generating call to: art_node_set_num_children
[DEBUG-XXX] op: 162, left: 1, right: 0
[DEBUG CODEGEN CALL] Generating call to: raw
[DEBUG CODEGEN CALL] Generating call to: art_alloc_node16
[DEBUG IR_GEN] Initializer generated for 'n16', value = 0x5b6c74b646d0
[DEBUG IR_GEN] InitVal type: 0x5b6c71992198
[DEBUG IR_GEN] Default builder.CreateStore for n16
[DEBUG CODEGEN CALL] Generating call to: raw
[DEBUG CODEGEN CALL] Generating call to: art_node_set_prefix_len
[DEBUG WHILE] Parsing condition for while loop. NodeType: 2
   BinaryOp Type: 176
[DEBUG CODEGEN CALL] Generating call to: raw
[DEBUG CODEGEN CALL] Generating call to: art_node_set_prefix_byte
[DEBUG CODEGEN CALL] Generating call to: raw
[DEBUG CODEGEN CALL] Generating call to: art_node_prefix_byte
[DEBUG ASSIGNMENT] op=168, leftType=1 (POINTER_MEMBER=7)
[DEBUG ASSIGNMENT] op=168, leftType=1 (POINTER_MEMBER=7)
[DEBUG IR_GEN] Initializer generated for 'idx', value = 0x5b6c74325da0
[DEBUG IR_GEN] InitVal type: 0x5b6c71992198
[DEBUG IR_GEN] Default builder.CreateStore for idx
[DEBUG WHILE] Parsing condition for while loop. NodeType: 2
   BinaryOp Type: 176
[DEBUG CODEGEN CALL] Generating call to: raw
[DEBUG CODEGEN CALL] Generating call to: node16_get_key
[DEBUG IR_GEN] Initializer generated for 'kb', value = 0x5b6c74b59d70
[DEBUG IR_GEN] InitVal type: 0x5b6c71992198
[DEBUG IR_GEN] Default builder.CreateStore for kb
[DEBUG CODEGEN CALL] Generating call to: raw
[DEBUG CODEGEN CALL] Generating call to: node16_set_key
[DEBUG CODEGEN CALL] Generating call to: raw
[DEBUG CODEGEN CALL] Generating call to: node16_set_child
[DEBUG CODEGEN CALL] Generating call to: raw
[DEBUG CODEGEN CALL] Generating call to: node16_get_child
[DEBUG ASSIGNMENT] op=168, leftType=1 (POINTER_MEMBER=7)
[DEBUG ASSIGNMENT] op=168, leftType=1 (POINTER_MEMBER=7)
[DEBUG CODEGEN CALL] Generating call to: raw
[DEBUG CODEGEN CALL] Generating call to: art_node_set_num_children
[DEBUG-XXX] op: 162, left: 1, right: 0
[DEBUG CODEGEN CALL] Generating call to: raw
[DEBUG CODEGEN CALL] Generating call to: art_alloc_node16
[DEBUG IR_GEN] Initializer generated for 'n16', value = 0x5b6c74ae41d0
[DEBUG IR_GEN] InitVal type: 0x5b6c71992198
[DEBUG IR_GEN] Default builder.CreateStore for n16
[DEBUG CODEGEN CALL] Generating call to: raw
[DEBUG CODEGEN CALL] Generating call to: art_node_set_prefix_len
[DEBUG WHILE] Parsing condition for while loop. NodeType: 2
   BinaryOp Type: 176
[DEBUG CODEGEN CALL] Generating call to: raw
[DEBUG CODEGEN CALL] Generating call to: art_node_set_prefix_byte
[DEBUG CODEGEN CALL] Generating call to: raw
[DEBUG CODEGEN CALL] Generating call to: art_node_prefix_byte
[DEBUG ASSIGNMENT] op=168, leftType=1 (POINTER_MEMBER=7)
[DEBUG ASSIGNMENT] op=168, leftType=1 (POINTER_MEMBER=7)
[DEBUG IR_GEN] Initializer generated for 'idx', value = 0x5b6c74325da0
[DEBUG IR_GEN] InitVal type: 0x5b6c71992198
[DEBUG IR_GEN] Default builder.CreateStore for idx
[DEBUG WHILE] Parsing condition for while loop. NodeType: 2
   BinaryOp Type: 176
[DEBUG CODEGEN CALL] Generating call to: raw
[DEBUG CODEGEN CALL] Generating call to: node48_get_slot
[DEBUG IR_GEN] Initializer generated for 'slot', value = 0x5b6c749e9510
[DEBUG IR_GEN] InitVal type: 0x5b6c71992198
[DEBUG IR_GEN] Default builder.CreateStore for slot
[DEBUG CODEGEN CALL] Generating call to: raw
[DEBUG CODEGEN CALL] Generating call to: node16_set_key
[DEBUG CODEGEN CALL] Generating call to: raw
[DEBUG CODEGEN CALL] Generating call to: node16_set_child
[DEBUG CODEGEN CALL] Generating call to: raw
[DEBUG CODEGEN CALL] Generating call to: node48_get_child
[DEBUG ASSIGNMENT] op=168, leftType=1 (POINTER_MEMBER=7)
[DEBUG ASSIGNMENT] op=168, leftType=1 (POINTER_MEMBER=7)
[DEBUG CODEGEN CALL] Generating call to: raw
[DEBUG CODEGEN CALL] Generating call to: art_node_set_num_children
[DEBUG-XXX] op: 162, left: 1, right: 0
[DEBUG CODEGEN CALL] Generating call to: raw
[DEBUG CODEGEN CALL] Generating call to: art_alloc_node48
[DEBUG IR_GEN] Initializer generated for 'n48', value = 0x5b6c74bc8080
[DEBUG IR_GEN] InitVal type: 0x5b6c71992198
[DEBUG IR_GEN] Default builder.CreateStore for n48
[DEBUG CODEGEN CALL] Generating call to: raw
[DEBUG CODEGEN CALL] Generating call to: art_node_set_prefix_len
[DEBUG WHILE] Parsing condition for while loop. NodeType: 2
   BinaryOp Type: 176
[DEBUG CODEGEN CALL] Generating call to: raw
[DEBUG CODEGEN CALL] Generating call to: art_node_set_prefix_byte
[DEBUG CODEGEN CALL] Generating call to: raw
[DEBUG CODEGEN CALL] Generating call to: art_node_prefix_byte
[DEBUG ASSIGNMENT] op=168, leftType=1 (POINTER_MEMBER=7)
[DEBUG ASSIGNMENT] op=168, leftType=1 (POINTER_MEMBER=7)
[DEBUG IR_GEN] Initializer generated for 'idx', value = 0x5b6c743d74f0
[DEBUG IR_GEN] InitVal type: 0x5b6c71992198
[DEBUG IR_GEN] Default builder.CreateStore for idx
[DEBUG WHILE] Parsing condition for while loop. NodeType: 2
   BinaryOp Type: 176
[DEBUG CODEGEN CALL] Generating call to: raw
[DEBUG CODEGEN CALL] Generating call to: node256_get_child
[DEBUG IR_GEN] Initializer generated for 'child', value = 0x5b6c74bc8c90
[DEBUG IR_GEN] InitVal type: 0x5b6c71992198
[DEBUG IR_GEN] Default builder.CreateStore for child
[DEBUG CODEGEN CALL] Generating call to: raw
[DEBUG CODEGEN CALL] Generating call to: node48_set_slot
[DEBUG CODEGEN CALL] Generating call to: raw
[DEBUG CODEGEN CALL] Generating call to: node48_set_child
[DEBUG ASSIGNMENT] op=168, leftType=1 (POINTER_MEMBER=7)
[DEBUG ASSIGNMENT] op=168, leftType=1 (POINTER_MEMBER=7)
[DEBUG CODEGEN CALL] Generating call to: raw
[DEBUG CODEGEN CALL] Generating call to: art_node_set_num_children
[DEBUG-XXX] op: 162, left: 1, right: 0
[DEBUG CODEGEN CALL] Generating call to: ebr_pin
[DEBUG IR_GEN] Initializer generated for 'pin_res', value = 0x5b6c74bcd990
[DEBUG IR_GEN] InitVal type: 0x5b6c746f11c0
[DEBUG IR_GEN] Default builder.CreateStore for pin_res
[DEBUG IR_GEN] Initializer generated for 'restart', value = 0x5b6c743d74f0
[DEBUG IR_GEN] InitVal type: 0x5b6c71992198
[DEBUG IR_GEN] Default builder.CreateStore for restart
[DEBUG WHILE] Parsing condition for while loop. NodeType: 2
   BinaryOp Type: 174
[DEBUG ASSIGNMENT] op=168, leftType=1 (POINTER_MEMBER=7)
[DEBUG CODEGEN CALL] Generating call to: npk_mem_read_int64
[DEBUG IR_GEN] Initializer generated for 'root', value = 0x5b6c74bce6a0
[DEBUG IR_GEN] InitVal type: 0x5b6c71992198
[DEBUG IR_GEN] Default builder.CreateStore for root
[DEBUG CODEGEN CALL] Generating call to: drop
[DEBUG CODEGEN CALL] Generating call to: ebr_unpin
[DEBUG CODEGEN CALL] Generating call to: raw
[DEBUG CODEGEN CALL] Generating call to: art_is_leaf
[DEBUG CODEGEN CALL] Generating call to: raw
[DEBUG CODEGEN CALL] Generating call to: art_leaf_key_len
[DEBUG IR_GEN] Initializer generated for 'lklen', value = 0x5b6c749d5100
[DEBUG IR_GEN] InitVal type: 0x5b6c71992198
[DEBUG IR_GEN] Default builder.CreateStore for lklen
[DEBUG IR_GEN] Initializer generated for 'lkptr', value = 0x5b6c74b140d0
[DEBUG IR_GEN] InitVal type: 0x5b6c71992198
[DEBUG IR_GEN] Default builder.CreateStore for lkptr
[DEBUG CODEGEN CALL] Generating call to: npk_mem_compare
[DEBUG CODEGEN CALL] Generating call to: raw
[DEBUG CODEGEN CALL] Generating call to: npk_cas_i64
[DEBUG IR_GEN] Initializer generated for 'success', value = 0x5b6c74a97580
[DEBUG IR_GEN] InitVal type: 0x5b6c71992138
[DEBUG IR_GEN] Default builder.CreateStore for success
[DEBUG CODEGEN CALL] Generating call to: raw
[DEBUG CODEGEN CALL] Generating call to: ebr_retire_or_flush
[DEBUG CODEGEN CALL] Generating call to: drop
[DEBUG CODEGEN CALL] Generating call to: ebr_unpin
[DEBUG ASSIGNMENT] op=168, leftType=1 (POINTER_MEMBER=7)
[DEBUG CODEGEN CALL] Generating call to: drop
[DEBUG CODEGEN CALL] Generating call to: ebr_unpin
[DEBUG IR_GEN] Initializer generated for 'node', value = 0x5b6c7487f610
[DEBUG IR_GEN] InitVal type: 0x5b6c71992198
[DEBUG IR_GEN] Default builder.CreateStore for node
[DEBUG IR_GEN] Initializer generated for 'parent', value = 0x5b6c74325da0
[DEBUG IR_GEN] InitVal type: 0x5b6c71992198
[DEBUG IR_GEN] Default builder.CreateStore for parent
[DEBUG IR_GEN] Initializer generated for 'parent_key_byte', value = 0x5b6c74325da0
[DEBUG IR_GEN] InitVal type: 0x5b6c71992198
[DEBUG IR_GEN] Default builder.CreateStore for parent_key_byte
[DEBUG IR_GEN] Initializer generated for 'gparent', value = 0x5b6c74325da0
[DEBUG IR_GEN] InitVal type: 0x5b6c71992198
[DEBUG IR_GEN] Default builder.CreateStore for gparent
[DEBUG IR_GEN] Initializer generated for 'gparent_key_byte', value = 0x5b6c74325da0
[DEBUG IR_GEN] InitVal type: 0x5b6c71992198
[DEBUG IR_GEN] Default builder.CreateStore for gparent_key_byte
[DEBUG IR_GEN] Initializer generated for 'depth', value = 0x5b6c74325da0
[DEBUG IR_GEN] InitVal type: 0x5b6c71992198
[DEBUG IR_GEN] Default builder.CreateStore for depth
[DEBUG WHILE] Parsing condition for while loop. NodeType: 2
   BinaryOp Type: 175
[DEBUG CODEGEN CALL] Generating call to: raw
[DEBUG CODEGEN CALL] Generating call to: art_is_leaf
[DEBUG CODEGEN CALL] Generating call to: raw
[DEBUG CODEGEN CALL] Generating call to: art_leaf_key_len
[DEBUG IR_GEN] Initializer generated for 'lklen', value = 0x5b6c74b383a0
[DEBUG IR_GEN] InitVal type: 0x5b6c71992198
[DEBUG IR_GEN] Default builder.CreateStore for lklen
[DEBUG IR_GEN] Initializer generated for 'lkptr', value = 0x5b6c74b36630
[DEBUG IR_GEN] InitVal type: 0x5b6c71992198
[DEBUG IR_GEN] Default builder.CreateStore for lkptr
[DEBUG CODEGEN CALL] Generating call to: drop
[DEBUG CODEGEN CALL] Generating call to: ebr_unpin
[DEBUG CODEGEN CALL] Generating call to: npk_mem_compare
[DEBUG CODEGEN CALL] Generating call to: drop
[DEBUG CODEGEN CALL] Generating call to: ebr_unpin
[DEBUG CODEGEN CALL] Generating call to: raw
[DEBUG CODEGEN CALL] Generating call to: art_node_type
[DEBUG IR_GEN] Initializer generated for 'ntype', value = 0x5b6c74bdbd10
[DEBUG IR_GEN] InitVal type: 0x5b6c71992198
[DEBUG IR_GEN] Default builder.CreateStore for ntype
[DEBUG CODEGEN CALL] Generating call to: raw
[DEBUG CODEGEN CALL] Generating call to: art_node_num_children
[DEBUG IR_GEN] Initializer generated for 'num', value = 0x5b6c74bdbfe0
[DEBUG IR_GEN] InitVal type: 0x5b6c71992198
[DEBUG IR_GEN] Default builder.CreateStore for num
[DEBUG CODEGEN CALL] Generating call to: raw
[DEBUG CODEGEN CALL] Generating call to: art_remove_child_copy
[DEBUG IR_GEN] Initializer generated for 'new_node', value = 0x5b6c74c01eb0
[DEBUG IR_GEN] InitVal type: 0x5b6c71992198
[DEBUG IR_GEN] Default builder.CreateStore for new_node
[DEBUG IR_GEN] Initializer generated for 'cas_res', value = 0x5b6c74325da0
[DEBUG IR_GEN] InitVal type: 0x5b6c71992198
[DEBUG IR_GEN] Default builder.CreateStore for cas_res
[DEBUG CODEGEN CALL] Generating call to: raw
[DEBUG CODEGEN CALL] Generating call to: npk_cas_i64
[DEBUG IR_GEN] Initializer generated for 'success', value = 0x5b6c74c3ecf0
[DEBUG IR_GEN] InitVal type: 0x5b6c71992138
[DEBUG IR_GEN] Default builder.CreateStore for success
[DEBUG ASSIGNMENT] op=168, leftType=1 (POINTER_MEMBER=7)
[DEBUG ASSIGNMENT] op=168, leftType=1 (POINTER_MEMBER=7)
[DEBUG CODEGEN CALL] Generating call to: raw
[DEBUG CODEGEN CALL] Generating call to: art_cas_child
[DEBUG CODEGEN CALL] Generating call to: raw
[DEBUG CODEGEN CALL] Generating call to: ebr_retire_or_flush
[DEBUG CODEGEN CALL] Generating call to: raw
[DEBUG CODEGEN CALL] Generating call to: ebr_retire_or_flush
[DEBUG CODEGEN CALL] Generating call to: drop
[DEBUG CODEGEN CALL] Generating call to: ebr_unpin
[DEBUG CODEGEN CALL] Generating call to: raw
[DEBUG CODEGEN CALL] Generating call to: art_free_node
[DEBUG ASSIGNMENT] op=168, leftType=1 (POINTER_MEMBER=7)
[DEBUG CODEGEN CALL] Generating call to: raw
[DEBUG CODEGEN CALL] Generating call to: art_cas_child
[DEBUG IR_GEN] Initializer generated for 'cas_res', value = 0x5b6c74c5a990
[DEBUG IR_GEN] InitVal type: 0x5b6c71992198
[DEBUG IR_GEN] Default builder.CreateStore for cas_res
[DEBUG CODEGEN CALL] Generating call to: raw
[DEBUG CODEGEN CALL] Generating call to: art_node_set_num_children
[DEBUG-XXX] op: 162, left: 1, right: 0
[DEBUG CODEGEN CALL] Generating call to: raw
[DEBUG CODEGEN CALL] Generating call to: ebr_retire_or_flush
[DEBUG CODEGEN CALL] Generating call to: drop
[DEBUG CODEGEN CALL] Generating call to: ebr_unpin
[DEBUG ASSIGNMENT] op=168, leftType=1 (POINTER_MEMBER=7)
[DEBUG CODEGEN CALL] Generating call to: raw
[DEBUG CODEGEN CALL] Generating call to: art_remove_child_copy
[DEBUG IR_GEN] Initializer generated for 'new_node', value = 0x5b6c74c5ad90
[DEBUG IR_GEN] InitVal type: 0x5b6c71992198
[DEBUG IR_GEN] Default builder.CreateStore for new_node
[DEBUG IR_GEN] Initializer generated for 'cas_res', value = 0x5b6c74325da0
[DEBUG IR_GEN] InitVal type: 0x5b6c71992198
[DEBUG IR_GEN] Default builder.CreateStore for cas_res
[DEBUG CODEGEN CALL] Generating call to: raw
[DEBUG CODEGEN CALL] Generating call to: npk_cas_i64
[DEBUG IR_GEN] Initializer generated for 'success', value = 0x5b6c74c5bcf0
[DEBUG IR_GEN] InitVal type: 0x5b6c71992138
[DEBUG IR_GEN] Default builder.CreateStore for success
[DEBUG ASSIGNMENT] op=168, leftType=1 (POINTER_MEMBER=7)
[DEBUG ASSIGNMENT] op=168, leftType=1 (POINTER_MEMBER=7)
[DEBUG CODEGEN CALL] Generating call to: raw
[DEBUG CODEGEN CALL] Generating call to: art_cas_child
[DEBUG CODEGEN CALL] Generating call to: raw
[DEBUG CODEGEN CALL] Generating call to: ebr_retire_or_flush
[DEBUG CODEGEN CALL] Generating call to: raw
[DEBUG CODEGEN CALL] Generating call to: ebr_retire_or_flush
[DEBUG CODEGEN CALL] Generating call to: drop
[DEBUG CODEGEN CALL] Generating call to: ebr_unpin
[DEBUG CODEGEN CALL] Generating call to: raw
[DEBUG CODEGEN CALL] Generating call to: art_free_node
[DEBUG ASSIGNMENT] op=168, leftType=1 (POINTER_MEMBER=7)
[DEBUG CODEGEN CALL] Generating call to: raw
[DEBUG CODEGEN CALL] Generating call to: art_cas_child
[DEBUG IR_GEN] Initializer generated for 'cas_res', value = 0x5b6c74c83300
[DEBUG IR_GEN] InitVal type: 0x5b6c71992198
[DEBUG IR_GEN] Default builder.CreateStore for cas_res
[DEBUG CODEGEN CALL] Generating call to: raw
[DEBUG CODEGEN CALL] Generating call to: node48_set_slot
[DEBUG CODEGEN CALL] Generating call to: raw
[DEBUG CODEGEN CALL] Generating call to: art_node_set_num_children
[DEBUG-XXX] op: 162, left: 1, right: 0
[DEBUG CODEGEN CALL] Generating call to: raw
[DEBUG CODEGEN CALL] Generating call to: ebr_retire_or_flush
[DEBUG CODEGEN CALL] Generating call to: drop
[DEBUG CODEGEN CALL] Generating call to: ebr_unpin
[DEBUG ASSIGNMENT] op=168, leftType=1 (POINTER_MEMBER=7)
[DEBUG CODEGEN CALL] Generating call to: raw
[DEBUG CODEGEN CALL] Generating call to: art_remove_child_copy
[DEBUG IR_GEN] Initializer generated for 'new_node', value = 0x5b6c74c844f0
[DEBUG IR_GEN] InitVal type: 0x5b6c71992198
[DEBUG IR_GEN] Default builder.CreateStore for new_node
[DEBUG IR_GEN] Initializer generated for 'cas_res', value = 0x5b6c74325da0
[DEBUG IR_GEN] InitVal type: 0x5b6c71992198
[DEBUG IR_GEN] Default builder.CreateStore for cas_res
[DEBUG CODEGEN CALL] Generating call to: raw
[DEBUG CODEGEN CALL] Generating call to: npk_cas_i64
[DEBUG IR_GEN] Initializer generated for 'success', value = 0x5b6c74c84cb0
[DEBUG IR_GEN] InitVal type: 0x5b6c71992138
[DEBUG IR_GEN] Default builder.CreateStore for success
[DEBUG ASSIGNMENT] op=168, leftType=1 (POINTER_MEMBER=7)
[DEBUG ASSIGNMENT] op=168, leftType=1 (POINTER_MEMBER=7)
[DEBUG CODEGEN CALL] Generating call to: raw
[DEBUG CODEGEN CALL] Generating call to: art_cas_child
[DEBUG CODEGEN CALL] Generating call to: raw
[DEBUG CODEGEN CALL] Generating call to: ebr_retire_or_flush
[DEBUG CODEGEN CALL] Generating call to: raw
[DEBUG CODEGEN CALL] Generating call to: ebr_retire_or_flush
[DEBUG CODEGEN CALL] Generating call to: drop
[DEBUG CODEGEN CALL] Generating call to: ebr_unpin
[DEBUG CODEGEN CALL] Generating call to: raw
[DEBUG CODEGEN CALL] Generating call to: art_free_node
[DEBUG ASSIGNMENT] op=168, leftType=1 (POINTER_MEMBER=7)
[DEBUG IR_GEN] Initializer generated for 'other_child', value = 0x5b6c74325da0
[DEBUG IR_GEN] InitVal type: 0x5b6c71992198
[DEBUG IR_GEN] Default builder.CreateStore for other_child
[DEBUG IR_GEN] Initializer generated for 'other_kb', value = 0x5b6c74325da0
[DEBUG IR_GEN] InitVal type: 0x5b6c71992198
[DEBUG IR_GEN] Default builder.CreateStore for other_kb
[DEBUG IR_GEN] Initializer generated for 'i', value = 0x5b6c74325da0
[DEBUG IR_GEN] InitVal type: 0x5b6c71992198
[DEBUG IR_GEN] Default builder.CreateStore for i
[DEBUG WHILE] Parsing condition for while loop. NodeType: 2
   BinaryOp Type: 176
[DEBUG CODEGEN CALL] Generating call to: raw
[DEBUG CODEGEN CALL] Generating call to: node4_get_child
[DEBUG IR_GEN] Initializer generated for 'c', value = 0x5b6c74c61e30
[DEBUG IR_GEN] InitVal type: 0x5b6c71992198
[DEBUG IR_GEN] Default builder.CreateStore for c
[DEBUG ASSIGNMENT] op=168, leftType=1 (POINTER_MEMBER=7)
[DEBUG ASSIGNMENT] op=168, leftType=1 (POINTER_MEMBER=7)
[DEBUG CODEGEN CALL] Generating call to: raw
[DEBUG CODEGEN CALL] Generating call to: node4_get_key
[DEBUG ASSIGNMENT] op=168, leftType=1 (POINTER_MEMBER=7)
[DEBUG CODEGEN CALL] Generating call to: raw
[DEBUG CODEGEN CALL] Generating call to: art_is_leaf
[DEBUG IR_GEN] Initializer generated for 'cas_res', value = 0x5b6c74325da0
[DEBUG IR_GEN] InitVal type: 0x5b6c71992198
[DEBUG IR_GEN] Default builder.CreateStore for cas_res
[DEBUG CODEGEN CALL] Generating call to: raw
[DEBUG CODEGEN CALL] Generating call to: npk_cas_i64
[DEBUG IR_GEN] Initializer generated for 'success', value = 0x5b6c74cca4a0
[DEBUG IR_GEN] InitVal type: 0x5b6c71992138
[DEBUG IR_GEN] Default builder.CreateStore for success
[DEBUG ASSIGNMENT] op=168, leftType=1 (POINTER_MEMBER=7)
[DEBUG ASSIGNMENT] op=168, leftType=1 (POINTER_MEMBER=7)
[DEBUG CODEGEN CALL] Generating call to: raw
[DEBUG CODEGEN CALL] Generating call to: art_cas_child
[DEBUG CODEGEN CALL] Generating call to: raw
[DEBUG CODEGEN CALL] Generating call to: ebr_retire_or_flush
[DEBUG CODEGEN CALL] Generating call to: raw
[DEBUG CODEGEN CALL] Generating call to: ebr_retire_or_flush
[DEBUG CODEGEN CALL] Generating call to: drop
[DEBUG CODEGEN CALL] Generating call to: ebr_unpin
[DEBUG ASSIGNMENT] op=168, leftType=1 (POINTER_MEMBER=7)
[DEBUG CODEGEN CALL] Generating call to: raw
[DEBUG CODEGEN CALL] Generating call to: art_copy_node
[DEBUG IR_GEN] Initializer generated for 'new_child', value = 0x5b6c74cccd20
[DEBUG IR_GEN] InitVal type: 0x5b6c71992198
[DEBUG IR_GEN] Default builder.CreateStore for new_child
[DEBUG CODEGEN CALL] Generating call to: raw
[DEBUG CODEGEN CALL] Generating call to: art_node_prefix_len
[DEBUG IR_GEN] Initializer generated for 'p1', value = 0x5b6c74cccff0
[DEBUG IR_GEN] InitVal type: 0x5b6c71992198
[DEBUG IR_GEN] Default builder.CreateStore for p1
[DEBUG CODEGEN CALL] Generating call to: raw
[DEBUG CODEGEN CALL] Generating call to: art_node_prefix_len
[DEBUG IR_GEN] Initializer generated for 'p2', value = 0x5b6c74ccd2c0
[DEBUG IR_GEN] InitVal type: 0x5b6c71992198
[DEBUG IR_GEN] Default builder.CreateStore for p2
[DEBUG IR_GEN] Initializer generated for 'nplen', value = 0x5b6c74ccd6e0
[DEBUG IR_GEN] InitVal type: 0x5b6c71992198
[DEBUG IR_GEN] Default builder.CreateStore for nplen
[DEBUG ASSIGNMENT] op=168, leftType=1 (POINTER_MEMBER=7)
[DEBUG CODEGEN CALL] Generating call to: raw
[DEBUG CODEGEN CALL] Generating call to: art_node_set_prefix_len
[DEBUG-XXX] op: 161, left: 2, right: 1
[DEBUG] getExprNumericTypeName leftType: 1
[DEBUG-XXX] op: 161, left: 1, right: 0
[DEBUG IR_GEN] Initializer generated for 'i2', value = 0x5b6c74325da0
[DEBUG IR_GEN] InitVal type: 0x5b6c71992198
[DEBUG IR_GEN] Default builder.CreateStore for i2
[DEBUG WHILE] Parsing condition for while loop. NodeType: 2
   BinaryOp Type: 176
[DEBUG CODEGEN CALL] Generating call to: raw
[DEBUG CODEGEN CALL] Generating call to: art_node_set_prefix_byte
[DEBUG CODEGEN CALL] Generating call to: raw
[DEBUG CODEGEN CALL] Generating call to: art_node_prefix_byte
[DEBUG ASSIGNMENT] op=168, leftType=1 (POINTER_MEMBER=7)
[DEBUG CODEGEN CALL] Generating call to: raw
[DEBUG CODEGEN CALL] Generating call to: art_node_set_prefix_byte
[DEBUG IR_GEN] Initializer generated for 'i3', value = 0x5b6c74325da0
[DEBUG IR_GEN] InitVal type: 0x5b6c71992198
[DEBUG IR_GEN] Default builder.CreateStore for i3
[DEBUG WHILE] Parsing condition for while loop. NodeType: 2
   BinaryOp Type: 176
[DEBUG CODEGEN CALL] Generating call to: raw
[DEBUG CODEGEN CALL] Generating call to: art_node_set_prefix_byte
[DEBUG-XXX] op: 161, left: 2, right: 1
[DEBUG] getExprNumericTypeName leftType: 1
[DEBUG-XXX] op: 161, left: 1, right: 0
[DEBUG CODEGEN CALL] Generating call to: raw
[DEBUG CODEGEN CALL] Generating call to: art_node_prefix_byte
[DEBUG ASSIGNMENT] op=168, leftType=1 (POINTER_MEMBER=7)
[DEBUG IR_GEN] Initializer generated for 'cas_res', value = 0x5b6c74325da0
[DEBUG IR_GEN] InitVal type: 0x5b6c71992198
[DEBUG IR_GEN] Default builder.CreateStore for cas_res
[DEBUG CODEGEN CALL] Generating call to: raw
[DEBUG CODEGEN CALL] Generating call to: npk_cas_i64
[DEBUG IR_GEN] Initializer generated for 'success', value = 0x5b6c74cd2a50
[DEBUG IR_GEN] InitVal type: 0x5b6c71992138
[DEBUG IR_GEN] Default builder.CreateStore for success
[DEBUG ASSIGNMENT] op=168, leftType=1 (POINTER_MEMBER=7)
[DEBUG ASSIGNMENT] op=168, leftType=1 (POINTER_MEMBER=7)
[DEBUG CODEGEN CALL] Generating call to: raw
[DEBUG CODEGEN CALL] Generating call to: art_cas_child
[DEBUG CODEGEN CALL] Generating call to: raw
[DEBUG CODEGEN CALL] Generating call to: ebr_retire_or_flush
[DEBUG CODEGEN CALL] Generating call to: raw
[DEBUG CODEGEN CALL] Generating call to: ebr_retire_or_flush
[DEBUG CODEGEN CALL] Generating call to: raw
[DEBUG CODEGEN CALL] Generating call to: ebr_retire_or_flush
[DEBUG CODEGEN CALL] Generating call to: drop
[DEBUG CODEGEN CALL] Generating call to: ebr_unpin
[DEBUG CODEGEN CALL] Generating call to: raw
[DEBUG CODEGEN CALL] Generating call to: art_free_node
[DEBUG ASSIGNMENT] op=168, leftType=1 (POINTER_MEMBER=7)
[DEBUG CODEGEN CALL] Generating call to: raw
[DEBUG CODEGEN CALL] Generating call to: art_remove_child_copy
[DEBUG IR_GEN] Initializer generated for 'new_node', value = 0x5b6c74cd4900
[DEBUG IR_GEN] InitVal type: 0x5b6c71992198
[DEBUG IR_GEN] Default builder.CreateStore for new_node
[DEBUG IR_GEN] Initializer generated for 'cas_res', value = 0x5b6c74325da0
[DEBUG IR_GEN] InitVal type: 0x5b6c71992198
[DEBUG IR_GEN] Default builder.CreateStore for cas_res
[DEBUG CODEGEN CALL] Generating call to: raw
[DEBUG CODEGEN CALL] Generating call to: npk_cas_i64
[DEBUG IR_GEN] Initializer generated for 'success', value = 0x5b6c74cd5100
[DEBUG IR_GEN] InitVal type: 0x5b6c71992138
[DEBUG IR_GEN] Default builder.CreateStore for success
[DEBUG ASSIGNMENT] op=168, leftType=1 (POINTER_MEMBER=7)
[DEBUG ASSIGNMENT] op=168, leftType=1 (POINTER_MEMBER=7)
[DEBUG CODEGEN CALL] Generating call to: raw
[DEBUG CODEGEN CALL] Generating call to: art_cas_child
[DEBUG CODEGEN CALL] Generating call to: raw
[DEBUG CODEGEN CALL] Generating call to: ebr_retire_or_flush
[DEBUG CODEGEN CALL] Generating call to: raw
[DEBUG CODEGEN CALL] Generating call to: ebr_retire_or_flush
[DEBUG CODEGEN CALL] Generating call to: drop
[DEBUG CODEGEN CALL] Generating call to: ebr_unpin
[DEBUG CODEGEN CALL] Generating call to: raw
[DEBUG CODEGEN CALL] Generating call to: art_free_node
[DEBUG ASSIGNMENT] op=168, leftType=1 (POINTER_MEMBER=7)
[DEBUG CODEGEN CALL] Generating call to: raw
[DEBUG CODEGEN CALL] Generating call to: art_check_prefix
[DEBUG IR_GEN] Initializer generated for 'p2', value = 0x5b6c74cd64a0
[DEBUG IR_GEN] InitVal type: 0x5b6c71992198
[DEBUG IR_GEN] Default builder.CreateStore for p2
[DEBUG CODEGEN CALL] Generating call to: raw
[DEBUG CODEGEN CALL] Generating call to: art_node_prefix_len
[DEBUG IR_GEN] Initializer generated for 'plen', value = 0x5b6c74cd66b0
[DEBUG IR_GEN] InitVal type: 0x5b6c71992198
[DEBUG IR_GEN] Default builder.CreateStore for plen
[DEBUG CODEGEN CALL] Generating call to: drop
[DEBUG CODEGEN CALL] Generating call to: ebr_unpin
[DEBUG ASSIGNMENT] op=168, leftType=1 (POINTER_MEMBER=7)
[DEBUG IR_GEN] Initializer generated for 'key_byte', value = 0x5b6c74325da0
[DEBUG IR_GEN] InitVal type: 0x5b6c71992198
[DEBUG IR_GEN] Default builder.CreateStore for key_byte
[DEBUG ASSIGNMENT] op=168, leftType=1 (POINTER_MEMBER=7)
[DEBUG CODEGEN CALL] Generating call to: npk_mem_read_byte
[DEBUG CODEGEN CALL] Generating call to: raw
[DEBUG CODEGEN CALL] Generating call to: art_find_child
[DEBUG IR_GEN] Initializer generated for 'next_child', value = 0x5b6c74cd7660
[DEBUG IR_GEN] InitVal type: 0x5b6c71992198
[DEBUG IR_GEN] Default builder.CreateStore for next_child
[DEBUG CODEGEN CALL] Generating call to: drop
[DEBUG CODEGEN CALL] Generating call to: ebr_unpin
[DEBUG ASSIGNMENT] op=168, leftType=1 (POINTER_MEMBER=7)
[DEBUG ASSIGNMENT] op=168, leftType=1 (POINTER_MEMBER=7)
[DEBUG ASSIGNMENT] op=168, leftType=1 (POINTER_MEMBER=7)
[DEBUG ASSIGNMENT] op=168, leftType=1 (POINTER_MEMBER=7)
[DEBUG ASSIGNMENT] op=168, leftType=1 (POINTER_MEMBER=7)
[DEBUG ASSIGNMENT] op=168, leftType=1 (POINTER_MEMBER=7)
[DEBUG CODEGEN CALL] Generating call to: drop
[DEBUG CODEGEN CALL] Generating call to: art_unlock
[DEBUG CODEGEN CALL] Generating call to: drop
[DEBUG CODEGEN CALL] Generating call to: ebr_unpin
[DEBUG CODEGEN CALL] Generating call to: drop
[DEBUG CODEGEN CALL] Generating call to: art_lock
[DEBUG CODEGEN CALL] Generating call to: raw
[DEBUG CODEGEN CALL] Generating call to: art_delete_internal
[DEBUG IR_GEN] Initializer generated for 'res', value = 0x5b6c74cd97d0
[DEBUG IR_GEN] InitVal type: 0x5b6c71992198
[DEBUG IR_GEN] Default builder.CreateStore for res
[DEBUG CODEGEN CALL] Generating call to: drop
[DEBUG CODEGEN CALL] Generating call to: art_unlock
[DEBUG CODEGEN CALL] Generating call to: raw
[DEBUG CODEGEN CALL] Generating call to: art_is_leaf
[DEBUG CODEGEN CALL] Generating call to: raw
[DEBUG CODEGEN CALL] Generating call to: art_free_node
[DEBUG CODEGEN CALL] Generating call to: raw
[DEBUG CODEGEN CALL] Generating call to: art_node_type
[DEBUG IR_GEN] Initializer generated for 'ntype', value = 0x5b6c74cda980
[DEBUG IR_GEN] InitVal type: 0x5b6c71992198
[DEBUG IR_GEN] Default builder.CreateStore for ntype
[DEBUG IR_GEN] Initializer generated for 'i', value = 0x5b6c74325da0
[DEBUG IR_GEN] InitVal type: 0x5b6c71992198
[DEBUG IR_GEN] Default builder.CreateStore for i
[DEBUG WHILE] Parsing condition for while loop. NodeType: 2
   BinaryOp Type: 176
[DEBUG CODEGEN CALL] Generating call to: raw
[DEBUG CODEGEN CALL] Generating call to: node4_get_child
[DEBUG IR_GEN] Initializer generated for 'child', value = 0x5b6c74cdb5e0
[DEBUG IR_GEN] InitVal type: 0x5b6c71992198
[DEBUG IR_GEN] Default builder.CreateStore for child
[DEBUG CODEGEN CALL] Generating call to: raw
[DEBUG CODEGEN CALL] Generating call to: art_destroy_node
[DEBUG ASSIGNMENT] op=168, leftType=1 (POINTER_MEMBER=7)
[DEBUG IR_GEN] Initializer generated for 'i', value = 0x5b6c74325da0
[DEBUG IR_GEN] InitVal type: 0x5b6c71992198
[DEBUG IR_GEN] Default builder.CreateStore for i
[DEBUG WHILE] Parsing condition for while loop. NodeType: 2
   BinaryOp Type: 176
[DEBUG CODEGEN CALL] Generating call to: raw
[DEBUG CODEGEN CALL] Generating call to: node16_get_child
[DEBUG IR_GEN] Initializer generated for 'child', value = 0x5b6c74b57100
[DEBUG IR_GEN] InitVal type: 0x5b6c71992198
[DEBUG IR_GEN] Default builder.CreateStore for child
[DEBUG CODEGEN CALL] Generating call to: raw
[DEBUG CODEGEN CALL] Generating call to: art_destroy_node
[DEBUG ASSIGNMENT] op=168, leftType=1 (POINTER_MEMBER=7)
[DEBUG IR_GEN] Initializer generated for 'i', value = 0x5b6c743d74f0
[DEBUG IR_GEN] InitVal type: 0x5b6c71992198
[DEBUG IR_GEN] Default builder.CreateStore for i
[DEBUG WHILE] Parsing condition for while loop. NodeType: 2
   BinaryOp Type: 177
[DEBUG CODEGEN CALL] Generating call to: raw
[DEBUG CODEGEN CALL] Generating call to: node48_get_child
[DEBUG IR_GEN] Initializer generated for 'child', value = 0x5b6c74acfda0
[DEBUG IR_GEN] InitVal type: 0x5b6c71992198
[DEBUG IR_GEN] Default builder.CreateStore for child
[DEBUG CODEGEN CALL] Generating call to: raw
[DEBUG CODEGEN CALL] Generating call to: art_destroy_node
[DEBUG ASSIGNMENT] op=168, leftType=1 (POINTER_MEMBER=7)
[DEBUG IR_GEN] Initializer generated for 'i', value = 0x5b6c74325da0
[DEBUG IR_GEN] InitVal type: 0x5b6c71992198
[DEBUG IR_GEN] Default builder.CreateStore for i
[DEBUG WHILE] Parsing condition for while loop. NodeType: 2
   BinaryOp Type: 176
[DEBUG CODEGEN CALL] Generating call to: raw
[DEBUG CODEGEN CALL] Generating call to: node256_get_child
[DEBUG IR_GEN] Initializer generated for 'child', value = 0x5b6c74b82290
[DEBUG IR_GEN] InitVal type: 0x5b6c71992198
[DEBUG IR_GEN] Default builder.CreateStore for child
[DEBUG CODEGEN CALL] Generating call to: raw
[DEBUG CODEGEN CALL] Generating call to: art_destroy_node
[DEBUG ASSIGNMENT] op=168, leftType=1 (POINTER_MEMBER=7)
[DEBUG CODEGEN CALL] Generating call to: raw
[DEBUG CODEGEN CALL] Generating call to: art_free_node
[DEBUG CODEGEN CALL] Generating call to: npk_mem_read_int64
[DEBUG IR_GEN] Initializer generated for 'root', value = 0x5b6c74bde3c0
[DEBUG IR_GEN] InitVal type: 0x5b6c71992198
[DEBUG IR_GEN] Default builder.CreateStore for root
[DEBUG CODEGEN CALL] Generating call to: raw
[DEBUG CODEGEN CALL] Generating call to: art_destroy_node
[DEBUG CODEGEN CALL] Generating call to: drop
[DEBUG CODEGEN CALL] Generating call to: npk_mem_write_int64
[DEBUG IR_GEN] Initializer generated for 'v', value = 0x5b6c74bdf050
[DEBUG IR_GEN] InitVal type: 0x5b6c74933c90
[DEBUG IR_GEN] Default builder.CreateStore for v
[DEBUG IR_GEN] Initializer generated for 'p', value = 0x5b6c74325da0
[DEBUG IR_GEN] InitVal type: 0x5b6c71992198
[DEBUG IR_GEN] Default builder.CreateStore for p
[DEBUG ASSIGNMENT] op=168, leftType=1 (POINTER_MEMBER=7)
[DEBUG IR_GEN] Initializer generated for 'v', value = 0x5b6c74bc2f70
[DEBUG IR_GEN] InitVal type: 0x5b6c74933c90
[DEBUG IR_GEN] Default builder.CreateStore for v
[DEBUG IR_GEN] Initializer generated for 'v', value = 0x5b6c74b795d0
[DEBUG IR_GEN] InitVal type: 0x5b6c74933c90
[DEBUG IR_GEN] Default builder.CreateStore for v
[DEBUG IR_GEN] Initializer generated for 'bits', value = 0x5b6c74a15060
[DEBUG IR_GEN] InitVal type: 0x5b6c71992198
[DEBUG IR_GEN] Default builder.CreateStore for bits
[DEBUG IR_GEN] Initializer generated for 'v', value = 0x5b6c74bfb7a0
[DEBUG IR_GEN] InitVal type: 0x5b6c74933c90
[DEBUG IR_GEN] Default builder.CreateStore for v
[DEBUG CODEGEN CALL] Generating call to: npk_core_alloc
[DEBUG IR_GEN] Initializer generated for 'arena_ptr', value = 0x5b6c74c90200
[DEBUG IR_GEN] InitVal type: 0x5b6c71992198
[DEBUG IR_GEN] Default builder.CreateStore for arena_ptr
[DEBUG CODEGEN CALL] Generating call to: npk_core_alloc
[DEBUG IR_GEN] Initializer generated for 'data', value = 0x5b6c74b7eca0
[DEBUG IR_GEN] InitVal type: 0x5b6c71992198
[DEBUG IR_GEN] Default builder.CreateStore for data
[DEBUG CODEGEN CALL] Generating call to: drop
[DEBUG CODEGEN CALL] Generating call to: npk_core_dalloc
[DEBUG CODEGEN CALL] Generating call to: drop
[DEBUG CODEGEN CALL] Generating call to: npk_mem_write_int64
[DEBUG CODEGEN CALL] Generating call to: drop
[DEBUG CODEGEN CALL] Generating call to: npk_mem_write_int64
[DEBUG CODEGEN CALL] Generating call to: drop
[DEBUG CODEGEN CALL] Generating call to: npk_mem_write_int64
[DEBUG CODEGEN CALL] Generating call to: npk_mem_read_int64
[DEBUG IR_GEN] Initializer generated for 'capacity', value = 0x5b6c74ca3da0
[DEBUG IR_GEN] InitVal type: 0x5b6c71992198
[DEBUG IR_GEN] Default builder.CreateStore for capacity
[DEBUG CODEGEN CALL] Generating call to: npk_mem_read_int64
[DEBUG IR_GEN] Initializer generated for 'cursor', value = 0x5b6c74ca4000
[DEBUG IR_GEN] InitVal type: 0x5b6c71992198
[DEBUG IR_GEN] Default builder.CreateStore for cursor
[DEBUG IR_GEN] Initializer generated for 'aligned_size', value = 0x5b6c74c287b0
[DEBUG IR_GEN] InitVal type: 0x5b6c71992198
[DEBUG IR_GEN] Default builder.CreateStore for aligned_size
[DEBUG IR_GEN] Initializer generated for 'rem', value = 0x5b6c74b48ef0
[DEBUG IR_GEN] InitVal type: 0x5b6c71992198
[DEBUG IR_GEN] Default builder.CreateStore for rem
[DEBUG ASSIGNMENT] op=168, leftType=1 (POINTER_MEMBER=7)
[DEBUG CODEGEN CALL] Generating call to: npk_mem_read_int64
[DEBUG IR_GEN] Initializer generated for 'data', value = 0x5b6c74b0f3a0
[DEBUG IR_GEN] InitVal type: 0x5b6c71992198
[DEBUG IR_GEN] Default builder.CreateStore for data
[DEBUG IR_GEN] Initializer generated for 'alloc_ptr', value = 0x5b6c74b3d950
[DEBUG IR_GEN] InitVal type: 0x5b6c71992198
[DEBUG IR_GEN] Default builder.CreateStore for alloc_ptr
[DEBUG CODEGEN CALL] Generating call to: drop
[DEBUG CODEGEN CALL] Generating call to: npk_mem_write_int64
[DEBUG-XXX] op: 161, left: 1, right: 1
[DEBUG CODEGEN CALL] Generating call to: drop
[DEBUG CODEGEN CALL] Generating call to: npk_mem_set
[DEBUG CODEGEN CALL] Generating call to: npk_mem_read_int64
[DEBUG IR_GEN] Initializer generated for 'data', value = 0x5b6c74af6ac0
[DEBUG IR_GEN] InitVal type: 0x5b6c71992198
[DEBUG IR_GEN] Default builder.CreateStore for data
[DEBUG CODEGEN CALL] Generating call to: drop
[DEBUG CODEGEN CALL] Generating call to: npk_core_dalloc
[DEBUG CODEGEN CALL] Generating call to: drop
[DEBUG CODEGEN CALL] Generating call to: npk_core_dalloc
[DEBUG CODEGEN CALL] Generating call to: npk_mem_read_int64
[DEBUG CODEGEN CALL] Generating call to: npk_mem_read_int64
[DEBUG CODEGEN CALL] Generating call to: npk_mem_read_int64
[DEBUG CODEGEN CALL] Generating call to: drop
[DEBUG CODEGEN CALL] Generating call to: npk_mem_write_int64
[DEBUG CODEGEN CALL] Generating call to: npk_mem_read_int64
[DEBUG CODEGEN CALL] Generating call to: drop
[DEBUG CODEGEN CALL] Generating call to: npk_mem_write_int64
[DEBUG CODEGEN CALL] Generating call to: npk_mem_read_int64
[DEBUG IR_GEN] Initializer generated for 'c', value = 0x5b6c74791830
[DEBUG IR_GEN] InitVal type: 0x5b6c71992150
[DEBUG IR_GEN] Default builder.CreateStore for c
[DEBUG CODEGEN CALL] Generating call to: raw
[DEBUG CODEGEN CALL] Generating call to: state_get_pos
[DEBUG CODEGEN CALL] Generating call to: raw
[DEBUG CODEGEN CALL] Generating call to: state_get_length
[DEBUG ASSIGNMENT] op=168, leftType=1 (POINTER_MEMBER=7)
[DEBUG CODEGEN CALL] Generating call to: npk_mem_read_byte
[DEBUG CODEGEN CALL] Generating call to: raw
[DEBUG CODEGEN CALL] Generating call to: state_get_buf
[DEBUG CODEGEN CALL] Generating call to: raw
[DEBUG CODEGEN CALL] Generating call to: state_get_pos
[DEBUG CODEGEN CALL] Generating call to: drop
[DEBUG CODEGEN CALL] Generating call to: state_set_pos
[DEBUG-XXX] op: 161, left: 4, right: 0
[DEBUG CODEGEN CALL] Generating call to: raw
[DEBUG CODEGEN CALL] Generating call to: state_get_pos
[DEBUG IR_GEN] Initializer generated for 'acc', value = 0x5b6c74325da0
[DEBUG IR_GEN] InitVal type: 0x5b6c71992198
[DEBUG IR_GEN] Default builder.CreateStore for acc
[DEBUG IR_GEN] Initializer generated for 'sign', value = 0x5b6c743d74f0
[DEBUG IR_GEN] InitVal type: 0x5b6c71992198
[DEBUG IR_GEN] Default builder.CreateStore for sign
[DEBUG CODEGEN CALL] Generating call to: npk_mem_read_byte
[DEBUG CODEGEN CALL] Generating call to: raw
[DEBUG CODEGEN CALL] Generating call to: state_get_buf
[DEBUG CODEGEN CALL] Generating call to: raw
[DEBUG CODEGEN CALL] Generating call to: state_get_pos
[DEBUG IR_GEN] Initializer generated for 'c', value = 0x5b6c74a97080
[DEBUG IR_GEN] InitVal type: 0x5b6c71992150
[DEBUG IR_GEN] Default builder.CreateStore for c
[DEBUG ASSIGNMENT] op=168, leftType=1 (POINTER_MEMBER=7)
[DEBUG CODEGEN CALL] Generating call to: drop
[DEBUG CODEGEN CALL] Generating call to: state_set_pos
[DEBUG-XXX] op: 161, left: 4, right: 0
[DEBUG CODEGEN CALL] Generating call to: raw
[DEBUG CODEGEN CALL] Generating call to: state_get_pos
[DEBUG CODEGEN CALL] Generating call to: raw
[DEBUG CODEGEN CALL] Generating call to: state_get_pos
[DEBUG CODEGEN CALL] Generating call to: raw
[DEBUG CODEGEN CALL] Generating call to: state_get_length
[DEBUG ASSIGNMENT] op=168, leftType=1 (POINTER_MEMBER=7)
[DEBUG CODEGEN CALL] Generating call to: npk_mem_read_byte
[DEBUG CODEGEN CALL] Generating call to: raw
[DEBUG CODEGEN CALL] Generating call to: state_get_buf
[DEBUG CODEGEN CALL] Generating call to: raw
[DEBUG CODEGEN CALL] Generating call to: state_get_pos
[DEBUG IR_GEN] Initializer generated for 'digit', value = 0x5b6c74a14980
[DEBUG IR_GEN] InitVal type: 0x5b6c71992198
[DEBUG IR_GEN] Default builder.CreateStore for digit
[DEBUG ASSIGNMENT] op=168, leftType=1 (POINTER_MEMBER=7)
[DEBUG CODEGEN CALL] Generating call to: drop
[DEBUG CODEGEN CALL] Generating call to: state_set_pos
[DEBUG-XXX] op: 161, left: 4, right: 0
[DEBUG CODEGEN CALL] Generating call to: raw
[DEBUG CODEGEN CALL] Generating call to: state_get_pos
[DEBUG CODEGEN CALL] Generating call to: npk_mem_read_byte
[DEBUG CODEGEN CALL] Generating call to: raw
[DEBUG CODEGEN CALL] Generating call to: state_get_buf
[DEBUG CODEGEN CALL] Generating call to: raw
[DEBUG CODEGEN CALL] Generating call to: state_get_pos
[DEBUG CODEGEN CALL] Generating call to: drop
[DEBUG CODEGEN CALL] Generating call to: state_set_pos
[DEBUG-XXX] op: 161, left: 4, right: 0
[DEBUG CODEGEN CALL] Generating call to: raw
[DEBUG CODEGEN CALL] Generating call to: state_get_pos
[DEBUG CODEGEN CALL] Generating call to: raw
[DEBUG CODEGEN CALL] Generating call to: state_get_pos
[DEBUG IR_GEN] Initializer generated for 'start', value = 0x5b6c74c11880
[DEBUG IR_GEN] InitVal type: 0x5b6c71992198
[DEBUG IR_GEN] Default builder.CreateStore for start
[DEBUG IR_GEN] Initializer generated for 'c', value = 0x5b6c74791830
[DEBUG IR_GEN] InitVal type: 0x5b6c71992150
[DEBUG IR_GEN] Default builder.CreateStore for c
[DEBUG CODEGEN CALL] Generating call to: raw
[DEBUG CODEGEN CALL] Generating call to: state_get_pos
[DEBUG CODEGEN CALL] Generating call to: raw
[DEBUG CODEGEN CALL] Generating call to: state_get_length
[DEBUG ASSIGNMENT] op=168, leftType=1 (POINTER_MEMBER=7)
[DEBUG CODEGEN CALL] Generating call to: npk_mem_read_byte
[DEBUG CODEGEN CALL] Generating call to: raw
[DEBUG CODEGEN CALL] Generating call to: state_get_buf
[DEBUG CODEGEN CALL] Generating call to: raw
[DEBUG CODEGEN CALL] Generating call to: state_get_pos
[DEBUG CODEGEN CALL] Generating call to: drop
[DEBUG CODEGEN CALL] Generating call to: state_set_pos
[DEBUG-XXX] op: 161, left: 4, right: 0
[DEBUG CODEGEN CALL] Generating call to: raw
[DEBUG CODEGEN CALL] Generating call to: state_get_pos
[DEBUG CODEGEN CALL] Generating call to: raw
[DEBUG CODEGEN CALL] Generating call to: state_get_pos
[DEBUG IR_GEN] Initializer generated for 'len', value = 0x5b6c74b29f10
[DEBUG IR_GEN] InitVal type: 0x5b6c71992198
[DEBUG IR_GEN] Default builder.CreateStore for len
[DEBUG CODEGEN CALL] Generating call to: drop
[DEBUG CODEGEN CALL] Generating call to: state_set_pos
[DEBUG-XXX] op: 161, left: 4, right: 0
[DEBUG CODEGEN CALL] Generating call to: raw
[DEBUG CODEGEN CALL] Generating call to: state_get_pos
[DEBUG CODEGEN CALL] Generating call to: raw
[DEBUG CODEGEN CALL] Generating call to: state_get_buf
[DEBUG IR_GEN] Initializer generated for 'res', value = 0x5b6c74b5a010
[DEBUG IR_GEN] InitVal type: 0x5b6c74933d90
[DEBUG IR_GEN] Default builder.CreateStore for res
[DEBUG IR_GEN] Initializer generated for 'sign', value = 0x5b6c743d74f0
[DEBUG IR_GEN] InitVal type: 0x5b6c71992198
[DEBUG IR_GEN] Default builder.CreateStore for sign
[DEBUG CODEGEN CALL] Generating call to: npk_mem_read_byte
[DEBUG CODEGEN CALL] Generating call to: raw
[DEBUG CODEGEN CALL] Generating call to: state_get_buf
[DEBUG CODEGEN CALL] Generating call to: raw
[DEBUG CODEGEN CALL] Generating call to: state_get_pos
[DEBUG IR_GEN] Initializer generated for 'c', value = 0x5b6c74bdeb30
[DEBUG IR_GEN] InitVal type: 0x5b6c71992150
[DEBUG IR_GEN] Default builder.CreateStore for c
[DEBUG ASSIGNMENT] op=168, leftType=1 (POINTER_MEMBER=7)
[DEBUG CODEGEN CALL] Generating call to: drop
[DEBUG CODEGEN CALL] Generating call to: state_set_pos
[DEBUG-XXX] op: 161, left: 4, right: 0
[DEBUG CODEGEN CALL] Generating call to: raw
[DEBUG CODEGEN CALL] Generating call to: state_get_pos
[DEBUG IR_GEN] Initializer generated for 'acc', value = 0x5b6c74325da0
[DEBUG IR_GEN] InitVal type: 0x5b6c71992198
[DEBUG IR_GEN] Default builder.CreateStore for acc
[DEBUG WHILE] Parsing condition for while loop. NodeType: 2
   BinaryOp Type: 176
[DEBUG CODEGEN CALL] Generating call to: raw
[DEBUG CODEGEN CALL] Generating call to: state_get_pos
[DEBUG CODEGEN CALL] Generating call to: raw
[DEBUG CODEGEN CALL] Generating call to: state_get_length
[DEBUG ASSIGNMENT] op=168, leftType=1 (POINTER_MEMBER=7)
[DEBUG CODEGEN CALL] Generating call to: npk_mem_read_byte
[DEBUG CODEGEN CALL] Generating call to: raw
[DEBUG CODEGEN CALL] Generating call to: state_get_buf
[DEBUG CODEGEN CALL] Generating call to: raw
[DEBUG CODEGEN CALL] Generating call to: state_get_pos
[DEBUG ASSIGNMENT] op=168, leftType=1 (POINTER_MEMBER=7)
[DEBUG CODEGEN CALL] Generating call to: drop
[DEBUG CODEGEN CALL] Generating call to: state_set_pos
[DEBUG-XXX] op: 161, left: 4, right: 0
[DEBUG CODEGEN CALL] Generating call to: raw
[DEBUG CODEGEN CALL] Generating call to: state_get_pos
[DEBUG IR_GEN] Initializer generated for 'f', value = 0x5b6c74b13880
[DEBUG IR_GEN] InitVal type: 0x5b6c71992090
[DEBUG IR_GEN] Default builder.CreateStore for f
[DEBUG CODEGEN CALL] Generating call to: raw
[DEBUG CODEGEN CALL] Generating call to: state_get_pos
[DEBUG CODEGEN CALL] Generating call to: raw
[DEBUG CODEGEN CALL] Generating call to: state_get_length
[DEBUG ASSIGNMENT] op=168, leftType=1 (POINTER_MEMBER=7)
[DEBUG CODEGEN CALL] Generating call to: npk_mem_read_byte
[DEBUG CODEGEN CALL] Generating call to: raw
[DEBUG CODEGEN CALL] Generating call to: state_get_buf
[DEBUG CODEGEN CALL] Generating call to: raw
[DEBUG CODEGEN CALL] Generating call to: state_get_pos
[DEBUG CODEGEN CALL] Generating call to: drop
[DEBUG CODEGEN CALL] Generating call to: state_set_pos
[DEBUG-XXX] op: 161, left: 4, right: 0
[DEBUG CODEGEN CALL] Generating call to: raw
[DEBUG CODEGEN CALL] Generating call to: state_get_pos
[DEBUG IR_GEN] Initializer generated for 'frac', value = 0x5b6c74787f80
[DEBUG IR_GEN] InitVal type: 0x5b6c71992090
[DEBUG IR_GEN] Default builder.CreateStore for frac
[DEBUG IR_GEN] Initializer generated for 'div', value = 0x5b6c749077f0
[DEBUG IR_GEN] InitVal type: 0x5b6c71992090
[DEBUG IR_GEN] Default builder.CreateStore for div
[DEBUG WHILE] Parsing condition for while loop. NodeType: 2
   BinaryOp Type: 176
[DEBUG CODEGEN CALL] Generating call to: raw
[DEBUG CODEGEN CALL] Generating call to: state_get_pos
[DEBUG CODEGEN CALL] Generating call to: raw
[DEBUG CODEGEN CALL] Generating call to: state_get_length
[DEBUG ASSIGNMENT] op=168, leftType=1 (POINTER_MEMBER=7)
[DEBUG CODEGEN CALL] Generating call to: npk_mem_read_byte
[DEBUG CODEGEN CALL] Generating call to: raw
[DEBUG CODEGEN CALL] Generating call to: state_get_buf
[DEBUG CODEGEN CALL] Generating call to: raw
[DEBUG CODEGEN CALL] Generating call to: state_get_pos
[DEBUG ASSIGNMENT] op=168, leftType=1 (POINTER_MEMBER=7)
[DEBUG ASSIGNMENT] op=168, leftType=1 (POINTER_MEMBER=7)
[DEBUG CODEGEN CALL] Generating call to: drop
[DEBUG CODEGEN CALL] Generating call to: state_set_pos
[DEBUG-XXX] op: 161, left: 4, right: 0
[DEBUG CODEGEN CALL] Generating call to: raw
[DEBUG CODEGEN CALL] Generating call to: state_get_pos
[DEBUG ASSIGNMENT] op=168, leftType=1 (POINTER_MEMBER=7)
[DEBUG ASSIGNMENT] op=168, leftType=1 (POINTER_MEMBER=7)
[DEBUG CODEGEN CALL] Generating call to: drop
[DEBUG CODEGEN CALL] Generating call to: state_set_pos
[DEBUG-XXX] op: 161, left: 4, right: 0
[DEBUG CODEGEN CALL] Generating call to: raw
[DEBUG CODEGEN CALL] Generating call to: state_get_pos
[DEBUG IR_GEN] Initializer generated for 'max_cap', value = 0x5b6c74794590
[DEBUG IR_GEN] InitVal type: 0x5b6c71992198
[DEBUG IR_GEN] Default builder.CreateStore for max_cap
[DEBUG CODEGEN CALL] Generating call to: raw
[DEBUG CODEGEN CALL] Generating call to: json_arena_alloc
[DEBUG CODEGEN CALL] Generating call to: raw
[DEBUG CODEGEN CALL] Generating call to: state_get_arena_ptr
[DEBUG-BINARY] op=163 leftType=1 rightType=0 leftNumType= rightNumType=
[DEBUG-XXX] op: 163, left: 1, right: 0
[DEBUG IR_GEN] Initializer generated for 'handles_ptr', value = 0x5b6c74b083c0
[DEBUG IR_GEN] InitVal type: 0x5b6c71992198
[DEBUG IR_GEN] Default builder.CreateStore for handles_ptr
[DEBUG IR_GEN] Initializer generated for 'count', value = 0x5b6c74325da0
[DEBUG IR_GEN] InitVal type: 0x5b6c71992198
[DEBUG IR_GEN] Default builder.CreateStore for count
[DEBUG CODEGEN CALL] Generating call to: drop
[DEBUG CODEGEN CALL] Generating call to: skip_whitespace
[DEBUG CODEGEN CALL] Generating call to: npk_mem_read_byte
[DEBUG CODEGEN CALL] Generating call to: raw
[DEBUG CODEGEN CALL] Generating call to: state_get_buf
[DEBUG CODEGEN CALL] Generating call to: raw
[DEBUG CODEGEN CALL] Generating call to: state_get_pos
[DEBUG IR_GEN] Initializer generated for 'c', value = 0x5b6c74bc9390
[DEBUG IR_GEN] InitVal type: 0x5b6c71992150
[DEBUG IR_GEN] Default builder.CreateStore for c
[DEBUG CODEGEN CALL] Generating call to: drop
[DEBUG CODEGEN CALL] Generating call to: state_set_pos
[DEBUG-XXX] op: 161, left: 4, right: 0
[DEBUG CODEGEN CALL] Generating call to: raw
[DEBUG CODEGEN CALL] Generating call to: state_get_pos
[DEBUG WHILE] Parsing condition for while loop. NodeType: 2
   BinaryOp Type: 176
[DEBUG CODEGEN CALL] Generating call to: parse_value
[DEBUG IR_GEN] Initializer generated for 'v_res', value = 0x5b6c74a7ae30
[DEBUG IR_GEN] InitVal type: 0x5b6c74933cc0
[DEBUG IR_GEN] Default builder.CreateStore for v_res
[DEBUG IR_GEN] Initializer generated for 'v', value = 0x5b6c74b1f380
[DEBUG IR_GEN] InitVal type: 0x5b6c74933c90
[DEBUG IR_GEN] Default builder.CreateStore for v
[DEBUG CODEGEN CALL] Generating call to: raw
[DEBUG CODEGEN CALL] Generating call to: json_arena_alloc
[DEBUG CODEGEN CALL] Generating call to: raw
[DEBUG CODEGEN CALL] Generating call to: state_get_arena_ptr
[DEBUG IR_GEN] Initializer generated for 'v_ptr', value = 0x5b6c74b35300
[DEBUG IR_GEN] InitVal type: 0x5b6c71992198
[DEBUG IR_GEN] Default builder.CreateStore for v_ptr
[DEBUG CODEGEN CALL] Generating call to: drop
[DEBUG CODEGEN CALL] Generating call to: npk_mem_write_byte
[DEBUG CODEGEN CALL] Generating call to: drop
[DEBUG CODEGEN CALL] Generating call to: npk_mem_write_int64
[DEBUG CODEGEN CALL] Generating call to: drop
[DEBUG CODEGEN CALL] Generating call to: npk_mem_write_int64
[DEBUG-BINARY] op=163 leftType=1 rightType=0 leftNumType= rightNumType=
[DEBUG-XXX] op: 163, left: 1, right: 0
[DEBUG ASSIGNMENT] op=168, leftType=1 (POINTER_MEMBER=7)
[DEBUG CODEGEN CALL] Generating call to: drop
[DEBUG CODEGEN CALL] Generating call to: skip_whitespace
[DEBUG ASSIGNMENT] op=168, leftType=1 (POINTER_MEMBER=7)
[DEBUG CODEGEN CALL] Generating call to: npk_mem_read_byte
[DEBUG CODEGEN CALL] Generating call to: raw
[DEBUG CODEGEN CALL] Generating call to: state_get_buf
[DEBUG CODEGEN CALL] Generating call to: raw
[DEBUG CODEGEN CALL] Generating call to: state_get_pos
[DEBUG CODEGEN CALL] Generating call to: drop
[DEBUG CODEGEN CALL] Generating call to: state_set_pos
[DEBUG-XXX] op: 161, left: 4, right: 0
[DEBUG CODEGEN CALL] Generating call to: raw
[DEBUG CODEGEN CALL] Generating call to: state_get_pos
[DEBUG CODEGEN CALL] Generating call to: drop
[DEBUG CODEGEN CALL] Generating call to: state_set_pos
[DEBUG-XXX] op: 161, left: 4, right: 0
[DEBUG CODEGEN CALL] Generating call to: raw
[DEBUG CODEGEN CALL] Generating call to: state_get_pos
[DEBUG CODEGEN CALL] Generating call to: raw
[DEBUG CODEGEN CALL] Generating call to: json_arena_alloc
[DEBUG CODEGEN CALL] Generating call to: raw
[DEBUG CODEGEN CALL] Generating call to: state_get_arena_ptr
[DEBUG IR_GEN] Initializer generated for 'arr_ptr', value = 0x5b6c74af91d0
[DEBUG IR_GEN] InitVal type: 0x5b6c71992198
[DEBUG IR_GEN] Default builder.CreateStore for arr_ptr
[DEBUG CODEGEN CALL] Generating call to: drop
[DEBUG CODEGEN CALL] Generating call to: npk_mem_write_int32
[DEBUG CODEGEN CALL] Generating call to: drop
[DEBUG CODEGEN CALL] Generating call to: npk_mem_write_int64
[DEBUG CODEGEN CALL] Generating call to: drop
[DEBUG CODEGEN CALL] Generating call to: state_set_pos
[DEBUG-XXX] op: 161, left: 4, right: 0
[DEBUG CODEGEN CALL] Generating call to: raw
[DEBUG CODEGEN CALL] Generating call to: state_get_pos
[DEBUG IR_GEN] Initializer generated for 'max_cap', value = 0x5b6c747df720
[DEBUG IR_GEN] InitVal type: 0x5b6c71992198
[DEBUG IR_GEN] Default builder.CreateStore for max_cap
[DEBUG CODEGEN CALL] Generating call to: raw
[DEBUG CODEGEN CALL] Generating call to: json_arena_alloc
[DEBUG CODEGEN CALL] Generating call to: raw
[DEBUG CODEGEN CALL] Generating call to: state_get_arena_ptr
[DEBUG-BINARY] op=163 leftType=1 rightType=0 leftNumType= rightNumType=
[DEBUG-XXX] op: 163, left: 1, right: 0
[DEBUG IR_GEN] Initializer generated for 'keys_ptr', value = 0x5b6c74af8850
[DEBUG IR_GEN] InitVal type: 0x5b6c71992198
[DEBUG IR_GEN] Default builder.CreateStore for keys_ptr
[DEBUG CODEGEN CALL] Generating call to: raw
[DEBUG CODEGEN CALL] Generating call to: json_arena_alloc
[DEBUG CODEGEN CALL] Generating call to: raw
[DEBUG CODEGEN CALL] Generating call to: state_get_arena_ptr
[DEBUG-BINARY] op=163 leftType=1 rightType=0 leftNumType= rightNumType=
[DEBUG-XXX] op: 163, left: 1, right: 0
[DEBUG IR_GEN] Initializer generated for 'values_ptr', value = 0x5b6c74ac0ff0
[DEBUG IR_GEN] InitVal type: 0x5b6c71992198
[DEBUG IR_GEN] Default builder.CreateStore for values_ptr
[DEBUG IR_GEN] Initializer generated for 'count', value = 0x5b6c74325da0
[DEBUG IR_GEN] InitVal type: 0x5b6c71992198
[DEBUG IR_GEN] Default builder.CreateStore for count
[DEBUG CODEGEN CALL] Generating call to: drop
[DEBUG CODEGEN CALL] Generating call to: skip_whitespace
[DEBUG CODEGEN CALL] Generating call to: npk_mem_read_byte
[DEBUG CODEGEN CALL] Generating call to: raw
[DEBUG CODEGEN CALL] Generating call to: state_get_buf
[DEBUG CODEGEN CALL] Generating call to: raw
[DEBUG CODEGEN CALL] Generating call to: state_get_pos
[DEBUG IR_GEN] Initializer generated for 'c', value = 0x5b6c74adb2b0
[DEBUG IR_GEN] InitVal type: 0x5b6c71992150
[DEBUG IR_GEN] Default builder.CreateStore for c
[DEBUG CODEGEN CALL] Generating call to: drop
[DEBUG CODEGEN CALL] Generating call to: state_set_pos
[DEBUG-XXX] op: 161, left: 4, right: 0
[DEBUG CODEGEN CALL] Generating call to: raw
[DEBUG CODEGEN CALL] Generating call to: state_get_pos
[DEBUG WHILE] Parsing condition for while loop. NodeType: 2
   BinaryOp Type: 176
[DEBUG CODEGEN CALL] Generating call to: drop
[DEBUG CODEGEN CALL] Generating call to: skip_whitespace
[DEBUG CODEGEN CALL] Generating call to: parse_string
[DEBUG IR_GEN] Initializer generated for 'k_res', value = 0x5b6c749c6600
[DEBUG IR_GEN] InitVal type: 0x5b6c74933dc0
[DEBUG IR_GEN] Default builder.CreateStore for k_res
[DEBUG IR_GEN] Initializer generated for 'k', value = 0x5b6c74c437f0
[DEBUG IR_GEN] InitVal type: 0x5b6c74933d90
[DEBUG IR_GEN] Default builder.CreateStore for k
[DEBUG CODEGEN CALL] Generating call to: raw
[DEBUG CODEGEN CALL] Generating call to: json_arena_alloc
[DEBUG CODEGEN CALL] Generating call to: raw
[DEBUG CODEGEN CALL] Generating call to: state_get_arena_ptr
[DEBUG IR_GEN] Initializer generated for 'k_ptr', value = 0x5b6c74bdd7a0
[DEBUG IR_GEN] InitVal type: 0x5b6c71992198
[DEBUG IR_GEN] Default builder.CreateStore for k_ptr
[DEBUG CODEGEN CALL] Generating call to: drop
[DEBUG CODEGEN CALL] Generating call to: npk_mem_write_int32
[DEBUG CODEGEN CALL] Generating call to: drop
[DEBUG CODEGEN CALL] Generating call to: npk_mem_write_int64
[DEBUG CODEGEN CALL] Generating call to: drop
[DEBUG CODEGEN CALL] Generating call to: npk_mem_write_int64
[DEBUG-BINARY] op=163 leftType=1 rightType=0 leftNumType= rightNumType=
[DEBUG-XXX] op: 163, left: 1, right: 0
[DEBUG CODEGEN CALL] Generating call to: drop
[DEBUG CODEGEN CALL] Generating call to: skip_whitespace
[DEBUG ASSIGNMENT] op=168, leftType=1 (POINTER_MEMBER=7)
[DEBUG CODEGEN CALL] Generating call to: npk_mem_read_byte
[DEBUG CODEGEN CALL] Generating call to: raw
[DEBUG CODEGEN CALL] Generating call to: state_get_buf
[DEBUG CODEGEN CALL] Generating call to: raw
[DEBUG CODEGEN CALL] Generating call to: state_get_pos
[DEBUG CODEGEN CALL] Generating call to: drop
[DEBUG CODEGEN CALL] Generating call to: state_set_pos
[DEBUG-XXX] op: 161, left: 4, right: 0
[DEBUG CODEGEN CALL] Generating call to: raw
[DEBUG CODEGEN CALL] Generating call to: state_get_pos
[DEBUG CODEGEN CALL] Generating call to: parse_value
[DEBUG IR_GEN] Initializer generated for 'v_res', value = 0x5b6c74b24700
[DEBUG IR_GEN] InitVal type: 0x5b6c74933cc0
[DEBUG IR_GEN] Default builder.CreateStore for v_res
[DEBUG IR_GEN] Initializer generated for 'v', value = 0x5b6c74bb8130
[DEBUG IR_GEN] InitVal type: 0x5b6c74933c90
[DEBUG IR_GEN] Default builder.CreateStore for v
[DEBUG CODEGEN CALL] Generating call to: raw
[DEBUG CODEGEN CALL] Generating call to: json_arena_alloc
[DEBUG CODEGEN CALL] Generating call to: raw
[DEBUG CODEGEN CALL] Generating call to: state_get_arena_ptr
[DEBUG IR_GEN] Initializer generated for 'v_ptr', value = 0x5b6c74bb8490
[DEBUG IR_GEN] InitVal type: 0x5b6c71992198
[DEBUG IR_GEN] Default builder.CreateStore for v_ptr
[DEBUG CODEGEN CALL] Generating call to: drop
[DEBUG CODEGEN CALL] Generating call to: npk_mem_write_byte
[DEBUG CODEGEN CALL] Generating call to: drop
[DEBUG CODEGEN CALL] Generating call to: npk_mem_write_int64
[DEBUG CODEGEN CALL] Generating call to: drop
[DEBUG CODEGEN CALL] Generating call to: npk_mem_write_int64
[DEBUG-BINARY] op=163 leftType=1 rightType=0 leftNumType= rightNumType=
[DEBUG-XXX] op: 163, left: 1, right: 0
[DEBUG ASSIGNMENT] op=168, leftType=1 (POINTER_MEMBER=7)
[DEBUG CODEGEN CALL] Generating call to: drop
[DEBUG CODEGEN CALL] Generating call to: skip_whitespace
[DEBUG ASSIGNMENT] op=168, leftType=1 (POINTER_MEMBER=7)
[DEBUG CODEGEN CALL] Generating call to: npk_mem_read_byte
[DEBUG CODEGEN CALL] Generating call to: raw
[DEBUG CODEGEN CALL] Generating call to: state_get_buf
[DEBUG CODEGEN CALL] Generating call to: raw
[DEBUG CODEGEN CALL] Generating call to: state_get_pos
[DEBUG CODEGEN CALL] Generating call to: drop
[DEBUG CODEGEN CALL] Generating call to: state_set_pos
[DEBUG-XXX] op: 161, left: 4, right: 0
[DEBUG CODEGEN CALL] Generating call to: raw
[DEBUG CODEGEN CALL] Generating call to: state_get_pos
[DEBUG CODEGEN CALL] Generating call to: drop
[DEBUG CODEGEN CALL] Generating call to: state_set_pos
[DEBUG-XXX] op: 161, left: 4, right: 0
[DEBUG CODEGEN CALL] Generating call to: raw
[DEBUG CODEGEN CALL] Generating call to: state_get_pos
[DEBUG CODEGEN CALL] Generating call to: raw
[DEBUG CODEGEN CALL] Generating call to: json_arena_alloc
[DEBUG CODEGEN CALL] Generating call to: raw
[DEBUG CODEGEN CALL] Generating call to: state_get_arena_ptr
[DEBUG IR_GEN] Initializer generated for 'obj_ptr', value = 0x5b6c74c25f50
[DEBUG IR_GEN] InitVal type: 0x5b6c71992198
[DEBUG IR_GEN] Default builder.CreateStore for obj_ptr
[DEBUG CODEGEN CALL] Generating call to: drop
[DEBUG CODEGEN CALL] Generating call to: npk_mem_write_int32
[DEBUG CODEGEN CALL] Generating call to: drop
[DEBUG CODEGEN CALL] Generating call to: npk_mem_write_int64
[DEBUG CODEGEN CALL] Generating call to: drop
[DEBUG CODEGEN CALL] Generating call to: npk_mem_write_int64
[DEBUG CODEGEN CALL] Generating call to: raw
[DEBUG CODEGEN CALL] Generating call to: state_get_depth
[DEBUG CODEGEN CALL] Generating call to: drop
[DEBUG CODEGEN CALL] Generating call to: state_set_depth
[DEBUG-XXX] op: 161, left: 4, right: 0
[DEBUG CODEGEN CALL] Generating call to: raw
[DEBUG CODEGEN CALL] Generating call to: state_get_depth
[DEBUG CODEGEN CALL] Generating call to: drop
[DEBUG CODEGEN CALL] Generating call to: skip_whitespace
[DEBUG CODEGEN CALL] Generating call to: raw
[DEBUG CODEGEN CALL] Generating call to: state_get_pos
[DEBUG CODEGEN CALL] Generating call to: raw
[DEBUG CODEGEN CALL] Generating call to: state_get_length
[DEBUG CODEGEN CALL] Generating call to: npk_mem_read_byte
[DEBUG CODEGEN CALL] Generating call to: raw
[DEBUG CODEGEN CALL] Generating call to: state_get_buf
[DEBUG CODEGEN CALL] Generating call to: raw
[DEBUG CODEGEN CALL] Generating call to: state_get_pos
[DEBUG IR_GEN] Initializer generated for 'c', value = 0x5b6c748f34a0
[DEBUG IR_GEN] InitVal type: 0x5b6c71992150
[DEBUG IR_GEN] Default builder.CreateStore for c
[DEBUG CODEGEN CALL] Generating call to: parse_object
[DEBUG IR_GEN] Initializer generated for 'obj_res', value = 0x5b6c74a118c0
[DEBUG IR_GEN] InitVal type: 0x5b6c74933cc0
[DEBUG IR_GEN] Default builder.CreateStore for obj_res
[DEBUG IR_GEN] Initializer generated for 'obj', value = 0x5b6c74b55fe0
[DEBUG IR_GEN] InitVal type: 0x5b6c74933c90
[DEBUG IR_GEN] Default builder.CreateStore for obj
[DEBUG CODEGEN CALL] Generating call to: drop
[DEBUG CODEGEN CALL] Generating call to: state_set_depth
[DEBUG-XXX] op: 162, left: 4, right: 0
[DEBUG CODEGEN CALL] Generating call to: raw
[DEBUG CODEGEN CALL] Generating call to: state_get_depth
[DEBUG CODEGEN CALL] Generating call to: parse_array
[DEBUG IR_GEN] Initializer generated for 'arr_res', value = 0x5b6c74aa10b0
[DEBUG IR_GEN] InitVal type: 0x5b6c74933cc0
[DEBUG IR_GEN] Default builder.CreateStore for arr_res
[DEBUG IR_GEN] Initializer generated for 'arr', value = 0x5b6c74c28960
[DEBUG IR_GEN] InitVal type: 0x5b6c74933c90
[DEBUG IR_GEN] Default builder.CreateStore for arr
[DEBUG CODEGEN CALL] Generating call to: drop
[DEBUG CODEGEN CALL] Generating call to: state_set_depth
[DEBUG-XXX] op: 162, left: 4, right: 0
[DEBUG CODEGEN CALL] Generating call to: raw
[DEBUG CODEGEN CALL] Generating call to: state_get_depth
[DEBUG CODEGEN CALL] Generating call to: parse_string
[DEBUG IR_GEN] Initializer generated for 's_res', value = 0x5b6c74c618d0
[DEBUG IR_GEN] InitVal type: 0x5b6c74933dc0
[DEBUG IR_GEN] Default builder.CreateStore for s_res
[DEBUG IR_GEN] Initializer generated for 's', value = 0x5b6c74ab4e70
[DEBUG IR_GEN] InitVal type: 0x5b6c74933d90
[DEBUG IR_GEN] Default builder.CreateStore for s
[DEBUG CODEGEN CALL] Generating call to: raw
[DEBUG CODEGEN CALL] Generating call to: json_arena_alloc
[DEBUG CODEGEN CALL] Generating call to: raw
[DEBUG CODEGEN CALL] Generating call to: state_get_arena_ptr
[DEBUG IR_GEN] Initializer generated for 's_ptr', value = 0x5b6c74bc3d20
[DEBUG IR_GEN] InitVal type: 0x5b6c71992198
[DEBUG IR_GEN] Default builder.CreateStore for s_ptr
[DEBUG CODEGEN CALL] Generating call to: drop
[DEBUG CODEGEN CALL] Generating call to: npk_mem_write_int32
[DEBUG CODEGEN CALL] Generating call to: drop
[DEBUG CODEGEN CALL] Generating call to: npk_mem_write_int64
[DEBUG CODEGEN CALL] Generating call to: drop
[DEBUG CODEGEN CALL] Generating call to: state_set_depth
[DEBUG-XXX] op: 162, left: 4, right: 0
[DEBUG CODEGEN CALL] Generating call to: raw
[DEBUG CODEGEN CALL] Generating call to: state_get_depth
[DEBUG CODEGEN CALL] Generating call to: drop
[DEBUG CODEGEN CALL] Generating call to: state_set_pos
[DEBUG-XXX] op: 161, left: 4, right: 0
[DEBUG CODEGEN CALL] Generating call to: raw
[DEBUG CODEGEN CALL] Generating call to: state_get_pos
[DEBUG CODEGEN CALL] Generating call to: drop
[DEBUG CODEGEN CALL] Generating call to: state_set_depth
[DEBUG-XXX] op: 162, left: 4, right: 0
[DEBUG CODEGEN CALL] Generating call to: raw
[DEBUG CODEGEN CALL] Generating call to: state_get_depth
[DEBUG CODEGEN CALL] Generating call to: drop
[DEBUG CODEGEN CALL] Generating call to: state_set_pos
[DEBUG-XXX] op: 161, left: 4, right: 0
[DEBUG CODEGEN CALL] Generating call to: raw
[DEBUG CODEGEN CALL] Generating call to: state_get_pos
[DEBUG CODEGEN CALL] Generating call to: drop
[DEBUG CODEGEN CALL] Generating call to: state_set_depth
[DEBUG-XXX] op: 162, left: 4, right: 0
[DEBUG CODEGEN CALL] Generating call to: raw
[DEBUG CODEGEN CALL] Generating call to: state_get_depth
[DEBUG CODEGEN CALL] Generating call to: drop
[DEBUG CODEGEN CALL] Generating call to: state_set_pos
[DEBUG-XXX] op: 161, left: 4, right: 0
[DEBUG CODEGEN CALL] Generating call to: raw
[DEBUG CODEGEN CALL] Generating call to: state_get_pos
[DEBUG CODEGEN CALL] Generating call to: drop
[DEBUG CODEGEN CALL] Generating call to: state_set_depth
[DEBUG-XXX] op: 162, left: 4, right: 0
[DEBUG CODEGEN CALL] Generating call to: raw
[DEBUG CODEGEN CALL] Generating call to: state_get_depth
[DEBUG CODEGEN CALL] Generating call to: raw
[DEBUG CODEGEN CALL] Generating call to: state_get_pos
[DEBUG IR_GEN] Initializer generated for 'scan_pos', value = 0x5b6c74bb6170
[DEBUG IR_GEN] InitVal type: 0x5b6c71992198
[DEBUG IR_GEN] Default builder.CreateStore for scan_pos
[DEBUG IR_GEN] Initializer generated for 'has_dot', value = 0x5b6c74325da0
[DEBUG IR_GEN] InitVal type: 0x5b6c71992198
[DEBUG IR_GEN] Default builder.CreateStore for has_dot
[DEBUG WHILE] Parsing condition for while loop. NodeType: 2
   BinaryOp Type: 176
[DEBUG CODEGEN CALL] Generating call to: raw
[DEBUG CODEGEN CALL] Generating call to: state_get_length
[DEBUG CODEGEN CALL] Generating call to: npk_mem_read_byte
[DEBUG CODEGEN CALL] Generating call to: raw
[DEBUG CODEGEN CALL] Generating call to: state_get_buf
[DEBUG IR_GEN] Initializer generated for 'sc', value = 0x5b6c74b64120
[DEBUG IR_GEN] InitVal type: 0x5b6c71992150
[DEBUG IR_GEN] Default builder.CreateStore for sc
[DEBUG ASSIGNMENT] op=168, leftType=1 (POINTER_MEMBER=7)
[DEBUG ASSIGNMENT] op=168, leftType=1 (POINTER_MEMBER=7)
[DEBUG CODEGEN CALL] Generating call to: parse_f64
[DEBUG IR_GEN] Initializer generated for 'fv_res', value = 0x5b6c74b78c10
[DEBUG IR_GEN] InitVal type: 0x5b6c746f12b0
[DEBUG IR_GEN] Default builder.CreateStore for fv_res
[DEBUG IR_GEN] Initializer generated for 'fv', value = 0x5b6c74b790f0
[DEBUG IR_GEN] InitVal type: 0x5b6c71992090
[DEBUG IR_GEN] Default builder.CreateStore for fv
[DEBUG IR_GEN] Initializer generated for 'fv_bits', value = 0x5b6c74b6e5c0
[DEBUG IR_GEN] InitVal type: 0x5b6c71992198
[DEBUG IR_GEN] Default builder.CreateStore for fv_bits
[DEBUG CODEGEN CALL] Generating call to: drop
[DEBUG CODEGEN CALL] Generating call to: state_set_depth
[DEBUG-XXX] op: 162, left: 4, right: 0
[DEBUG CODEGEN CALL] Generating call to: raw
[DEBUG CODEGEN CALL] Generating call to: state_get_depth
[DEBUG CODEGEN CALL] Generating call to: parse_i64
[DEBUG IR_GEN] Initializer generated for 'iv_res', value = 0x5b6c74b6b550
[DEBUG IR_GEN] InitVal type: 0x5b6c746f0f10
[DEBUG IR_GEN] Default builder.CreateStore for iv_res
[DEBUG IR_GEN] Initializer generated for 'iv', value = 0x5b6c74b6ba30
[DEBUG IR_GEN] InitVal type: 0x5b6c71992198
[DEBUG IR_GEN] Default builder.CreateStore for iv
[DEBUG CODEGEN CALL] Generating call to: drop
[DEBUG CODEGEN CALL] Generating call to: state_set_depth
[DEBUG-XXX] op: 162, left: 4, right: 0
[DEBUG CODEGEN CALL] Generating call to: raw
[DEBUG CODEGEN CALL] Generating call to: state_get_depth
[DEBUG CODEGEN CALL] Generating call to: string_length
[DEBUG IR_GEN] Initializer generated for 'len', value = 0x5b6c74ba9be0
[DEBUG IR_GEN] InitVal type: 0x5b6c71992198
[DEBUG IR_GEN] Default builder.CreateStore for len
[DEBUG CODEGEN CALL] Generating call to: string_to_cstr
[DEBUG IR_GEN] Initializer generated for 'ptr', value = 0x5b6c74ba9db0
[DEBUG IR_GEN] InitVal type: 0x5b6c71992198
[DEBUG IR_GEN] Default builder.CreateStore for ptr
[DEBUG CODEGEN CALL] Generating call to: parse_json_raw
[DEBUG CODEGEN CALL] Generating call to: raw
[DEBUG CODEGEN CALL] Generating call to: json_arena_alloc
[DEBUG IR_GEN] Initializer generated for 'state', value = 0x5b6c74b51070
[DEBUG IR_GEN] InitVal type: 0x5b6c71992198
[DEBUG IR_GEN] Default builder.CreateStore for state
[DEBUG CODEGEN CALL] Generating call to: drop
[DEBUG CODEGEN CALL] Generating call to: npk_mem_write_int64
[DEBUG CODEGEN CALL] Generating call to: drop
[DEBUG CODEGEN CALL] Generating call to: npk_mem_write_int64
[DEBUG CODEGEN CALL] Generating call to: drop
[DEBUG CODEGEN CALL] Generating call to: npk_mem_write_int64
[DEBUG CODEGEN CALL] Generating call to: drop
[DEBUG CODEGEN CALL] Generating call to: npk_mem_write_int64
[DEBUG CODEGEN CALL] Generating call to: drop
[DEBUG CODEGEN CALL] Generating call to: npk_mem_write_int64
[DEBUG CODEGEN CALL] Generating call to: parse_value
[DEBUG IR_GEN] Initializer generated for 'val_res', value = 0x5b6c74b520f0
[DEBUG IR_GEN] InitVal type: 0x5b6c74933cc0
[DEBUG IR_GEN] Default builder.CreateStore for val_res
[DEBUG IR_GEN] Initializer generated for 'msg', value = 0x5b6c74af9eb0
[DEBUG IR_GEN] InitVal type: 0x5b6c746f0df0
[DEBUG IR_GEN] Default builder.CreateStore for msg
[DEBUG ASSIGNMENT] op=168, leftType=1 (POINTER_MEMBER=7)
[DEBUG ASSIGNMENT] op=168, leftType=1 (POINTER_MEMBER=7)
[DEBUG ASSIGNMENT] op=168, leftType=1 (POINTER_MEMBER=7)
[DEBUG ASSIGNMENT] op=168, leftType=1 (POINTER_MEMBER=7)
[DEBUG ASSIGNMENT] op=168, leftType=1 (POINTER_MEMBER=7)
[DEBUG ASSIGNMENT] op=168, leftType=1 (POINTER_MEMBER=7)
[DEBUG ASSIGNMENT] op=168, leftType=1 (POINTER_MEMBER=7)
[DEBUG ASSIGNMENT] op=168, leftType=1 (POINTER_MEMBER=7)
[DEBUG ASSIGNMENT] op=168, leftType=1 (POINTER_MEMBER=7)
[DEBUG ASSIGNMENT] op=168, leftType=1 (POINTER_MEMBER=7)
[DEBUG ASSIGNMENT] op=168, leftType=1 (POINTER_MEMBER=7)
[DEBUG ASSIGNMENT] op=168, leftType=1 (POINTER_MEMBER=7)
[DEBUG CODEGEN CALL] Generating call to: string_from_int
[DEBUG IR_GEN] Initializer generated for 'res', value = 0x5b6c74c13dd0
[DEBUG IR_GEN] InitVal type: 0x5b6c746f0df0
[DEBUG IR_GEN] Default builder.CreateStore for res
[DEBUG ASSIGNMENT] op=168, leftType=1 (POINTER_MEMBER=7)
[DEBUG CODEGEN CALL] Generating call to: npk_core_alloc
[DEBUG IR_GEN] Initializer generated for 'i', value = 0x5b6c74325da0
[DEBUG IR_GEN] InitVal type: 0x5b6c71992198
[DEBUG IR_GEN] Default builder.CreateStore for i
[DEBUG WHILE] Parsing condition for while loop. NodeType: 2
   BinaryOp Type: 176
[DEBUG IR_GEN] Initializer generated for 'c', value = 0x5b6c74bb6380
[DEBUG IR_GEN] InitVal type: 0x5b6c71992198
[DEBUG IR_GEN] Default builder.CreateStore for c
[DEBUG IR_GEN] Initializer generated for 'j', value = 0x5b6c74325da0
[DEBUG IR_GEN] InitVal type: 0x5b6c71992198
[DEBUG IR_GEN] Default builder.CreateStore for j
[DEBUG WHILE] Parsing condition for while loop. NodeType: 2
   BinaryOp Type: 176
[DEBUG ASSIGNMENT] op=168, leftType=1 (POINTER_MEMBER=7)
[DEBUG ASSIGNMENT] op=168, leftType=1 (POINTER_MEMBER=7)
[DEBUG ASSIGNMENT] op=168, leftType=1 (POINTER_MEMBER=7)
[DEBUG CODEGEN CALL] Generating call to: drop
[DEBUG CODEGEN CALL] Generating call to: npk_mem_write_int64
[DEBUG-BINARY] op=163 leftType=1 rightType=0 leftNumType= rightNumType=
[DEBUG-XXX] op: 163, left: 1, right: 0
[DEBUG ASSIGNMENT] op=168, leftType=1 (POINTER_MEMBER=7)
[DEBUG CODEGEN CALL] Generating call to: drop
[DEBUG CODEGEN CALL] Generating call to: crc32_init
[DEBUG IR_GEN] Initializer generated for 'crc', value = 0x5b6c74944c40
[DEBUG IR_GEN] InitVal type: 0x5b6c71992198
[DEBUG IR_GEN] Default builder.CreateStore for crc
[DEBUG IR_GEN] Initializer generated for 'i', value = 0x5b6c74325da0
[DEBUG IR_GEN] InitVal type: 0x5b6c71992198
[DEBUG IR_GEN] Default builder.CreateStore for i
[DEBUG WHILE] Parsing condition for while loop. NodeType: 2
   BinaryOp Type: 176
[DEBUG CODEGEN CALL] Generating call to: npk_mem_read_byte
[DEBUG IR_GEN] Initializer generated for 'byte_val', value = 0x5b6c74ccb060
[DEBUG IR_GEN] InitVal type: 0x5b6c71992198
[DEBUG IR_GEN] Default builder.CreateStore for byte_val
[DEBUG IR_GEN] Initializer generated for 'idx', value = 0x5b6c74a31280
[DEBUG IR_GEN] InitVal type: 0x5b6c71992198
[DEBUG IR_GEN] Default builder.CreateStore for idx
[DEBUG CODEGEN CALL] Generating call to: npk_mem_read_int64
[DEBUG-BINARY] op=163 leftType=1 rightType=0 leftNumType= rightNumType=
[DEBUG-XXX] op: 163, left: 1, right: 0
[DEBUG IR_GEN] Initializer generated for 'table_val', value = 0x5b6c74a316f0
[DEBUG IR_GEN] InitVal type: 0x5b6c71992198
[DEBUG IR_GEN] Default builder.CreateStore for table_val
[DEBUG ASSIGNMENT] op=168, leftType=1 (POINTER_MEMBER=7)
[DEBUG ASSIGNMENT] op=168, leftType=1 (POINTER_MEMBER=7)
[DEBUG CODEGEN CALL] Generating call to: npk_mem_read_int64
[DEBUG CODEGEN CALL] Generating call to: drop
[DEBUG CODEGEN CALL] Generating call to: npk_mem_write_int64
[DEBUG CODEGEN CALL] Generating call to: npk_mem_read_int64
[DEBUG CODEGEN CALL] Generating call to: drop
[DEBUG CODEGEN CALL] Generating call to: npk_mem_write_int64
[DEBUG CODEGEN CALL] Generating call to: npk_mem_read_int64
[DEBUG CODEGEN CALL] Generating call to: drop
[DEBUG CODEGEN CALL] Generating call to: npk_mem_write_int64
[DEBUG CODEGEN CALL] Generating call to: raw
[DEBUG CODEGEN CALL] Generating call to: buf_get_cursor
[DEBUG CODEGEN CALL] Generating call to: raw
[DEBUG CODEGEN CALL] Generating call to: buf_get_capacity
[DEBUG CODEGEN CALL] Generating call to: raw
[DEBUG CODEGEN CALL] Generating call to: buf_get_capacity
[DEBUG IR_GEN] Initializer generated for 'new_cap', value = 0x5b6c74bc98c0
[DEBUG IR_GEN] InitVal type: 0x5b6c71992198
[DEBUG IR_GEN] Default builder.CreateStore for new_cap
[DEBUG CODEGEN CALL] Generating call to: raw
[DEBUG CODEGEN CALL] Generating call to: buf_get_cursor
[DEBUG ASSIGNMENT] op=168, leftType=1 (POINTER_MEMBER=7)
[DEBUG CODEGEN CALL] Generating call to: raw
[DEBUG CODEGEN CALL] Generating call to: buf_get_cursor
[DEBUG CODEGEN CALL] Generating call to: npk_core_alloc
[DEBUG IR_GEN] Initializer generated for 'new_data', value = 0x5b6c74b3a030
[DEBUG IR_GEN] InitVal type: 0x5b6c71992198
[DEBUG IR_GEN] Default builder.CreateStore for new_data
[DEBUG CODEGEN CALL] Generating call to: drop
[DEBUG CODEGEN CALL] Generating call to: npk_mem_copy
[DEBUG CODEGEN CALL] Generating call to: raw
[DEBUG CODEGEN CALL] Generating call to: buf_get_data
[DEBUG CODEGEN CALL] Generating call to: raw
[DEBUG CODEGEN CALL] Generating call to: buf_get_cursor
[DEBUG CODEGEN CALL] Generating call to: drop
[DEBUG CODEGEN CALL] Generating call to: npk_core_dalloc
[DEBUG CODEGEN CALL] Generating call to: raw
[DEBUG CODEGEN CALL] Generating call to: buf_get_data
[DEBUG CODEGEN CALL] Generating call to: drop
[DEBUG CODEGEN CALL] Generating call to: buf_set_data
[DEBUG CODEGEN CALL] Generating call to: drop
[DEBUG CODEGEN CALL] Generating call to: buf_set_capacity
[DEBUG CODEGEN CALL] Generating call to: drop
[DEBUG CODEGEN CALL] Generating call to: serial_buffer_ensure
[DEBUG CODEGEN CALL] Generating call to: drop
[DEBUG CODEGEN CALL] Generating call to: npk_mem_write_byte
[DEBUG CODEGEN CALL] Generating call to: raw
[DEBUG CODEGEN CALL] Generating call to: buf_get_data
[DEBUG CODEGEN CALL] Generating call to: raw
[DEBUG CODEGEN CALL] Generating call to: buf_get_cursor
[DEBUG CODEGEN CALL] Generating call to: drop
[DEBUG CODEGEN CALL] Generating call to: buf_set_cursor
[DEBUG-XXX] op: 161, left: 4, right: 0
[DEBUG CODEGEN CALL] Generating call to: raw
[DEBUG CODEGEN CALL] Generating call to: buf_get_cursor
[DEBUG CODEGEN CALL] Generating call to: drop
[DEBUG CODEGEN CALL] Generating call to: serial_buffer_ensure
[DEBUG CODEGEN CALL] Generating call to: drop
[DEBUG CODEGEN CALL] Generating call to: npk_mem_write_int64
[DEBUG CODEGEN CALL] Generating call to: raw
[DEBUG CODEGEN CALL] Generating call to: buf_get_data
[DEBUG CODEGEN CALL] Generating call to: raw
[DEBUG CODEGEN CALL] Generating call to: buf_get_cursor
[DEBUG CODEGEN CALL] Generating call to: drop
[DEBUG CODEGEN CALL] Generating call to: buf_set_cursor
[DEBUG-XXX] op: 161, left: 4, right: 0
[DEBUG CODEGEN CALL] Generating call to: raw
[DEBUG CODEGEN CALL] Generating call to: buf_get_cursor
[DEBUG CODEGEN CALL] Generating call to: drop
[DEBUG CODEGEN CALL] Generating call to: serial_buffer_ensure
[DEBUG CODEGEN CALL] Generating call to: drop
[DEBUG CODEGEN CALL] Generating call to: npk_mem_write_int64
[DEBUG CODEGEN CALL] Generating call to: raw
[DEBUG CODEGEN CALL] Generating call to: buf_get_data
[DEBUG CODEGEN CALL] Generating call to: raw
[DEBUG CODEGEN CALL] Generating call to: buf_get_cursor
[DEBUG CODEGEN CALL] Generating call to: drop
[DEBUG CODEGEN CALL] Generating call to: buf_set_cursor
[DEBUG-XXX] op: 161, left: 4, right: 0
[DEBUG CODEGEN CALL] Generating call to: raw
[DEBUG CODEGEN CALL] Generating call to: buf_get_cursor
[DEBUG CODEGEN CALL] Generating call to: drop
[DEBUG CODEGEN CALL] Generating call to: serial_buffer_ensure
[DEBUG CODEGEN CALL] Generating call to: drop
[DEBUG CODEGEN CALL] Generating call to: npk_mem_write_int64
[DEBUG CODEGEN CALL] Generating call to: raw
[DEBUG CODEGEN CALL] Generating call to: buf_get_data
[DEBUG CODEGEN CALL] Generating call to: raw
[DEBUG CODEGEN CALL] Generating call to: buf_get_cursor
[DEBUG CODEGEN CALL] Generating call to: drop
[DEBUG CODEGEN CALL] Generating call to: buf_set_cursor
[DEBUG-XXX] op: 161, left: 4, right: 0
[DEBUG CODEGEN CALL] Generating call to: raw
[DEBUG CODEGEN CALL] Generating call to: buf_get_cursor
[DEBUG IR_GEN] Initializer generated for 'str_ptr', value = 0x5b6c74c0ae20
[DEBUG IR_GEN] InitVal type: 0x5b6c71992198
[DEBUG IR_GEN] Default builder.CreateStore for str_ptr
[DEBUG CODEGEN CALL] Generating call to: npk_mem_read_int32
[DEBUG IR_GEN] Initializer generated for 'len', value = 0x5b6c74c0b2c0
[DEBUG IR_GEN] InitVal type: 0x5b6c71992198
[DEBUG IR_GEN] Default builder.CreateStore for len
[DEBUG CODEGEN CALL] Generating call to: npk_mem_read_int64
[DEBUG IR_GEN] Initializer generated for 'data_ptr', value = 0x5b6c74c0b690
[DEBUG IR_GEN] InitVal type: 0x5b6c71992198
[DEBUG IR_GEN] Default builder.CreateStore for data_ptr
[DEBUG CODEGEN CALL] Generating call to: drop
[DEBUG CODEGEN CALL] Generating call to: serial_buffer_ensure
[DEBUG-XXX] op: 161, left: 0, right: 1
[DEBUG CODEGEN CALL] Generating call to: drop
[DEBUG CODEGEN CALL] Generating call to: npk_mem_write_int32
[DEBUG CODEGEN CALL] Generating call to: raw
[DEBUG CODEGEN CALL] Generating call to: buf_get_data
[DEBUG CODEGEN CALL] Generating call to: raw
[DEBUG CODEGEN CALL] Generating call to: buf_get_cursor
[DEBUG CODEGEN CALL] Generating call to: drop
[DEBUG CODEGEN CALL] Generating call to: buf_set_cursor
[DEBUG-XXX] op: 161, left: 4, right: 0
[DEBUG CODEGEN CALL] Generating call to: raw
[DEBUG CODEGEN CALL] Generating call to: buf_get_cursor
[DEBUG CODEGEN CALL] Generating call to: drop
[DEBUG CODEGEN CALL] Generating call to: npk_mem_copy
[DEBUG-XXX] op: 161, left: 4, right: 4
[DEBUG CODEGEN CALL] Generating call to: raw
[DEBUG CODEGEN CALL] Generating call to: buf_get_data
[DEBUG CODEGEN CALL] Generating call to: raw
[DEBUG CODEGEN CALL] Generating call to: buf_get_cursor
[DEBUG CODEGEN CALL] Generating call to: drop
[DEBUG CODEGEN CALL] Generating call to: buf_set_cursor
[DEBUG-XXX] op: 161, left: 4, right: 1
[DEBUG CODEGEN CALL] Generating call to: raw
[DEBUG CODEGEN CALL] Generating call to: buf_get_cursor
[DEBUG IR_GEN] Initializer generated for 'arr_ptr', value = 0x5b6c74a46d00
[DEBUG IR_GEN] InitVal type: 0x5b6c71992198
[DEBUG IR_GEN] Default builder.CreateStore for arr_ptr
[DEBUG CODEGEN CALL] Generating call to: npk_mem_read_int32
[DEBUG IR_GEN] Initializer generated for 'count', value = 0x5b6c74a471a0
[DEBUG IR_GEN] InitVal type: 0x5b6c71992198
[DEBUG IR_GEN] Default builder.CreateStore for count
[DEBUG CODEGEN CALL] Generating call to: npk_mem_read_int64
[DEBUG IR_GEN] Initializer generated for 'handles_ptr', value = 0x5b6c74a47570
[DEBUG IR_GEN] InitVal type: 0x5b6c71992198
[DEBUG IR_GEN] Default builder.CreateStore for handles_ptr
[DEBUG CODEGEN CALL] Generating call to: drop
[DEBUG CODEGEN CALL] Generating call to: serial_buffer_ensure
[DEBUG CODEGEN CALL] Generating call to: drop
[DEBUG CODEGEN CALL] Generating call to: npk_mem_write_int32
[DEBUG CODEGEN CALL] Generating call to: raw
[DEBUG CODEGEN CALL] Generating call to: buf_get_data
[DEBUG CODEGEN CALL] Generating call to: raw
[DEBUG CODEGEN CALL] Generating call to: buf_get_cursor
[DEBUG CODEGEN CALL] Generating call to: drop
[DEBUG CODEGEN CALL] Generating call to: buf_set_cursor
[DEBUG-XXX] op: 161, left: 4, right: 0
[DEBUG CODEGEN CALL] Generating call to: raw
[DEBUG CODEGEN CALL] Generating call to: buf_get_cursor
[DEBUG IR_GEN] Initializer generated for 'i', value = 0x5b6c74325da0
[DEBUG IR_GEN] InitVal type: 0x5b6c71992198
[DEBUG IR_GEN] Default builder.CreateStore for i
[DEBUG WHILE] Parsing condition for while loop. NodeType: 2
   BinaryOp Type: 176
[DEBUG CODEGEN CALL] Generating call to: npk_mem_read_int64
[DEBUG-BINARY] op=163 leftType=1 rightType=0 leftNumType= rightNumType=
[DEBUG-XXX] op: 163, left: 1, right: 0
[DEBUG IR_GEN] Initializer generated for 'elem_ptr', value = 0x5b6c74d69460
[DEBUG IR_GEN] InitVal type: 0x5b6c71992198
[DEBUG IR_GEN] Default builder.CreateStore for elem_ptr
[DEBUG CODEGEN CALL] Generating call to: npk_mem_read_byte
[DEBUG CODEGEN CALL] Generating call to: npk_mem_read_int64
[DEBUG IR_GEN] Initializer generated for 'elem', value = 0x5b6c74d69e60
[DEBUG IR_GEN] InitVal type: 0x5b6c74933c90
[DEBUG IR_GEN] Default builder.CreateStore for elem
[DEBUG CODEGEN CALL] Generating call to: drop
[DEBUG CODEGEN CALL] Generating call to: serialize_value
[DEBUG ASSIGNMENT] op=168, leftType=1 (POINTER_MEMBER=7)
[DEBUG IR_GEN] Initializer generated for 'obj_ptr', value = 0x5b6c74d6cb70
[DEBUG IR_GEN] InitVal type: 0x5b6c71992198
[DEBUG IR_GEN] Default builder.CreateStore for obj_ptr
[DEBUG CODEGEN CALL] Generating call to: npk_mem_read_int32
[DEBUG IR_GEN] Initializer generated for 'count', value = 0x5b6c74a60430
[DEBUG IR_GEN] InitVal type: 0x5b6c71992198
[DEBUG IR_GEN] Default builder.CreateStore for count
[DEBUG CODEGEN CALL] Generating call to: npk_mem_read_int64
[DEBUG IR_GEN] Initializer generated for 'keys_ptr', value = 0x5b6c74d6d310
[DEBUG IR_GEN] InitVal type: 0x5b6c71992198
[DEBUG IR_GEN] Default builder.CreateStore for keys_ptr
[DEBUG CODEGEN CALL] Generating call to: npk_mem_read_int64
[DEBUG IR_GEN] Initializer generated for 'vals_ptr', value = 0x5b6c74d6d650
[DEBUG IR_GEN] InitVal type: 0x5b6c71992198
[DEBUG IR_GEN] Default builder.CreateStore for vals_ptr
[DEBUG CODEGEN CALL] Generating call to: drop
[DEBUG CODEGEN CALL] Generating call to: serial_buffer_ensure
[DEBUG CODEGEN CALL] Generating call to: drop
[DEBUG CODEGEN CALL] Generating call to: npk_mem_write_int32
[DEBUG CODEGEN CALL] Generating call to: raw
[DEBUG CODEGEN CALL] Generating call to: buf_get_data
[DEBUG CODEGEN CALL] Generating call to: raw
[DEBUG CODEGEN CALL] Generating call to: buf_get_cursor
[DEBUG CODEGEN CALL] Generating call to: drop
[DEBUG CODEGEN CALL] Generating call to: buf_set_cursor
[DEBUG-XXX] op: 161, left: 4, right: 0
[DEBUG CODEGEN CALL] Generating call to: raw
[DEBUG CODEGEN CALL] Generating call to: buf_get_cursor
[DEBUG IR_GEN] Initializer generated for 'i', value = 0x5b6c74325da0
[DEBUG IR_GEN] InitVal type: 0x5b6c71992198
[DEBUG IR_GEN] Default builder.CreateStore for i
[DEBUG WHILE] Parsing condition for while loop. NodeType: 2
   BinaryOp Type: 176
[DEBUG CODEGEN CALL] Generating call to: npk_mem_read_int64
[DEBUG-BINARY] op=163 leftType=1 rightType=0 leftNumType= rightNumType=
[DEBUG-XXX] op: 163, left: 1, right: 0
[DEBUG IR_GEN] Initializer generated for 'key_ptr', value = 0x5b6c74daa0b0
[DEBUG IR_GEN] InitVal type: 0x5b6c71992198
[DEBUG IR_GEN] Default builder.CreateStore for key_ptr
[DEBUG IR_GEN] Initializer generated for 'k_elem', value = 0x5b6c74daa810
[DEBUG IR_GEN] InitVal type: 0x5b6c74933c90
[DEBUG IR_GEN] Default builder.CreateStore for k_elem
[DEBUG CODEGEN CALL] Generating call to: drop
[DEBUG CODEGEN CALL] Generating call to: serialize_value
[DEBUG CODEGEN CALL] Generating call to: npk_mem_read_int64
[DEBUG-BINARY] op=163 leftType=1 rightType=0 leftNumType= rightNumType=
[DEBUG-XXX] op: 163, left: 1, right: 0
[DEBUG IR_GEN] Initializer generated for 'val_ptr', value = 0x5b6c74daafb0
[DEBUG IR_GEN] InitVal type: 0x5b6c71992198
[DEBUG IR_GEN] Default builder.CreateStore for val_ptr
[DEBUG CODEGEN CALL] Generating call to: npk_mem_read_byte
[DEBUG CODEGEN CALL] Generating call to: npk_mem_read_int64
[DEBUG IR_GEN] Initializer generated for 'v_elem', value = 0x5b6c74dab990
[DEBUG IR_GEN] InitVal type: 0x5b6c74933c90
[DEBUG IR_GEN] Default builder.CreateStore for v_elem
[DEBUG CODEGEN CALL] Generating call to: drop
[DEBUG CODEGEN CALL] Generating call to: serialize_value
[DEBUG ASSIGNMENT] op=168, leftType=1 (POINTER_MEMBER=7)
[DEBUG IR_GEN] Initializer generated for 'initial_cap', value = 0x5b6c74757fe0
[DEBUG IR_GEN] InitVal type: 0x5b6c71992198
[DEBUG IR_GEN] Default builder.CreateStore for initial_cap
[DEBUG CODEGEN CALL] Generating call to: npk_core_alloc
[DEBUG IR_GEN] Initializer generated for 'buf', value = 0x5b6c74dac5a0
[DEBUG IR_GEN] InitVal type: 0x5b6c71992198
[DEBUG IR_GEN] Default builder.CreateStore for buf
[DEBUG CODEGEN CALL] Generating call to: drop
[DEBUG CODEGEN CALL] Generating call to: buf_set_data
[DEBUG CODEGEN CALL] Generating call to: npk_core_alloc
[DEBUG CODEGEN CALL] Generating call to: drop
[DEBUG CODEGEN CALL] Generating call to: buf_set_capacity
[DEBUG CODEGEN CALL] Generating call to: drop
[DEBUG CODEGEN CALL] Generating call to: buf_set_cursor
[DEBUG CODEGEN CALL] Generating call to: drop
[DEBUG CODEGEN CALL] Generating call to: serialize_value
[DEBUG CODEGEN CALL] Generating call to: drop
[DEBUG CODEGEN CALL] Generating call to: npk_mem_write_int64
[DEBUG CODEGEN CALL] Generating call to: raw
[DEBUG CODEGEN CALL] Generating call to: buf_get_cursor
[DEBUG CODEGEN CALL] Generating call to: raw
[DEBUG CODEGEN CALL] Generating call to: buf_get_data
[DEBUG IR_GEN] Initializer generated for 'initial_cap', value = 0x5b6c74757fe0
[DEBUG IR_GEN] InitVal type: 0x5b6c71992198
[DEBUG IR_GEN] Default builder.CreateStore for initial_cap
[DEBUG CODEGEN CALL] Generating call to: npk_core_alloc
[DEBUG IR_GEN] Initializer generated for 'buf', value = 0x5b6c74dae140
[DEBUG IR_GEN] InitVal type: 0x5b6c71992198
[DEBUG IR_GEN] Default builder.CreateStore for buf
[DEBUG CODEGEN CALL] Generating call to: drop
[DEBUG CODEGEN CALL] Generating call to: buf_set_data
[DEBUG CODEGEN CALL] Generating call to: npk_core_alloc
[DEBUG CODEGEN CALL] Generating call to: drop
[DEBUG CODEGEN CALL] Generating call to: buf_set_capacity
[DEBUG CODEGEN CALL] Generating call to: drop
[DEBUG CODEGEN CALL] Generating call to: buf_set_cursor
[DEBUG CODEGEN CALL] Generating call to: drop
[DEBUG CODEGEN CALL] Generating call to: serial_buffer_ensure
[DEBUG CODEGEN CALL] Generating call to: drop
[DEBUG CODEGEN CALL] Generating call to: npk_mem_write_int32
[DEBUG CODEGEN CALL] Generating call to: raw
[DEBUG CODEGEN CALL] Generating call to: buf_get_data
[DEBUG CODEGEN CALL] Generating call to: raw
[DEBUG CODEGEN CALL] Generating call to: buf_get_cursor
[DEBUG CODEGEN CALL] Generating call to: drop
[DEBUG CODEGEN CALL] Generating call to: buf_set_cursor
[DEBUG-XXX] op: 161, left: 4, right: 0
[DEBUG CODEGEN CALL] Generating call to: raw
[DEBUG CODEGEN CALL] Generating call to: buf_get_cursor
[DEBUG IR_GEN] Initializer generated for 'vec_byte_len', value = 0x5b6c74daf520
[DEBUG IR_GEN] InitVal type: 0x5b6c71992198
[DEBUG IR_GEN] Default builder.CreateStore for vec_byte_len
[DEBUG CODEGEN CALL] Generating call to: drop
[DEBUG CODEGEN CALL] Generating call to: serial_buffer_ensure
[DEBUG CODEGEN CALL] Generating call to: drop
[DEBUG CODEGEN CALL] Generating call to: npk_mem_copy
[DEBUG-XXX] op: 161, left: 4, right: 4
[DEBUG CODEGEN CALL] Generating call to: raw
[DEBUG CODEGEN CALL] Generating call to: buf_get_data
[DEBUG CODEGEN CALL] Generating call to: raw
[DEBUG CODEGEN CALL] Generating call to: buf_get_cursor
[DEBUG CODEGEN CALL] Generating call to: drop
[DEBUG CODEGEN CALL] Generating call to: buf_set_cursor
[DEBUG-XXX] op: 161, left: 4, right: 1
[DEBUG CODEGEN CALL] Generating call to: raw
[DEBUG CODEGEN CALL] Generating call to: buf_get_cursor
[DEBUG CODEGEN CALL] Generating call to: drop
[DEBUG CODEGEN CALL] Generating call to: serial_buffer_ensure
[DEBUG CODEGEN CALL] Generating call to: raw
[DEBUG CODEGEN CALL] Generating call to: buf_get_cursor
[DEBUG IR_GEN] Initializer generated for 'json_len_offset', value = 0x5b6c74c01490
[DEBUG IR_GEN] InitVal type: 0x5b6c71992198
[DEBUG IR_GEN] Default builder.CreateStore for json_len_offset
[DEBUG CODEGEN CALL] Generating call to: drop
[DEBUG CODEGEN CALL] Generating call to: buf_set_cursor
[DEBUG-XXX] op: 161, left: 4, right: 0
[DEBUG CODEGEN CALL] Generating call to: raw
[DEBUG CODEGEN CALL] Generating call to: buf_get_cursor
[DEBUG CODEGEN CALL] Generating call to: raw
[DEBUG CODEGEN CALL] Generating call to: buf_get_cursor
[DEBUG IR_GEN] Initializer generated for 'json_start', value = 0x5b6c74c2b490
[DEBUG IR_GEN] InitVal type: 0x5b6c71992198
[DEBUG IR_GEN] Default builder.CreateStore for json_start
[DEBUG CODEGEN CALL] Generating call to: drop
[DEBUG CODEGEN CALL] Generating call to: serialize_value
[DEBUG CODEGEN CALL] Generating call to: raw
[DEBUG CODEGEN CALL] Generating call to: buf_get_cursor
[DEBUG IR_GEN] Initializer generated for 'json_len', value = 0x5b6c74ad4f10
[DEBUG IR_GEN] InitVal type: 0x5b6c71992198
[DEBUG IR_GEN] Default builder.CreateStore for json_len
[DEBUG CODEGEN CALL] Generating call to: drop
[DEBUG CODEGEN CALL] Generating call to: npk_mem_write_int32
[DEBUG CODEGEN CALL] Generating call to: raw
[DEBUG CODEGEN CALL] Generating call to: buf_get_data
[DEBUG CODEGEN CALL] Generating call to: drop
[DEBUG CODEGEN CALL] Generating call to: npk_mem_write_int64
[DEBUG CODEGEN CALL] Generating call to: raw
[DEBUG CODEGEN CALL] Generating call to: buf_get_cursor
[DEBUG CODEGEN CALL] Generating call to: raw
[DEBUG CODEGEN CALL] Generating call to: buf_get_data
[DEBUG CODEGEN CALL] Generating call to: npk_mem_read_int64
[DEBUG IR_GEN] Initializer generated for 'cursor', value = 0x5b6c74af5590
[DEBUG IR_GEN] InitVal type: 0x5b6c71992198
[DEBUG IR_GEN] Default builder.CreateStore for cursor
[DEBUG CODEGEN CALL] Generating call to: npk_mem_read_byte
[DEBUG IR_GEN] Initializer generated for 'type', value = 0x5b6c74a096e0
[DEBUG IR_GEN] InitVal type: 0x5b6c71992150
[DEBUG IR_GEN] Default builder.CreateStore for type
[DEBUG ASSIGNMENT] op=168, leftType=1 (POINTER_MEMBER=7)
[DEBUG CODEGEN CALL] Generating call to: drop
[DEBUG CODEGEN CALL] Generating call to: npk_mem_write_int64
[DEBUG CODEGEN CALL] Generating call to: raw
[DEBUG CODEGEN CALL] Generating call to: json_make_null
[DEBUG CODEGEN CALL] Generating call to: npk_mem_read_int64
[DEBUG IR_GEN] Initializer generated for 'val', value = 0x5b6c74b35c40
[DEBUG IR_GEN] InitVal type: 0x5b6c71992198
[DEBUG IR_GEN] Default builder.CreateStore for val
[DEBUG ASSIGNMENT] op=168, leftType=1 (POINTER_MEMBER=7)
[DEBUG CODEGEN CALL] Generating call to: drop
[DEBUG CODEGEN CALL] Generating call to: npk_mem_write_int64
[DEBUG CODEGEN CALL] Generating call to: raw
[DEBUG CODEGEN CALL] Generating call to: json_make_bool
[DEBUG CODEGEN CALL] Generating call to: npk_mem_read_int64
[DEBUG IR_GEN] Initializer generated for 'val', value = 0x5b6c74c20680
[DEBUG IR_GEN] InitVal type: 0x5b6c71992198
[DEBUG IR_GEN] Default builder.CreateStore for val
[DEBUG ASSIGNMENT] op=168, leftType=1 (POINTER_MEMBER=7)
[DEBUG CODEGEN CALL] Generating call to: drop
[DEBUG CODEGEN CALL] Generating call to: npk_mem_write_int64
[DEBUG CODEGEN CALL] Generating call to: raw
[DEBUG CODEGEN CALL] Generating call to: json_make_i64
[DEBUG CODEGEN CALL] Generating call to: npk_mem_read_int64
[DEBUG IR_GEN] Initializer generated for 'val', value = 0x5b6c74bb41a0
[DEBUG IR_GEN] InitVal type: 0x5b6c71992198
[DEBUG IR_GEN] Default builder.CreateStore for val
[DEBUG ASSIGNMENT] op=168, leftType=1 (POINTER_MEMBER=7)
[DEBUG CODEGEN CALL] Generating call to: drop
[DEBUG CODEGEN CALL] Generating call to: npk_mem_write_int64
[DEBUG IR_GEN] Initializer generated for 'fval', value = 0x5b6c74a2d060
[DEBUG IR_GEN] InitVal type: 0x5b6c71992090
[DEBUG IR_GEN] Default builder.CreateStore for fval
[DEBUG CODEGEN CALL] Generating call to: raw
[DEBUG CODEGEN CALL] Generating call to: json_make_f64
[DEBUG CODEGEN CALL] Generating call to: npk_mem_read_int32
[DEBUG IR_GEN] Initializer generated for 'len', value = 0x5b6c74b1fe00
[DEBUG IR_GEN] InitVal type: 0x5b6c71992198
[DEBUG IR_GEN] Default builder.CreateStore for len
[DEBUG ASSIGNMENT] op=168, leftType=1 (POINTER_MEMBER=7)
[DEBUG IR_GEN] Initializer generated for 'str_data', value = 0x5b6c74325da0
[DEBUG IR_GEN] InitVal type: 0x5b6c71992198
[DEBUG IR_GEN] Default builder.CreateStore for str_data
[DEBUG ASSIGNMENT] op=168, leftType=1 (POINTER_MEMBER=7)
[DEBUG ASSIGNMENT] op=168, leftType=1 (POINTER_MEMBER=7)
[DEBUG CODEGEN CALL] Generating call to: drop
[DEBUG CODEGEN CALL] Generating call to: npk_mem_write_int64
[DEBUG CODEGEN CALL] Generating call to: raw
[DEBUG CODEGEN CALL] Generating call to: json_arena_alloc
[DEBUG IR_GEN] Initializer generated for 'payload', value = 0x5b6c74b810f0
[DEBUG IR_GEN] InitVal type: 0x5b6c71992198
[DEBUG IR_GEN] Default builder.CreateStore for payload
[DEBUG CODEGEN CALL] Generating call to: drop
[DEBUG CODEGEN CALL] Generating call to: npk_mem_write_int32
[DEBUG CODEGEN CALL] Generating call to: raw
[DEBUG CODEGEN CALL] Generating call to: json_arena_alloc
[DEBUG IR_GEN] Initializer generated for 's_buf', value = 0x5b6c74ca77a0
[DEBUG IR_GEN] InitVal type: 0x5b6c71992198
[DEBUG IR_GEN] Default builder.CreateStore for s_buf
[DEBUG CODEGEN CALL] Generating call to: drop
[DEBUG CODEGEN CALL] Generating call to: npk_mem_copy
[DEBUG CODEGEN CALL] Generating call to: drop
[DEBUG CODEGEN CALL] Generating call to: npk_mem_write_int64
[DEBUG CODEGEN CALL] Generating call to: drop
[DEBUG CODEGEN CALL] Generating call to: npk_mem_write_int64
[DEBUG IR_GEN] Initializer generated for 'v', value = 0x5b6c74a61d90
[DEBUG IR_GEN] InitVal type: 0x5b6c74933c90
[DEBUG IR_GEN] Default builder.CreateStore for v
[DEBUG CODEGEN CALL] Generating call to: npk_mem_read_int32
[DEBUG IR_GEN] Initializer generated for 'count', value = 0x5b6c74a0c960
[DEBUG IR_GEN] InitVal type: 0x5b6c71992198
[DEBUG IR_GEN] Default builder.CreateStore for count
[DEBUG ASSIGNMENT] op=168, leftType=1 (POINTER_MEMBER=7)
[DEBUG CODEGEN CALL] Generating call to: drop
[DEBUG CODEGEN CALL] Generating call to: npk_mem_write_int64
[DEBUG CODEGEN CALL] Generating call to: raw
[DEBUG CODEGEN CALL] Generating call to: json_arena_alloc
[DEBUG IR_GEN] Initializer generated for 'payload', value = 0x5b6c74c8ac90
[DEBUG IR_GEN] InitVal type: 0x5b6c71992198
[DEBUG IR_GEN] Default builder.CreateStore for payload
[DEBUG CODEGEN CALL] Generating call to: drop
[DEBUG CODEGEN CALL] Generating call to: npk_mem_write_int32
[DEBUG CODEGEN CALL] Generating call to: raw
[DEBUG CODEGEN CALL] Generating call to: json_arena_alloc
[DEBUG-BINARY] op=163 leftType=1 rightType=0 leftNumType= rightNumType=
[DEBUG-XXX] op: 163, left: 1, right: 0
[DEBUG IR_GEN] Initializer generated for 'handles_ptr', value = 0x5b6c74b3e770
[DEBUG IR_GEN] InitVal type: 0x5b6c71992198
[DEBUG IR_GEN] Default builder.CreateStore for handles_ptr
[DEBUG CODEGEN CALL] Generating call to: drop
[DEBUG CODEGEN CALL] Generating call to: npk_mem_write_int64
[DEBUG IR_GEN] Initializer generated for 'i', value = 0x5b6c74325da0
[DEBUG IR_GEN] InitVal type: 0x5b6c71992198
[DEBUG IR_GEN] Default builder.CreateStore for i
[DEBUG WHILE] Parsing condition for while loop. NodeType: 2
   BinaryOp Type: 176
[DEBUG CODEGEN CALL] Generating call to: raw
[DEBUG CODEGEN CALL] Generating call to: deserialize_value
[DEBUG IR_GEN] Initializer generated for 'elem', value = 0x5b6c74c9e8f0
[DEBUG IR_GEN] InitVal type: 0x5b6c74933c90
[DEBUG IR_GEN] Default builder.CreateStore for elem
[DEBUG CODEGEN CALL] Generating call to: raw
[DEBUG CODEGEN CALL] Generating call to: json_arena_alloc
[DEBUG IR_GEN] Initializer generated for 'elem_ptr', value = 0x5b6c74c47440
[DEBUG IR_GEN] InitVal type: 0x5b6c71992198
[DEBUG IR_GEN] Default builder.CreateStore for elem_ptr
[DEBUG CODEGEN CALL] Generating call to: drop
[DEBUG CODEGEN CALL] Generating call to: npk_mem_write_byte
[DEBUG CODEGEN CALL] Generating call to: drop
[DEBUG CODEGEN CALL] Generating call to: npk_mem_write_int64
[DEBUG CODEGEN CALL] Generating call to: drop
[DEBUG CODEGEN CALL] Generating call to: npk_mem_write_int64
[DEBUG-BINARY] op=163 leftType=1 rightType=0 leftNumType= rightNumType=
[DEBUG-XXX] op: 163, left: 1, right: 0
[DEBUG ASSIGNMENT] op=168, leftType=1 (POINTER_MEMBER=7)
[DEBUG IR_GEN] Initializer generated for 'arr', value = 0x5b6c74bf6cd0
[DEBUG IR_GEN] InitVal type: 0x5b6c74933c90
[DEBUG IR_GEN] Default builder.CreateStore for arr
[DEBUG CODEGEN CALL] Generating call to: npk_mem_read_int32
[DEBUG IR_GEN] Initializer generated for 'count', value = 0x5b6c74a99410
[DEBUG IR_GEN] InitVal type: 0x5b6c71992198
[DEBUG IR_GEN] Default builder.CreateStore for count
[DEBUG ASSIGNMENT] op=168, leftType=1 (POINTER_MEMBER=7)
[DEBUG CODEGEN CALL] Generating call to: drop
[DEBUG CODEGEN CALL] Generating call to: npk_mem_write_int64
[DEBUG CODEGEN CALL] Generating call to: raw
[DEBUG CODEGEN CALL] Generating call to: json_arena_alloc
[DEBUG IR_GEN] Initializer generated for 'payload', value = 0x5b6c74a9c530
[DEBUG IR_GEN] InitVal type: 0x5b6c71992198
[DEBUG IR_GEN] Default builder.CreateStore for payload
[DEBUG CODEGEN CALL] Generating call to: drop
[DEBUG CODEGEN CALL] Generating call to: npk_mem_write_int32
[DEBUG CODEGEN CALL] Generating call to: raw
[DEBUG CODEGEN CALL] Generating call to: json_arena_alloc
[DEBUG-BINARY] op=163 leftType=1 rightType=0 leftNumType= rightNumType=
[DEBUG-XXX] op: 163, left: 1, right: 0
[DEBUG IR_GEN] Initializer generated for 'keys_ptr', value = 0x5b6c74be0900
[DEBUG IR_GEN] InitVal type: 0x5b6c71992198
[DEBUG IR_GEN] Default builder.CreateStore for keys_ptr
[DEBUG CODEGEN CALL] Generating call to: raw
[DEBUG CODEGEN CALL] Generating call to: json_arena_alloc
[DEBUG-BINARY] op=163 leftType=1 rightType=0 leftNumType= rightNumType=
[DEBUG-XXX] op: 163, left: 1, right: 0
[DEBUG IR_GEN] Initializer generated for 'vals_ptr', value = 0x5b6c74aa4840
[DEBUG IR_GEN] InitVal type: 0x5b6c71992198
[DEBUG IR_GEN] Default builder.CreateStore for vals_ptr
[DEBUG CODEGEN CALL] Generating call to: drop
[DEBUG CODEGEN CALL] Generating call to: npk_mem_write_int64
[DEBUG CODEGEN CALL] Generating call to: drop
[DEBUG CODEGEN CALL] Generating call to: npk_mem_write_int64
[DEBUG IR_GEN] Initializer generated for 'i', value = 0x5b6c74325da0
[DEBUG IR_GEN] InitVal type: 0x5b6c71992198
[DEBUG IR_GEN] Default builder.CreateStore for i
[DEBUG WHILE] Parsing condition for while loop. NodeType: 2
   BinaryOp Type: 176
[DEBUG CODEGEN CALL] Generating call to: raw
[DEBUG CODEGEN CALL] Generating call to: deserialize_value
[DEBUG IR_GEN] Initializer generated for 'k', value = 0x5b6c74ae5580
[DEBUG IR_GEN] InitVal type: 0x5b6c74933c90
[DEBUG IR_GEN] Default builder.CreateStore for k
[DEBUG CODEGEN CALL] Generating call to: raw
[DEBUG CODEGEN CALL] Generating call to: json_arena_alloc
[DEBUG IR_GEN] Initializer generated for 'k_ptr', value = 0x5b6c74b15720
[DEBUG IR_GEN] InitVal type: 0x5b6c71992198
[DEBUG IR_GEN] Default builder.CreateStore for k_ptr
[DEBUG CODEGEN CALL] Generating call to: drop
[DEBUG CODEGEN CALL] Generating call to: npk_mem_write_byte
[DEBUG CODEGEN CALL] Generating call to: drop
[DEBUG CODEGEN CALL] Generating call to: npk_mem_write_int64
[DEBUG CODEGEN CALL] Generating call to: drop
[DEBUG CODEGEN CALL] Generating call to: npk_mem_write_int64
[DEBUG-BINARY] op=163 leftType=1 rightType=0 leftNumType= rightNumType=
[DEBUG-XXX] op: 163, left: 1, right: 0
[DEBUG CODEGEN CALL] Generating call to: raw
[DEBUG CODEGEN CALL] Generating call to: deserialize_value
[DEBUG IR_GEN] Initializer generated for 'v', value = 0x5b6c74bb09d0
[DEBUG IR_GEN] InitVal type: 0x5b6c74933c90
[DEBUG IR_GEN] Default builder.CreateStore for v
[DEBUG CODEGEN CALL] Generating call to: raw
[DEBUG CODEGEN CALL] Generating call to: json_arena_alloc
[DEBUG IR_GEN] Initializer generated for 'v_ptr', value = 0x5b6c74c43a70
[DEBUG IR_GEN] InitVal type: 0x5b6c71992198
[DEBUG IR_GEN] Default builder.CreateStore for v_ptr
[DEBUG CODEGEN CALL] Generating call to: drop
[DEBUG CODEGEN CALL] Generating call to: npk_mem_write_byte
[DEBUG CODEGEN CALL] Generating call to: drop
[DEBUG CODEGEN CALL] Generating call to: npk_mem_write_int64
[DEBUG CODEGEN CALL] Generating call to: drop
[DEBUG CODEGEN CALL] Generating call to: npk_mem_write_int64
[DEBUG-BINARY] op=163 leftType=1 rightType=0 leftNumType= rightNumType=
[DEBUG-XXX] op: 163, left: 1, right: 0
[DEBUG ASSIGNMENT] op=168, leftType=1 (POINTER_MEMBER=7)
[DEBUG IR_GEN] Initializer generated for 'obj', value = 0x5b6c74aa3780
[DEBUG IR_GEN] InitVal type: 0x5b6c74933c90
[DEBUG IR_GEN] Default builder.CreateStore for obj
[DEBUG CODEGEN CALL] Generating call to: raw
[DEBUG CODEGEN CALL] Generating call to: json_make_null
[DEBUG CODEGEN CALL] Generating call to: sys
[DEBUG IR_GEN] Initializer generated for 'buf_r', value = 0x5b6c74cc0460
[DEBUG IR_GEN] InitVal type: 0x5b6c746f1d30
[DEBUG IR_GEN] Default builder.CreateStore for buf_r
[DEBUG IR_GEN] Initializer generated for 'buf', value = 0x5b6c7477ab88
[DEBUG IR_GEN] InitVal type: 0x5b6c71992198
[DEBUG IR_GEN] Default builder.CreateStore for buf
[DEBUG CODEGEN CALL] Generating call to: sys
[DEBUG IR_GEN] Initializer generated for 'r', value = 0x5b6c74be1070
[DEBUG IR_GEN] InitVal type: 0x5b6c746f1d30
[DEBUG IR_GEN] Default builder.CreateStore for r
[DEBUG IR_GEN] Initializer generated for 'ret', value = 0x5b6c74b80e78
[DEBUG IR_GEN] InitVal type: 0x5b6c71992198
[DEBUG IR_GEN] Default builder.CreateStore for ret
[DEBUG CODEGEN CALL] Generating call to: drop
[DEBUG CODEGEN CALL] Generating call to: sys
[DEBUG CODEGEN CALL] Generating call to: _clock_gettime_buf
[DEBUG IR_GEN] Initializer generated for 'buf', value = 0x5b6c74a262e8
[DEBUG IR_GEN] InitVal type: 0x5b6c71992198
[DEBUG IR_GEN] Default builder.CreateStore for buf
[DEBUG CODEGEN CALL] Generating call to: npk_mem_read_int64
[DEBUG IR_GEN] Initializer generated for 'sec', value = 0x5b6c74a2c950
[DEBUG IR_GEN] InitVal type: 0x5b6c71992198
[DEBUG IR_GEN] Default builder.CreateStore for sec
[DEBUG CODEGEN CALL] Generating call to: drop
[DEBUG CODEGEN CALL] Generating call to: sys
[DEBUG CODEGEN CALL] Generating call to: _clock_gettime_buf
[DEBUG IR_GEN] Initializer generated for 'buf', value = 0x5b6c74b23868
[DEBUG IR_GEN] InitVal type: 0x5b6c71992198
[DEBUG IR_GEN] Default builder.CreateStore for buf
[DEBUG CODEGEN CALL] Generating call to: npk_mem_read_int64
[DEBUG IR_GEN] Initializer generated for 'nsec', value = 0x5b6c749ba4d0
[DEBUG IR_GEN] InitVal type: 0x5b6c71992198
[DEBUG IR_GEN] Default builder.CreateStore for nsec
[DEBUG CODEGEN CALL] Generating call to: drop
[DEBUG CODEGEN CALL] Generating call to: sys
[DEBUG CODEGEN CALL] Generating call to: _clock_gettime_buf
[DEBUG IR_GEN] Initializer generated for 'buf', value = 0x5b6c74a9f9b8
[DEBUG IR_GEN] InitVal type: 0x5b6c71992198
[DEBUG IR_GEN] Default builder.CreateStore for buf
[DEBUG CODEGEN CALL] Generating call to: npk_mem_read_int64
[DEBUG IR_GEN] Initializer generated for 'sec', value = 0x5b6c74bc1630
[DEBUG IR_GEN] InitVal type: 0x5b6c71992198
[DEBUG IR_GEN] Default builder.CreateStore for sec
[DEBUG CODEGEN CALL] Generating call to: drop
[DEBUG CODEGEN CALL] Generating call to: sys
[DEBUG CODEGEN CALL] Generating call to: _clock_gettime_buf
[DEBUG IR_GEN] Initializer generated for 'buf', value = 0x5b6c74bc2d78
[DEBUG IR_GEN] InitVal type: 0x5b6c71992198
[DEBUG IR_GEN] Default builder.CreateStore for buf
[DEBUG CODEGEN CALL] Generating call to: npk_mem_read_int64
[DEBUG IR_GEN] Initializer generated for 'nsec', value = 0x5b6c74af6860
[DEBUG IR_GEN] InitVal type: 0x5b6c71992198
[DEBUG IR_GEN] Default builder.CreateStore for nsec
[DEBUG CODEGEN CALL] Generating call to: drop
[DEBUG CODEGEN CALL] Generating call to: sys
[DEBUG CODEGEN CALL] Generating call to: sys
[DEBUG IR_GEN] Initializer generated for 'req_r', value = 0x5b6c749afb90
[DEBUG IR_GEN] InitVal type: 0x5b6c746f1d30
[DEBUG IR_GEN] Default builder.CreateStore for req_r
[DEBUG IR_GEN] Initializer generated for 'req', value = 0x5b6c74b1dec8
[DEBUG IR_GEN] InitVal type: 0x5b6c71992198
[DEBUG IR_GEN] Default builder.CreateStore for req
[DEBUG CODEGEN CALL] Generating call to: drop
[DEBUG CODEGEN CALL] Generating call to: npk_mem_write_int64
[DEBUG CODEGEN CALL] Generating call to: drop
[DEBUG CODEGEN CALL] Generating call to: npk_mem_write_int64
[DEBUG CODEGEN CALL] Generating call to: sys
[DEBUG IR_GEN] Initializer generated for 'r', value = 0x5b6c74babdc0
[DEBUG IR_GEN] InitVal type: 0x5b6c746f1d30
[DEBUG IR_GEN] Default builder.CreateStore for r
[DEBUG IR_GEN] Initializer generated for 'ret', value = 0x5b6c749d1428
[DEBUG IR_GEN] InitVal type: 0x5b6c71992198
[DEBUG IR_GEN] Default builder.CreateStore for ret
[DEBUG CODEGEN CALL] Generating call to: drop
[DEBUG CODEGEN CALL] Generating call to: sys
[DEBUG CODEGEN CALL] Generating call to: libc_nanosleep
[DEBUG IR_GEN] Initializer generated for 'ret', value = 0x5b6c74c506e8
[DEBUG IR_GEN] InitVal type: 0x5b6c71992198
[DEBUG IR_GEN] Default builder.CreateStore for ret
[DEBUG IR_GEN] Initializer generated for 'sec', value = 0x5b6c74bc0760
[DEBUG IR_GEN] InitVal type: 0x5b6c71992198
[DEBUG IR_GEN] Default builder.CreateStore for sec
[DEBUG IR_GEN] Initializer generated for 'rem', value = 0x5b6c74b97170
[DEBUG IR_GEN] InitVal type: 0x5b6c71992198
[DEBUG IR_GEN] Default builder.CreateStore for rem
[DEBUG IR_GEN] Initializer generated for 'nsec', value = 0x5b6c74b4ede0
[DEBUG IR_GEN] InitVal type: 0x5b6c71992198
[DEBUG IR_GEN] Default builder.CreateStore for nsec
[DEBUG CODEGEN CALL] Generating call to: libc_nanosleep
[DEBUG IR_GEN] Initializer generated for 'ret', value = 0x5b6c749ebe68
[DEBUG IR_GEN] InitVal type: 0x5b6c71992198
[DEBUG IR_GEN] Default builder.CreateStore for ret
[DEBUG CODEGEN CALL] Generating call to: libc_monotonic_ns
[DEBUG IR_GEN] Initializer generated for 'ns', value = 0x5b6c74a9ba38
[DEBUG IR_GEN] InitVal type: 0x5b6c71992198
[DEBUG IR_GEN] Default builder.CreateStore for ns
[DEBUG ASSIGNMENT] op=168, leftType=1 (POINTER_MEMBER=7)
[DEBUG CODEGEN CALL] Generating call to: drop
[DEBUG CODEGEN CALL] Generating call to: sl_seed_prng
[DEBUG IR_GEN] Initializer generated for 'level', value = 0x5b6c743d74f0
[DEBUG IR_GEN] InitVal type: 0x5b6c71992198
[DEBUG IR_GEN] Default builder.CreateStore for level
[DEBUG WHILE] Parsing condition for while loop. NodeType: 2
   BinaryOp Type: 176
[DEBUG ASSIGNMENT] op=168, leftType=1 (POINTER_MEMBER=7)
[DEBUG ASSIGNMENT] op=168, leftType=1 (POINTER_MEMBER=7)
[DEBUG CODEGEN CALL] Generating call to: string_length
[DEBUG IR_GEN] Initializer generated for 'key_len', value = 0x5b6c74b968a0
[DEBUG IR_GEN] InitVal type: 0x5b6c71992198
[DEBUG IR_GEN] Default builder.CreateStore for key_len
[DEBUG IR_GEN] Initializer generated for 'size', value = 0x5b6c74cc0f40
[DEBUG IR_GEN] InitVal type: 0x5b6c71992198
[DEBUG IR_GEN] Default builder.CreateStore for size
[DEBUG IR_GEN] Initializer generated for 'total_size', value = 0x5b6c74ae8c50
[DEBUG IR_GEN] InitVal type: 0x5b6c71992198
[DEBUG IR_GEN] Default builder.CreateStore for total_size
[DEBUG CODEGEN CALL] Generating call to: npk_core_alloc
[DEBUG IR_GEN] Initializer generated for 'node', value = 0x5b6c74ae8d80
[DEBUG IR_GEN] InitVal type: 0x5b6c71992198
[DEBUG IR_GEN] Default builder.CreateStore for node
[DEBUG IR_GEN] Initializer generated for 'key_data_ptr', value = 0x5b6c74325da0
[DEBUG IR_GEN] InitVal type: 0x5b6c71992198
[DEBUG IR_GEN] Default builder.CreateStore for key_data_ptr
[DEBUG ASSIGNMENT] op=168, leftType=1 (POINTER_MEMBER=7)
[DEBUG CODEGEN CALL] Generating call to: string_to_cstr
[DEBUG IR_GEN] Initializer generated for 'key_raw', value = 0x5b6c74c9fce0
[DEBUG IR_GEN] InitVal type: 0x5b6c71992198
[DEBUG IR_GEN] Default builder.CreateStore for key_raw
[DEBUG CODEGEN CALL] Generating call to: drop
[DEBUG CODEGEN CALL] Generating call to: npk_mem_copy
[DEBUG CODEGEN CALL] Generating call to: drop
[DEBUG CODEGEN CALL] Generating call to: npk_core_dalloc
[DEBUG CODEGEN CALL] Generating call to: drop
[DEBUG CODEGEN CALL] Generating call to: npk_mem_write_int64
[DEBUG CODEGEN CALL] Generating call to: drop
[DEBUG CODEGEN CALL] Generating call to: npk_mem_write_int64
[DEBUG CODEGEN CALL] Generating call to: drop
[DEBUG CODEGEN CALL] Generating call to: npk_mem_write_int64
[DEBUG CODEGEN CALL] Generating call to: drop
[DEBUG CODEGEN CALL] Generating call to: npk_mem_write_int64
[DEBUG CODEGEN CALL] Generating call to: drop
[DEBUG CODEGEN CALL] Generating call to: npk_mem_write_int64
[DEBUG CODEGEN CALL] Generating call to: drop
[DEBUG CODEGEN CALL] Generating call to: npk_mem_write_int64
[DEBUG IR_GEN] Initializer generated for 'i', value = 0x5b6c74325da0
[DEBUG IR_GEN] InitVal type: 0x5b6c71992198
[DEBUG IR_GEN] Default builder.CreateStore for i
[DEBUG WHILE] Parsing condition for while loop. NodeType: 2
   BinaryOp Type: 176
[DEBUG CODEGEN CALL] Generating call to: drop
[DEBUG CODEGEN CALL] Generating call to: npk_mem_write_int64
[DEBUG-XXX] op: 161, left: 1, right: 2
[DEBUG] getExprNumericTypeName leftType: 1
[DEBUG-BINARY] op=163 leftType=1 rightType=0 leftNumType= rightNumType=
[DEBUG-XXX] op: 163, left: 1, right: 0
[DEBUG ASSIGNMENT] op=168, leftType=1 (POINTER_MEMBER=7)
[DEBUG CODEGEN CALL] Generating call to: npk_mem_read_int64
[DEBUG IR_GEN] Initializer generated for 'val_ptr', value = 0x5b6c74c8b120
[DEBUG IR_GEN] InitVal type: 0x5b6c71992198
[DEBUG IR_GEN] Default builder.CreateStore for val_ptr
[DEBUG CODEGEN CALL] Generating call to: drop
[DEBUG CODEGEN CALL] Generating call to: npk_core_dalloc
[DEBUG CODEGEN CALL] Generating call to: drop
[DEBUG CODEGEN CALL] Generating call to: npk_core_dalloc
[DEBUG CODEGEN CALL] Generating call to: npk_mem_read_int64
[DEBUG IR_GEN] Initializer generated for 'key_ptr', value = 0x5b6c74b918d0
[DEBUG IR_GEN] InitVal type: 0x5b6c71992198
[DEBUG IR_GEN] Default builder.CreateStore for key_ptr
[DEBUG CODEGEN CALL] Generating call to: npk_mem_read_int64
[DEBUG IR_GEN] Initializer generated for 'key_len', value = 0x5b6c74b91a30
[DEBUG IR_GEN] InitVal type: 0x5b6c71992198
[DEBUG IR_GEN] Default builder.CreateStore for key_len
[DEBUG CODEGEN CALL] Generating call to: npk_mem_read_string
[DEBUG CODEGEN CALL] Generating call to: npk_mem_read_int64
[DEBUG CODEGEN CALL] Generating call to: npk_mem_read_int64
[DEBUG CODEGEN CALL] Generating call to: npk_mem_read_int64
[DEBUG CODEGEN CALL] Generating call to: npk_mem_read_int64
[DEBUG CODEGEN CALL] Generating call to: drop
[DEBUG CODEGEN CALL] Generating call to: npk_mem_write_int64
[DEBUG CODEGEN CALL] Generating call to: npk_mem_read_int64
[DEBUG-XXX] op: 161, left: 1, right: 2
[DEBUG] getExprNumericTypeName leftType: 1
[DEBUG-BINARY] op=163 leftType=1 rightType=0 leftNumType= rightNumType=
[DEBUG-XXX] op: 163, left: 1, right: 0
[DEBUG CODEGEN CALL] Generating call to: drop
[DEBUG CODEGEN CALL] Generating call to: npk_mem_write_int64
[DEBUG-XXX] op: 161, left: 1, right: 2
[DEBUG] getExprNumericTypeName leftType: 1
[DEBUG-BINARY] op=163 leftType=1 rightType=0 leftNumType= rightNumType=
[DEBUG-XXX] op: 163, left: 1, right: 0
[DEBUG CODEGEN CALL] Generating call to: npk_core_alloc
[DEBUG IR_GEN] Initializer generated for 'sl', value = 0x5b6c74b9baf0
[DEBUG IR_GEN] InitVal type: 0x5b6c71992198
[DEBUG IR_GEN] Default builder.CreateStore for sl
[DEBUG CODEGEN CALL] Generating call to: sl_node_alloc
[DEBUG IR_GEN] Initializer generated for 'head', value = 0x5b6c74b77ea8
[DEBUG IR_GEN] InitVal type: 0x5b6c71992198
[DEBUG IR_GEN] Default builder.CreateStore for head
[DEBUG CODEGEN CALL] Generating call to: drop
[DEBUG CODEGEN CALL] Generating call to: npk_mem_write_int64
[DEBUG CODEGEN CALL] Generating call to: drop
[DEBUG CODEGEN CALL] Generating call to: npk_mem_write_int64
[DEBUG CODEGEN CALL] Generating call to: drop
[DEBUG CODEGEN CALL] Generating call to: npk_mem_write_int64
[DEBUG-XXX] op: 161, left: 1, right: 2
[DEBUG] getExprNumericTypeName leftType: 1
[DEBUG-BINARY] op=163 leftType=1 rightType=0 leftNumType= rightNumType=
[DEBUG-XXX] op: 163, left: 1, right: 0
[DEBUG CODEGEN CALL] Generating call to: npk_mem_read_int64
[DEBUG IR_GEN] Initializer generated for 'curr', value = 0x5b6c74bba640
[DEBUG IR_GEN] InitVal type: 0x5b6c71992198
[DEBUG IR_GEN] Default builder.CreateStore for curr
[DEBUG WHILE] Parsing condition for while loop. NodeType: 2
   BinaryOp Type: 175
[DEBUG CODEGEN CALL] Generating call to: sl_node_forward
[DEBUG IR_GEN] Initializer generated for 'nxt', value = 0x5b6c74bce048
[DEBUG IR_GEN] InitVal type: 0x5b6c71992198
[DEBUG IR_GEN] Default builder.CreateStore for nxt
[DEBUG CODEGEN CALL] Generating call to: drop
[DEBUG CODEGEN CALL] Generating call to: sl_node_free
[DEBUG ASSIGNMENT] op=168, leftType=1 (POINTER_MEMBER=7)
[DEBUG CODEGEN CALL] Generating call to: drop
[DEBUG CODEGEN CALL] Generating call to: npk_core_dalloc
[DEBUG CODEGEN CALL] Generating call to: npk_mem_read_int64
[DEBUG CODEGEN CALL] Generating call to: npk_mem_read_int64
[DEBUG CODEGEN CALL] Generating call to: npk_mem_read_int64
[DEBUG IR_GEN] Initializer generated for 'head', value = 0x5b6c74b11f90
[DEBUG IR_GEN] InitVal type: 0x5b6c71992198
[DEBUG IR_GEN] Default builder.CreateStore for head
[DEBUG CODEGEN CALL] Generating call to: npk_core_alloc
[DEBUG-BINARY] op=163 leftType=1 rightType=0 leftNumType= rightNumType=
[DEBUG-XXX] op: 163, left: 1, right: 0
[DEBUG IR_GEN] Initializer generated for 'upd_buf', value = 0x5b6c74b12400
[DEBUG IR_GEN] InitVal type: 0x5b6c71992198
[DEBUG IR_GEN] Default builder.CreateStore for upd_buf
[DEBUG IR_GEN] Initializer generated for 'curr', value = 0x5b6c74b125a0
[DEBUG IR_GEN] InitVal type: 0x5b6c71992198
[DEBUG IR_GEN] Default builder.CreateStore for curr
[DEBUG IR_GEN] Initializer generated for 'lvl', value = 0x5b6c74c38800
[DEBUG IR_GEN] InitVal type: 0x5b6c71992198
[DEBUG IR_GEN] Default builder.CreateStore for lvl
[DEBUG WHILE] Parsing condition for while loop. NodeType: 2
   BinaryOp Type: 179
[DEBUG WHILE] Parsing condition for while loop. NodeType: 2
   BinaryOp Type: 174
[DEBUG CODEGEN CALL] Generating call to: sl_node_forward
[DEBUG IR_GEN] Initializer generated for 'fwd', value = 0x5b6c74bad788
[DEBUG IR_GEN] InitVal type: 0x5b6c71992198
[DEBUG IR_GEN] Default builder.CreateStore for fwd
[DEBUG CODEGEN CALL] Generating call to: sl_node_key
[DEBUG IR_GEN] Initializer generated for 'fwd_key', value = 0x5b6c74bda928
[DEBUG IR_GEN] InitVal type: 0x5b6c746f0df0
[DEBUG IR_GEN] Default builder.CreateStore for fwd_key
[DEBUG ASSIGNMENT] op=168, leftType=1 (POINTER_MEMBER=7)
[DEBUG CODEGEN CALL] Generating call to: drop
[DEBUG CODEGEN CALL] Generating call to: npk_mem_write_int64
[DEBUG-BINARY] op=163 leftType=1 rightType=0 leftNumType= rightNumType=
[DEBUG-XXX] op: 163, left: 1, right: 0
[DEBUG ASSIGNMENT] op=168, leftType=1 (POINTER_MEMBER=7)
[DEBUG CODEGEN CALL] Generating call to: sl_node_forward
[DEBUG IR_GEN] Initializer generated for 'cand', value = 0x5b6c74bd6208
[DEBUG IR_GEN] InitVal type: 0x5b6c71992198
[DEBUG IR_GEN] Default builder.CreateStore for cand
[DEBUG CODEGEN CALL] Generating call to: sl_node_key
[DEBUG IR_GEN] Initializer generated for 'cand_key', value = 0x5b6c74b87c88
[DEBUG IR_GEN] InitVal type: 0x5b6c746f0df0
[DEBUG IR_GEN] Default builder.CreateStore for cand_key
[DEBUG CODEGEN CALL] Generating call to: sl_node_val_len
[DEBUG IR_GEN] Initializer generated for 'old_val_len', value = 0x5b6c74d878d8
[DEBUG IR_GEN] InitVal type: 0x5b6c71992198
[DEBUG IR_GEN] Default builder.CreateStore for old_val_len
[DEBUG CODEGEN CALL] Generating call to: sl_node_val_ptr
[DEBUG IR_GEN] Initializer generated for 'old_val_ptr', value = 0x5b6c74a7bc28
[DEBUG IR_GEN] InitVal type: 0x5b6c71992198
[DEBUG IR_GEN] Default builder.CreateStore for old_val_ptr
[DEBUG CODEGEN CALL] Generating call to: drop
[DEBUG CODEGEN CALL] Generating call to: npk_core_dalloc
[DEBUG CODEGEN CALL] Generating call to: drop
[DEBUG CODEGEN CALL] Generating call to: npk_mem_write_int64
[DEBUG CODEGEN CALL] Generating call to: drop
[DEBUG CODEGEN CALL] Generating call to: npk_mem_write_int64
[DEBUG CODEGEN CALL] Generating call to: drop
[DEBUG CODEGEN CALL] Generating call to: npk_mem_write_int64
[DEBUG CODEGEN CALL] Generating call to: npk_mem_read_int64
[DEBUG IR_GEN] Initializer generated for 'cur_mem', value = 0x5b6c74c32f90
[DEBUG IR_GEN] InitVal type: 0x5b6c71992198
[DEBUG IR_GEN] Default builder.CreateStore for cur_mem
[DEBUG CODEGEN CALL] Generating call to: drop
[DEBUG CODEGEN CALL] Generating call to: npk_mem_write_int64
[DEBUG-XXX] op: 161, left: 2, right: 1
[DEBUG] getExprNumericTypeName leftType: 1
[DEBUG-XXX] op: 162, left: 1, right: 1
[DEBUG CODEGEN CALL] Generating call to: drop
[DEBUG CODEGEN CALL] Generating call to: npk_core_dalloc
[DEBUG CODEGEN CALL] Generating call to: sl_random_level
[DEBUG IR_GEN] Initializer generated for 'new_lvl', value = 0x5b6c74bd9218
[DEBUG IR_GEN] InitVal type: 0x5b6c71992198
[DEBUG IR_GEN] Default builder.CreateStore for new_lvl
[DEBUG CODEGEN CALL] Generating call to: sl_node_alloc
[DEBUG IR_GEN] Initializer generated for 'new_node', value = 0x5b6c74b0e698
[DEBUG IR_GEN] InitVal type: 0x5b6c71992198
[DEBUG IR_GEN] Default builder.CreateStore for new_node
[DEBUG IR_GEN] Initializer generated for 'i', value = 0x5b6c74325da0
[DEBUG IR_GEN] InitVal type: 0x5b6c71992198
[DEBUG IR_GEN] Default builder.CreateStore for i
[DEBUG WHILE] Parsing condition for while loop. NodeType: 2
   BinaryOp Type: 176
[DEBUG CODEGEN CALL] Generating call to: npk_mem_read_int64
[DEBUG-BINARY] op=163 leftType=1 rightType=0 leftNumType= rightNumType=
[DEBUG-XXX] op: 163, left: 1, right: 0
[DEBUG IR_GEN] Initializer generated for 'u_node', value = 0x5b6c74c40c70
[DEBUG IR_GEN] InitVal type: 0x5b6c71992198
[DEBUG IR_GEN] Default builder.CreateStore for u_node
[DEBUG CODEGEN CALL] Generating call to: sl_node_forward
[DEBUG IR_GEN] Initializer generated for 'u_fwd', value = 0x5b6c74c5ca88
[DEBUG IR_GEN] InitVal type: 0x5b6c71992198
[DEBUG IR_GEN] Default builder.CreateStore for u_fwd
[DEBUG CODEGEN CALL] Generating call to: drop
[DEBUG CODEGEN CALL] Generating call to: sl_node_set_forward
[DEBUG CODEGEN CALL] Generating call to: drop
[DEBUG CODEGEN CALL] Generating call to: sl_node_set_forward
[DEBUG ASSIGNMENT] op=168, leftType=1 (POINTER_MEMBER=7)
[DEBUG CODEGEN CALL] Generating call to: npk_mem_read_int64
[DEBUG IR_GEN] Initializer generated for 'cur_count', value = 0x5b6c74c89ca0
[DEBUG IR_GEN] InitVal type: 0x5b6c71992198
[DEBUG IR_GEN] Default builder.CreateStore for cur_count
[DEBUG CODEGEN CALL] Generating call to: drop
[DEBUG CODEGEN CALL] Generating call to: npk_mem_write_int64
[DEBUG-XXX] op: 161, left: 1, right: 0
[DEBUG CODEGEN CALL] Generating call to: string_length
[DEBUG IR_GEN] Initializer generated for 'key_len', value = 0x5b6c74a77b20
[DEBUG IR_GEN] InitVal type: 0x5b6c71992198
[DEBUG IR_GEN] Default builder.CreateStore for key_len
[DEBUG CODEGEN CALL] Generating call to: npk_mem_read_int64
[DEBUG IR_GEN] Initializer generated for 'cur_mem', value = 0x5b6c74cace90
[DEBUG IR_GEN] InitVal type: 0x5b6c71992198
[DEBUG IR_GEN] Default builder.CreateStore for cur_mem
[DEBUG CODEGEN CALL] Generating call to: drop
[DEBUG CODEGEN CALL] Generating call to: npk_mem_write_int64
[DEBUG-XXX] op: 161, left: 2, right: 1
[DEBUG] getExprNumericTypeName leftType: 1
[DEBUG] getExprNumericTypeName leftType: 2
[DEBUG] getExprNumericTypeName leftType: 1
[DEBUG] getExprNumericTypeName leftType: 2
[DEBUG-XXX] op: 161, left: 2, right: 1
[DEBUG] getExprNumericTypeName leftType: 1
[DEBUG] getExprNumericTypeName leftType: 2
[DEBUG] getExprNumericTypeName leftType: 1
[DEBUG-XXX] op: 161, left: 2, right: 2
[DEBUG] getExprNumericTypeName leftType: 1
[DEBUG] getExprNumericTypeName leftType: 1
[DEBUG-BINARY] op=163 leftType=1 rightType=0 leftNumType= rightNumType=
[DEBUG-XXX] op: 161, left: 1, right: 1
[DEBUG-XXX] op: 163, left: 1, right: 0
[DEBUG CODEGEN CALL] Generating call to: drop
[DEBUG CODEGEN CALL] Generating call to: npk_core_dalloc
[DEBUG CODEGEN CALL] Generating call to: npk_mem_read_int64
[DEBUG IR_GEN] Initializer generated for 'head', value = 0x5b6c74bddb30
[DEBUG IR_GEN] InitVal type: 0x5b6c71992198
[DEBUG IR_GEN] Default builder.CreateStore for head
[DEBUG IR_GEN] Initializer generated for 'curr', value = 0x5b6c74c0d1d0
[DEBUG IR_GEN] InitVal type: 0x5b6c71992198
[DEBUG IR_GEN] Default builder.CreateStore for curr
[DEBUG IR_GEN] Initializer generated for 'lvl', value = 0x5b6c74c28dd0
[DEBUG IR_GEN] InitVal type: 0x5b6c71992198
[DEBUG IR_GEN] Default builder.CreateStore for lvl
[DEBUG WHILE] Parsing condition for while loop. NodeType: 2
   BinaryOp Type: 179
[DEBUG WHILE] Parsing condition for while loop. NodeType: 2
   BinaryOp Type: 174
[DEBUG CODEGEN CALL] Generating call to: sl_node_forward
[DEBUG IR_GEN] Initializer generated for 'fwd', value = 0x5b6c74b299b8
[DEBUG IR_GEN] InitVal type: 0x5b6c71992198
[DEBUG IR_GEN] Default builder.CreateStore for fwd
[DEBUG CODEGEN CALL] Generating call to: sl_node_key
[DEBUG IR_GEN] Initializer generated for 'fwd_key', value = 0x5b6c74bd91b8
[DEBUG IR_GEN] InitVal type: 0x5b6c746f0df0
[DEBUG IR_GEN] Default builder.CreateStore for fwd_key
[DEBUG ASSIGNMENT] op=168, leftType=1 (POINTER_MEMBER=7)
[DEBUG ASSIGNMENT] op=168, leftType=1 (POINTER_MEMBER=7)
[DEBUG CODEGEN CALL] Generating call to: sl_node_forward
[DEBUG IR_GEN] Initializer generated for 'cand', value = 0x5b6c74c9df18
[DEBUG IR_GEN] InitVal type: 0x5b6c71992198
[DEBUG IR_GEN] Default builder.CreateStore for cand
[DEBUG CODEGEN CALL] Generating call to: sl_node_key
[DEBUG IR_GEN] Initializer generated for 'cand_key', value = 0x5b6c74983488
[DEBUG IR_GEN] InitVal type: 0x5b6c746f0df0
[DEBUG IR_GEN] Default builder.CreateStore for cand_key
[DEBUG CODEGEN CALL] Generating call to: sl_node_is_deleted
[DEBUG IR_GEN] Initializer generated for 'is_del', value = 0x5b6c74a92b88
[DEBUG IR_GEN] InitVal type: 0x5b6c71992198
[DEBUG IR_GEN] Default builder.CreateStore for is_del
[DEBUG CODEGEN CALL] Generating call to: drop
[DEBUG CODEGEN CALL] Generating call to: sl_insert
[DEBUG CODEGEN CALL] Generating call to: npk_mem_read_int64
[DEBUG IR_GEN] Initializer generated for 'head', value = 0x5b6c74c4e600
[DEBUG IR_GEN] InitVal type: 0x5b6c71992198
[DEBUG IR_GEN] Default builder.CreateStore for head
[DEBUG IR_GEN] Initializer generated for 'curr', value = 0x5b6c74c4e700
[DEBUG IR_GEN] InitVal type: 0x5b6c71992198
[DEBUG IR_GEN] Default builder.CreateStore for curr
[DEBUG IR_GEN] Initializer generated for 'lvl', value = 0x5b6c74c4ea40
[DEBUG IR_GEN] InitVal type: 0x5b6c71992198
[DEBUG IR_GEN] Default builder.CreateStore for lvl
[DEBUG WHILE] Parsing condition for while loop. NodeType: 2
   BinaryOp Type: 179
[DEBUG WHILE] Parsing condition for while loop. NodeType: 2
   BinaryOp Type: 174
[DEBUG CODEGEN CALL] Generating call to: sl_node_forward
[DEBUG IR_GEN] Initializer generated for 'fwd', value = 0x5b6c74a43938
[DEBUG IR_GEN] InitVal type: 0x5b6c71992198
[DEBUG IR_GEN] Default builder.CreateStore for fwd
[DEBUG CODEGEN CALL] Generating call to: sl_node_key
[DEBUG IR_GEN] Initializer generated for 'fwd_key', value = 0x5b6c74c6ab28
[DEBUG IR_GEN] InitVal type: 0x5b6c746f0df0
[DEBUG IR_GEN] Default builder.CreateStore for fwd_key
[DEBUG ASSIGNMENT] op=168, leftType=1 (POINTER_MEMBER=7)
[DEBUG ASSIGNMENT] op=168, leftType=1 (POINTER_MEMBER=7)
[DEBUG CODEGEN CALL] Generating call to: sl_node_forward
[DEBUG IR_GEN] Initializer generated for 'cand', value = 0x5b6c74bb7be8
[DEBUG IR_GEN] InitVal type: 0x5b6c71992198
[DEBUG IR_GEN] Default builder.CreateStore for cand
[DEBUG CODEGEN CALL] Generating call to: sl_node_key
[DEBUG IR_GEN] Initializer generated for 'cand_key', value = 0x5b6c74c4d078
[DEBUG IR_GEN] InitVal type: 0x5b6c746f0df0
[DEBUG IR_GEN] Default builder.CreateStore for cand_key
[DEBUG CODEGEN CALL] Generating call to: drop
[DEBUG CODEGEN CALL] Generating call to: sl_node_set_deleted
[DEBUG CODEGEN CALL] Generating call to: npk_mem_read_int64
[DEBUG IR_GEN] Initializer generated for 'head', value = 0x5b6c7494d3f0
[DEBUG IR_GEN] InitVal type: 0x5b6c71992198
[DEBUG IR_GEN] Default builder.CreateStore for head
[DEBUG CODEGEN CALL] Generating call to: sl_node_forward
[DEBUG CODEGEN CALL] Generating call to: sl_node_forward
[DEBUG CODEGEN CALL] Generating call to: npk_core_alloc
[DEBUG IR_GEN] Initializer generated for 'mt', value = 0x5b6c74c54ab0
[DEBUG IR_GEN] InitVal type: 0x5b6c71992198
[DEBUG IR_GEN] Default builder.CreateStore for mt
[DEBUG CODEGEN CALL] Generating call to: sl_create
[DEBUG IR_GEN] Initializer generated for 'sl_head', value = 0x5b6c74954c78
[DEBUG IR_GEN] InitVal type: 0x5b6c71992198
[DEBUG IR_GEN] Default builder.CreateStore for sl_head
[DEBUG CODEGEN CALL] Generating call to: drop
[DEBUG CODEGEN CALL] Generating call to: npk_mem_write_int64
[DEBUG CODEGEN CALL] Generating call to: drop
[DEBUG CODEGEN CALL] Generating call to: npk_mem_write_int64
[DEBUG CODEGEN CALL] Generating call to: drop
[DEBUG CODEGEN CALL] Generating call to: npk_mem_write_int64
[DEBUG CODEGEN CALL] Generating call to: npk_mem_read_int64
[DEBUG IR_GEN] Initializer generated for 'sl_head', value = 0x5b6c74c28b40
[DEBUG IR_GEN] InitVal type: 0x5b6c71992198
[DEBUG IR_GEN] Default builder.CreateStore for sl_head
[DEBUG CODEGEN CALL] Generating call to: drop
[DEBUG CODEGEN CALL] Generating call to: sl_destroy
[DEBUG CODEGEN CALL] Generating call to: drop
[DEBUG CODEGEN CALL] Generating call to: npk_core_dalloc
[DEBUG CODEGEN CALL] Generating call to: npk_mem_read_int64
[DEBUG IR_GEN] Initializer generated for 'frozen', value = 0x5b6c74abb0f0
[DEBUG IR_GEN] InitVal type: 0x5b6c71992198
[DEBUG IR_GEN] Default builder.CreateStore for frozen
[DEBUG CODEGEN CALL] Generating call to: npk_mem_read_int64
[DEBUG IR_GEN] Initializer generated for 'sl_head', value = 0x5b6c74c7e320
[DEBUG IR_GEN] InitVal type: 0x5b6c71992198
[DEBUG IR_GEN] Default builder.CreateStore for sl_head
[DEBUG CODEGEN CALL] Generating call to: drop
[DEBUG CODEGEN CALL] Generating call to: sl_insert
[DEBUG CODEGEN CALL] Generating call to: npk_mem_read_int64
[DEBUG IR_GEN] Initializer generated for 'frozen', value = 0x5b6c74ac15e0
[DEBUG IR_GEN] InitVal type: 0x5b6c71992198
[DEBUG IR_GEN] Default builder.CreateStore for frozen
[DEBUG CODEGEN CALL] Generating call to: npk_mem_read_int64
[DEBUG IR_GEN] Initializer generated for 'sl_head', value = 0x5b6c74b1cba0
[DEBUG IR_GEN] InitVal type: 0x5b6c71992198
[DEBUG IR_GEN] Default builder.CreateStore for sl_head
[DEBUG CODEGEN CALL] Generating call to: drop
[DEBUG CODEGEN CALL] Generating call to: sl_delete
[DEBUG CODEGEN CALL] Generating call to: npk_mem_read_int64
[DEBUG IR_GEN] Initializer generated for 'sl_head', value = 0x5b6c74ad7bf0
[DEBUG IR_GEN] InitVal type: 0x5b6c71992198
[DEBUG IR_GEN] Default builder.CreateStore for sl_head
[DEBUG CODEGEN CALL] Generating call to: sl_search
[DEBUG CODEGEN CALL] Generating call to: npk_mem_read_int64
[DEBUG IR_GEN] Initializer generated for 'sl_head', value = 0x5b6c74aa7260
[DEBUG IR_GEN] InitVal type: 0x5b6c71992198
[DEBUG IR_GEN] Default builder.CreateStore for sl_head
[DEBUG CODEGEN CALL] Generating call to: sl_memory_usage
[DEBUG IR_GEN] Initializer generated for 'mem', value = 0x5b6c74ad29f8
[DEBUG IR_GEN] InitVal type: 0x5b6c71992198
[DEBUG IR_GEN] Default builder.CreateStore for mem
[DEBUG CODEGEN CALL] Generating call to: drop
[DEBUG CODEGEN CALL] Generating call to: npk_mem_write_int64
[DEBUG CODEGEN CALL] Generating call to: npk_mem_read_int64
[DEBUG CODEGEN CALL] Generating call to: npk_mem_read_int64
[DEBUG CODEGEN CALL] Generating call to: npk_mem_read_int64
[DEBUG IR_GEN] Initializer generated for 'sl_head', value = 0x5b6c74a99c00
[DEBUG IR_GEN] InitVal type: 0x5b6c71992198
[DEBUG IR_GEN] Default builder.CreateStore for sl_head
[DEBUG CODEGEN CALL] Generating call to: sl_count
[DEBUG CODEGEN CALL] Generating call to: npk_mem_read_int64
[DEBUG IR_GEN] Initializer generated for 'sl_head', value = 0x5b6c74b0e530
[DEBUG IR_GEN] InitVal type: 0x5b6c71992198
[DEBUG IR_GEN] Default builder.CreateStore for sl_head
[DEBUG CODEGEN CALL] Generating call to: sl_memory_usage
[DEBUG CODEGEN CALL] Generating call to: npk_mem_read_int64
[DEBUG IR_GEN] Initializer generated for 'sl_head', value = 0x5b6c74c28fc0
[DEBUG IR_GEN] InitVal type: 0x5b6c71992198
[DEBUG IR_GEN] Default builder.CreateStore for sl_head
[DEBUG CODEGEN CALL] Generating call to: sl_first
[DEBUG CODEGEN CALL] Generating call to: raw
[DEBUG CODEGEN CALL] Generating call to: sys
[DEBUG IR_GEN] Initializer generated for 'res', value = 0x5b6c74a7a980
[DEBUG IR_GEN] InitVal type: 0x5b6c71992198
[DEBUG IR_GEN] Default builder.CreateStore for res
[DEBUG CODEGEN CALL] Generating call to: raw
[DEBUG CODEGEN CALL] Generating call to: sys
[DEBUG IR_GEN] Initializer generated for 'res', value = 0x5b6c74aa6370
[DEBUG IR_GEN] InitVal type: 0x5b6c71992198
[DEBUG IR_GEN] Default builder.CreateStore for res
[DEBUG CODEGEN CALL] Generating call to: raw
[DEBUG CODEGEN CALL] Generating call to: sys
[DEBUG IR_GEN] Initializer generated for 'res', value = 0x5b6c74988200
[DEBUG IR_GEN] InitVal type: 0x5b6c71992198
[DEBUG IR_GEN] Default builder.CreateStore for res
[DEBUG CODEGEN CALL] Generating call to: raw
[DEBUG CODEGEN CALL] Generating call to: sys
[DEBUG IR_GEN] Initializer generated for 'res', value = 0x5b6c74aa6c90
[DEBUG IR_GEN] InitVal type: 0x5b6c71992198
[DEBUG IR_GEN] Default builder.CreateStore for res
[DEBUG CODEGEN CALL] Generating call to: raw
[DEBUG CODEGEN CALL] Generating call to: sys
[DEBUG IR_GEN] Initializer generated for 'res', value = 0x5b6c74cc80f0
[DEBUG IR_GEN] InitVal type: 0x5b6c71992198
[DEBUG IR_GEN] Default builder.CreateStore for res
[DEBUG CODEGEN CALL] Generating call to: raw
[DEBUG CODEGEN CALL] Generating call to: sys
[DEBUG IR_GEN] Initializer generated for 'res', value = 0x5b6c74a283f0
[DEBUG IR_GEN] InitVal type: 0x5b6c71992198
[DEBUG IR_GEN] Default builder.CreateStore for res
[DEBUG CODEGEN CALL] Generating call to: raw
[DEBUG CODEGEN CALL] Generating call to: sys
[DEBUG IR_GEN] Initializer generated for 'res', value = 0x5b6c74acd530
[DEBUG IR_GEN] InitVal type: 0x5b6c71992198
[DEBUG IR_GEN] Default builder.CreateStore for res
[DEBUG CODEGEN CALL] Generating call to expression.
[DEBUG CODEGEN CALL] Generating call to expression.
[DEBUG CODEGEN CALL] Generating call to: string_to_cstr
[DEBUG IR_GEN] Initializer generated for 'c_path', value = 0x5b6c74bd4450
[DEBUG IR_GEN] InitVal type: 0x5b6c71992198
[DEBUG IR_GEN] Default builder.CreateStore for c_path
[DEBUG CODEGEN CALL] Generating call to: sys
[DEBUG IR_GEN] Initializer generated for 'fd_res', value = 0x5b6c74b730c0
[DEBUG IR_GEN] InitVal type: 0x5b6c746f1d30
[DEBUG IR_GEN] Default builder.CreateStore for fd_res
[DEBUG CODEGEN CALL] Generating call to: drop
[DEBUG CODEGEN CALL] Generating call to: wal_batch_flush
[DEBUG CODEGEN CALL] Generating call to: npk_mem_read_int64
[DEBUG IR_GEN] Initializer generated for 'buf_ptr', value = 0x5b6c74c7e1d0
[DEBUG IR_GEN] InitVal type: 0x5b6c71992198
[DEBUG IR_GEN] Default builder.CreateStore for buf_ptr
[DEBUG CODEGEN CALL] Generating call to: drop
[DEBUG CODEGEN CALL] Generating call to: npk_core_dalloc
[DEBUG CODEGEN CALL] Generating call to: drop
[DEBUG CODEGEN CALL] Generating call to: npk_core_dalloc
[DEBUG ASSIGNMENT] op=168, leftType=1 (POINTER_MEMBER=7)
[DEBUG CODEGEN CALL] Generating call to: drop
[DEBUG CODEGEN CALL] Generating call to: sys
[DEBUG CODEGEN CALL] Generating call to: sys
[DEBUG IR_GEN] Initializer generated for 'res', value = 0x5b6c74c31220
[DEBUG IR_GEN] InitVal type: 0x5b6c746f1d30
[DEBUG IR_GEN] Default builder.CreateStore for res
[DEBUG IR_GEN] Initializer generated for 'total_len', value = 0x5b6c74aa02b0
[DEBUG IR_GEN] InitVal type: 0x5b6c71992198
[DEBUG IR_GEN] Default builder.CreateStore for total_len
[DEBUG CODEGEN CALL] Generating call to: npk_core_alloc
[DEBUG IR_GEN] Initializer generated for 'buf', value = 0x5b6c74bbd5f0
[DEBUG IR_GEN] InitVal type: 0x5b6c71992198
[DEBUG IR_GEN] Default builder.CreateStore for buf
[DEBUG CODEGEN CALL] Generating call to: drop
[DEBUG CODEGEN CALL] Generating call to: npk_mem_write_int32
[DEBUG CODEGEN CALL] Generating call to: drop
[DEBUG CODEGEN CALL] Generating call to: npk_mem_write_int32
[DEBUG CODEGEN CALL] Generating call to: drop
[DEBUG CODEGEN CALL] Generating call to: npk_mem_write_int32
[DEBUG CODEGEN CALL] Generating call to: drop
[DEBUG CODEGEN CALL] Generating call to: npk_mem_copy
[DEBUG-XXX] op: 161, left: 1, right: 0
[DEBUG CODEGEN CALL] Generating call to: crc32_compute
[DEBUG-XXX] op: 161, left: 1, right: 0
[DEBUG-XXX] op: 162, left: 1, right: 0
[DEBUG IR_GEN] Initializer generated for 'crc', value = 0x5b6c74b0ad68
[DEBUG IR_GEN] InitVal type: 0x5b6c71992198
[DEBUG IR_GEN] Default builder.CreateStore for crc
[DEBUG CODEGEN CALL] Generating call to: drop
[DEBUG CODEGEN CALL] Generating call to: npk_mem_write_int32
[DEBUG CODEGEN CALL] Generating call to: sys
[DEBUG IR_GEN] Initializer generated for 'w_res', value = 0x5b6c74a91c70
[DEBUG IR_GEN] InitVal type: 0x5b6c746f1d30
[DEBUG IR_GEN] Default builder.CreateStore for w_res
[DEBUG CODEGEN CALL] Generating call to: drop
[DEBUG CODEGEN CALL] Generating call to: npk_core_dalloc
[DEBUG CODEGEN CALL] Generating call to: drop
[DEBUG CODEGEN CALL] Generating call to: wal_sync
[DEBUG CODEGEN CALL] Generating call to: string_length
[DEBUG IR_GEN] Initializer generated for 'key_len', value = 0x5b6c74c05550
[DEBUG IR_GEN] InitVal type: 0x5b6c71992198
[DEBUG IR_GEN] Default builder.CreateStore for key_len
[DEBUG IR_GEN] Initializer generated for 'payload_len', value = 0x5b6c74c12350
[DEBUG IR_GEN] InitVal type: 0x5b6c71992198
[DEBUG IR_GEN] Default builder.CreateStore for payload_len
[DEBUG CODEGEN CALL] Generating call to: npk_core_alloc
[DEBUG IR_GEN] Initializer generated for 'payload', value = 0x5b6c74d6ea80
[DEBUG IR_GEN] InitVal type: 0x5b6c71992198
[DEBUG IR_GEN] Default builder.CreateStore for payload
[DEBUG CODEGEN CALL] Generating call to: drop
[DEBUG CODEGEN CALL] Generating call to: npk_mem_write_int32
[DEBUG CODEGEN CALL] Generating call to: string_to_cstr
[DEBUG IR_GEN] Initializer generated for '__wraw_key', value = 0x5b6c74b8fb80
[DEBUG IR_GEN] InitVal type: 0x5b6c71992198
[DEBUG IR_GEN] Default builder.CreateStore for __wraw_key
[DEBUG CODEGEN CALL] Generating call to: drop
[DEBUG CODEGEN CALL] Generating call to: npk_mem_copy
[DEBUG-XXX] op: 161, left: 1, right: 0
[DEBUG CODEGEN CALL] Generating call to: string_length
[DEBUG CODEGEN CALL] Generating call to: drop
[DEBUG CODEGEN CALL] Generating call to: npk_core_dalloc
[DEBUG CODEGEN CALL] Generating call to: drop
[DEBUG CODEGEN CALL] Generating call to: npk_mem_write_int32
[DEBUG-XXX] op: 161, left: 0, right: 1
[DEBUG CODEGEN CALL] Generating call to: drop
[DEBUG CODEGEN CALL] Generating call to: npk_mem_copy
[DEBUG-XXX] op: 161, left: 2, right: 1
[DEBUG] getExprNumericTypeName leftType: 1
[DEBUG-XXX] op: 161, left: 1, right: 0
[DEBUG CODEGEN CALL] Generating call to: wal_append
[DEBUG IR_GEN] Initializer generated for 'res', value = 0x5b6c74b1b698
[DEBUG IR_GEN] InitVal type: 0x5b6c71992198
[DEBUG IR_GEN] Default builder.CreateStore for res
[DEBUG CODEGEN CALL] Generating call to: drop
[DEBUG CODEGEN CALL] Generating call to: npk_core_dalloc
[DEBUG CODEGEN CALL] Generating call to: string_length
[DEBUG IR_GEN] Initializer generated for 'key_len', value = 0x5b6c74b3eb10
[DEBUG IR_GEN] InitVal type: 0x5b6c71992198
[DEBUG IR_GEN] Default builder.CreateStore for key_len
[DEBUG IR_GEN] Initializer generated for 'payload_len', value = 0x5b6c74af30e0
[DEBUG IR_GEN] InitVal type: 0x5b6c71992198
[DEBUG IR_GEN] Default builder.CreateStore for payload_len
[DEBUG CODEGEN CALL] Generating call to: npk_core_alloc
[DEBUG IR_GEN] Initializer generated for 'payload', value = 0x5b6c74cb8b10
[DEBUG IR_GEN] InitVal type: 0x5b6c71992198
[DEBUG IR_GEN] Default builder.CreateStore for payload
[DEBUG CODEGEN CALL] Generating call to: drop
[DEBUG CODEGEN CALL] Generating call to: npk_mem_write_int32
[DEBUG CODEGEN CALL] Generating call to: string_to_cstr
[DEBUG IR_GEN] Initializer generated for '__wraw_key', value = 0x5b6c74b7d790
[DEBUG IR_GEN] InitVal type: 0x5b6c71992198
[DEBUG IR_GEN] Default builder.CreateStore for __wraw_key
[DEBUG CODEGEN CALL] Generating call to: drop
[DEBUG CODEGEN CALL] Generating call to: npk_mem_copy
[DEBUG-XXX] op: 161, left: 1, right: 0
[DEBUG CODEGEN CALL] Generating call to: string_length
[DEBUG CODEGEN CALL] Generating call to: drop
[DEBUG CODEGEN CALL] Generating call to: npk_core_dalloc
[DEBUG CODEGEN CALL] Generating call to: wal_append
[DEBUG IR_GEN] Initializer generated for 'res', value = 0x5b6c749d7578
[DEBUG IR_GEN] InitVal type: 0x5b6c71992198
[DEBUG IR_GEN] Default builder.CreateStore for res
[DEBUG CODEGEN CALL] Generating call to: drop
[DEBUG CODEGEN CALL] Generating call to: npk_core_dalloc
[DEBUG CODEGEN CALL] Generating call to: wal_append
[DEBUG IR_GEN] Initializer generated for 'res', value = 0x5b6c74982c38
[DEBUG IR_GEN] InitVal type: 0x5b6c71992198
[DEBUG IR_GEN] Default builder.CreateStore for res
[DEBUG CODEGEN CALL] Generating call to: npk_core_alloc
[DEBUG IR_GEN] Initializer generated for 'wal_state_ptr', value = 0x5b6c74c0e100
[DEBUG IR_GEN] InitVal type: 0x5b6c71992198
[DEBUG IR_GEN] Default builder.CreateStore for wal_state_ptr
[DEBUG IR_GEN] Initializer generated for 'initial_cap', value = 0x5b6c74770c60
[DEBUG IR_GEN] InitVal type: 0x5b6c71992198
[DEBUG IR_GEN] Default builder.CreateStore for initial_cap
[DEBUG CODEGEN CALL] Generating call to: drop
[DEBUG CODEGEN CALL] Generating call to: npk_mem_write_int64
[DEBUG CODEGEN CALL] Generating call to: npk_core_alloc
[DEBUG CODEGEN CALL] Generating call to: drop
[DEBUG CODEGEN CALL] Generating call to: npk_mem_write_int64
[DEBUG CODEGEN CALL] Generating call to: drop
[DEBUG CODEGEN CALL] Generating call to: npk_mem_write_int64
[DEBUG CODEGEN CALL] Generating call to: drop
[DEBUG CODEGEN CALL] Generating call to: npk_mem_write_int64
[DEBUG CODEGEN CALL] Generating call to: drop
[DEBUG CODEGEN CALL] Generating call to: npk_mem_write_int64
[DEBUG CODEGEN CALL] Generating call to: drop
[DEBUG CODEGEN CALL] Generating call to: npk_mem_write_int64
[DEBUG CODEGEN CALL] Generating call to: npk_core_alloc
[DEBUG CODEGEN CALL] Generating call to: npk_mem_read_int64
[DEBUG IR_GEN] Initializer generated for 'buf_ptr', value = 0x5b6c74bd5820
[DEBUG IR_GEN] InitVal type: 0x5b6c71992198
[DEBUG IR_GEN] Default builder.CreateStore for buf_ptr
[DEBUG CODEGEN CALL] Generating call to: npk_mem_read_int64
[DEBUG IR_GEN] Initializer generated for 'buf_len', value = 0x5b6c74a46790
[DEBUG IR_GEN] InitVal type: 0x5b6c71992198
[DEBUG IR_GEN] Default builder.CreateStore for buf_len
[DEBUG CODEGEN CALL] Generating call to: sys
[DEBUG IR_GEN] Initializer generated for 'w_res', value = 0x5b6c74c42c40
[DEBUG IR_GEN] InitVal type: 0x5b6c746f1d30
[DEBUG IR_GEN] Default builder.CreateStore for w_res
[DEBUG CODEGEN CALL] Generating call to: drop
[DEBUG CODEGEN CALL] Generating call to: wal_sync
[DEBUG CODEGEN CALL] Generating call to: drop
[DEBUG CODEGEN CALL] Generating call to: npk_mem_write_int64
[DEBUG CODEGEN CALL] Generating call to: drop
[DEBUG CODEGEN CALL] Generating call to: npk_mem_write_int64
[DEBUG CODEGEN CALL] Generating call to: drop
[DEBUG CODEGEN CALL] Generating call to: npk_mem_write_int64
[DEBUG CODEGEN CALL] Generating call to: npk_mem_read_int64
[DEBUG IR_GEN] Initializer generated for 'record_count', value = 0x5b6c74cd3030
[DEBUG IR_GEN] InitVal type: 0x5b6c71992198
[DEBUG IR_GEN] Default builder.CreateStore for record_count
[DEBUG CODEGEN CALL] Generating call to: npk_mem_read_int64
[DEBUG IR_GEN] Initializer generated for 'last_sync', value = 0x5b6c74ca5c50
[DEBUG IR_GEN] InitVal type: 0x5b6c71992198
[DEBUG IR_GEN] Default builder.CreateStore for last_sync
[DEBUG CODEGEN CALL] Generating call to: npk_mem_read_int64
[DEBUG IR_GEN] Initializer generated for 'timespec', value = 0x5b6c74ca5eb0
[DEBUG IR_GEN] InitVal type: 0x5b6c71992198
[DEBUG IR_GEN] Default builder.CreateStore for timespec
[DEBUG CODEGEN CALL] Generating call to: drop
[DEBUG CODEGEN CALL] Generating call to: sys
[DEBUG CODEGEN CALL] Generating call to: npk_mem_read_int64
[DEBUG IR_GEN] Initializer generated for 'sec', value = 0x5b6c74b598f0
[DEBUG IR_GEN] InitVal type: 0x5b6c71992198
[DEBUG IR_GEN] Default builder.CreateStore for sec
[DEBUG CODEGEN CALL] Generating call to: npk_mem_read_int64
[DEBUG IR_GEN] Initializer generated for 'nsec', value = 0x5b6c74a5fd90
[DEBUG IR_GEN] InitVal type: 0x5b6c71992198
[DEBUG IR_GEN] Default builder.CreateStore for nsec
[DEBUG IR_GEN] Initializer generated for 'now', value = 0x5b6c74bdd620
[DEBUG IR_GEN] InitVal type: 0x5b6c71992198
[DEBUG IR_GEN] Default builder.CreateStore for now
[DEBUG CODEGEN CALL] Generating call to: drop
[DEBUG CODEGEN CALL] Generating call to: npk_mem_write_int64
[DEBUG IR_GEN] Initializer generated for 'diff', value = 0x5b6c74c08af0
[DEBUG IR_GEN] InitVal type: 0x5b6c71992198
[DEBUG IR_GEN] Default builder.CreateStore for diff
[DEBUG IR_GEN] Initializer generated for 'total_len', value = 0x5b6c74c60620
[DEBUG IR_GEN] InitVal type: 0x5b6c71992198
[DEBUG IR_GEN] Default builder.CreateStore for total_len
[DEBUG CODEGEN CALL] Generating call to: npk_mem_read_int64
[DEBUG IR_GEN] Initializer generated for 'buf_ptr', value = 0x5b6c74c608d0
[DEBUG IR_GEN] InitVal type: 0x5b6c71992198
[DEBUG IR_GEN] Default builder.CreateStore for buf_ptr
[DEBUG CODEGEN CALL] Generating call to: npk_mem_read_int64
[DEBUG IR_GEN] Initializer generated for 'buf_len', value = 0x5b6c74c09210
[DEBUG IR_GEN] InitVal type: 0x5b6c71992198
[DEBUG IR_GEN] Default builder.CreateStore for buf_len
[DEBUG CODEGEN CALL] Generating call to: npk_mem_read_int64
[DEBUG IR_GEN] Initializer generated for 'buf_cap', value = 0x5b6c74c223c0
[DEBUG IR_GEN] InitVal type: 0x5b6c71992198
[DEBUG IR_GEN] Default builder.CreateStore for buf_cap
[DEBUG IR_GEN] Initializer generated for 'new_cap', value = 0x5b6c74a4a720
[DEBUG IR_GEN] InitVal type: 0x5b6c71992198
[DEBUG IR_GEN] Default builder.CreateStore for new_cap
[DEBUG ASSIGNMENT] op=168, leftType=1 (POINTER_MEMBER=7)
[DEBUG CODEGEN CALL] Generating call to: npk_core_alloc
[DEBUG IR_GEN] Initializer generated for 'new_buf', value = 0x5b6c74b7f9d0
[DEBUG IR_GEN] InitVal type: 0x5b6c71992198
[DEBUG IR_GEN] Default builder.CreateStore for new_buf
[DEBUG CODEGEN CALL] Generating call to: drop
[DEBUG CODEGEN CALL] Generating call to: npk_mem_copy
[DEBUG CODEGEN CALL] Generating call to: drop
[DEBUG CODEGEN CALL] Generating call to: npk_core_dalloc
[DEBUG ASSIGNMENT] op=168, leftType=1 (POINTER_MEMBER=7)
[DEBUG ASSIGNMENT] op=168, leftType=1 (POINTER_MEMBER=7)
[DEBUG CODEGEN CALL] Generating call to: drop
[DEBUG CODEGEN CALL] Generating call to: npk_mem_write_int64
[DEBUG CODEGEN CALL] Generating call to: drop
[DEBUG CODEGEN CALL] Generating call to: npk_mem_write_int64
[DEBUG IR_GEN] Initializer generated for 'write_ptr', value = 0x5b6c74c9d0c0
[DEBUG IR_GEN] InitVal type: 0x5b6c71992198
[DEBUG IR_GEN] Default builder.CreateStore for write_ptr
[DEBUG CODEGEN CALL] Generating call to: drop
[DEBUG CODEGEN CALL] Generating call to: npk_mem_write_int32
[DEBUG CODEGEN CALL] Generating call to: drop
[DEBUG CODEGEN CALL] Generating call to: npk_mem_write_int32
[DEBUG CODEGEN CALL] Generating call to: drop
[DEBUG CODEGEN CALL] Generating call to: npk_mem_write_int32
[DEBUG CODEGEN CALL] Generating call to: drop
[DEBUG CODEGEN CALL] Generating call to: npk_mem_copy
[DEBUG-XXX] op: 161, left: 1, right: 0
[DEBUG CODEGEN CALL] Generating call to: crc32_compute
[DEBUG-XXX] op: 161, left: 1, right: 0
[DEBUG-XXX] op: 162, left: 1, right: 0
[DEBUG IR_GEN] Initializer generated for 'crc', value = 0x5b6c74c7d4b8
[DEBUG IR_GEN] InitVal type: 0x5b6c71992198
[DEBUG IR_GEN] Default builder.CreateStore for crc
[DEBUG CODEGEN CALL] Generating call to: drop
[DEBUG CODEGEN CALL] Generating call to: npk_mem_write_int32
[DEBUG CODEGEN CALL] Generating call to: drop
[DEBUG CODEGEN CALL] Generating call to: npk_mem_write_int64
[DEBUG-XXX] op: 161, left: 1, right: 1
[DEBUG CODEGEN CALL] Generating call to: npk_mem_read_int64
[DEBUG IR_GEN] Initializer generated for 'record_count', value = 0x5b6c74b25410
[DEBUG IR_GEN] InitVal type: 0x5b6c71992198
[DEBUG IR_GEN] Default builder.CreateStore for record_count
[DEBUG CODEGEN CALL] Generating call to: drop
[DEBUG CODEGEN CALL] Generating call to: npk_mem_write_int64
[DEBUG-XXX] op: 161, left: 1, right: 0
[DEBUG CODEGEN CALL] Generating call to: string_length
[DEBUG IR_GEN] Initializer generated for 'key_len', value = 0x5b6c74a4a4a0
[DEBUG IR_GEN] InitVal type: 0x5b6c71992198
[DEBUG IR_GEN] Default builder.CreateStore for key_len
[DEBUG IR_GEN] Initializer generated for 'payload_len', value = 0x5b6c74b0d8d0
[DEBUG IR_GEN] InitVal type: 0x5b6c71992198
[DEBUG IR_GEN] Default builder.CreateStore for payload_len
[DEBUG CODEGEN CALL] Generating call to: npk_core_alloc
[DEBUG IR_GEN] Initializer generated for 'payload', value = 0x5b6c74ab2350
[DEBUG IR_GEN] InitVal type: 0x5b6c71992198
[DEBUG IR_GEN] Default builder.CreateStore for payload
[DEBUG CODEGEN CALL] Generating call to: drop
[DEBUG CODEGEN CALL] Generating call to: npk_mem_write_int32
[DEBUG CODEGEN CALL] Generating call to: npk_mem_write_string
[DEBUG-XXX] op: 161, left: 1, right: 0
[DEBUG CODEGEN CALL] Generating call to: drop
[DEBUG CODEGEN CALL] Generating call to: npk_mem_write_int32
[DEBUG-XXX] op: 161, left: 0, right: 1
[DEBUG CODEGEN CALL] Generating call to: drop
[DEBUG CODEGEN CALL] Generating call to: npk_mem_copy
[DEBUG-XXX] op: 161, left: 2, right: 1
[DEBUG] getExprNumericTypeName leftType: 1
[DEBUG-XXX] op: 161, left: 1, right: 0
[DEBUG CODEGEN CALL] Generating call to: wal_batch_append
[DEBUG IR_GEN] Initializer generated for 'res', value = 0x5b6c74b2b8f8
[DEBUG IR_GEN] InitVal type: 0x5b6c71992198
[DEBUG IR_GEN] Default builder.CreateStore for res
[DEBUG CODEGEN CALL] Generating call to: drop
[DEBUG CODEGEN CALL] Generating call to: npk_core_dalloc
[DEBUG CODEGEN CALL] Generating call to: string_length
[DEBUG IR_GEN] Initializer generated for 'key_len', value = 0x5b6c74bc4270
[DEBUG IR_GEN] InitVal type: 0x5b6c71992198
[DEBUG IR_GEN] Default builder.CreateStore for key_len
[DEBUG IR_GEN] Initializer generated for 'payload_len', value = 0x5b6c74c0ca10
[DEBUG IR_GEN] InitVal type: 0x5b6c71992198
[DEBUG IR_GEN] Default builder.CreateStore for payload_len
[DEBUG CODEGEN CALL] Generating call to: npk_core_alloc
[DEBUG IR_GEN] Initializer generated for 'payload', value = 0x5b6c74c0cc40
[DEBUG IR_GEN] InitVal type: 0x5b6c71992198
[DEBUG IR_GEN] Default builder.CreateStore for payload
[DEBUG CODEGEN CALL] Generating call to: drop
[DEBUG CODEGEN CALL] Generating call to: npk_mem_write_int32
[DEBUG CODEGEN CALL] Generating call to: npk_mem_write_string
[DEBUG-XXX] op: 161, left: 1, right: 0
[DEBUG CODEGEN CALL] Generating call to: wal_batch_append
[DEBUG IR_GEN] Initializer generated for 'res', value = 0x5b6c74b1ae78
[DEBUG IR_GEN] InitVal type: 0x5b6c71992198
[DEBUG IR_GEN] Default builder.CreateStore for res
[DEBUG CODEGEN CALL] Generating call to: drop
[DEBUG CODEGEN CALL] Generating call to: npk_core_dalloc
[DEBUG CODEGEN CALL] Generating call to: string_to_cstr
[DEBUG IR_GEN] Initializer generated for 'c_path', value = 0x5b6c748c1500
[DEBUG IR_GEN] InitVal type: 0x5b6c71992198
[DEBUG IR_GEN] Default builder.CreateStore for c_path
[DEBUG CODEGEN CALL] Generating call to: sys
[DEBUG IR_GEN] Initializer generated for 'fd_res', value = 0x5b6c74be2850
[DEBUG IR_GEN] InitVal type: 0x5b6c746f1d30
[DEBUG IR_GEN] Default builder.CreateStore for fd_res
[DEBUG CODEGEN CALL] Generating call to: npk_core_alloc
[DEBUG IR_GEN] Initializer generated for 'hdr_buf', value = 0x5b6c74a95b60
[DEBUG IR_GEN] InitVal type: 0x5b6c71992198
[DEBUG IR_GEN] Default builder.CreateStore for hdr_buf
[DEBUG CODEGEN CALL] Generating call to: sys
[DEBUG IR_GEN] Initializer generated for 'r_res', value = 0x5b6c74bb0f00
[DEBUG IR_GEN] InitVal type: 0x5b6c746f1d30
[DEBUG IR_GEN] Default builder.CreateStore for r_res
[DEBUG CODEGEN CALL] Generating call to: drop
[DEBUG CODEGEN CALL] Generating call to: npk_core_dalloc
[DEBUG IR_GEN] Initializer generated for 'bytes_read', value = 0x5b6c74ab6e90
[DEBUG IR_GEN] InitVal type: 0x5b6c71992198
[DEBUG IR_GEN] Default builder.CreateStore for bytes_read
[DEBUG CODEGEN CALL] Generating call to: drop
[DEBUG CODEGEN CALL] Generating call to: npk_core_dalloc
[DEBUG CODEGEN CALL] Generating call to: drop
[DEBUG CODEGEN CALL] Generating call to: npk_core_dalloc
[DEBUG CODEGEN CALL] Generating call to: npk_mem_read_int32
[DEBUG IR_GEN] Initializer generated for 'crc32_stored_signed', value = 0x5b6c74aeadc0
[DEBUG IR_GEN] InitVal type: 0x5b6c71992198
[DEBUG IR_GEN] Default builder.CreateStore for crc32_stored_signed
[DEBUG IR_GEN] Initializer generated for 'crc32_stored', value = 0x5b6c74bc6210
[DEBUG IR_GEN] InitVal type: 0x5b6c71992198
[DEBUG IR_GEN] Default builder.CreateStore for crc32_stored
[DEBUG CODEGEN CALL] Generating call to: npk_mem_read_int32
[DEBUG IR_GEN] Initializer generated for 'record_length', value = 0x5b6c74aeaff0
[DEBUG IR_GEN] InitVal type: 0x5b6c71992198
[DEBUG IR_GEN] Default builder.CreateStore for record_length
[DEBUG CODEGEN CALL] Generating call to: drop
[DEBUG CODEGEN CALL] Generating call to: npk_core_dalloc
[DEBUG CODEGEN CALL] Generating call to: npk_core_alloc
[DEBUG IR_GEN] Initializer generated for 'full_buf', value = 0x5b6c74bd7a80
[DEBUG IR_GEN] InitVal type: 0x5b6c71992198
[DEBUG IR_GEN] Default builder.CreateStore for full_buf
[DEBUG CODEGEN CALL] Generating call to: drop
[DEBUG CODEGEN CALL] Generating call to: npk_mem_copy
[DEBUG CODEGEN CALL] Generating call to: drop
[DEBUG CODEGEN CALL] Generating call to: npk_core_dalloc
[DEBUG IR_GEN] Initializer generated for 'rem_len', value = 0x5b6c74bd7ee0
[DEBUG IR_GEN] InitVal type: 0x5b6c71992198
[DEBUG IR_GEN] Default builder.CreateStore for rem_len
[DEBUG CODEGEN CALL] Generating call to: sys
[DEBUG-XXX] op: 161, left: 1, right: 0
[DEBUG IR_GEN] Initializer generated for 'r2_res', value = 0x5b6c74c04360
[DEBUG IR_GEN] InitVal type: 0x5b6c746f1d30
[DEBUG IR_GEN] Default builder.CreateStore for r2_res
[DEBUG CODEGEN CALL] Generating call to: drop
[DEBUG CODEGEN CALL] Generating call to: npk_core_dalloc
[DEBUG IR_GEN] Initializer generated for 'b2', value = 0x5b6c74ba8860
[DEBUG IR_GEN] InitVal type: 0x5b6c71992198
[DEBUG IR_GEN] Default builder.CreateStore for b2
[DEBUG CODEGEN CALL] Generating call to: drop
[DEBUG CODEGEN CALL] Generating call to: npk_core_dalloc
[DEBUG CODEGEN CALL] Generating call to: crc32_compute
[DEBUG-XXX] op: 161, left: 1, right: 0
[DEBUG-XXX] op: 162, left: 1, right: 0
[DEBUG IR_GEN] Initializer generated for 'comp_crc', value = 0x5b6c74bd6d88
[DEBUG IR_GEN] InitVal type: 0x5b6c71992198
[DEBUG IR_GEN] Default builder.CreateStore for comp_crc
[DEBUG CODEGEN CALL] Generating call to: drop
[DEBUG CODEGEN CALL] Generating call to: npk_core_dalloc
[DEBUG CODEGEN CALL] Generating call to: npk_mem_read_int32
[DEBUG CODEGEN CALL] Generating call to: npk_mem_read_int32
[DEBUG CODEGEN CALL] Generating call to: npk_mem_read_int32
[DEBUG IR_GEN] Initializer generated for 'key_len', value = 0x5b6c749dec30
[DEBUG IR_GEN] InitVal type: 0x5b6c71992198
[DEBUG IR_GEN] Default builder.CreateStore for key_len
[DEBUG CODEGEN CALL] Generating call to: npk_mem_read_string
[DEBUG-XXX] op: 161, left: 1, right: 0
[DEBUG CODEGEN CALL] Generating call to: npk_mem_read_int32
[DEBUG IR_GEN] Initializer generated for 'key_len', value = 0x5b6c74915bd0
[DEBUG IR_GEN] InitVal type: 0x5b6c71992198
[DEBUG IR_GEN] Default builder.CreateStore for key_len
[DEBUG CODEGEN CALL] Generating call to: npk_mem_read_int32
[DEBUG IR_GEN] Initializer generated for 'key_len', value = 0x5b6c74c46310
[DEBUG IR_GEN] InitVal type: 0x5b6c71992198
[DEBUG IR_GEN] Default builder.CreateStore for key_len
[DEBUG CODEGEN CALL] Generating call to: npk_mem_read_int32
[DEBUG-XXX] op: 161, left: 0, right: 1
[DEBUG CODEGEN CALL] Generating call to: wal_open_read
[DEBUG IR_GEN] Initializer generated for 'fd', value = 0x5b6c74cac598
[DEBUG IR_GEN] InitVal type: 0x5b6c71992198
[DEBUG IR_GEN] Default builder.CreateStore for fd
[DEBUG IR_GEN] Initializer generated for 'count', value = 0x5b6c74325da0
[DEBUG IR_GEN] InitVal type: 0x5b6c71992198
[DEBUG IR_GEN] Default builder.CreateStore for count
[DEBUG IR_GEN] Initializer generated for 'valid_offset', value = 0x5b6c74325da0
[DEBUG IR_GEN] InitVal type: 0x5b6c71992198
[DEBUG IR_GEN] Default builder.CreateStore for valid_offset
[DEBUG WHILE] Parsing condition for while loop. NodeType: 2
   BinaryOp Type: 174
[DEBUG CODEGEN CALL] Generating call to: wal_read_next
[DEBUG IR_GEN] Initializer generated for 'rec', value = 0x5b6c74aff548
[DEBUG IR_GEN] InitVal type: 0x5b6c71992198
[DEBUG IR_GEN] Default builder.CreateStore for rec
[DEBUG CODEGEN CALL] Generating call to: println
[DEBUG-XXX] op: 161, left: 0, right: 4
[DEBUG CODEGEN CALL] Generating call to: string_from_int
[DEBUG CODEGEN CALL] Generating call to: drop
[DEBUG CODEGEN CALL] Generating call to: sys!!
[DEBUG CODEGEN CALL] Generating call to: npk_mem_read_int32
[DEBUG IR_GEN] Initializer generated for 'rec_len', value = 0x5b6c74a3e7b0
[DEBUG IR_GEN] InitVal type: 0x5b6c71992198
[DEBUG IR_GEN] Default builder.CreateStore for rec_len
[DEBUG CODEGEN CALL] Generating call to: raw
[DEBUG CODEGEN CALL] Generating call to: wal_record_type
[DEBUG IR_GEN] Initializer generated for 'r_type', value = 0x5b6c74a405c0
[DEBUG IR_GEN] InitVal type: 0x5b6c71992180
[DEBUG IR_GEN] Default builder.CreateStore for r_type
[DEBUG CODEGEN CALL] Generating call to: raw
[DEBUG CODEGEN CALL] Generating call to: wal_record_seq
[DEBUG IR_GEN] Initializer generated for 'r_seq', value = 0x5b6c74b00d30
[DEBUG IR_GEN] InitVal type: 0x5b6c71992198
[DEBUG IR_GEN] Default builder.CreateStore for r_seq
[DEBUG CODEGEN CALL] Generating call to: raw
[DEBUG CODEGEN CALL] Generating call to: wal_record_key
[DEBUG IR_GEN] Initializer generated for 'r_key', value = 0x5b6c74a40be0
[DEBUG IR_GEN] InitVal type: 0x5b6c746f0df0
[DEBUG IR_GEN] Default builder.CreateStore for r_key
[DEBUG CODEGEN CALL] Generating call to: raw
[DEBUG CODEGEN CALL] Generating call to: wal_record_value_ptr
[DEBUG IR_GEN] Initializer generated for 'r_val', value = 0x5b6c74a40f30
[DEBUG IR_GEN] InitVal type: 0x5b6c71992198
[DEBUG IR_GEN] Default builder.CreateStore for r_val
[DEBUG CODEGEN CALL] Generating call to: raw
[DEBUG CODEGEN CALL] Generating call to: wal_record_value_len
[DEBUG IR_GEN] Initializer generated for 'r_vlen', value = 0x5b6c74a41240
[DEBUG IR_GEN] InitVal type: 0x5b6c71992198
[DEBUG IR_GEN] Default builder.CreateStore for r_vlen
[DEBUG CODEGEN CALL] Generating call to: npk_core_alloc
[DEBUG IR_GEN] Initializer generated for 'new_val', value = 0x5b6c74a3f6b0
[DEBUG IR_GEN] InitVal type: 0x5b6c71992198
[DEBUG IR_GEN] Default builder.CreateStore for new_val
[DEBUG CODEGEN CALL] Generating call to: drop
[DEBUG CODEGEN CALL] Generating call to: npk_mem_copy
[DEBUG CODEGEN CALL] Generating call to: raw
[DEBUG CODEGEN CALL] Generating call to: mt_put
[DEBUG CODEGEN CALL] Generating call to: raw
[DEBUG CODEGEN CALL] Generating call to: mt_delete
[DEBUG CODEGEN CALL] Generating call to: drop
[DEBUG CODEGEN CALL] Generating call to: npk_core_dalloc
[DEBUG ASSIGNMENT] op=168, leftType=1 (POINTER_MEMBER=7)
[DEBUG ASSIGNMENT] op=168, leftType=1 (POINTER_MEMBER=7)
[DEBUG CODEGEN CALL] Generating call to: drop
[DEBUG CODEGEN CALL] Generating call to: sys
[DEBUG CODEGEN CALL] Generating call to: string_to_cstr
[DEBUG IR_GEN] Initializer generated for 'c_path', value = 0x5b6c74d779d0
[DEBUG IR_GEN] InitVal type: 0x5b6c71992198
[DEBUG IR_GEN] Default builder.CreateStore for c_path
[DEBUG CODEGEN CALL] Generating call to: sys
[DEBUG IR_GEN] Initializer generated for 'fd_res', value = 0x5b6c74d78380
[DEBUG IR_GEN] InitVal type: 0x5b6c746f1d30
[DEBUG IR_GEN] Default builder.CreateStore for fd_res
[DEBUG CODEGEN CALL] Generating call to: drop
[DEBUG CODEGEN CALL] Generating call to: sys
[DEBUG CODEGEN CALL] Generating call to: npk_core_alloc
[DEBUG IR_GEN] Initializer generated for 'lm', value = 0x5b6c74d792b0
[DEBUG IR_GEN] InitVal type: 0x5b6c71992198
[DEBUG IR_GEN] Default builder.CreateStore for lm
[DEBUG CODEGEN CALL] Generating call to: string_length
[DEBUG IR_GEN] Initializer generated for 'd_len', value = 0x5b6c74d79510
[DEBUG IR_GEN] InitVal type: 0x5b6c71992198
[DEBUG IR_GEN] Default builder.CreateStore for d_len
[DEBUG CODEGEN CALL] Generating call to: npk_core_alloc
[DEBUG IR_GEN] Initializer generated for 'd_ptr', value = 0x5b6c74d797a0
[DEBUG IR_GEN] InitVal type: 0x5b6c71992198
[DEBUG IR_GEN] Default builder.CreateStore for d_ptr
[DEBUG CODEGEN CALL] Generating call to: string_to_cstr
[DEBUG IR_GEN] Initializer generated for '__wraw_data_dir', value = 0x5b6c74d799a0
[DEBUG IR_GEN] InitVal type: 0x5b6c71992198
[DEBUG IR_GEN] Default builder.CreateStore for __wraw_data_dir
[DEBUG CODEGEN CALL] Generating call to: drop
[DEBUG CODEGEN CALL] Generating call to: npk_mem_copy
[DEBUG CODEGEN CALL] Generating call to: string_length
[DEBUG CODEGEN CALL] Generating call to: drop
[DEBUG CODEGEN CALL] Generating call to: npk_core_dalloc
[DEBUG CODEGEN CALL] Generating call to: drop
[DEBUG CODEGEN CALL] Generating call to: npk_mem_write_int64
[DEBUG CODEGEN CALL] Generating call to: drop
[DEBUG CODEGEN CALL] Generating call to: npk_mem_write_int64
[DEBUG CODEGEN CALL] Generating call to: drop
[DEBUG CODEGEN CALL] Generating call to: npk_mem_write_int64
[DEBUG CODEGEN CALL] Generating call to: npk_core_alloc
[DEBUG-BINARY] op=163 leftType=1 rightType=0 leftNumType= rightNumType=
[DEBUG-XXX] op: 163, left: 1, right: 0
[DEBUG IR_GEN] Initializer generated for 'levels_array', value = 0x5b6c74d7a640
[DEBUG IR_GEN] InitVal type: 0x5b6c71992198
[DEBUG IR_GEN] Default builder.CreateStore for levels_array
[DEBUG CODEGEN CALL] Generating call to: npk_core_alloc
[DEBUG-BINARY] op=163 leftType=1 rightType=0 leftNumType= rightNumType=
[DEBUG-XXX] op: 163, left: 1, right: 0
[DEBUG IR_GEN] Initializer generated for 'count_array', value = 0x5b6c74d7a950
[DEBUG IR_GEN] InitVal type: 0x5b6c71992198
[DEBUG IR_GEN] Default builder.CreateStore for count_array
[DEBUG IR_GEN] Initializer generated for 'i', value = 0x5b6c74325da0
[DEBUG IR_GEN] InitVal type: 0x5b6c71992198
[DEBUG IR_GEN] Default builder.CreateStore for i
[DEBUG WHILE] Parsing condition for while loop. NodeType: 2
   BinaryOp Type: 176
[DEBUG CODEGEN CALL] Generating call to: npk_core_alloc
[DEBUG-BINARY] op=163 leftType=1 rightType=1 leftNumType= rightNumType=
[DEBUG-XXX] op: 163, left: 1, right: 1
[DEBUG IR_GEN] Initializer generated for 'lvl_mem', value = 0x5b6c74d7b1f0
[DEBUG IR_GEN] InitVal type: 0x5b6c71992198
[DEBUG IR_GEN] Default builder.CreateStore for lvl_mem
[DEBUG CODEGEN CALL] Generating call to: drop
[DEBUG CODEGEN CALL] Generating call to: npk_mem_write_int64
[DEBUG-BINARY] op=163 leftType=1 rightType=0 leftNumType= rightNumType=
[DEBUG-XXX] op: 163, left: 1, right: 0
[DEBUG CODEGEN CALL] Generating call to: drop
[DEBUG CODEGEN CALL] Generating call to: npk_mem_write_int64
[DEBUG-BINARY] op=163 leftType=1 rightType=0 leftNumType= rightNumType=
[DEBUG-XXX] op: 163, left: 1, right: 0
[DEBUG ASSIGNMENT] op=168, leftType=1 (POINTER_MEMBER=7)
[DEBUG CODEGEN CALL] Generating call to: drop
[DEBUG CODEGEN CALL] Generating call to: npk_mem_write_int64
[DEBUG CODEGEN CALL] Generating call to: drop
[DEBUG CODEGEN CALL] Generating call to: npk_mem_write_int64
[DEBUG CODEGEN CALL] Generating call to: drop
[DEBUG CODEGEN CALL] Generating call to: npk_mem_write_int64
[DEBUG CODEGEN CALL] Generating call to: nitpick_libc_rwlock_create
[DEBUG CODEGEN CALL] Generating call to: npk_mem_read_int64
[DEBUG IR_GEN] Initializer generated for 'd_ptr', value = 0x5b6c74bc5830
[DEBUG IR_GEN] InitVal type: 0x5b6c71992198
[DEBUG IR_GEN] Default builder.CreateStore for d_ptr
[DEBUG CODEGEN CALL] Generating call to: drop
[DEBUG CODEGEN CALL] Generating call to: npk_core_dalloc
[DEBUG CODEGEN CALL] Generating call to: npk_mem_read_int64
[DEBUG IR_GEN] Initializer generated for 'levels_array', value = 0x5b6c74bd9fc0
[DEBUG IR_GEN] InitVal type: 0x5b6c71992198
[DEBUG IR_GEN] Default builder.CreateStore for levels_array
[DEBUG CODEGEN CALL] Generating call to: npk_mem_read_int64
[DEBUG IR_GEN] Initializer generated for 'count_array', value = 0x5b6c74a6bde0
[DEBUG IR_GEN] InitVal type: 0x5b6c71992198
[DEBUG IR_GEN] Default builder.CreateStore for count_array
[DEBUG IR_GEN] Initializer generated for 'i', value = 0x5b6c74325da0
[DEBUG IR_GEN] InitVal type: 0x5b6c71992198
[DEBUG IR_GEN] Default builder.CreateStore for i
[DEBUG WHILE] Parsing condition for while loop. NodeType: 2
   BinaryOp Type: 176
[DEBUG CODEGEN CALL] Generating call to: npk_mem_read_int64
[DEBUG-BINARY] op=163 leftType=1 rightType=0 leftNumType= rightNumType=
[DEBUG-XXX] op: 163, left: 1, right: 0
[DEBUG IR_GEN] Initializer generated for 'lvl_mem', value = 0x5b6c74d882c0
[DEBUG IR_GEN] InitVal type: 0x5b6c71992198
[DEBUG IR_GEN] Default builder.CreateStore for lvl_mem
[DEBUG CODEGEN CALL] Generating call to: npk_mem_read_int64
[DEBUG-BINARY] op=163 leftType=1 rightType=0 leftNumType= rightNumType=
[DEBUG-XXX] op: 163, left: 1, right: 0
[DEBUG IR_GEN] Initializer generated for 'count', value = 0x5b6c74d886d0
[DEBUG IR_GEN] InitVal type: 0x5b6c71992198
[DEBUG IR_GEN] Default builder.CreateStore for count
[DEBUG IR_GEN] Initializer generated for 'j', value = 0x5b6c74325da0
[DEBUG IR_GEN] InitVal type: 0x5b6c71992198
[DEBUG IR_GEN] Default builder.CreateStore for j
[DEBUG WHILE] Parsing condition for while loop. NodeType: 2
   BinaryOp Type: 176
[DEBUG IR_GEN] Initializer generated for 'ent_ptr', value = 0x5b6c74bfd750
[DEBUG IR_GEN] InitVal type: 0x5b6c71992198
[DEBUG IR_GEN] Default builder.CreateStore for ent_ptr
[DEBUG CODEGEN CALL] Generating call to: npk_mem_read_int64
[DEBUG IR_GEN] Initializer generated for 'min_k', value = 0x5b6c74a43320
[DEBUG IR_GEN] InitVal type: 0x5b6c71992198
[DEBUG IR_GEN] Default builder.CreateStore for min_k
[DEBUG CODEGEN CALL] Generating call to: npk_mem_read_int64
[DEBUG IR_GEN] Initializer generated for 'max_k', value = 0x5b6c74bfe210
[DEBUG IR_GEN] InitVal type: 0x5b6c71992198
[DEBUG IR_GEN] Default builder.CreateStore for max_k
[DEBUG CODEGEN CALL] Generating call to: drop
[DEBUG CODEGEN CALL] Generating call to: npk_core_dalloc
[DEBUG CODEGEN CALL] Generating call to: drop
[DEBUG CODEGEN CALL] Generating call to: npk_core_dalloc
[DEBUG ASSIGNMENT] op=168, leftType=1 (POINTER_MEMBER=7)
[DEBUG CODEGEN CALL] Generating call to: drop
[DEBUG CODEGEN CALL] Generating call to: npk_core_dalloc
[DEBUG ASSIGNMENT] op=168, leftType=1 (POINTER_MEMBER=7)
[DEBUG CODEGEN CALL] Generating call to: drop
[DEBUG CODEGEN CALL] Generating call to: npk_core_dalloc
[DEBUG CODEGEN CALL] Generating call to: drop
[DEBUG CODEGEN CALL] Generating call to: npk_core_dalloc
[DEBUG CODEGEN CALL] Generating call to: drop
[DEBUG CODEGEN CALL] Generating call to: npk_core_dalloc
[DEBUG CODEGEN CALL] Generating call to: npk_mem_read_int64
[DEBUG IR_GEN] Initializer generated for 'lock', value = 0x5b6c74a5e2e0
[DEBUG IR_GEN] InitVal type: 0x5b6c71992198
[DEBUG IR_GEN] Default builder.CreateStore for lock
[DEBUG CODEGEN CALL] Generating call to: drop
[DEBUG CODEGEN CALL] Generating call to: nitpick_libc_rwlock_wrlock
[DEBUG CODEGEN CALL] Generating call to: npk_mem_read_int64
[DEBUG IR_GEN] Initializer generated for 'levels_array', value = 0x5b6c74a5e6a0
[DEBUG IR_GEN] InitVal type: 0x5b6c71992198
[DEBUG IR_GEN] Default builder.CreateStore for levels_array
[DEBUG CODEGEN CALL] Generating call to: npk_mem_read_int64
[DEBUG IR_GEN] Initializer generated for 'count_array', value = 0x5b6c74a5e940
[DEBUG IR_GEN] InitVal type: 0x5b6c71992198
[DEBUG IR_GEN] Default builder.CreateStore for count_array
[DEBUG CODEGEN CALL] Generating call to: npk_mem_read_int64
[DEBUG-BINARY] op=163 leftType=1 rightType=0 leftNumType= rightNumType=
[DEBUG-XXX] op: 163, left: 1, right: 0
[DEBUG IR_GEN] Initializer generated for 'count', value = 0x5b6c74a5ecf0
[DEBUG IR_GEN] InitVal type: 0x5b6c71992198
[DEBUG IR_GEN] Default builder.CreateStore for count
[DEBUG CODEGEN CALL] Generating call to: npk_mem_read_int64
[DEBUG-BINARY] op=163 leftType=1 rightType=0 leftNumType= rightNumType=
[DEBUG-XXX] op: 163, left: 1, right: 0
[DEBUG IR_GEN] Initializer generated for 'lvl_mem', value = 0x5b6c74a5f0a0
[DEBUG IR_GEN] InitVal type: 0x5b6c71992198
[DEBUG IR_GEN] Default builder.CreateStore for lvl_mem
[DEBUG IR_GEN] Initializer generated for 'ent_ptr', value = 0x5b6c749e0990
[DEBUG IR_GEN] InitVal type: 0x5b6c71992198
[DEBUG IR_GEN] Default builder.CreateStore for ent_ptr
[DEBUG CODEGEN CALL] Generating call to: string_length
[DEBUG IR_GEN] Initializer generated for 'min_len', value = 0x5b6c74cc2e50
[DEBUG IR_GEN] InitVal type: 0x5b6c71992198
[DEBUG IR_GEN] Default builder.CreateStore for min_len
[DEBUG CODEGEN CALL] Generating call to: string_length
[DEBUG IR_GEN] Initializer generated for 'max_len', value = 0x5b6c74b1ed30
[DEBUG IR_GEN] InitVal type: 0x5b6c71992198
[DEBUG IR_GEN] Default builder.CreateStore for max_len
[DEBUG CODEGEN CALL] Generating call to: npk_core_alloc
[DEBUG-XXX] op: 161, left: 0, right: 1
[DEBUG IR_GEN] Initializer generated for 'min_ptr', value = 0x5b6c74c91540
[DEBUG IR_GEN] InitVal type: 0x5b6c71992198
[DEBUG IR_GEN] Default builder.CreateStore for min_ptr
[DEBUG CODEGEN CALL] Generating call to: npk_core_alloc
[DEBUG-XXX] op: 161, left: 0, right: 1
[DEBUG IR_GEN] Initializer generated for 'max_ptr', value = 0x5b6c74cbc620
[DEBUG IR_GEN] InitVal type: 0x5b6c71992198
[DEBUG IR_GEN] Default builder.CreateStore for max_ptr
[DEBUG CODEGEN CALL] Generating call to: drop
[DEBUG CODEGEN CALL] Generating call to: npk_mem_write_int64
[DEBUG CODEGEN CALL] Generating call to: string_to_cstr
[DEBUG IR_GEN] Initializer generated for '__wraw_min_key', value = 0x5b6c74cbcc30
[DEBUG IR_GEN] InitVal type: 0x5b6c71992198
[DEBUG IR_GEN] Default builder.CreateStore for __wraw_min_key
[DEBUG CODEGEN CALL] Generating call to: drop
[DEBUG CODEGEN CALL] Generating call to: npk_mem_copy
[DEBUG-XXX] op: 161, left: 1, right: 0
[DEBUG CODEGEN CALL] Generating call to: string_length
[DEBUG CODEGEN CALL] Generating call to: drop
[DEBUG CODEGEN CALL] Generating call to: npk_core_dalloc
[DEBUG CODEGEN CALL] Generating call to: drop
[DEBUG CODEGEN CALL] Generating call to: npk_mem_write_int64
[DEBUG CODEGEN CALL] Generating call to: string_to_cstr
[DEBUG IR_GEN] Initializer generated for '__wraw_max_key', value = 0x5b6c74bda1b0
[DEBUG IR_GEN] InitVal type: 0x5b6c71992198
[DEBUG IR_GEN] Default builder.CreateStore for __wraw_max_key
[DEBUG CODEGEN CALL] Generating call to: drop
[DEBUG CODEGEN CALL] Generating call to: npk_mem_copy
[DEBUG-XXX] op: 161, left: 1, right: 0
[DEBUG CODEGEN CALL] Generating call to: string_length
[DEBUG CODEGEN CALL] Generating call to: drop
[DEBUG CODEGEN CALL] Generating call to: npk_core_dalloc
[DEBUG CODEGEN CALL] Generating call to: drop
[DEBUG CODEGEN CALL] Generating call to: npk_mem_write_int64
[DEBUG CODEGEN CALL] Generating call to: drop
[DEBUG CODEGEN CALL] Generating call to: npk_mem_write_int64
[DEBUG CODEGEN CALL] Generating call to: drop
[DEBUG CODEGEN CALL] Generating call to: npk_mem_write_int64
[DEBUG CODEGEN CALL] Generating call to: drop
[DEBUG CODEGEN CALL] Generating call to: npk_mem_write_int64
[DEBUG CODEGEN CALL] Generating call to: drop
[DEBUG CODEGEN CALL] Generating call to: npk_mem_write_int64
[DEBUG CODEGEN CALL] Generating call to: drop
[DEBUG CODEGEN CALL] Generating call to: npk_mem_write_int64
[DEBUG-BINARY] op=163 leftType=1 rightType=0 leftNumType= rightNumType=
[DEBUG-XXX] op: 163, left: 1, right: 0
[DEBUG-XXX] op: 161, left: 1, right: 0
[DEBUG CODEGEN CALL] Generating call to: drop
[DEBUG CODEGEN CALL] Generating call to: nitpick_libc_rwlock_unlock
[DEBUG CODEGEN CALL] Generating call to: npk_mem_read_int64
[DEBUG IR_GEN] Initializer generated for 'lock', value = 0x5b6c74bbe020
[DEBUG IR_GEN] InitVal type: 0x5b6c71992198
[DEBUG IR_GEN] Default builder.CreateStore for lock
[DEBUG CODEGEN CALL] Generating call to: drop
[DEBUG CODEGEN CALL] Generating call to: nitpick_libc_rwlock_wrlock
[DEBUG CODEGEN CALL] Generating call to: npk_mem_read_int64
[DEBUG IR_GEN] Initializer generated for 'levels_array', value = 0x5b6c74b44a30
[DEBUG IR_GEN] InitVal type: 0x5b6c71992198
[DEBUG IR_GEN] Default builder.CreateStore for levels_array
[DEBUG CODEGEN CALL] Generating call to: npk_mem_read_int64
[DEBUG IR_GEN] Initializer generated for 'count_array', value = 0x5b6c74cc3e10
[DEBUG IR_GEN] InitVal type: 0x5b6c71992198
[DEBUG IR_GEN] Default builder.CreateStore for count_array
[DEBUG CODEGEN CALL] Generating call to: npk_mem_read_int64
[DEBUG-BINARY] op=163 leftType=1 rightType=0 leftNumType= rightNumType=
[DEBUG-XXX] op: 163, left: 1, right: 0
[DEBUG IR_GEN] Initializer generated for 'count', value = 0x5b6c74a362e0
[DEBUG IR_GEN] InitVal type: 0x5b6c71992198
[DEBUG IR_GEN] Default builder.CreateStore for count
[DEBUG CODEGEN CALL] Generating call to: npk_mem_read_int64
[DEBUG-BINARY] op=163 leftType=1 rightType=0 leftNumType= rightNumType=
[DEBUG-XXX] op: 163, left: 1, right: 0
[DEBUG IR_GEN] Initializer generated for 'lvl_mem', value = 0x5b6c74cc69b0
[DEBUG IR_GEN] InitVal type: 0x5b6c71992198
[DEBUG IR_GEN] Default builder.CreateStore for lvl_mem
[DEBUG IR_GEN] Initializer generated for 'i', value = 0x5b6c74325da0
[DEBUG IR_GEN] InitVal type: 0x5b6c71992198
[DEBUG IR_GEN] Default builder.CreateStore for i
[DEBUG WHILE] Parsing condition for while loop. NodeType: 2
   BinaryOp Type: 176
[DEBUG IR_GEN] Initializer generated for 'ent_ptr', value = 0x5b6c74b313f0
[DEBUG IR_GEN] InitVal type: 0x5b6c71992198
[DEBUG IR_GEN] Default builder.CreateStore for ent_ptr
[DEBUG CODEGEN CALL] Generating call to: npk_mem_read_int64
[DEBUG IR_GEN] Initializer generated for 'fid', value = 0x5b6c74b07ad0
[DEBUG IR_GEN] InitVal type: 0x5b6c71992198
[DEBUG IR_GEN] Default builder.CreateStore for fid
[DEBUG CODEGEN CALL] Generating call to: npk_mem_read_int64
[DEBUG IR_GEN] Initializer generated for 'min_k', value = 0x5b6c74c68130
[DEBUG IR_GEN] InitVal type: 0x5b6c71992198
[DEBUG IR_GEN] Default builder.CreateStore for min_k
[DEBUG CODEGEN CALL] Generating call to: npk_mem_read_int64
[DEBUG IR_GEN] Initializer generated for 'max_k', value = 0x5b6c74c91bb0
[DEBUG IR_GEN] InitVal type: 0x5b6c71992198
[DEBUG IR_GEN] Default builder.CreateStore for max_k
[DEBUG CODEGEN CALL] Generating call to: drop
[DEBUG CODEGEN CALL] Generating call to: npk_core_dalloc
[DEBUG CODEGEN CALL] Generating call to: drop
[DEBUG CODEGEN CALL] Generating call to: npk_core_dalloc
[DEBUG IR_GEN] Initializer generated for 'j', value = 0x5b6c74c2eab0
[DEBUG IR_GEN] InitVal type: 0x5b6c71992198
[DEBUG IR_GEN] Default builder.CreateStore for j
[DEBUG WHILE] Parsing condition for while loop. NodeType: 2
   BinaryOp Type: 176
[DEBUG IR_GEN] Initializer generated for 'src', value = 0x5b6c74c5e9e0
[DEBUG IR_GEN] InitVal type: 0x5b6c71992198
[DEBUG IR_GEN] Default builder.CreateStore for src
[DEBUG IR_GEN] Initializer generated for 'dst', value = 0x5b6c74c5ef60
[DEBUG IR_GEN] InitVal type: 0x5b6c71992198
[DEBUG IR_GEN] Default builder.CreateStore for dst
[DEBUG CODEGEN CALL] Generating call to: drop
[DEBUG CODEGEN CALL] Generating call to: npk_mem_copy
[DEBUG ASSIGNMENT] op=168, leftType=1 (POINTER_MEMBER=7)
[DEBUG CODEGEN CALL] Generating call to: drop
[DEBUG CODEGEN CALL] Generating call to: npk_mem_write_int64
[DEBUG-BINARY] op=163 leftType=1 rightType=0 leftNumType= rightNumType=
[DEBUG-XXX] op: 163, left: 1, right: 0
[DEBUG-XXX] op: 162, left: 1, right: 0
[DEBUG ASSIGNMENT] op=168, leftType=1 (POINTER_MEMBER=7)
[DEBUG CODEGEN CALL] Generating call to: drop
[DEBUG CODEGEN CALL] Generating call to: nitpick_libc_rwlock_unlock
[DEBUG CODEGEN CALL] Generating call to: npk_mem_read_int64
[DEBUG IR_GEN] Initializer generated for 'lock', value = 0x5b6c74a722d0
[DEBUG IR_GEN] InitVal type: 0x5b6c71992198
[DEBUG IR_GEN] Default builder.CreateStore for lock
[DEBUG CODEGEN CALL] Generating call to: drop
[DEBUG CODEGEN CALL] Generating call to: nitpick_libc_rwlock_rdlock
[DEBUG CODEGEN CALL] Generating call to: npk_mem_read_int64
[DEBUG IR_GEN] Initializer generated for 'count_array', value = 0x5b6c74a71e20
[DEBUG IR_GEN] InitVal type: 0x5b6c71992198
[DEBUG IR_GEN] Default builder.CreateStore for count_array
[DEBUG CODEGEN CALL] Generating call to: drop
[DEBUG CODEGEN CALL] Generating call to: nitpick_libc_rwlock_unlock
[DEBUG CODEGEN CALL] Generating call to: npk_mem_read_int64
[DEBUG-BINARY] op=163 leftType=1 rightType=0 leftNumType= rightNumType=
[DEBUG-XXX] op: 163, left: 1, right: 0
[DEBUG CODEGEN CALL] Generating call to: lm_count_at_level
[DEBUG IR_GEN] Initializer generated for 'c', value = 0x5b6c74bb4d58
[DEBUG IR_GEN] InitVal type: 0x5b6c71992198
[DEBUG IR_GEN] Default builder.CreateStore for c
[DEBUG CODEGEN CALL] Generating call to: npk_mem_read_int64
[DEBUG IR_GEN] Initializer generated for 'fid', value = 0x5b6c74a74080
[DEBUG IR_GEN] InitVal type: 0x5b6c71992198
[DEBUG IR_GEN] Default builder.CreateStore for fid
[DEBUG CODEGEN CALL] Generating call to: drop
[DEBUG CODEGEN CALL] Generating call to: npk_mem_write_int64
[DEBUG-XXX] op: 161, left: 1, right: 0
[DEBUG CODEGEN CALL] Generating call to: npk_mem_read_int64
[DEBUG IR_GEN] Initializer generated for 'd_ptr', value = 0x5b6c74a74650
[DEBUG IR_GEN] InitVal type: 0x5b6c71992198
[DEBUG IR_GEN] Default builder.CreateStore for d_ptr
[DEBUG CODEGEN CALL] Generating call to: npk_mem_read_int64
[DEBUG IR_GEN] Initializer generated for 'd_len', value = 0x5b6c74a748f0
[DEBUG IR_GEN] InitVal type: 0x5b6c71992198
[DEBUG IR_GEN] Default builder.CreateStore for d_len
[DEBUG CODEGEN CALL] Generating call to: npk_mem_read_string
[DEBUG IR_GEN] Initializer generated for 'dir', value = 0x5b6c74cada60
[DEBUG IR_GEN] InitVal type: 0x5b6c746f0df0
[DEBUG IR_GEN] Default builder.CreateStore for dir
[DEBUG CODEGEN CALL] Generating call to: string_from_int
[DEBUG IR_GEN] Initializer generated for 'fid_str', value = 0x5b6c74cae250
[DEBUG IR_GEN] InitVal type: 0x5b6c746f0df0
[DEBUG IR_GEN] Default builder.CreateStore for fid_str
[DEBUG WHILE] Parsing condition for while loop. NodeType: 2
   BinaryOp Type: 176
[DEBUG CODEGEN CALL] Generating call to: string_length
[DEBUG ASSIGNMENT] op=168, leftType=1 (POINTER_MEMBER=7)
[DEBUG IR_GEN] Initializer generated for 'p1', value = 0x5b6c74caed90
[DEBUG IR_GEN] InitVal type: 0x5b6c746f0df0
[DEBUG IR_GEN] Default builder.CreateStore for p1
[DEBUG CODEGEN CALL] Generating call to: string_from_int
[DEBUG IR_GEN] Initializer generated for 'p2', value = 0x5b6c74caf190
[DEBUG IR_GEN] InitVal type: 0x5b6c746f0df0
[DEBUG IR_GEN] Default builder.CreateStore for p2
[DEBUG IR_GEN] Initializer generated for 'p3', value = 0x5b6c74a46050
[DEBUG IR_GEN] InitVal type: 0x5b6c746f0df0
[DEBUG IR_GEN] Default builder.CreateStore for p3
[DEBUG IR_GEN] Initializer generated for 'p4', value = 0x5b6c74861010
[DEBUG IR_GEN] InitVal type: 0x5b6c746f0df0
[DEBUG IR_GEN] Default builder.CreateStore for p4
[DEBUG IR_GEN] Initializer generated for 'p5', value = 0x5b6c74a0e5e0
[DEBUG IR_GEN] InitVal type: 0x5b6c746f0df0
[DEBUG IR_GEN] Default builder.CreateStore for p5
[DEBUG CODEGEN CALL] Generating call to: lm_count_at_level
[DEBUG IR_GEN] Initializer generated for 'count', value = 0x5b6c74a689c8
[DEBUG IR_GEN] InitVal type: 0x5b6c71992198
[DEBUG IR_GEN] Default builder.CreateStore for count
[DEBUG CODEGEN CALL] Generating call to: npk_mem_read_int64
[DEBUG IR_GEN] Initializer generated for 'lock', value = 0x5b6c74a6c540
[DEBUG IR_GEN] InitVal type: 0x5b6c71992198
[DEBUG IR_GEN] Default builder.CreateStore for lock
[DEBUG CODEGEN CALL] Generating call to: drop
[DEBUG CODEGEN CALL] Generating call to: nitpick_libc_rwlock_rdlock
[DEBUG CODEGEN CALL] Generating call to: npk_mem_read_int64
[DEBUG IR_GEN] Initializer generated for 'levels_array', value = 0x5b6c74c32030
[DEBUG IR_GEN] InitVal type: 0x5b6c71992198
[DEBUG IR_GEN] Default builder.CreateStore for levels_array
[DEBUG CODEGEN CALL] Generating call to: npk_mem_read_int64
[DEBUG-BINARY] op=163 leftType=1 rightType=0 leftNumType= rightNumType=
[DEBUG-XXX] op: 163, left: 1, right: 0
[DEBUG IR_GEN] Initializer generated for 'lvl_mem', value = 0x5b6c74c324f0
[DEBUG IR_GEN] InitVal type: 0x5b6c71992198
[DEBUG IR_GEN] Default builder.CreateStore for lvl_mem
[DEBUG CODEGEN CALL] Generating call to: npk_core_alloc
[DEBUG-BINARY] op=163 leftType=1 rightType=0 leftNumType= rightNumType=
[DEBUG-XXX] op: 163, left: 1, right: 0
[DEBUG IR_GEN] Initializer generated for 'res', value = 0x5b6c74c91fb0
[DEBUG IR_GEN] InitVal type: 0x5b6c71992198
[DEBUG IR_GEN] Default builder.CreateStore for res
[DEBUG IR_GEN] Initializer generated for 'i', value = 0x5b6c74325da0
[DEBUG IR_GEN] InitVal type: 0x5b6c71992198
[DEBUG IR_GEN] Default builder.CreateStore for i
[DEBUG WHILE] Parsing condition for while loop. NodeType: 2
   BinaryOp Type: 176
[DEBUG IR_GEN] Initializer generated for 'ent_ptr', value = 0x5b6c74b8e6e0
[DEBUG IR_GEN] InitVal type: 0x5b6c71992198
[DEBUG IR_GEN] Default builder.CreateStore for ent_ptr
[DEBUG CODEGEN CALL] Generating call to: npk_mem_read_int64
[DEBUG IR_GEN] Initializer generated for 'fid', value = 0x5b6c74c16de0
[DEBUG IR_GEN] InitVal type: 0x5b6c71992198
[DEBUG IR_GEN] Default builder.CreateStore for fid
[DEBUG CODEGEN CALL] Generating call to: drop
[DEBUG CODEGEN CALL] Generating call to: npk_mem_write_int64
[DEBUG-BINARY] op=163 leftType=1 rightType=0 leftNumType= rightNumType=
[DEBUG-XXX] op: 163, left: 1, right: 0
[DEBUG ASSIGNMENT] op=168, leftType=1 (POINTER_MEMBER=7)
[DEBUG CODEGEN CALL] Generating call to: drop
[DEBUG CODEGEN CALL] Generating call to: nitpick_libc_rwlock_unlock
[DEBUG CODEGEN CALL] Generating call to: lm_count_at_level
[DEBUG CODEGEN CALL] Generating call to: npk_mem_read_int64
[DEBUG CODEGEN CALL] Generating call to: drop
[DEBUG CODEGEN CALL] Generating call to: npk_mem_write_int64
[DEBUG CODEGEN CALL] Generating call to: npk_mem_read_int64
[DEBUG IR_GEN] Initializer generated for 'lock', value = 0x5b6c74a38930
[DEBUG IR_GEN] InitVal type: 0x5b6c71992198
[DEBUG IR_GEN] Default builder.CreateStore for lock
[DEBUG CODEGEN CALL] Generating call to: drop
[DEBUG CODEGEN CALL] Generating call to: nitpick_libc_rwlock_rdlock
[DEBUG CODEGEN CALL] Generating call to: npk_mem_read_int64
[DEBUG CODEGEN CALL] Generating call to: npk_mem_read_int64
[DEBUG-BINARY] op=163 leftType=1 rightType=0 leftNumType= rightNumType=
[DEBUG-XXX] op: 163, left: 1, right: 0
[DEBUG IR_GEN] Initializer generated for 'count', value = 0x5b6c74d7d4d0
[DEBUG IR_GEN] InitVal type: 0x5b6c71992198
[DEBUG IR_GEN] Default builder.CreateStore for count
[DEBUG CODEGEN CALL] Generating call to: npk_mem_read_int64
[DEBUG CODEGEN CALL] Generating call to: npk_mem_read_int64
[DEBUG-BINARY] op=163 leftType=1 rightType=0 leftNumType= rightNumType=
[DEBUG-XXX] op: 163, left: 1, right: 0
[DEBUG IR_GEN] Initializer generated for 'lvl_mem', value = 0x5b6c74bbde00
[DEBUG IR_GEN] InitVal type: 0x5b6c71992198
[DEBUG IR_GEN] Default builder.CreateStore for lvl_mem
[DEBUG IR_GEN] Initializer generated for 'i', value = 0x5b6c74325da0
[DEBUG IR_GEN] InitVal type: 0x5b6c71992198
[DEBUG IR_GEN] Default builder.CreateStore for i
[DEBUG WHILE] Parsing condition for while loop. NodeType: 2
   BinaryOp Type: 176
[DEBUG IR_GEN] Initializer generated for 'ent', value = 0x5b6c74cbbbd0
[DEBUG IR_GEN] InitVal type: 0x5b6c71992198
[DEBUG IR_GEN] Default builder.CreateStore for ent
[DEBUG CODEGEN CALL] Generating call to: npk_mem_read_int64
[DEBUG CODEGEN CALL] Generating call to: npk_mem_read_int64
[DEBUG IR_GEN] Initializer generated for 'm_ptr', value = 0x5b6c74c8db40
[DEBUG IR_GEN] InitVal type: 0x5b6c71992198
[DEBUG IR_GEN] Default builder.CreateStore for m_ptr
[DEBUG CODEGEN CALL] Generating call to: npk_mem_read_int64
[DEBUG IR_GEN] Initializer generated for 'm_len', value = 0x5b6c74c8de80
[DEBUG IR_GEN] InitVal type: 0x5b6c71992198
[DEBUG IR_GEN] Default builder.CreateStore for m_len
[DEBUG CODEGEN CALL] Generating call to: drop
[DEBUG CODEGEN CALL] Generating call to: nitpick_libc_rwlock_unlock
[DEBUG CODEGEN CALL] Generating call to: npk_mem_read_string
[DEBUG-XXX] op: 161, left: 1, right: 0
[DEBUG ASSIGNMENT] op=168, leftType=1 (POINTER_MEMBER=7)
[DEBUG CODEGEN CALL] Generating call to: drop
[DEBUG CODEGEN CALL] Generating call to: nitpick_libc_rwlock_unlock
[DEBUG CODEGEN CALL] Generating call to: npk_mem_read_int64
[DEBUG IR_GEN] Initializer generated for 'lock', value = 0x5b6c74cbf970
[DEBUG IR_GEN] InitVal type: 0x5b6c71992198
[DEBUG IR_GEN] Default builder.CreateStore for lock
[DEBUG CODEGEN CALL] Generating call to: drop
[DEBUG CODEGEN CALL] Generating call to: nitpick_libc_rwlock_rdlock
[DEBUG CODEGEN CALL] Generating call to: npk_mem_read_int64
[DEBUG CODEGEN CALL] Generating call to: npk_mem_read_int64
[DEBUG-BINARY] op=163 leftType=1 rightType=0 leftNumType= rightNumType=
[DEBUG-XXX] op: 163, left: 1, right: 0
[DEBUG IR_GEN] Initializer generated for 'count', value = 0x5b6c74cc0060
[DEBUG IR_GEN] InitVal type: 0x5b6c71992198
[DEBUG IR_GEN] Default builder.CreateStore for count
[DEBUG CODEGEN CALL] Generating call to: npk_mem_read_int64
[DEBUG CODEGEN CALL] Generating call to: npk_mem_read_int64
[DEBUG-BINARY] op=163 leftType=1 rightType=0 leftNumType= rightNumType=
[DEBUG-XXX] op: 163, left: 1, right: 0
[DEBUG IR_GEN] Initializer generated for 'lvl_mem', value = 0x5b6c74a366e0
[DEBUG IR_GEN] InitVal type: 0x5b6c71992198
[DEBUG IR_GEN] Default builder.CreateStore for lvl_mem
[DEBUG IR_GEN] Initializer generated for 'i', value = 0x5b6c74325da0
[DEBUG IR_GEN] InitVal type: 0x5b6c71992198
[DEBUG IR_GEN] Default builder.CreateStore for i
[DEBUG WHILE] Parsing condition for while loop. NodeType: 2
   BinaryOp Type: 176
[DEBUG IR_GEN] Initializer generated for 'ent', value = 0x5b6c74a37160
[DEBUG IR_GEN] InitVal type: 0x5b6c71992198
[DEBUG IR_GEN] Default builder.CreateStore for ent
[DEBUG CODEGEN CALL] Generating call to: npk_mem_read_int64
[DEBUG CODEGEN CALL] Generating call to: npk_mem_read_int64
[DEBUG IR_GEN] Initializer generated for 'm_ptr', value = 0x5b6c74c41960
[DEBUG IR_GEN] InitVal type: 0x5b6c71992198
[DEBUG IR_GEN] Default builder.CreateStore for m_ptr
[DEBUG CODEGEN CALL] Generating call to: npk_mem_read_int64
[DEBUG IR_GEN] Initializer generated for 'm_len', value = 0x5b6c74c41d30
[DEBUG IR_GEN] InitVal type: 0x5b6c71992198
[DEBUG IR_GEN] Default builder.CreateStore for m_len
[DEBUG CODEGEN CALL] Generating call to: drop
[DEBUG CODEGEN CALL] Generating call to: nitpick_libc_rwlock_unlock
[DEBUG CODEGEN CALL] Generating call to: npk_mem_read_string
[DEBUG-XXX] op: 161, left: 1, right: 0
[DEBUG ASSIGNMENT] op=168, leftType=1 (POINTER_MEMBER=7)
[DEBUG CODEGEN CALL] Generating call to: drop
[DEBUG CODEGEN CALL] Generating call to: nitpick_libc_rwlock_unlock
[DEBUG CODEGEN CALL] Generating call to: nitpick_libc_mem_calloc
[DEBUG IR_GEN] Initializer generated for 'ptr', value = 0x5b6c74c5dfb0
[DEBUG IR_GEN] InitVal type: 0x5b6c71992198
[DEBUG IR_GEN] Default builder.CreateStore for ptr
[DEBUG CODEGEN CALL] Generating call to: drop
[DEBUG CODEGEN CALL] Generating call to: npk_mem_write_int64
[DEBUG CODEGEN CALL] Generating call to: drop
[DEBUG CODEGEN CALL] Generating call to: npk_mem_write_int32
[DEBUG CODEGEN CALL] Generating call to: drop
[DEBUG CODEGEN CALL] Generating call to: npk_mem_write_int32
[DEBUG CODEGEN CALL] Generating call to: drop
[DEBUG CODEGEN CALL] Generating call to: npk_mem_write_int32
[DEBUG-XXX] op: 162, left: 1, right: 0
[DEBUG CODEGEN CALL] Generating call to: drop
[DEBUG CODEGEN CALL] Generating call to: npk_mem_write_int32
[DEBUG CODEGEN CALL] Generating call to: drop
[DEBUG CODEGEN CALL] Generating call to: npk_mem_write_int32
[DEBUG CODEGEN CALL] Generating call to: drop
[DEBUG CODEGEN CALL] Generating call to: npk_mem_write_int32
[DEBUG CODEGEN CALL] Generating call to: drop
[DEBUG CODEGEN CALL] Generating call to: npk_core_dalloc
[DEBUG CODEGEN CALL] Generating call to: npk_mem_read_int64
[DEBUG CODEGEN CALL] Generating call to: npk_mem_read_int32
[DEBUG CODEGEN CALL] Generating call to: npk_mem_read_int32
[DEBUG CODEGEN CALL] Generating call to: npk_mem_read_int32
[DEBUG CODEGEN CALL] Generating call to: npk_mem_read_int32
[DEBUG CODEGEN CALL] Generating call to: page_get_free_offset
[DEBUG IR_GEN] Initializer generated for 'free_off', value = 0x5b6c74806c70
[DEBUG IR_GEN] InitVal type: 0x5b6c71992198
[DEBUG IR_GEN] Default builder.CreateStore for free_off
[DEBUG CODEGEN CALL] Generating call to: page_get_tuple_end
[DEBUG IR_GEN] Initializer generated for 'tup_end', value = 0x5b6c74c1e400
[DEBUG IR_GEN] InitVal type: 0x5b6c71992198
[DEBUG IR_GEN] Default builder.CreateStore for tup_end
[DEBUG IR_GEN] Initializer generated for 'available', value = 0x5b6c74d7ba10
[DEBUG IR_GEN] InitVal type: 0x5b6c71992198
[DEBUG IR_GEN] Default builder.CreateStore for available
[DEBUG CODEGEN CALL] Generating call to: slot_byte_offset
[DEBUG IR_GEN] Initializer generated for 'off', value = 0x5b6c74c86b38
[DEBUG IR_GEN] InitVal type: 0x5b6c71992198
[DEBUG IR_GEN] Default builder.CreateStore for off
[DEBUG CODEGEN CALL] Generating call to: npk_mem_read_int64
[DEBUG CODEGEN CALL] Generating call to: slot_byte_offset
[DEBUG IR_GEN] Initializer generated for 'off', value = 0x5b6c74c69190
[DEBUG IR_GEN] InitVal type: 0x5b6c71992198
[DEBUG IR_GEN] Default builder.CreateStore for off
[DEBUG CODEGEN CALL] Generating call to: npk_mem_read_int64
[DEBUG CODEGEN CALL] Generating call to: slot_byte_offset
[DEBUG IR_GEN] Initializer generated for 'off', value = 0x5b6c74c6a5c8
[DEBUG IR_GEN] InitVal type: 0x5b6c71992198
[DEBUG IR_GEN] Default builder.CreateStore for off
[DEBUG CODEGEN CALL] Generating call to: drop
[DEBUG CODEGEN CALL] Generating call to: npk_mem_write_int64
[DEBUG CODEGEN CALL] Generating call to: drop
[DEBUG CODEGEN CALL] Generating call to: npk_mem_write_int64
[DEBUG-XXX] op: 161, left: 1, right: 0
[DEBUG CODEGEN CALL] Generating call to: page_get_slot_count
[DEBUG IR_GEN] Initializer generated for 'count', value = 0x5b6c749001e0
[DEBUG IR_GEN] InitVal type: 0x5b6c71992198
[DEBUG IR_GEN] Default builder.CreateStore for count
[DEBUG CODEGEN CALL] Generating call to: slot_get_tuple_offset
[DEBUG IR_GEN] Initializer generated for 'tup_off', value = 0x5b6c74a67178
[DEBUG IR_GEN] InitVal type: 0x5b6c71992198
[DEBUG IR_GEN] Default builder.CreateStore for tup_off
[DEBUG CODEGEN CALL] Generating call to: slot_get_tuple_length
[DEBUG IR_GEN] Initializer generated for 'tup_len', value = 0x5b6c749ec288
[DEBUG IR_GEN] InitVal type: 0x5b6c71992198
[DEBUG IR_GEN] Default builder.CreateStore for tup_len
[DEBUG CODEGEN CALL] Generating call to: npk_core_alloc
[DEBUG IR_GEN] Initializer generated for 'out', value = 0x5b6c74a69c40
[DEBUG IR_GEN] InitVal type: 0x5b6c71992198
[DEBUG IR_GEN] Default builder.CreateStore for out
[DEBUG CODEGEN CALL] Generating call to: drop
[DEBUG CODEGEN CALL] Generating call to: npk_mem_copy
[DEBUG-XXX] op: 161, left: 1, right: 1
[DEBUG CODEGEN CALL] Generating call to: slot_get_tuple_offset
[DEBUG IR_GEN] Initializer generated for 'tup_off', value = 0x5b6c74a5a478
[DEBUG IR_GEN] InitVal type: 0x5b6c71992198
[DEBUG IR_GEN] Default builder.CreateStore for tup_off
[DEBUG CODEGEN CALL] Generating call to: slot_get_tuple_length
[DEBUG IR_GEN] Initializer generated for 'tup_len', value = 0x5b6c74c37f58
[DEBUG IR_GEN] InitVal type: 0x5b6c71992198
[DEBUG IR_GEN] Default builder.CreateStore for tup_len
[DEBUG CODEGEN CALL] Generating call to: npk_mem_offset
[DEBUG IR_GEN] Initializer generated for 'str_ptr', value = 0x5b6c74ca2620
[DEBUG IR_GEN] InitVal type: 0x5b6c71992198
[DEBUG IR_GEN] Default builder.CreateStore for str_ptr
[DEBUG CODEGEN CALL] Generating call to: npk_mem_read_string
[DEBUG CODEGEN CALL] Generating call to: page_free_space
[DEBUG IR_GEN] Initializer generated for 'space', value = 0x5b6c74cbe918
[DEBUG IR_GEN] InitVal type: 0x5b6c71992198
[DEBUG IR_GEN] Default builder.CreateStore for space
[DEBUG CODEGEN CALL] Generating call to: page_get_slot_count
[DEBUG IR_GEN] Initializer generated for 'count', value = 0x5b6c748865a0
[DEBUG IR_GEN] InitVal type: 0x5b6c71992198
[DEBUG IR_GEN] Default builder.CreateStore for count
[DEBUG IR_GEN] Initializer generated for 'live', value = 0x5b6c74325da0
[DEBUG IR_GEN] InitVal type: 0x5b6c71992198
[DEBUG IR_GEN] Default builder.CreateStore for live
[DEBUG IR_GEN] Initializer generated for 'i', value = 0x5b6c74325da0
[DEBUG IR_GEN] InitVal type: 0x5b6c71992198
[DEBUG IR_GEN] Default builder.CreateStore for i
[DEBUG WHILE] Parsing condition for while loop. NodeType: 2
   BinaryOp Type: 176
[DEBUG CODEGEN CALL] Generating call to: slot_get_tuple_length
[DEBUG IR_GEN] Initializer generated for 'len', value = 0x5b6c74c47c38
[DEBUG IR_GEN] InitVal type: 0x5b6c71992198
[DEBUG IR_GEN] Default builder.CreateStore for len
[DEBUG ASSIGNMENT] op=168, leftType=1 (POINTER_MEMBER=7)
[DEBUG ASSIGNMENT] op=168, leftType=1 (POINTER_MEMBER=7)
[DEBUG CODEGEN CALL] Generating call to: page_get_slot_count
[DEBUG IR_GEN] Initializer generated for 'count', value = 0x5b6c749bbf50
[DEBUG IR_GEN] InitVal type: 0x5b6c71992198
[DEBUG IR_GEN] Default builder.CreateStore for count
[DEBUG IR_GEN] Initializer generated for 'used', value = 0x5b6c74325da0
[DEBUG IR_GEN] InitVal type: 0x5b6c71992198
[DEBUG IR_GEN] Default builder.CreateStore for used
[DEBUG IR_GEN] Initializer generated for 'i', value = 0x5b6c74325da0
[DEBUG IR_GEN] InitVal type: 0x5b6c71992198
[DEBUG IR_GEN] Default builder.CreateStore for i
[DEBUG WHILE] Parsing condition for while loop. NodeType: 2
   BinaryOp Type: 176
[DEBUG CODEGEN CALL] Generating call to: slot_get_tuple_length
[DEBUG IR_GEN] Initializer generated for 'len', value = 0x5b6c74c55d58
[DEBUG IR_GEN] InitVal type: 0x5b6c71992198
[DEBUG IR_GEN] Default builder.CreateStore for len
[DEBUG ASSIGNMENT] op=168, leftType=1 (POINTER_MEMBER=7)
[DEBUG ASSIGNMENT] op=168, leftType=1 (POINTER_MEMBER=7)
[DEBUG CODEGEN CALL] Generating call to: page_is_full
[DEBUG IR_GEN] Initializer generated for 'is_full', value = 0x5b6c74a66078
[DEBUG IR_GEN] InitVal type: 0x5b6c71992198
[DEBUG IR_GEN] Default builder.CreateStore for is_full
[DEBUG CODEGEN CALL] Generating call to: page_get_tuple_end
[DEBUG IR_GEN] Initializer generated for 'tend', value = 0x5b6c74c52a60
[DEBUG IR_GEN] InitVal type: 0x5b6c71992198
[DEBUG IR_GEN] Default builder.CreateStore for tend
[DEBUG IR_GEN] Initializer generated for 'new_toff', value = 0x5b6c74cba830
[DEBUG IR_GEN] InitVal type: 0x5b6c71992198
[DEBUG IR_GEN] Default builder.CreateStore for new_toff
[DEBUG CODEGEN CALL] Generating call to: drop
[DEBUG CODEGEN CALL] Generating call to: npk_mem_copy
[DEBUG-XXX] op: 161, left: 1, right: 1
[DEBUG CODEGEN CALL] Generating call to: page_get_slot_count
[DEBUG IR_GEN] Initializer generated for 'scnt', value = 0x5b6c74c819f0
[DEBUG IR_GEN] InitVal type: 0x5b6c71992198
[DEBUG IR_GEN] Default builder.CreateStore for scnt
[DEBUG CODEGEN CALL] Generating call to: drop
[DEBUG CODEGEN CALL] Generating call to: slot_write
[DEBUG CODEGEN CALL] Generating call to: page_get_free_offset
[DEBUG IR_GEN] Initializer generated for 'foff', value = 0x5b6c74bf1070
[DEBUG IR_GEN] InitVal type: 0x5b6c71992198
[DEBUG IR_GEN] Default builder.CreateStore for foff
[DEBUG CODEGEN CALL] Generating call to: drop
[DEBUG CODEGEN CALL] Generating call to: npk_mem_write_int32
[DEBUG-XXX] op: 161, left: 1, right: 0
[DEBUG CODEGEN CALL] Generating call to: drop
[DEBUG CODEGEN CALL] Generating call to: npk_mem_write_int32
[DEBUG-XXX] op: 161, left: 1, right: 1
[DEBUG CODEGEN CALL] Generating call to: drop
[DEBUG CODEGEN CALL] Generating call to: npk_mem_write_int32
[DEBUG-XXX] op: 162, left: 1, right: 0
[DEBUG CODEGEN CALL] Generating call to: page_get_slot_count
[DEBUG IR_GEN] Initializer generated for 'count', value = 0x5b6c74c542d0
[DEBUG IR_GEN] InitVal type: 0x5b6c71992198
[DEBUG IR_GEN] Default builder.CreateStore for count
[DEBUG CODEGEN CALL] Generating call to: slot_get_tuple_offset
[DEBUG IR_GEN] Initializer generated for 'offset', value = 0x5b6c74ba1718
[DEBUG IR_GEN] InitVal type: 0x5b6c71992198
[DEBUG IR_GEN] Default builder.CreateStore for offset
[DEBUG CODEGEN CALL] Generating call to: slot_get_tuple_length
[DEBUG IR_GEN] Initializer generated for 'len', value = 0x5b6c74a598c8
[DEBUG IR_GEN] InitVal type: 0x5b6c71992198
[DEBUG IR_GEN] Default builder.CreateStore for len
[DEBUG CODEGEN CALL] Generating call to: drop
[DEBUG CODEGEN CALL] Generating call to: npk_mem_set
[DEBUG-XXX] op: 161, left: 1, right: 1
[DEBUG CODEGEN CALL] Generating call to: drop
[DEBUG CODEGEN CALL] Generating call to: slot_write
[DEBUG CODEGEN CALL] Generating call to: slot_get_tuple_length
[DEBUG IR_GEN] Initializer generated for 'len', value = 0x5b6c74a5b2b8
[DEBUG IR_GEN] InitVal type: 0x5b6c71992198
[DEBUG IR_GEN] Default builder.CreateStore for len
[DEBUG CODEGEN CALL] Generating call to: page_get_slot_count
[DEBUG IR_GEN] Initializer generated for 'count', value = 0x5b6c74a38af0
[DEBUG IR_GEN] InitVal type: 0x5b6c71992198
[DEBUG IR_GEN] Default builder.CreateStore for count
[DEBUG CODEGEN CALL] Generating call to: slot_get_tuple_length
[DEBUG IR_GEN] Initializer generated for 'old_len', value = 0x5b6c74cb4df8
[DEBUG IR_GEN] InitVal type: 0x5b6c71992198
[DEBUG IR_GEN] Default builder.CreateStore for old_len
[DEBUG CODEGEN CALL] Generating call to: slot_get_tuple_offset
[DEBUG IR_GEN] Initializer generated for 'old_off', value = 0x5b6c74bd93f8
[DEBUG IR_GEN] InitVal type: 0x5b6c71992198
[DEBUG IR_GEN] Default builder.CreateStore for old_off
[DEBUG CODEGEN CALL] Generating call to: drop
[DEBUG CODEGEN CALL] Generating call to: npk_mem_copy
[DEBUG-XXX] op: 161, left: 1, right: 1
[DEBUG CODEGEN CALL] Generating call to: drop
[DEBUG CODEGEN CALL] Generating call to: slot_write
[DEBUG CODEGEN CALL] Generating call to: drop
[DEBUG CODEGEN CALL] Generating call to: page_delete
[DEBUG CODEGEN CALL] Generating call to: page_insert
[DEBUG IR_GEN] Initializer generated for 'new_idx', value = 0x5b6c74c2e778
[DEBUG IR_GEN] InitVal type: 0x5b6c71992198
[DEBUG IR_GEN] Default builder.CreateStore for new_idx
[DEBUG CODEGEN CALL] Generating call to: page_alloc
[DEBUG IR_GEN] Initializer generated for 'temp', value = 0x5b6c74a5aeb8
[DEBUG IR_GEN] InitVal type: 0x5b6c71992198
[DEBUG IR_GEN] Default builder.CreateStore for temp
[DEBUG CODEGEN CALL] Generating call to: page_free_space
[DEBUG IR_GEN] Initializer generated for 'free_before', value = 0x5b6c74a5b138
[DEBUG IR_GEN] InitVal type: 0x5b6c71992198
[DEBUG IR_GEN] Default builder.CreateStore for free_before
[DEBUG CODEGEN CALL] Generating call to: drop
[DEBUG CODEGEN CALL] Generating call to: npk_mem_copy
[DEBUG CODEGEN CALL] Generating call to: drop
[DEBUG CODEGEN CALL] Generating call to: npk_mem_write_int32
[DEBUG CODEGEN CALL] Generating call to: drop
[DEBUG CODEGEN CALL] Generating call to: npk_mem_write_int32
[DEBUG-XXX] op: 162, left: 1, right: 0
[DEBUG CODEGEN CALL] Generating call to: drop
[DEBUG CODEGEN CALL] Generating call to: npk_mem_write_int32
[DEBUG CODEGEN CALL] Generating call to: page_get_slot_count
[DEBUG IR_GEN] Initializer generated for 'orig_count', value = 0x5b6c74c07980
[DEBUG IR_GEN] InitVal type: 0x5b6c71992198
[DEBUG IR_GEN] Default builder.CreateStore for orig_count
[DEBUG IR_GEN] Initializer generated for 'i', value = 0x5b6c74325da0
[DEBUG IR_GEN] InitVal type: 0x5b6c71992198
[DEBUG IR_GEN] Default builder.CreateStore for i
[DEBUG WHILE] Parsing condition for while loop. NodeType: 2
   BinaryOp Type: 176
[DEBUG CODEGEN CALL] Generating call to: slot_get_tuple_length
[DEBUG IR_GEN] Initializer generated for 'len', value = 0x5b6c74c4fa58
[DEBUG IR_GEN] InitVal type: 0x5b6c71992198
[DEBUG IR_GEN] Default builder.CreateStore for len
[DEBUG CODEGEN CALL] Generating call to: slot_get_tuple_offset
[DEBUG IR_GEN] Initializer generated for 'off', value = 0x5b6c74d72368
[DEBUG IR_GEN] InitVal type: 0x5b6c71992198
[DEBUG IR_GEN] Default builder.CreateStore for off
[DEBUG CODEGEN CALL] Generating call to: drop
[DEBUG CODEGEN CALL] Generating call to: page_insert
[DEBUG-XXX] op: 161, left: 1, right: 1
[DEBUG ASSIGNMENT] op=168, leftType=1 (POINTER_MEMBER=7)
[DEBUG CODEGEN CALL] Generating call to: drop
[DEBUG CODEGEN CALL] Generating call to: npk_mem_copy
[DEBUG CODEGEN CALL] Generating call to: drop
[DEBUG CODEGEN CALL] Generating call to: page_free
[DEBUG CODEGEN CALL] Generating call to: page_free_space
[DEBUG IR_GEN] Initializer generated for 'free_after', value = 0x5b6c74ca3978
[DEBUG IR_GEN] InitVal type: 0x5b6c71992198
[DEBUG IR_GEN] Default builder.CreateStore for free_after
[DEBUG IR_GEN] Initializer generated for 'h', value = 0x5b6c74325da0
[DEBUG IR_GEN] InitVal type: 0x5b6c71992198
[DEBUG IR_GEN] Default builder.CreateStore for h
[DEBUG CODEGEN CALL] Generating call to: string_length
[DEBUG IR_GEN] Initializer generated for 'len', value = 0x5b6c74bec080
[DEBUG IR_GEN] InitVal type: 0x5b6c71992198
[DEBUG IR_GEN] Default builder.CreateStore for len
[DEBUG CODEGEN CALL] Generating call to: string_to_cstr
[DEBUG IR_GEN] Initializer generated for 'buf', value = 0x5b6c74c468c0
[DEBUG IR_GEN] InitVal type: 0x5b6c71992198
[DEBUG IR_GEN] Default builder.CreateStore for buf
[DEBUG IR_GEN] Initializer generated for 'i', value = 0x5b6c74325da0
[DEBUG IR_GEN] InitVal type: 0x5b6c71992198
[DEBUG IR_GEN] Default builder.CreateStore for i
[DEBUG WHILE] Parsing condition for while loop. NodeType: 2
   BinaryOp Type: 181
[DEBUG CODEGEN CALL] Generating call to: npk_mem_read_byte
[DEBUG IR_GEN] Initializer generated for 'b', value = 0x5b6c74ca3460
[DEBUG IR_GEN] InitVal type: 0x5b6c71992198
[DEBUG IR_GEN] Default builder.CreateStore for b
[DEBUG ASSIGNMENT] op=168, leftType=1 (POINTER_MEMBER=7)
[DEBUG ASSIGNMENT] op=168, leftType=1 (POINTER_MEMBER=7)
[DEBUG ASSIGNMENT] op=168, leftType=1 (POINTER_MEMBER=7)
[DEBUG ASSIGNMENT] op=168, leftType=1 (POINTER_MEMBER=7)
[DEBUG ASSIGNMENT] op=168, leftType=1 (POINTER_MEMBER=7)
[DEBUG ASSIGNMENT] op=168, leftType=1 (POINTER_MEMBER=7)
[DEBUG ASSIGNMENT] op=168, leftType=1 (POINTER_MEMBER=7)
[DEBUG ASSIGNMENT] op=168, leftType=1 (POINTER_MEMBER=7)
[DEBUG IR_GEN] Initializer generated for 'h', value = 0x5b6c74ca4cc0
[DEBUG IR_GEN] InitVal type: 0x5b6c71992198
[DEBUG IR_GEN] Default builder.CreateStore for h
[DEBUG CODEGEN CALL] Generating call to: string_length
[DEBUG IR_GEN] Initializer generated for 'len', value = 0x5b6c74ca2c60
[DEBUG IR_GEN] InitVal type: 0x5b6c71992198
[DEBUG IR_GEN] Default builder.CreateStore for len
[DEBUG CODEGEN CALL] Generating call to: string_to_cstr
[DEBUG IR_GEN] Initializer generated for 'buf', value = 0x5b6c74ca2e30
[DEBUG IR_GEN] InitVal type: 0x5b6c71992198
[DEBUG IR_GEN] Default builder.CreateStore for buf
[DEBUG IR_GEN] Initializer generated for 'i', value = 0x5b6c74325da0
[DEBUG IR_GEN] InitVal type: 0x5b6c71992198
[DEBUG IR_GEN] Default builder.CreateStore for i
[DEBUG WHILE] Parsing condition for while loop. NodeType: 2
   BinaryOp Type: 176
[DEBUG CODEGEN CALL] Generating call to: npk_mem_read_byte
[DEBUG IR_GEN] Initializer generated for 'b', value = 0x5b6c74c9a010
[DEBUG IR_GEN] InitVal type: 0x5b6c71992198
[DEBUG IR_GEN] Default builder.CreateStore for b
[DEBUG ASSIGNMENT] op=168, leftType=1 (POINTER_MEMBER=7)
[DEBUG ASSIGNMENT] op=168, leftType=1 (POINTER_MEMBER=7)
[DEBUG ASSIGNMENT] op=168, leftType=1 (POINTER_MEMBER=7)
[DEBUG ASSIGNMENT] op=168, leftType=1 (POINTER_MEMBER=7)
[DEBUG IR_GEN] Initializer generated for 'n', value = 0x5b6c74a38070
[DEBUG IR_GEN] InitVal type: 0x5b6c71992198
[DEBUG IR_GEN] Default builder.CreateStore for n
[DEBUG ASSIGNMENT] op=168, leftType=1 (POINTER_MEMBER=7)
[DEBUG IR_GEN] Initializer generated for 'num_bits', value = 0x5b6c74a6bb70
[DEBUG IR_GEN] InitVal type: 0x5b6c71992198
[DEBUG IR_GEN] Default builder.CreateStore for num_bits
[DEBUG IR_GEN] Initializer generated for 'num_hashes', value = 0x5b6c73f4ee60
[DEBUG IR_GEN] InitVal type: 0x5b6c71992198
[DEBUG IR_GEN] Default builder.CreateStore for num_hashes
[DEBUG IR_GEN] Initializer generated for 'byte_size', value = 0x5b6c74c58b00
[DEBUG IR_GEN] InitVal type: 0x5b6c71992198
[DEBUG IR_GEN] Default builder.CreateStore for byte_size
[DEBUG CODEGEN CALL] Generating call to: npk_core_alloc
[DEBUG IR_GEN] Initializer generated for 'bit_array', value = 0x5b6c74c58cf0
[DEBUG IR_GEN] InitVal type: 0x5b6c71992198
[DEBUG IR_GEN] Default builder.CreateStore for bit_array
[DEBUG IR_GEN] Initializer generated for 'i', value = 0x5b6c74325da0
[DEBUG IR_GEN] InitVal type: 0x5b6c71992198
[DEBUG IR_GEN] Default builder.CreateStore for i
[DEBUG WHILE] Parsing condition for while loop. NodeType: 2
   BinaryOp Type: 176
[DEBUG CODEGEN CALL] Generating call to: drop
[DEBUG CODEGEN CALL] Generating call to: npk_mem_write_byte
[DEBUG ASSIGNMENT] op=168, leftType=1 (POINTER_MEMBER=7)
[DEBUG CODEGEN CALL] Generating call to: npk_core_alloc
[DEBUG IR_GEN] Initializer generated for 'bloom', value = 0x5b6c74c34960
[DEBUG IR_GEN] InitVal type: 0x5b6c71992198
[DEBUG IR_GEN] Default builder.CreateStore for bloom
[DEBUG CODEGEN CALL] Generating call to: drop
[DEBUG CODEGEN CALL] Generating call to: npk_mem_write_int64
[DEBUG CODEGEN CALL] Generating call to: drop
[DEBUG CODEGEN CALL] Generating call to: npk_mem_write_int64
[DEBUG CODEGEN CALL] Generating call to: drop
[DEBUG CODEGEN CALL] Generating call to: npk_mem_write_int64
[DEBUG CODEGEN CALL] Generating call to: drop
[DEBUG CODEGEN CALL] Generating call to: npk_mem_write_int64
[DEBUG CODEGEN CALL] Generating call to: npk_mem_read_int64
[DEBUG IR_GEN] Initializer generated for 'bit_array', value = 0x5b6c74d688e0
[DEBUG IR_GEN] InitVal type: 0x5b6c71992198
[DEBUG IR_GEN] Default builder.CreateStore for bit_array
[DEBUG CODEGEN CALL] Generating call to: drop
[DEBUG CODEGEN CALL] Generating call to: npk_core_dalloc
[DEBUG CODEGEN CALL] Generating call to: drop
[DEBUG CODEGEN CALL] Generating call to: npk_core_dalloc
[DEBUG CODEGEN CALL] Generating call to: npk_mem_read_int64
[DEBUG IR_GEN] Initializer generated for 'bit_array', value = 0x5b6c74cbd770
[DEBUG IR_GEN] InitVal type: 0x5b6c71992198
[DEBUG IR_GEN] Default builder.CreateStore for bit_array
[DEBUG CODEGEN CALL] Generating call to: npk_mem_read_int64
[DEBUG IR_GEN] Initializer generated for 'num_bits', value = 0x5b6c74cbd9d0
[DEBUG IR_GEN] InitVal type: 0x5b6c71992198
[DEBUG IR_GEN] Default builder.CreateStore for num_bits
[DEBUG CODEGEN CALL] Generating call to: npk_mem_read_int64
[DEBUG IR_GEN] Initializer generated for 'num_hashes', value = 0x5b6c74c9a900
[DEBUG IR_GEN] InitVal type: 0x5b6c71992198
[DEBUG IR_GEN] Default builder.CreateStore for num_hashes
[DEBUG CODEGEN CALL] Generating call to: bloom_hash1
[DEBUG IR_GEN] Initializer generated for 'h1', value = 0x5b6c74c0ee78
[DEBUG IR_GEN] InitVal type: 0x5b6c71992198
[DEBUG IR_GEN] Default builder.CreateStore for h1
[DEBUG CODEGEN CALL] Generating call to: bloom_hash2
[DEBUG IR_GEN] Initializer generated for 'h2', value = 0x5b6c74c5f2c8
[DEBUG IR_GEN] InitVal type: 0x5b6c71992198
[DEBUG IR_GEN] Default builder.CreateStore for h2
[DEBUG IR_GEN] Initializer generated for 'i', value = 0x5b6c74325da0
[DEBUG IR_GEN] InitVal type: 0x5b6c71992198
[DEBUG IR_GEN] Default builder.CreateStore for i
[DEBUG WHILE] Parsing condition for while loop. NodeType: 2
   BinaryOp Type: 176
[DEBUG IR_GEN] Initializer generated for 'bit_pos', value = 0x5b6c74a58d50
[DEBUG IR_GEN] InitVal type: 0x5b6c71992198
[DEBUG IR_GEN] Default builder.CreateStore for bit_pos
[DEBUG ASSIGNMENT] op=168, leftType=1 (POINTER_MEMBER=7)
[DEBUG IR_GEN] Initializer generated for 'byte_idx', value = 0x5b6c74a4ea80
[DEBUG IR_GEN] InitVal type: 0x5b6c71992198
[DEBUG IR_GEN] Default builder.CreateStore for byte_idx
[DEBUG IR_GEN] Initializer generated for 'bit_off', value = 0x5b6c74a4ed60
[DEBUG IR_GEN] InitVal type: 0x5b6c71992198
[DEBUG IR_GEN] Default builder.CreateStore for bit_off
[DEBUG CODEGEN CALL] Generating call to: npk_mem_read_byte
[DEBUG IR_GEN] Initializer generated for 'curr_byte', value = 0x5b6c74a4f030
[DEBUG IR_GEN] InitVal type: 0x5b6c71992198
[DEBUG IR_GEN] Default builder.CreateStore for curr_byte
[DEBUG ASSIGNMENT] op=168, leftType=1 (POINTER_MEMBER=7)
[DEBUG CODEGEN CALL] Generating call to: drop
[DEBUG CODEGEN CALL] Generating call to: npk_mem_write_byte
[DEBUG ASSIGNMENT] op=168, leftType=1 (POINTER_MEMBER=7)
[DEBUG CODEGEN CALL] Generating call to: npk_mem_read_int64
[DEBUG IR_GEN] Initializer generated for 'bit_array', value = 0x5b6c74a4fc00
[DEBUG IR_GEN] InitVal type: 0x5b6c71992198
[DEBUG IR_GEN] Default builder.CreateStore for bit_array
[DEBUG CODEGEN CALL] Generating call to: npk_mem_read_int64
[DEBUG IR_GEN] Initializer generated for 'num_bits', value = 0x5b6c74a4fea0
[DEBUG IR_GEN] InitVal type: 0x5b6c71992198
[DEBUG IR_GEN] Default builder.CreateStore for num_bits
[DEBUG CODEGEN CALL] Generating call to: npk_mem_read_int64
[DEBUG IR_GEN] Initializer generated for 'num_hashes', value = 0x5b6c74a50140
[DEBUG IR_GEN] InitVal type: 0x5b6c71992198
[DEBUG IR_GEN] Default builder.CreateStore for num_hashes
[DEBUG CODEGEN CALL] Generating call to: bloom_hash1
[DEBUG IR_GEN] Initializer generated for 'h1', value = 0x5b6c74a507a8
[DEBUG IR_GEN] InitVal type: 0x5b6c71992198
[DEBUG IR_GEN] Default builder.CreateStore for h1
[DEBUG CODEGEN CALL] Generating call to: bloom_hash2
[DEBUG IR_GEN] Initializer generated for 'h2', value = 0x5b6c74a50fb8
[DEBUG IR_GEN] InitVal type: 0x5b6c71992198
[DEBUG IR_GEN] Default builder.CreateStore for h2
[DEBUG IR_GEN] Initializer generated for 'i', value = 0x5b6c74325da0
[DEBUG IR_GEN] InitVal type: 0x5b6c71992198
[DEBUG IR_GEN] Default builder.CreateStore for i
[DEBUG WHILE] Parsing condition for while loop. NodeType: 2
   BinaryOp Type: 176
[DEBUG IR_GEN] Initializer generated for 'bit_pos', value = 0x5b6c74a51d40
[DEBUG IR_GEN] InitVal type: 0x5b6c71992198
[DEBUG IR_GEN] Default builder.CreateStore for bit_pos
[DEBUG ASSIGNMENT] op=168, leftType=1 (POINTER_MEMBER=7)
[DEBUG IR_GEN] Initializer generated for 'byte_idx', value = 0x5b6c74c71030
[DEBUG IR_GEN] InitVal type: 0x5b6c71992198
[DEBUG IR_GEN] Default builder.CreateStore for byte_idx
[DEBUG IR_GEN] Initializer generated for 'bit_off', value = 0x5b6c74c71310
[DEBUG IR_GEN] InitVal type: 0x5b6c71992198
[DEBUG IR_GEN] Default builder.CreateStore for bit_off
[DEBUG CODEGEN CALL] Generating call to: npk_mem_read_byte
[DEBUG IR_GEN] Initializer generated for 'curr_byte', value = 0x5b6c74c715e0
[DEBUG IR_GEN] InitVal type: 0x5b6c71992198
[DEBUG IR_GEN] Default builder.CreateStore for curr_byte
[DEBUG IR_GEN] Initializer generated for 'bit_val', value = 0x5b6c74c71930
[DEBUG IR_GEN] InitVal type: 0x5b6c71992198
[DEBUG IR_GEN] Default builder.CreateStore for bit_val
[DEBUG ASSIGNMENT] op=168, leftType=1 (POINTER_MEMBER=7)
[DEBUG CODEGEN CALL] Generating call to: npk_mem_read_int64
[DEBUG IR_GEN] Initializer generated for 'num_bits', value = 0x5b6c74c73080
[DEBUG IR_GEN] InitVal type: 0x5b6c71992198
[DEBUG IR_GEN] Default builder.CreateStore for num_bits
[DEBUG IR_GEN] Initializer generated for 'byte_size', value = 0x5b6c74c73480
[DEBUG IR_GEN] InitVal type: 0x5b6c71992198
[DEBUG IR_GEN] Default builder.CreateStore for byte_size
[DEBUG CODEGEN CALL] Generating call to: npk_mem_read_int64
[DEBUG IR_GEN] Initializer generated for 'bit_array', value = 0x5b6c74c73de0
[DEBUG IR_GEN] InitVal type: 0x5b6c71992198
[DEBUG IR_GEN] Default builder.CreateStore for bit_array
[DEBUG CODEGEN CALL] Generating call to: npk_mem_read_int64
[DEBUG IR_GEN] Initializer generated for 'num_bits', value = 0x5b6c74d8ce30
[DEBUG IR_GEN] InitVal type: 0x5b6c71992198
[DEBUG IR_GEN] Default builder.CreateStore for num_bits
[DEBUG CODEGEN CALL] Generating call to: npk_mem_read_int64
[DEBUG IR_GEN] Initializer generated for 'num_hashes', value = 0x5b6c74d8d030
[DEBUG IR_GEN] InitVal type: 0x5b6c71992198
[DEBUG IR_GEN] Default builder.CreateStore for num_hashes
[DEBUG IR_GEN] Initializer generated for 'byte_size', value = 0x5b6c74d8d510
[DEBUG IR_GEN] InitVal type: 0x5b6c71992198
[DEBUG IR_GEN] Default builder.CreateStore for byte_size
[DEBUG IR_GEN] Initializer generated for 'buf_size', value = 0x5b6c74d8d7c0
[DEBUG IR_GEN] InitVal type: 0x5b6c71992198
[DEBUG IR_GEN] Default builder.CreateStore for buf_size
[DEBUG CODEGEN CALL] Generating call to: npk_core_alloc
[DEBUG IR_GEN] Initializer generated for 'buf', value = 0x5b6c74d8da30
[DEBUG IR_GEN] InitVal type: 0x5b6c71992198
[DEBUG IR_GEN] Default builder.CreateStore for buf
[DEBUG CODEGEN CALL] Generating call to: drop
[DEBUG CODEGEN CALL] Generating call to: npk_mem_write_int64
[DEBUG CODEGEN CALL] Generating call to: drop
[DEBUG CODEGEN CALL] Generating call to: npk_mem_write_int64
[DEBUG CODEGEN CALL] Generating call to: drop
[DEBUG CODEGEN CALL] Generating call to: npk_mem_copy
[DEBUG-XXX] op: 161, left: 1, right: 0
[DEBUG CODEGEN CALL] Generating call to: npk_mem_read_int64
[DEBUG IR_GEN] Initializer generated for 'num_bits', value = 0x5b6c74d8ec00
[DEBUG IR_GEN] InitVal type: 0x5b6c71992198
[DEBUG IR_GEN] Default builder.CreateStore for num_bits
[DEBUG CODEGEN CALL] Generating call to: npk_mem_read_int64
[DEBUG IR_GEN] Initializer generated for 'num_hashes', value = 0x5b6c74d8f040
[DEBUG IR_GEN] InitVal type: 0x5b6c71992198
[DEBUG IR_GEN] Default builder.CreateStore for num_hashes
[DEBUG IR_GEN] Initializer generated for 'byte_size', value = 0x5b6c74d8f440
[DEBUG IR_GEN] InitVal type: 0x5b6c71992198
[DEBUG IR_GEN] Default builder.CreateStore for byte_size
[DEBUG CODEGEN CALL] Generating call to: npk_core_alloc
[DEBUG IR_GEN] Initializer generated for 'bit_array', value = 0x5b6c74d8fc70
[DEBUG IR_GEN] InitVal type: 0x5b6c71992198
[DEBUG IR_GEN] Default builder.CreateStore for bit_array
[DEBUG CODEGEN CALL] Generating call to: drop
[DEBUG CODEGEN CALL] Generating call to: npk_mem_copy
[DEBUG-XXX] op: 161, left: 1, right: 0
[DEBUG CODEGEN CALL] Generating call to: npk_core_alloc
[DEBUG IR_GEN] Initializer generated for 'bloom', value = 0x5b6c74d90080
[DEBUG IR_GEN] InitVal type: 0x5b6c71992198
[DEBUG IR_GEN] Default builder.CreateStore for bloom
[DEBUG CODEGEN CALL] Generating call to: drop
[DEBUG CODEGEN CALL] Generating call to: npk_mem_write_int64
[DEBUG CODEGEN CALL] Generating call to: drop
[DEBUG CODEGEN CALL] Generating call to: npk_mem_write_int64
[DEBUG CODEGEN CALL] Generating call to: drop
[DEBUG CODEGEN CALL] Generating call to: npk_mem_write_int64
[DEBUG CODEGEN CALL] Generating call to: drop
[DEBUG CODEGEN CALL] Generating call to: npk_mem_write_int64
[DEBUG CODEGEN CALL] Generating call to: string_length
[DEBUG IR_GEN] Initializer generated for 'key_len', value = 0x5b6c74cb61d0
[DEBUG IR_GEN] InitVal type: 0x5b6c71992198
[DEBUG IR_GEN] Default builder.CreateStore for key_len
[DEBUG IR_GEN] Initializer generated for 'sz', value = 0x5b6c747965e0
[DEBUG IR_GEN] InitVal type: 0x5b6c71992198
[DEBUG IR_GEN] Default builder.CreateStore for sz
[DEBUG ASSIGNMENT] op=168, leftType=1 (POINTER_MEMBER=7)
[DEBUG ASSIGNMENT] op=168, leftType=1 (POINTER_MEMBER=7)
[DEBUG CODEGEN CALL] Generating call to: sstable_record_size
[DEBUG IR_GEN] Initializer generated for 'sz', value = 0x5b6c74c93618
[DEBUG IR_GEN] InitVal type: 0x5b6c71992198
[DEBUG IR_GEN] Default builder.CreateStore for sz
[DEBUG CODEGEN CALL] Generating call to: npk_core_alloc
[DEBUG IR_GEN] Initializer generated for 'buf', value = 0x5b6c74a708c0
[DEBUG IR_GEN] InitVal type: 0x5b6c71992198
[DEBUG IR_GEN] Default builder.CreateStore for buf
[DEBUG CODEGEN CALL] Generating call to: string_length
[DEBUG IR_GEN] Initializer generated for 'key_len', value = 0x5b6c74c6ec90
[DEBUG IR_GEN] InitVal type: 0x5b6c71992198
[DEBUG IR_GEN] Default builder.CreateStore for key_len
[DEBUG CODEGEN CALL] Generating call to: drop
[DEBUG CODEGEN CALL] Generating call to: npk_mem_write_byte
[DEBUG CODEGEN CALL] Generating call to: drop
[DEBUG CODEGEN CALL] Generating call to: npk_mem_write_byte
[DEBUG CODEGEN CALL] Generating call to: drop
[DEBUG CODEGEN CALL] Generating call to: npk_mem_write_int32
[DEBUG CODEGEN CALL] Generating call to: string_to_cstr
[DEBUG IR_GEN] Initializer generated for '__wraw_key', value = 0x5b6c74d8adb0
[DEBUG IR_GEN] InitVal type: 0x5b6c71992198
[DEBUG IR_GEN] Default builder.CreateStore for __wraw_key
[DEBUG CODEGEN CALL] Generating call to: drop
[DEBUG CODEGEN CALL] Generating call to: npk_mem_copy
[DEBUG-XXX] op: 161, left: 1, right: 0
[DEBUG CODEGEN CALL] Generating call to: string_length
[DEBUG CODEGEN CALL] Generating call to: drop
[DEBUG CODEGEN CALL] Generating call to: npk_core_dalloc
[DEBUG IR_GEN] Initializer generated for 'v_offset', value = 0x5b6c74c70a10
[DEBUG IR_GEN] InitVal type: 0x5b6c71992198
[DEBUG IR_GEN] Default builder.CreateStore for v_offset
[DEBUG CODEGEN CALL] Generating call to: drop
[DEBUG CODEGEN CALL] Generating call to: npk_mem_write_int32
[DEBUG CODEGEN CALL] Generating call to: drop
[DEBUG CODEGEN CALL] Generating call to: npk_mem_write_int32
[DEBUG CODEGEN CALL] Generating call to: drop
[DEBUG CODEGEN CALL] Generating call to: npk_mem_copy
[DEBUG-XXX] op: 161, left: 2, right: 0
[DEBUG] getExprNumericTypeName leftType: 1
[DEBUG-XXX] op: 161, left: 1, right: 1
[DEBUG CODEGEN CALL] Generating call to: sys
[DEBUG IR_GEN] Initializer generated for 'offset', value = 0x5b6c74cc5a68
[DEBUG IR_GEN] InitVal type: 0x5b6c71992198
[DEBUG IR_GEN] Default builder.CreateStore for offset
[DEBUG CODEGEN CALL] Generating call to: sys
[DEBUG IR_GEN] Initializer generated for 'bw', value = 0x5b6c74d6ef48
[DEBUG IR_GEN] InitVal type: 0x5b6c71992198
[DEBUG IR_GEN] Default builder.CreateStore for bw
[DEBUG CODEGEN CALL] Generating call to: page_alloc
[DEBUG IR_GEN] Initializer generated for 'page', value = 0x5b6c74a3de08
[DEBUG IR_GEN] InitVal type: 0x5b6c71992198
[DEBUG IR_GEN] Default builder.CreateStore for page
[DEBUG CODEGEN CALL] Generating call to: drop
[DEBUG CODEGEN CALL] Generating call to: page_init
[DEBUG IR_GEN] Initializer generated for 'i', value = 0x5b6c74325da0
[DEBUG IR_GEN] InitVal type: 0x5b6c71992198
[DEBUG IR_GEN] Default builder.CreateStore for i
[DEBUG WHILE] Parsing condition for while loop. NodeType: 2
   BinaryOp Type: 176
[DEBUG CODEGEN CALL] Generating call to: npk_mem_read_int64
[DEBUG-BINARY] op=163 leftType=1 rightType=0 leftNumType= rightNumType=
[DEBUG-XXX] op: 163, left: 1, right: 0
[DEBUG IR_GEN] Initializer generated for 'k_ptr', value = 0x5b6c74d62d60
[DEBUG IR_GEN] InitVal type: 0x5b6c71992198
[DEBUG IR_GEN] Default builder.CreateStore for k_ptr
[DEBUG CODEGEN CALL] Generating call to: npk_mem_read_int64
[DEBUG-BINARY] op=163 leftType=1 rightType=0 leftNumType= rightNumType=
[DEBUG-XXX] op: 163, left: 1, right: 0
[DEBUG IR_GEN] Initializer generated for 'k_len', value = 0x5b6c74a4c640
[DEBUG IR_GEN] InitVal type: 0x5b6c71992198
[DEBUG IR_GEN] Default builder.CreateStore for k_len
[DEBUG CODEGEN CALL] Generating call to: npk_mem_read_int64
[DEBUG-BINARY] op=163 leftType=1 rightType=0 leftNumType= rightNumType=
[DEBUG-XXX] op: 163, left: 1, right: 0
[DEBUG IR_GEN] Initializer generated for 'block_num', value = 0x5b6c74a4cb50
[DEBUG IR_GEN] InitVal type: 0x5b6c71992198
[DEBUG IR_GEN] Default builder.CreateStore for block_num
[DEBUG IR_GEN] Initializer generated for 'rec_sz', value = 0x5b6c74cc21f0
[DEBUG IR_GEN] InitVal type: 0x5b6c71992198
[DEBUG IR_GEN] Default builder.CreateStore for rec_sz
[DEBUG CODEGEN CALL] Generating call to: npk_core_alloc
[DEBUG IR_GEN] Initializer generated for 'rec', value = 0x5b6c74a756c0
[DEBUG IR_GEN] InitVal type: 0x5b6c71992198
[DEBUG IR_GEN] Default builder.CreateStore for rec
[DEBUG CODEGEN CALL] Generating call to: drop
[DEBUG CODEGEN CALL] Generating call to: npk_mem_write_int32
[DEBUG CODEGEN CALL] Generating call to: drop
[DEBUG CODEGEN CALL] Generating call to: npk_mem_copy
[DEBUG-XXX] op: 161, left: 1, right: 0
[DEBUG CODEGEN CALL] Generating call to: drop
[DEBUG CODEGEN CALL] Generating call to: npk_mem_write_int64
[DEBUG-XXX] op: 161, left: 0, right: 1
[DEBUG CODEGEN CALL] Generating call to: page_insert
[DEBUG IR_GEN] Initializer generated for 'ins', value = 0x5b6c74c6fd58
[DEBUG IR_GEN] InitVal type: 0x5b6c71992198
[DEBUG IR_GEN] Default builder.CreateStore for ins
[DEBUG CODEGEN CALL] Generating call to: drop
[DEBUG CODEGEN CALL] Generating call to: npk_core_dalloc
[DEBUG ASSIGNMENT] op=168, leftType=1 (POINTER_MEMBER=7)
[DEBUG CODEGEN CALL] Generating call to: string_to_cstr
[DEBUG IR_GEN] Initializer generated for 'c_path', value = 0x5b6c74cb1580
[DEBUG IR_GEN] InitVal type: 0x5b6c71992198
[DEBUG IR_GEN] Default builder.CreateStore for c_path
[DEBUG CODEGEN CALL] Generating call to: sys
[DEBUG IR_GEN] Initializer generated for 'fd', value = 0x5b6c74c39bf8
[DEBUG IR_GEN] InitVal type: 0x5b6c71992198
[DEBUG IR_GEN] Default builder.CreateStore for fd
[DEBUG CODEGEN CALL] Generating call to: println
[DEBUG-XXX] op: 161, left: 0, right: 1
[DEBUG CODEGEN CALL] Generating call to: mt_count
[DEBUG IR_GEN] Initializer generated for 'total_keys_init', value = 0x5b6c74a70378
[DEBUG IR_GEN] InitVal type: 0x5b6c71992198
[DEBUG IR_GEN] Default builder.CreateStore for total_keys_init
[DEBUG CODEGEN CALL] Generating call to: bloom_create
[DEBUG IR_GEN] Initializer generated for 'bloom', value = 0x5b6c74920ad8
[DEBUG IR_GEN] InitVal type: 0x5b6c71992198
[DEBUG IR_GEN] Default builder.CreateStore for bloom
[DEBUG CODEGEN CALL] Generating call to: println
[DEBUG CODEGEN CALL] Generating call to: page_alloc
[DEBUG IR_GEN] Initializer generated for 'curr_page', value = 0x5b6c74caf588
[DEBUG IR_GEN] InitVal type: 0x5b6c71992198
[DEBUG IR_GEN] Default builder.CreateStore for curr_page
[DEBUG CODEGEN CALL] Generating call to: println
[DEBUG CODEGEN CALL] Generating call to: drop
[DEBUG CODEGEN CALL] Generating call to: page_init
[DEBUG IR_GEN] Initializer generated for 'total_bytes', value = 0x5b6c74325da0
[DEBUG IR_GEN] InitVal type: 0x5b6c71992198
[DEBUG IR_GEN] Default builder.CreateStore for total_bytes
[DEBUG IR_GEN] Initializer generated for 'capacity', value = 0x5b6c748ca700
[DEBUG IR_GEN] InitVal type: 0x5b6c71992198
[DEBUG IR_GEN] Default builder.CreateStore for capacity
[DEBUG CODEGEN CALL] Generating call to: npk_core_alloc
[DEBUG-BINARY] op=163 leftType=1 rightType=0 leftNumType= rightNumType=
[DEBUG-XXX] op: 163, left: 1, right: 0
[DEBUG IR_GEN] Initializer generated for 'k_ptrs', value = 0x5b6c74c939c0
[DEBUG IR_GEN] InitVal type: 0x5b6c71992198
[DEBUG IR_GEN] Default builder.CreateStore for k_ptrs
[DEBUG CODEGEN CALL] Generating call to: npk_core_alloc
[DEBUG-BINARY] op=163 leftType=1 rightType=0 leftNumType= rightNumType=
[DEBUG-XXX] op: 163, left: 1, right: 0
[DEBUG IR_GEN] Initializer generated for 'k_lens', value = 0x5b6c74c93c90
[DEBUG IR_GEN] InitVal type: 0x5b6c71992198
[DEBUG IR_GEN] Default builder.CreateStore for k_lens
[DEBUG CODEGEN CALL] Generating call to: npk_core_alloc
[DEBUG-BINARY] op=163 leftType=1 rightType=0 leftNumType= rightNumType=
[DEBUG-XXX] op: 163, left: 1, right: 0
[DEBUG IR_GEN] Initializer generated for 'b_offs', value = 0x5b6c74c93f60
[DEBUG IR_GEN] InitVal type: 0x5b6c71992198
[DEBUG IR_GEN] Default builder.CreateStore for b_offs
[DEBUG IR_GEN] Initializer generated for 'block_count', value = 0x5b6c74325da0
[DEBUG IR_GEN] InitVal type: 0x5b6c71992198
[DEBUG IR_GEN] Default builder.CreateStore for block_count
[DEBUG IR_GEN] Initializer generated for 'total_keys', value = 0x5b6c74325da0
[DEBUG IR_GEN] InitVal type: 0x5b6c71992198
[DEBUG IR_GEN] Default builder.CreateStore for total_keys
[DEBUG IR_GEN] Initializer generated for 'last_key', value = 0x5b6c74c97760
[DEBUG IR_GEN] InitVal type: 0x5b6c746f0df0
[DEBUG IR_GEN] Default builder.CreateStore for last_key
[DEBUG IR_GEN] Initializer generated for 'has_pending', value = 0x5b6c74325da0
[DEBUG IR_GEN] InitVal type: 0x5b6c71992198
[DEBUG IR_GEN] Default builder.CreateStore for has_pending
[DEBUG CODEGEN CALL] Generating call to: mt_first
[DEBUG IR_GEN] Initializer generated for 'node', value = 0x5b6c74cbd088
[DEBUG IR_GEN] InitVal type: 0x5b6c71992198
[DEBUG IR_GEN] Default builder.CreateStore for node
[DEBUG WHILE] Parsing condition for while loop. NodeType: 2
   BinaryOp Type: 175
[DEBUG CODEGEN CALL] Generating call to: sl_node_key
[DEBUG IR_GEN] Initializer generated for 'k', value = 0x5b6c74d734c8
[DEBUG IR_GEN] InitVal type: 0x5b6c746f0df0
[DEBUG IR_GEN] Default builder.CreateStore for k
[DEBUG CODEGEN CALL] Generating call to: drop
[DEBUG CODEGEN CALL] Generating call to: bloom_add
[DEBUG CODEGEN CALL] Generating call to: sl_node_val_ptr
[DEBUG IR_GEN] Initializer generated for 'vp', value = 0x5b6c74cb50d8
[DEBUG IR_GEN] InitVal type: 0x5b6c71992198
[DEBUG IR_GEN] Default builder.CreateStore for vp
[DEBUG CODEGEN CALL] Generating call to: sl_node_val_len
[DEBUG IR_GEN] Initializer generated for 'vl', value = 0x5b6c74cb5a48
[DEBUG IR_GEN] InitVal type: 0x5b6c71992198
[DEBUG IR_GEN] Default builder.CreateStore for vl
[DEBUG CODEGEN CALL] Generating call to: sl_node_is_deleted
[DEBUG IR_GEN] Initializer generated for 'is_del', value = 0x5b6c74c6d888
[DEBUG IR_GEN] InitVal type: 0x5b6c71992198
[DEBUG IR_GEN] Default builder.CreateStore for is_del
[DEBUG CODEGEN CALL] Generating call to: sstable_record_size
[DEBUG IR_GEN] Initializer generated for 'rec_sz', value = 0x5b6c74cb0958
[DEBUG IR_GEN] InitVal type: 0x5b6c71992198
[DEBUG IR_GEN] Default builder.CreateStore for rec_sz
[DEBUG CODEGEN CALL] Generating call to: sstable_serialize_record
[DEBUG IR_GEN] Initializer generated for 'rec', value = 0x5b6c74be9e08
[DEBUG IR_GEN] InitVal type: 0x5b6c71992198
[DEBUG IR_GEN] Default builder.CreateStore for rec
[DEBUG CODEGEN CALL] Generating call to: page_insert
[DEBUG IR_GEN] Initializer generated for 'ins', value = 0x5b6c74bea948
[DEBUG IR_GEN] InitVal type: 0x5b6c71992198
[DEBUG IR_GEN] Default builder.CreateStore for ins
[DEBUG IR_GEN] Initializer generated for 'new_cap', value = 0x5b6c74df6760
[DEBUG IR_GEN] InitVal type: 0x5b6c71992198
[DEBUG IR_GEN] Default builder.CreateStore for new_cap
[DEBUG CODEGEN CALL] Generating call to: npk_core_alloc
[DEBUG-BINARY] op=163 leftType=1 rightType=0 leftNumType= rightNumType=
[DEBUG-XXX] op: 163, left: 1, right: 0
[DEBUG IR_GEN] Initializer generated for 'new_k_ptrs', value = 0x5b6c74df6c80
[DEBUG IR_GEN] InitVal type: 0x5b6c71992198
[DEBUG IR_GEN] Default builder.CreateStore for new_k_ptrs
[DEBUG CODEGEN CALL] Generating call to: npk_core_alloc
[DEBUG-BINARY] op=163 leftType=1 rightType=0 leftNumType= rightNumType=
[DEBUG-XXX] op: 163, left: 1, right: 0
[DEBUG IR_GEN] Initializer generated for 'new_k_lens', value = 0x5b6c74df7110
[DEBUG IR_GEN] InitVal type: 0x5b6c71992198
[DEBUG IR_GEN] Default builder.CreateStore for new_k_lens
[DEBUG CODEGEN CALL] Generating call to: npk_core_alloc
[DEBUG-BINARY] op=163 leftType=1 rightType=0 leftNumType= rightNumType=
[DEBUG-XXX] op: 163, left: 1, right: 0
[DEBUG IR_GEN] Initializer generated for 'new_b_offs', value = 0x5b6c74df75a0
[DEBUG IR_GEN] InitVal type: 0x5b6c71992198
[DEBUG IR_GEN] Default builder.CreateStore for new_b_offs
[DEBUG CODEGEN CALL] Generating call to: drop
[DEBUG CODEGEN CALL] Generating call to: npk_mem_copy
[DEBUG-BINARY] op=163 leftType=1 rightType=0 leftNumType= rightNumType=
[DEBUG-XXX] op: 163, left: 1, right: 0
[DEBUG CODEGEN CALL] Generating call to: drop
[DEBUG CODEGEN CALL] Generating call to: npk_mem_copy
[DEBUG-BINARY] op=163 leftType=1 rightType=0 leftNumType= rightNumType=
[DEBUG-XXX] op: 163, left: 1, right: 0
[DEBUG CODEGEN CALL] Generating call to: drop
[DEBUG CODEGEN CALL] Generating call to: npk_mem_copy
[DEBUG-BINARY] op=163 leftType=1 rightType=0 leftNumType= rightNumType=
[DEBUG-XXX] op: 163, left: 1, right: 0
[DEBUG CODEGEN CALL] Generating call to: drop
[DEBUG CODEGEN CALL] Generating call to: npk_core_dalloc
[DEBUG CODEGEN CALL] Generating call to: drop
[DEBUG CODEGEN CALL] Generating call to: npk_core_dalloc
[DEBUG CODEGEN CALL] Generating call to: drop
[DEBUG CODEGEN CALL] Generating call to: npk_core_dalloc
[DEBUG ASSIGNMENT] op=168, leftType=1 (POINTER_MEMBER=7)
[DEBUG ASSIGNMENT] op=168, leftType=1 (POINTER_MEMBER=7)
[DEBUG ASSIGNMENT] op=168, leftType=1 (POINTER_MEMBER=7)
[DEBUG ASSIGNMENT] op=168, leftType=1 (POINTER_MEMBER=7)
[DEBUG CODEGEN CALL] Generating call to: sstable_flush_page
[DEBUG IR_GEN] Initializer generated for 'offset', value = 0x5b6c74df93c8
[DEBUG IR_GEN] InitVal type: 0x5b6c71992198
[DEBUG IR_GEN] Default builder.CreateStore for offset
[DEBUG CODEGEN CALL] Generating call to: string_length
[DEBUG IR_GEN] Initializer generated for 'last_k_len', value = 0x5b6c74df9700
[DEBUG IR_GEN] InitVal type: 0x5b6c71992198
[DEBUG IR_GEN] Default builder.CreateStore for last_k_len
[DEBUG CODEGEN CALL] Generating call to: npk_core_alloc
[DEBUG IR_GEN] Initializer generated for 'last_k_ptr', value = 0x5b6c74df9990
[DEBUG IR_GEN] InitVal type: 0x5b6c71992198
[DEBUG IR_GEN] Default builder.CreateStore for last_k_ptr
[DEBUG CODEGEN CALL] Generating call to: string_to_cstr
[DEBUG IR_GEN] Initializer generated for '__wraw_last_key', value = 0x5b6c74df9c10
[DEBUG IR_GEN] InitVal type: 0x5b6c71992198
[DEBUG IR_GEN] Default builder.CreateStore for __wraw_last_key
[DEBUG CODEGEN CALL] Generating call to: drop
[DEBUG CODEGEN CALL] Generating call to: npk_mem_copy
[DEBUG CODEGEN CALL] Generating call to: string_length
[DEBUG CODEGEN CALL] Generating call to: drop
[DEBUG CODEGEN CALL] Generating call to: npk_core_dalloc
[DEBUG CODEGEN CALL] Generating call to: drop
[DEBUG CODEGEN CALL] Generating call to: npk_mem_write_int64
[DEBUG-BINARY] op=163 leftType=1 rightType=0 leftNumType= rightNumType=
[DEBUG-XXX] op: 163, left: 1, right: 0
[DEBUG CODEGEN CALL] Generating call to: drop
[DEBUG CODEGEN CALL] Generating call to: npk_mem_write_int64
[DEBUG-BINARY] op=163 leftType=1 rightType=0 leftNumType= rightNumType=
[DEBUG-XXX] op: 163, left: 1, right: 0
[DEBUG CODEGEN CALL] Generating call to: drop
[DEBUG CODEGEN CALL] Generating call to: npk_mem_write_int64
[DEBUG-BINARY] op=163 leftType=1 rightType=0 leftNumType= rightNumType=
[DEBUG-XXX] op: 163, left: 1, right: 0
[DEBUG ASSIGNMENT] op=168, leftType=1 (POINTER_MEMBER=7)
[DEBUG CODEGEN CALL] Generating call to: drop
[DEBUG CODEGEN CALL] Generating call to: page_free
[DEBUG ASSIGNMENT] op=168, leftType=1 (POINTER_MEMBER=7)
[DEBUG CODEGEN CALL] Generating call to: page_alloc
[DEBUG CODEGEN CALL] Generating call to: drop
[DEBUG CODEGEN CALL] Generating call to: page_init
[DEBUG ASSIGNMENT] op=168, leftType=1 (POINTER_MEMBER=7)
[DEBUG CODEGEN CALL] Generating call to: page_insert
[DEBUG CODEGEN CALL] Generating call to: drop
[DEBUG CODEGEN CALL] Generating call to: npk_core_dalloc
[DEBUG ASSIGNMENT] op=168, leftType=1 (POINTER_MEMBER=7)
[DEBUG ASSIGNMENT] op=168, leftType=1 (POINTER_MEMBER=7)
[DEBUG ASSIGNMENT] op=168, leftType=1 (POINTER_MEMBER=7)
[DEBUG ASSIGNMENT] op=168, leftType=1 (POINTER_MEMBER=7)
[DEBUG CODEGEN CALL] Generating call to: sl_next
[DEBUG CODEGEN CALL] Generating call to: sstable_flush_page
[DEBUG IR_GEN] Initializer generated for 'offset', value = 0x5b6c74dfcee8
[DEBUG IR_GEN] InitVal type: 0x5b6c71992198
[DEBUG IR_GEN] Default builder.CreateStore for offset
[DEBUG CODEGEN CALL] Generating call to: string_length
[DEBUG IR_GEN] Initializer generated for 'last_k_len', value = 0x5b6c74dfd1e0
[DEBUG IR_GEN] InitVal type: 0x5b6c71992198
[DEBUG IR_GEN] Default builder.CreateStore for last_k_len
[DEBUG CODEGEN CALL] Generating call to: npk_core_alloc
[DEBUG IR_GEN] Initializer generated for 'last_k_ptr', value = 0x5b6c74dfd430
[DEBUG IR_GEN] InitVal type: 0x5b6c71992198
[DEBUG IR_GEN] Default builder.CreateStore for last_k_ptr
[DEBUG CODEGEN CALL] Generating call to: string_to_cstr
[DEBUG IR_GEN] Initializer generated for '__wraw_last_key', value = 0x5b6c74dfd670
[DEBUG IR_GEN] InitVal type: 0x5b6c71992198
[DEBUG IR_GEN] Default builder.CreateStore for __wraw_last_key
[DEBUG CODEGEN CALL] Generating call to: drop
[DEBUG CODEGEN CALL] Generating call to: npk_mem_copy
[DEBUG CODEGEN CALL] Generating call to: string_length
[DEBUG CODEGEN CALL] Generating call to: drop
[DEBUG CODEGEN CALL] Generating call to: npk_core_dalloc
[DEBUG CODEGEN CALL] Generating call to: drop
[DEBUG CODEGEN CALL] Generating call to: npk_mem_write_int64
[DEBUG-BINARY] op=163 leftType=1 rightType=0 leftNumType= rightNumType=
[DEBUG-XXX] op: 163, left: 1, right: 0
[DEBUG CODEGEN CALL] Generating call to: drop
[DEBUG CODEGEN CALL] Generating call to: npk_mem_write_int64
[DEBUG-BINARY] op=163 leftType=1 rightType=0 leftNumType= rightNumType=
[DEBUG-XXX] op: 163, left: 1, right: 0
[DEBUG CODEGEN CALL] Generating call to: drop
[DEBUG CODEGEN CALL] Generating call to: npk_mem_write_int64
[DEBUG-BINARY] op=163 leftType=1 rightType=0 leftNumType= rightNumType=
[DEBUG-XXX] op: 163, left: 1, right: 0
[DEBUG ASSIGNMENT] op=168, leftType=1 (POINTER_MEMBER=7)
[DEBUG CODEGEN CALL] Generating call to: drop
[DEBUG CODEGEN CALL] Generating call to: page_free
[DEBUG CODEGEN CALL] Generating call to: bloom_serialize
[DEBUG IR_GEN] Initializer generated for 'bloom_buf', value = 0x5b6c74c55038
[DEBUG IR_GEN] InitVal type: 0x5b6c71992198
[DEBUG IR_GEN] Default builder.CreateStore for bloom_buf
[DEBUG CODEGEN CALL] Generating call to: bloom_serialize_size
[DEBUG IR_GEN] Initializer generated for 'bloom_sz', value = 0x5b6c74a0b8d8
[DEBUG IR_GEN] InitVal type: 0x5b6c71992198
[DEBUG IR_GEN] Default builder.CreateStore for bloom_sz
[DEBUG CODEGEN CALL] Generating call to: sys
[DEBUG IR_GEN] Initializer generated for 'bloom_offset', value = 0x5b6c74bc68d8
[DEBUG IR_GEN] InitVal type: 0x5b6c71992198
[DEBUG IR_GEN] Default builder.CreateStore for bloom_offset
[DEBUG CODEGEN CALL] Generating call to: drop
[DEBUG CODEGEN CALL] Generating call to: sys
[DEBUG CODEGEN CALL] Generating call to: drop
[DEBUG CODEGEN CALL] Generating call to: npk_core_dalloc
[DEBUG CODEGEN CALL] Generating call to: drop
[DEBUG CODEGEN CALL] Generating call to: bloom_destroy
[DEBUG CODEGEN CALL] Generating call to: sstable_build_index
[DEBUG IR_GEN] Initializer generated for 'index_page', value = 0x5b6c74c3a828
[DEBUG IR_GEN] InitVal type: 0x5b6c71992198
[DEBUG IR_GEN] Default builder.CreateStore for index_page
[DEBUG CODEGEN CALL] Generating call to: sstable_flush_page
[DEBUG IR_GEN] Initializer generated for 'index_offset', value = 0x5b6c74b21f48
[DEBUG IR_GEN] InitVal type: 0x5b6c71992198
[DEBUG IR_GEN] Default builder.CreateStore for index_offset
[DEBUG CODEGEN CALL] Generating call to: drop
[DEBUG CODEGEN CALL] Generating call to: page_free
[DEBUG IR_GEN] Initializer generated for 'i', value = 0x5b6c74325da0
[DEBUG IR_GEN] InitVal type: 0x5b6c71992198
[DEBUG IR_GEN] Default builder.CreateStore for i
[DEBUG WHILE] Parsing condition for while loop. NodeType: 2
   BinaryOp Type: 176
[DEBUG CODEGEN CALL] Generating call to: npk_mem_read_int64
[DEBUG-BINARY] op=163 leftType=1 rightType=0 leftNumType= rightNumType=
[DEBUG-XXX] op: 163, left: 1, right: 0
[DEBUG IR_GEN] Initializer generated for 'kp', value = 0x5b6c74d5f230
[DEBUG IR_GEN] InitVal type: 0x5b6c71992198
[DEBUG IR_GEN] Default builder.CreateStore for kp
[DEBUG CODEGEN CALL] Generating call to: drop
[DEBUG CODEGEN CALL] Generating call to: npk_core_dalloc
[DEBUG ASSIGNMENT] op=168, leftType=1 (POINTER_MEMBER=7)
[DEBUG CODEGEN CALL] Generating call to: drop
[DEBUG CODEGEN CALL] Generating call to: npk_core_dalloc
[DEBUG CODEGEN CALL] Generating call to: drop
[DEBUG CODEGEN CALL] Generating call to: npk_core_dalloc
[DEBUG CODEGEN CALL] Generating call to: drop
[DEBUG CODEGEN CALL] Generating call to: npk_core_dalloc
[DEBUG CODEGEN CALL] Generating call to: npk_core_alloc
[DEBUG IR_GEN] Initializer generated for 'footer', value = 0x5b6c74dda2f0
[DEBUG IR_GEN] InitVal type: 0x5b6c71992198
[DEBUG IR_GEN] Default builder.CreateStore for footer
[DEBUG CODEGEN CALL] Generating call to: drop
[DEBUG CODEGEN CALL] Generating call to: npk_mem_write_int64
[DEBUG CODEGEN CALL] Generating call to: drop
[DEBUG CODEGEN CALL] Generating call to: npk_mem_write_int64
[DEBUG CODEGEN CALL] Generating call to: drop
[DEBUG CODEGEN CALL] Generating call to: npk_mem_write_int64
[DEBUG CODEGEN CALL] Generating call to: drop
[DEBUG CODEGEN CALL] Generating call to: npk_mem_write_int64
[DEBUG CODEGEN CALL] Generating call to: drop
[DEBUG CODEGEN CALL] Generating call to: npk_mem_write_int64
[DEBUG CODEGEN CALL] Generating call to: drop
[DEBUG CODEGEN CALL] Generating call to: npk_mem_write_int32
[DEBUG CODEGEN CALL] Generating call to: crc32_compute
[DEBUG IR_GEN] Initializer generated for 'crc_calc', value = 0x5b6c74df1348
[DEBUG IR_GEN] InitVal type: 0x5b6c71992198
[DEBUG IR_GEN] Default builder.CreateStore for crc_calc
[DEBUG CODEGEN CALL] Generating call to: drop
[DEBUG CODEGEN CALL] Generating call to: npk_mem_write_int32
[DEBUG CODEGEN CALL] Generating call to: sys
[DEBUG IR_GEN] Initializer generated for 'fw', value = 0x5b6c74d638e8
[DEBUG IR_GEN] InitVal type: 0x5b6c71992198
[DEBUG IR_GEN] Default builder.CreateStore for fw
[DEBUG CODEGEN CALL] Generating call to: drop
[DEBUG CODEGEN CALL] Generating call to: npk_core_dalloc
[DEBUG ASSIGNMENT] op=168, leftType=1 (POINTER_MEMBER=7)
[DEBUG CODEGEN CALL] Generating call to: sys
[DEBUG CODEGEN CALL] Generating call to: drop
[DEBUG CODEGEN CALL] Generating call to: sys
[DEBUG CODEGEN CALL] Generating call to: drop
[DEBUG CODEGEN CALL] Generating call to: sys
[DEBUG CODEGEN CALL] Generating call to: string_to_cstr
[DEBUG IR_GEN] Initializer generated for 'c_path', value = 0x5b6c74da82e0
[DEBUG IR_GEN] InitVal type: 0x5b6c71992198
[DEBUG IR_GEN] Default builder.CreateStore for c_path
[DEBUG CODEGEN CALL] Generating call to: sys
[DEBUG IR_GEN] Initializer generated for 'fd', value = 0x5b6c74da88d8
[DEBUG IR_GEN] InitVal type: 0x5b6c71992198
[DEBUG IR_GEN] Default builder.CreateStore for fd
[DEBUG CODEGEN CALL] Generating call to: npk_core_alloc
[DEBUG IR_GEN] Initializer generated for 'footer', value = 0x5b6c74d93560
[DEBUG IR_GEN] InitVal type: 0x5b6c71992198
[DEBUG IR_GEN] Default builder.CreateStore for footer
[DEBUG CODEGEN CALL] Generating call to: sys
[DEBUG-XXX] op: 162, left: 0, right: 1
[DEBUG IR_GEN] Initializer generated for 'r_res', value = 0x5b6c74b4eef8
[DEBUG IR_GEN] InitVal type: 0x5b6c71992198
[DEBUG IR_GEN] Default builder.CreateStore for r_res
[DEBUG CODEGEN CALL] Generating call to: drop
[DEBUG CODEGEN CALL] Generating call to: npk_core_dalloc
[DEBUG CODEGEN CALL] Generating call to: drop
[DEBUG CODEGEN CALL] Generating call to: sys
[DEBUG CODEGEN CALL] Generating call to: sys
[DEBUG IR_GEN] Initializer generated for 'rw', value = 0x5b6c74dd9f88
[DEBUG IR_GEN] InitVal type: 0x5b6c71992198
[DEBUG IR_GEN] Default builder.CreateStore for rw
[DEBUG CODEGEN CALL] Generating call to: drop
[DEBUG CODEGEN CALL] Generating call to: npk_core_dalloc
[DEBUG CODEGEN CALL] Generating call to: drop
[DEBUG CODEGEN CALL] Generating call to: sys
[DEBUG CODEGEN CALL] Generating call to: npk_mem_read_int32
[DEBUG IR_GEN] Initializer generated for 'magic', value = 0x5b6c74a3d050
[DEBUG IR_GEN] InitVal type: 0x5b6c71992180
[DEBUG IR_GEN] Default builder.CreateStore for magic
[DEBUG CODEGEN CALL] Generating call to: drop
[DEBUG CODEGEN CALL] Generating call to: npk_core_dalloc
[DEBUG CODEGEN CALL] Generating call to: drop
[DEBUG CODEGEN CALL] Generating call to: sys
[DEBUG CODEGEN CALL] Generating call to: crc32_compute
[DEBUG IR_GEN] Initializer generated for 'crc_calc', value = 0x5b6c74d67758
[DEBUG IR_GEN] InitVal type: 0x5b6c71992198
[DEBUG IR_GEN] Default builder.CreateStore for crc_calc
[DEBUG CODEGEN CALL] Generating call to: npk_mem_read_int32
[DEBUG IR_GEN] Initializer generated for 'chk', value = 0x5b6c74a6e180
[DEBUG IR_GEN] InitVal type: 0x5b6c71992180
[DEBUG IR_GEN] Default builder.CreateStore for chk
[DEBUG CODEGEN CALL] Generating call to: drop
[DEBUG CODEGEN CALL] Generating call to: npk_core_dalloc
[DEBUG CODEGEN CALL] Generating call to: drop
[DEBUG CODEGEN CALL] Generating call to: sys
[DEBUG CODEGEN CALL] Generating call to: npk_mem_read_int64
[DEBUG IR_GEN] Initializer generated for 'db_cnt', value = 0x5b6c74d70030
[DEBUG IR_GEN] InitVal type: 0x5b6c71992198
[DEBUG IR_GEN] Default builder.CreateStore for db_cnt
[DEBUG CODEGEN CALL] Generating call to: npk_mem_read_int64
[DEBUG IR_GEN] Initializer generated for 'idx_off', value = 0x5b6c74d70290
[DEBUG IR_GEN] InitVal type: 0x5b6c71992198
[DEBUG IR_GEN] Default builder.CreateStore for idx_off
[DEBUG CODEGEN CALL] Generating call to: npk_mem_read_int64
[DEBUG IR_GEN] Initializer generated for 'bloom_off', value = 0x5b6c74dc8610
[DEBUG IR_GEN] InitVal type: 0x5b6c71992198
[DEBUG IR_GEN] Default builder.CreateStore for bloom_off
[DEBUG CODEGEN CALL] Generating call to: npk_mem_read_int64
[DEBUG IR_GEN] Initializer generated for 'bloom_sz', value = 0x5b6c74dc8870
[DEBUG IR_GEN] InitVal type: 0x5b6c71992198
[DEBUG IR_GEN] Default builder.CreateStore for bloom_sz
[DEBUG CODEGEN CALL] Generating call to: npk_mem_read_int64
[DEBUG IR_GEN] Initializer generated for 't_keys', value = 0x5b6c74dc8ad0
[DEBUG IR_GEN] InitVal type: 0x5b6c71992198
[DEBUG IR_GEN] Default builder.CreateStore for t_keys
[DEBUG CODEGEN CALL] Generating call to: drop
[DEBUG CODEGEN CALL] Generating call to: npk_core_dalloc
[DEBUG CODEGEN CALL] Generating call to: page_alloc
[DEBUG IR_GEN] Initializer generated for 'index_page', value = 0x5b6c74dc9118
[DEBUG IR_GEN] InitVal type: 0x5b6c71992198
[DEBUG IR_GEN] Default builder.CreateStore for index_page
[DEBUG CODEGEN CALL] Generating call to: drop
[DEBUG CODEGEN CALL] Generating call to: sys
[DEBUG CODEGEN CALL] Generating call to: sys
[DEBUG IR_GEN] Initializer generated for 'iw', value = 0x5b6c749b4728
[DEBUG IR_GEN] InitVal type: 0x5b6c71992198
[DEBUG IR_GEN] Default builder.CreateStore for iw
[DEBUG CODEGEN CALL] Generating call to: drop
[DEBUG CODEGEN CALL] Generating call to: page_free
[DEBUG CODEGEN CALL] Generating call to: drop
[DEBUG CODEGEN CALL] Generating call to: sys
[DEBUG CODEGEN CALL] Generating call to: npk_core_alloc
[DEBUG IR_GEN] Initializer generated for 'bloom_buf', value = 0x5b6c74c964c0
[DEBUG IR_GEN] InitVal type: 0x5b6c71992198
[DEBUG IR_GEN] Default builder.CreateStore for bloom_buf
[DEBUG CODEGEN CALL] Generating call to: drop
[DEBUG CODEGEN CALL] Generating call to: sys
[DEBUG CODEGEN CALL] Generating call to: drop
[DEBUG CODEGEN CALL] Generating call to: sys
[DEBUG CODEGEN CALL] Generating call to: bloom_deserialize
[DEBUG IR_GEN] Initializer generated for 'bloom', value = 0x5b6c74a4cee8
[DEBUG IR_GEN] InitVal type: 0x5b6c71992198
[DEBUG IR_GEN] Default builder.CreateStore for bloom
[DEBUG CODEGEN CALL] Generating call to: drop
[DEBUG CODEGEN CALL] Generating call to: npk_core_dalloc
[DEBUG CODEGEN CALL] Generating call to: npk_core_alloc
[DEBUG IR_GEN] Initializer generated for 'reader', value = 0x5b6c74a4d1a0
[DEBUG IR_GEN] InitVal type: 0x5b6c71992198
[DEBUG IR_GEN] Default builder.CreateStore for reader
[DEBUG CODEGEN CALL] Generating call to: drop
[DEBUG CODEGEN CALL] Generating call to: npk_mem_write_int64
[DEBUG CODEGEN CALL] Generating call to: drop
[DEBUG CODEGEN CALL] Generating call to: npk_mem_write_int64
[DEBUG CODEGEN CALL] Generating call to: drop
[DEBUG CODEGEN CALL] Generating call to: npk_mem_write_int64
[DEBUG CODEGEN CALL] Generating call to: drop
[DEBUG CODEGEN CALL] Generating call to: npk_mem_write_int64
[DEBUG CODEGEN CALL] Generating call to: drop
[DEBUG CODEGEN CALL] Generating call to: npk_mem_write_int64
[DEBUG CODEGEN CALL] Generating call to: drop
[DEBUG CODEGEN CALL] Generating call to: npk_mem_write_int64
[DEBUG CODEGEN CALL] Generating call to: sys
[DEBUG IR_GEN] Initializer generated for 'file_sz', value = 0x5b6c74df5848
[DEBUG IR_GEN] InitVal type: 0x5b6c71992198
[DEBUG IR_GEN] Default builder.CreateStore for file_sz
[DEBUG CODEGEN CALL] Generating call to: sys
[DEBUG IR_GEN] Initializer generated for 'base_ptr', value = 0x5b6c74dec348
[DEBUG IR_GEN] InitVal type: 0x5b6c71992198
[DEBUG IR_GEN] Default builder.CreateStore for base_ptr
[DEBUG CODEGEN CALL] Generating call to: drop
[DEBUG CODEGEN CALL] Generating call to: npk_mem_write_int64
[DEBUG CODEGEN CALL] Generating call to: drop
[DEBUG CODEGEN CALL] Generating call to: npk_mem_write_int64
[DEBUG CODEGEN CALL] Generating call to: npk_mem_read_int64
[DEBUG IR_GEN] Initializer generated for 'fd', value = 0x5b6c74da74d0
[DEBUG IR_GEN] InitVal type: 0x5b6c71992198
[DEBUG IR_GEN] Default builder.CreateStore for fd
[DEBUG CODEGEN CALL] Generating call to: npk_mem_read_int64
[DEBUG IR_GEN] Initializer generated for 'index_page', value = 0x5b6c74da7760
[DEBUG IR_GEN] InitVal type: 0x5b6c71992198
[DEBUG IR_GEN] Default builder.CreateStore for index_page
[DEBUG CODEGEN CALL] Generating call to: npk_mem_read_int64
[DEBUG IR_GEN] Initializer generated for 'bloom', value = 0x5b6c74db5540
[DEBUG IR_GEN] InitVal type: 0x5b6c71992198
[DEBUG IR_GEN] Default builder.CreateStore for bloom
[DEBUG CODEGEN CALL] Generating call to: npk_mem_read_int64
[DEBUG IR_GEN] Initializer generated for 'base_ptr', value = 0x5b6c74db5800
[DEBUG IR_GEN] InitVal type: 0x5b6c71992198
[DEBUG IR_GEN] Default builder.CreateStore for base_ptr
[DEBUG CODEGEN CALL] Generating call to: npk_mem_read_int64
[DEBUG IR_GEN] Initializer generated for 'file_sz', value = 0x5b6c74db5a90
[DEBUG IR_GEN] InitVal type: 0x5b6c71992198
[DEBUG IR_GEN] Default builder.CreateStore for file_sz
[DEBUG CODEGEN CALL] Generating call to: drop
[DEBUG CODEGEN CALL] Generating call to: sys
[DEBUG CODEGEN CALL] Generating call to: drop
[DEBUG CODEGEN CALL] Generating call to: sys
[DEBUG CODEGEN CALL] Generating call to: drop
[DEBUG CODEGEN CALL] Generating call to: page_free
[DEBUG CODEGEN CALL] Generating call to: drop
[DEBUG CODEGEN CALL] Generating call to: bloom_destroy
[DEBUG CODEGEN CALL] Generating call to: drop
[DEBUG CODEGEN CALL] Generating call to: npk_core_dalloc
[DEBUG CODEGEN CALL] Generating call to: npk_mem_read_int64
[DEBUG IR_GEN] Initializer generated for 'index_page', value = 0x5b6c74ddfab0
[DEBUG IR_GEN] InitVal type: 0x5b6c71992198
[DEBUG IR_GEN] Default builder.CreateStore for index_page
[DEBUG CODEGEN CALL] Generating call to: page_get_slot_count
[DEBUG IR_GEN] Initializer generated for 'count32', value = 0x5b6c74de01b8
[DEBUG IR_GEN] InitVal type: 0x5b6c71992180
[DEBUG IR_GEN] Default builder.CreateStore for count32
[DEBUG IR_GEN] Initializer generated for 'count', value = 0x5b6c74991180
[DEBUG IR_GEN] InitVal type: 0x5b6c71992198
[DEBUG IR_GEN] Default builder.CreateStore for count
[DEBUG IR_GEN] Initializer generated for 'low', value = 0x5b6c74325da0
[DEBUG IR_GEN] InitVal type: 0x5b6c71992198
[DEBUG IR_GEN] Default builder.CreateStore for low
[DEBUG IR_GEN] Initializer generated for 'high', value = 0x5b6c74de0ba0
[DEBUG IR_GEN] InitVal type: 0x5b6c71992198
[DEBUG IR_GEN] Default builder.CreateStore for high
[DEBUG IR_GEN] Initializer generated for 'found', value = 0x5b6c74749470
[DEBUG IR_GEN] InitVal type: 0x5b6c71992198
[DEBUG IR_GEN] Default builder.CreateStore for found
[DEBUG WHILE] Parsing condition for while loop. NodeType: 2
   BinaryOp Type: 177
[DEBUG IR_GEN] Initializer generated for 'mid', value = 0x5b6c74de1730
[DEBUG IR_GEN] InitVal type: 0x5b6c71992198
[DEBUG IR_GEN] Default builder.CreateStore for mid
[DEBUG CODEGEN CALL] Generating call to: slot_get_tuple_length
[DEBUG IR_GEN] Initializer generated for 'tup_len', value = 0x5b6c74da7908
[DEBUG IR_GEN] InitVal type: 0x5b6c71992198
[DEBUG IR_GEN] Default builder.CreateStore for tup_len
[DEBUG CODEGEN CALL] Generating call to: slot_get_tuple_offset
[DEBUG IR_GEN] Initializer generated for 'tup_off', value = 0x5b6c74d5edd8
[DEBUG IR_GEN] InitVal type: 0x5b6c71992198
[DEBUG IR_GEN] Default builder.CreateStore for tup_off
[DEBUG CODEGEN CALL] Generating call to: npk_mem_offset
[DEBUG IR_GEN] Initializer generated for 'tup_ptr', value = 0x5b6c74dbd880
[DEBUG IR_GEN] InitVal type: 0x5b6c71992198
[DEBUG IR_GEN] Default builder.CreateStore for tup_ptr
[DEBUG CODEGEN CALL] Generating call to: npk_mem_read_int32
[DEBUG IR_GEN] Initializer generated for 'k_len', value = 0x5b6c74b80630
[DEBUG IR_GEN] InitVal type: 0x5b6c71992198
[DEBUG IR_GEN] Default builder.CreateStore for k_len
[DEBUG CODEGEN CALL] Generating call to: npk_mem_read_string
[DEBUG-XXX] op: 161, left: 1, right: 0
[DEBUG IR_GEN] Initializer generated for 'last_k', value = 0x5b6c74d75600
[DEBUG IR_GEN] InitVal type: 0x5b6c746f0df0
[DEBUG IR_GEN] Default builder.CreateStore for last_k
[DEBUG ASSIGNMENT] op=168, leftType=1 (POINTER_MEMBER=7)
[DEBUG ASSIGNMENT] op=168, leftType=1 (POINTER_MEMBER=7)
[DEBUG ASSIGNMENT] op=168, leftType=1 (POINTER_MEMBER=7)
[DEBUG CODEGEN CALL] Generating call to: slot_get_tuple_offset
[DEBUG IR_GEN] Initializer generated for 't_off', value = 0x5b6c74dde2d8
[DEBUG IR_GEN] InitVal type: 0x5b6c71992198
[DEBUG IR_GEN] Default builder.CreateStore for t_off
[DEBUG CODEGEN CALL] Generating call to: npk_mem_offset
[DEBUG IR_GEN] Initializer generated for 't_ptr', value = 0x5b6c74d9c620
[DEBUG IR_GEN] InitVal type: 0x5b6c71992198
[DEBUG IR_GEN] Default builder.CreateStore for t_ptr
[DEBUG CODEGEN CALL] Generating call to: npk_mem_read_int32
[DEBUG IR_GEN] Initializer generated for 'kl', value = 0x5b6c74915930
[DEBUG IR_GEN] InitVal type: 0x5b6c71992198
[DEBUG IR_GEN] Default builder.CreateStore for kl
[DEBUG CODEGEN CALL] Generating call to: npk_mem_read_int64
[DEBUG-XXX] op: 161, left: 0, right: 1
[DEBUG IR_GEN] Initializer generated for 'blk_off', value = 0x5b6c74d9ccd0
[DEBUG IR_GEN] InitVal type: 0x5b6c71992198
[DEBUG IR_GEN] Default builder.CreateStore for blk_off
[DEBUG CODEGEN CALL] Generating call to: npk_mem_read_int64
[DEBUG IR_GEN] Initializer generated for 'base_ptr', value = 0x5b6c74d9d970
[DEBUG IR_GEN] InitVal type: 0x5b6c71992198
[DEBUG IR_GEN] Default builder.CreateStore for base_ptr
[DEBUG IR_GEN] Initializer generated for 'blk_off', value = 0x5b6c74d9e140
[DEBUG IR_GEN] InitVal type: 0x5b6c71992198
[DEBUG IR_GEN] Default builder.CreateStore for blk_off
[DEBUG CODEGEN CALL] Generating call to: slot_get_tuple_length
[DEBUG IR_GEN] Initializer generated for 'tup_len', value = 0x5b6c74de4998
[DEBUG IR_GEN] InitVal type: 0x5b6c71992198
[DEBUG IR_GEN] Default builder.CreateStore for tup_len
[DEBUG CODEGEN CALL] Generating call to: slot_get_tuple_offset
[DEBUG IR_GEN] Initializer generated for 'tup_off', value = 0x5b6c74de4798
[DEBUG IR_GEN] InitVal type: 0x5b6c71992198
[DEBUG IR_GEN] Default builder.CreateStore for tup_off
[DEBUG CODEGEN CALL] Generating call to: npk_mem_offset
[DEBUG IR_GEN] Initializer generated for 'tup_ptr', value = 0x5b6c74de5900
[DEBUG IR_GEN] InitVal type: 0x5b6c71992198
[DEBUG IR_GEN] Default builder.CreateStore for tup_ptr
[DEBUG CODEGEN CALL] Generating call to: npk_mem_read_byte
[DEBUG IR_GEN] Initializer generated for 'flag', value = 0x5b6c74de5c00
[DEBUG IR_GEN] InitVal type: 0x5b6c71992198
[DEBUG IR_GEN] Default builder.CreateStore for flag
[DEBUG CODEGEN CALL] Generating call to: npk_mem_read_int32
[DEBUG IR_GEN] Initializer generated for 'key_len', value = 0x5b6c74dafc90
[DEBUG IR_GEN] InitVal type: 0x5b6c71992198
[DEBUG IR_GEN] Default builder.CreateStore for key_len
[DEBUG IR_GEN] Initializer generated for 'v_off', value = 0x5b6c74de6160
[DEBUG IR_GEN] InitVal type: 0x5b6c71992198
[DEBUG IR_GEN] Default builder.CreateStore for v_off
[DEBUG CODEGEN CALL] Generating call to: npk_core_alloc
[DEBUG IR_GEN] Initializer generated for 'rec', value = 0x5b6c74de6350
[DEBUG IR_GEN] InitVal type: 0x5b6c71992198
[DEBUG IR_GEN] Default builder.CreateStore for rec
[DEBUG CODEGEN CALL] Generating call to: npk_core_alloc
[DEBUG IR_GEN] Initializer generated for 'k_ptr', value = 0x5b6c74b533f0
[DEBUG IR_GEN] InitVal type: 0x5b6c71992198
[DEBUG IR_GEN] Default builder.CreateStore for k_ptr
[DEBUG CODEGEN CALL] Generating call to: drop
[DEBUG CODEGEN CALL] Generating call to: npk_mem_copy
[DEBUG-XXX] op: 161, left: 1, right: 0
[DEBUG CODEGEN CALL] Generating call to: drop
[DEBUG CODEGEN CALL] Generating call to: npk_mem_write_int64
[DEBUG CODEGEN CALL] Generating call to: drop
[DEBUG CODEGEN CALL] Generating call to: npk_mem_write_int64
[DEBUG CODEGEN CALL] Generating call to: drop
[DEBUG CODEGEN CALL] Generating call to: npk_mem_write_int64
[DEBUG CODEGEN CALL] Generating call to: drop
[DEBUG CODEGEN CALL] Generating call to: npk_mem_write_int64
[DEBUG CODEGEN CALL] Generating call to: drop
[DEBUG CODEGEN CALL] Generating call to: npk_mem_write_int64
[DEBUG CODEGEN CALL] Generating call to: npk_mem_read_int32
[DEBUG IR_GEN] Initializer generated for 'val_len', value = 0x5b6c74d82c80
[DEBUG IR_GEN] InitVal type: 0x5b6c71992198
[DEBUG IR_GEN] Default builder.CreateStore for val_len
[DEBUG CODEGEN CALL] Generating call to: npk_core_alloc
[DEBUG IR_GEN] Initializer generated for 'v_ptr', value = 0x5b6c74c633e0
[DEBUG IR_GEN] InitVal type: 0x5b6c71992198
[DEBUG IR_GEN] Default builder.CreateStore for v_ptr
[DEBUG CODEGEN CALL] Generating call to: drop
[DEBUG CODEGEN CALL] Generating call to: npk_mem_copy
[DEBUG-XXX] op: 161, left: 2, right: 0
[DEBUG] getExprNumericTypeName leftType: 1
[DEBUG-XXX] op: 161, left: 1, right: 1
[DEBUG CODEGEN CALL] Generating call to: drop
[DEBUG CODEGEN CALL] Generating call to: npk_mem_write_int64
[DEBUG CODEGEN CALL] Generating call to: drop
[DEBUG CODEGEN CALL] Generating call to: npk_mem_write_int64
[DEBUG CODEGEN CALL] Generating call to: drop
[DEBUG CODEGEN CALL] Generating call to: npk_mem_write_int64
[DEBUG CODEGEN CALL] Generating call to: npk_mem_read_int64
[DEBUG IR_GEN] Initializer generated for 'k_ptr', value = 0x5b6c74d5d870
[DEBUG IR_GEN] InitVal type: 0x5b6c71992198
[DEBUG IR_GEN] Default builder.CreateStore for k_ptr
[DEBUG CODEGEN CALL] Generating call to: npk_mem_read_int64
[DEBUG IR_GEN] Initializer generated for 'k_len', value = 0x5b6c74d5da30
[DEBUG IR_GEN] InitVal type: 0x5b6c71992198
[DEBUG IR_GEN] Default builder.CreateStore for k_len
[DEBUG CODEGEN CALL] Generating call to: npk_mem_read_string
[DEBUG CODEGEN CALL] Generating call to: npk_mem_read_int64
[DEBUG CODEGEN CALL] Generating call to: npk_mem_read_int64
[DEBUG CODEGEN CALL] Generating call to: npk_mem_read_int64
[DEBUG CODEGEN CALL] Generating call to: npk_mem_read_int64
[DEBUG IR_GEN] Initializer generated for 'k_ptr', value = 0x5b6c74a4ac40
[DEBUG IR_GEN] InitVal type: 0x5b6c71992198
[DEBUG IR_GEN] Default builder.CreateStore for k_ptr
[DEBUG CODEGEN CALL] Generating call to: drop
[DEBUG CODEGEN CALL] Generating call to: npk_core_dalloc
[DEBUG CODEGEN CALL] Generating call to: npk_mem_read_int64
[DEBUG IR_GEN] Initializer generated for 'is_ts', value = 0x5b6c74ddea80
[DEBUG IR_GEN] InitVal type: 0x5b6c71992198
[DEBUG IR_GEN] Default builder.CreateStore for is_ts
[DEBUG CODEGEN CALL] Generating call to: npk_mem_read_int64
[DEBUG IR_GEN] Initializer generated for 'v_ptr', value = 0x5b6c74da2120
[DEBUG IR_GEN] InitVal type: 0x5b6c71992198
[DEBUG IR_GEN] Default builder.CreateStore for v_ptr
[DEBUG CODEGEN CALL] Generating call to: drop
[DEBUG CODEGEN CALL] Generating call to: npk_core_dalloc
[DEBUG CODEGEN CALL] Generating call to: drop
[DEBUG CODEGEN CALL] Generating call to: npk_core_dalloc
[DEBUG CODEGEN CALL] Generating call to: npk_mem_read_int64
[DEBUG IR_GEN] Initializer generated for 'bloom', value = 0x5b6c74e39f20
[DEBUG IR_GEN] InitVal type: 0x5b6c71992198
[DEBUG IR_GEN] Default builder.CreateStore for bloom
[DEBUG CODEGEN CALL] Generating call to: bloom_check
[DEBUG IR_GEN] Initializer generated for 'chk', value = 0x5b6c74e3a958
[DEBUG IR_GEN] InitVal type: 0x5b6c71992198
[DEBUG IR_GEN] Default builder.CreateStore for chk
[DEBUG CODEGEN CALL] Generating call to: sstable_find_block
[DEBUG IR_GEN] Initializer generated for 'blk', value = 0x5b6c74e3b518
[DEBUG IR_GEN] InitVal type: 0x5b6c71992198
[DEBUG IR_GEN] Default builder.CreateStore for blk
[DEBUG CODEGEN CALL] Generating call to: sstable_load_block
[DEBUG IR_GEN] Initializer generated for 'page', value = 0x5b6c74da71c8
[DEBUG IR_GEN] InitVal type: 0x5b6c71992198
[DEBUG IR_GEN] Default builder.CreateStore for page
[DEBUG CODEGEN CALL] Generating call to: page_get_slot_count
[DEBUG IR_GEN] Initializer generated for 'count32', value = 0x5b6c74c6e528
[DEBUG IR_GEN] InitVal type: 0x5b6c71992180
[DEBUG IR_GEN] Default builder.CreateStore for count32
[DEBUG IR_GEN] Initializer generated for 'count', value = 0x5b6c74a55ee0
[DEBUG IR_GEN] InitVal type: 0x5b6c71992198
[DEBUG IR_GEN] Default builder.CreateStore for count
[DEBUG IR_GEN] Initializer generated for 'i', value = 0x5b6c74325da0
[DEBUG IR_GEN] InitVal type: 0x5b6c71992198
[DEBUG IR_GEN] Default builder.CreateStore for i
[DEBUG IR_GEN] Initializer generated for 'found_rec', value = 0x5b6c74325da0
[DEBUG IR_GEN] InitVal type: 0x5b6c71992198
[DEBUG IR_GEN] Default builder.CreateStore for found_rec
[DEBUG WHILE] Parsing condition for while loop. NodeType: 2
   BinaryOp Type: 176
[DEBUG CODEGEN CALL] Generating call to: sstable_read_record
[DEBUG IR_GEN] Initializer generated for 'rec', value = 0x5b6c74c97ef8
[DEBUG IR_GEN] InitVal type: 0x5b6c71992198
[DEBUG IR_GEN] Default builder.CreateStore for rec
[DEBUG CODEGEN CALL] Generating call to: sst_rec_key
[DEBUG IR_GEN] Initializer generated for 'rk', value = 0x5b6c74d97158
[DEBUG IR_GEN] InitVal type: 0x5b6c746f0df0
[DEBUG IR_GEN] Default builder.CreateStore for rk
[DEBUG ASSIGNMENT] op=168, leftType=1 (POINTER_MEMBER=7)
[DEBUG CODEGEN CALL] Generating call to: drop
[DEBUG CODEGEN CALL] Generating call to: sst_rec_free
[DEBUG ASSIGNMENT] op=168, leftType=1 (POINTER_MEMBER=7)
[DEBUG CODEGEN CALL] Generating call to: npk_core_alloc
[DEBUG IR_GEN] Initializer generated for 'iter', value = 0x5b6c74e42ca0
[DEBUG IR_GEN] InitVal type: 0x5b6c71992198
[DEBUG IR_GEN] Default builder.CreateStore for iter
[DEBUG CODEGEN CALL] Generating call to: drop
[DEBUG CODEGEN CALL] Generating call to: npk_mem_write_int64
[DEBUG CODEGEN CALL] Generating call to: drop
[DEBUG CODEGEN CALL] Generating call to: npk_mem_write_int64
[DEBUG CODEGEN CALL] Generating call to: drop
[DEBUG CODEGEN CALL] Generating call to: npk_mem_write_int64
[DEBUG CODEGEN CALL] Generating call to: sstable_load_block
[DEBUG IR_GEN] Initializer generated for 'page', value = 0x5b6c74d85428
[DEBUG IR_GEN] InitVal type: 0x5b6c71992198
[DEBUG IR_GEN] Default builder.CreateStore for page
[DEBUG CODEGEN CALL] Generating call to: drop
[DEBUG CODEGEN CALL] Generating call to: npk_mem_write_int64
[DEBUG CODEGEN CALL] Generating call to: npk_mem_read_int64
[DEBUG IR_GEN] Initializer generated for 'reader', value = 0x5b6c74e440c0
[DEBUG IR_GEN] InitVal type: 0x5b6c71992198
[DEBUG IR_GEN] Default builder.CreateStore for reader
[DEBUG CODEGEN CALL] Generating call to: npk_mem_read_int64
[DEBUG IR_GEN] Initializer generated for 'blk', value = 0x5b6c74e44360
[DEBUG IR_GEN] InitVal type: 0x5b6c71992198
[DEBUG IR_GEN] Default builder.CreateStore for blk
[DEBUG CODEGEN CALL] Generating call to: npk_mem_read_int64
[DEBUG IR_GEN] Initializer generated for 'slot', value = 0x5b6c74e44600
[DEBUG IR_GEN] InitVal type: 0x5b6c71992198
[DEBUG IR_GEN] Default builder.CreateStore for slot
[DEBUG CODEGEN CALL] Generating call to: npk_mem_read_int64
[DEBUG IR_GEN] Initializer generated for 'page', value = 0x5b6c74e44a40
[DEBUG IR_GEN] InitVal type: 0x5b6c71992198
[DEBUG IR_GEN] Default builder.CreateStore for page
[DEBUG CODEGEN CALL] Generating call to: npk_mem_read_int64
[DEBUG IR_GEN] Initializer generated for 'db_cnt', value = 0x5b6c74e44ce0
[DEBUG IR_GEN] InitVal type: 0x5b6c71992198
[DEBUG IR_GEN] Default builder.CreateStore for db_cnt
[DEBUG WHILE] Parsing condition for while loop. NodeType: 2
   BinaryOp Type: 175
[DEBUG CODEGEN CALL] Generating call to: page_get_slot_count
[DEBUG IR_GEN] Initializer generated for 'count32', value = 0x5b6c74e448b8
[DEBUG IR_GEN] InitVal type: 0x5b6c71992180
[DEBUG IR_GEN] Default builder.CreateStore for count32
[DEBUG IR_GEN] Initializer generated for 'count', value = 0x5b6c74d96130
[DEBUG IR_GEN] InitVal type: 0x5b6c71992198
[DEBUG IR_GEN] Default builder.CreateStore for count
[DEBUG CODEGEN CALL] Generating call to: sstable_read_record
[DEBUG IR_GEN] Initializer generated for 'rec', value = 0x5b6c74e0bac8
[DEBUG IR_GEN] InitVal type: 0x5b6c71992198
[DEBUG IR_GEN] Default builder.CreateStore for rec
[DEBUG CODEGEN CALL] Generating call to: drop
[DEBUG CODEGEN CALL] Generating call to: npk_mem_write_int64
[DEBUG-XXX] op: 161, left: 1, right: 0
[DEBUG ASSIGNMENT] op=168, leftType=1 (POINTER_MEMBER=7)
[DEBUG CODEGEN CALL] Generating call to: drop
[DEBUG CODEGEN CALL] Generating call to: npk_mem_write_int64
[DEBUG ASSIGNMENT] op=168, leftType=1 (POINTER_MEMBER=7)
[DEBUG CODEGEN CALL] Generating call to: sstable_load_block
[DEBUG ASSIGNMENT] op=168, leftType=1 (POINTER_MEMBER=7)
[DEBUG CODEGEN CALL] Generating call to: drop
[DEBUG CODEGEN CALL] Generating call to: npk_mem_write_int64
[DEBUG CODEGEN CALL] Generating call to: drop
[DEBUG CODEGEN CALL] Generating call to: npk_mem_write_int64
[DEBUG CODEGEN CALL] Generating call to: drop
[DEBUG CODEGEN CALL] Generating call to: npk_mem_write_int64
[DEBUG CODEGEN CALL] Generating call to: npk_mem_read_int64
[DEBUG IR_GEN] Initializer generated for 'page', value = 0x5b6c74a528a0
[DEBUG IR_GEN] InitVal type: 0x5b6c71992198
[DEBUG IR_GEN] Default builder.CreateStore for page
[DEBUG CODEGEN CALL] Generating call to: drop
[DEBUG CODEGEN CALL] Generating call to: npk_core_dalloc
[DEBUG CODEGEN CALL] Generating call to: string_to_cstr
[DEBUG IR_GEN] Initializer generated for 'c_data_dir', value = 0x5b6c74d70ff0
[DEBUG IR_GEN] InitVal type: 0x5b6c71992198
[DEBUG IR_GEN] Default builder.CreateStore for c_data_dir
[DEBUG CODEGEN CALL] Generating call to: drop
[DEBUG CODEGEN CALL] Generating call to: sys
[DEBUG IR_GEN] Initializer generated for 'i', value = 0x5b6c74325da0
[DEBUG IR_GEN] InitVal type: 0x5b6c71992198
[DEBUG IR_GEN] Default builder.CreateStore for i
[DEBUG WHILE] Parsing condition for while loop. NodeType: 2
   BinaryOp Type: 176
[DEBUG IR_GEN] Initializer generated for 'l_dir', value = 0x5b6c74e0b0c0
[DEBUG IR_GEN] InitVal type: 0x5b6c746f0df0
[DEBUG IR_GEN] Default builder.CreateStore for l_dir
[DEBUG CODEGEN CALL] Generating call to: string_from_int
[DEBUG IR_GEN] Initializer generated for 'l_dir2', value = 0x5b6c74e3ebf0
[DEBUG IR_GEN] InitVal type: 0x5b6c746f0df0
[DEBUG IR_GEN] Default builder.CreateStore for l_dir2
[DEBUG CODEGEN CALL] Generating call to: string_to_cstr
[DEBUG IR_GEN] Initializer generated for 'c_l_dir2', value = 0x5b6c74e07b60
[DEBUG IR_GEN] InitVal type: 0x5b6c71992198
[DEBUG IR_GEN] Default builder.CreateStore for c_l_dir2
[DEBUG CODEGEN CALL] Generating call to: drop
[DEBUG CODEGEN CALL] Generating call to: sys
[DEBUG ASSIGNMENT] op=168, leftType=1 (POINTER_MEMBER=7)
[DEBUG CODEGEN CALL] Generating call to: mt_count
[DEBUG IR_GEN] Initializer generated for 'cnt', value = 0x5b6c74d64c88
[DEBUG IR_GEN] InitVal type: 0x5b6c71992198
[DEBUG IR_GEN] Default builder.CreateStore for cnt
[DEBUG CODEGEN CALL] Generating call to: drop
[DEBUG CODEGEN CALL] Generating call to: mt_destroy
[DEBUG CODEGEN CALL] Generating call to: mt_first
[DEBUG IR_GEN] Initializer generated for 'node', value = 0x5b6c74e0d398
[DEBUG IR_GEN] InitVal type: 0x5b6c71992198
[DEBUG IR_GEN] Default builder.CreateStore for node
[DEBUG IR_GEN] Initializer generated for 'is_first', value = 0x5b6c743d74f0
[DEBUG IR_GEN] InitVal type: 0x5b6c71992198
[DEBUG IR_GEN] Default builder.CreateStore for is_first
[DEBUG IR_GEN] Initializer generated for 'min_k', value = 0x5b6c74d849a0
[DEBUG IR_GEN] InitVal type: 0x5b6c746f0df0
[DEBUG IR_GEN] Default builder.CreateStore for min_k
[DEBUG IR_GEN] Initializer generated for 'max_k', value = 0x5b6c7484cf30
[DEBUG IR_GEN] InitVal type: 0x5b6c746f0df0
[DEBUG IR_GEN] Default builder.CreateStore for max_k
[DEBUG WHILE] Parsing condition for while loop. NodeType: 2
   BinaryOp Type: 175
[DEBUG CODEGEN CALL] Generating call to: sl_node_key
[DEBUG IR_GEN] Initializer generated for 'k', value = 0x5b6c74e45458
[DEBUG IR_GEN] InitVal type: 0x5b6c746f0df0
[DEBUG IR_GEN] Default builder.CreateStore for k
[DEBUG ASSIGNMENT] op=168, leftType=1 (POINTER_MEMBER=7)
[DEBUG ASSIGNMENT] op=168, leftType=1 (POINTER_MEMBER=7)
[DEBUG ASSIGNMENT] op=168, leftType=1 (POINTER_MEMBER=7)
[DEBUG ASSIGNMENT] op=168, leftType=1 (POINTER_MEMBER=7)
[DEBUG CODEGEN CALL] Generating call to: sl_next
[DEBUG CODEGEN CALL] Generating call to: lm_next_sstable_path
[DEBUG IR_GEN] Initializer generated for 'sst_path', value = 0x5b6c74d98b88
[DEBUG IR_GEN] InitVal type: 0x5b6c746f0df0
[DEBUG IR_GEN] Default builder.CreateStore for sst_path
[DEBUG CODEGEN CALL] Generating call to: lm_get_next_file_id
[DEBUG IR_GEN] Initializer generated for 'file_id', value = 0x5b6c74bbf168
[DEBUG IR_GEN] InitVal type: 0x5b6c71992198
[DEBUG IR_GEN] Default builder.CreateStore for file_id
[DEBUG ASSIGNMENT] op=168, leftType=1 (POINTER_MEMBER=7)
[DEBUG CODEGEN CALL] Generating call to: sstable_write
[DEBUG IR_GEN] Initializer generated for 'written', value = 0x5b6c74af54c8
[DEBUG IR_GEN] InitVal type: 0x5b6c71992198
[DEBUG IR_GEN] Default builder.CreateStore for written
[DEBUG CODEGEN CALL] Generating call to: drop
[DEBUG CODEGEN CALL] Generating call to: lm_add_sstable
[DEBUG CODEGEN CALL] Generating call to: drop
[DEBUG CODEGEN CALL] Generating call to: mt_destroy
[DEBUG CODEGEN CALL] Generating call to: npk_core_alloc
[DEBUG IR_GEN] Initializer generated for 'heap', value = 0x5b6c74de99c0
[DEBUG IR_GEN] InitVal type: 0x5b6c71992198
[DEBUG IR_GEN] Default builder.CreateStore for heap
[DEBUG CODEGEN CALL] Generating call to: npk_core_alloc
[DEBUG-BINARY] op=163 leftType=1 rightType=1 leftNumType= rightNumType=
[DEBUG-XXX] op: 163, left: 1, right: 1
[DEBUG IR_GEN] Initializer generated for 'array_ptr', value = 0x5b6c74d622c0
[DEBUG IR_GEN] InitVal type: 0x5b6c71992198
[DEBUG IR_GEN] Default builder.CreateStore for array_ptr
[DEBUG CODEGEN CALL] Generating call to: drop
[DEBUG CODEGEN CALL] Generating call to: npk_mem_write_int64
[DEBUG CODEGEN CALL] Generating call to: drop
[DEBUG CODEGEN CALL] Generating call to: npk_mem_write_int64
[DEBUG CODEGEN CALL] Generating call to: drop
[DEBUG CODEGEN CALL] Generating call to: npk_mem_write_int64
[DEBUG CODEGEN CALL] Generating call to: npk_mem_read_int64
[DEBUG IR_GEN] Initializer generated for 'array_ptr', value = 0x5b6c74e11800
[DEBUG IR_GEN] InitVal type: 0x5b6c71992198
[DEBUG IR_GEN] Default builder.CreateStore for array_ptr
[DEBUG CODEGEN CALL] Generating call to: drop
[DEBUG CODEGEN CALL] Generating call to: npk_core_dalloc
[DEBUG CODEGEN CALL] Generating call to: drop
[DEBUG CODEGEN CALL] Generating call to: npk_core_dalloc
[DEBUG CODEGEN CALL] Generating call to: npk_mem_read_int64
[DEBUG CODEGEN CALL] Generating call to: npk_mem_read_int64
[DEBUG IR_GEN] Initializer generated for 'sz', value = 0x5b6c74d9a660
[DEBUG IR_GEN] InitVal type: 0x5b6c71992198
[DEBUG IR_GEN] Default builder.CreateStore for sz
[DEBUG IR_GEN] Initializer generated for 'i_offset', value = 0x5b6c74df0280
[DEBUG IR_GEN] InitVal type: 0x5b6c71992198
[DEBUG IR_GEN] Default builder.CreateStore for i_offset
[DEBUG IR_GEN] Initializer generated for 'j_offset', value = 0x5b6c74e48080
[DEBUG IR_GEN] InitVal type: 0x5b6c71992198
[DEBUG IR_GEN] Default builder.CreateStore for j_offset
[DEBUG CODEGEN CALL] Generating call to: npk_mem_read_int64
[DEBUG IR_GEN] Initializer generated for 'i_idx', value = 0x5b6c74e483f0
[DEBUG IR_GEN] InitVal type: 0x5b6c71992198
[DEBUG IR_GEN] Default builder.CreateStore for i_idx
[DEBUG CODEGEN CALL] Generating call to: npk_mem_read_int64
[DEBUG-XXX] op: 161, left: 1, right: 0
[DEBUG IR_GEN] Initializer generated for 'i_rec', value = 0x5b6c74da03f0
[DEBUG IR_GEN] InitVal type: 0x5b6c71992198
[DEBUG IR_GEN] Default builder.CreateStore for i_rec
[DEBUG CODEGEN CALL] Generating call to: npk_mem_read_int64
[DEBUG IR_GEN] Initializer generated for 'j_idx', value = 0x5b6c74df04d0
[DEBUG IR_GEN] InitVal type: 0x5b6c71992198
[DEBUG IR_GEN] Default builder.CreateStore for j_idx
[DEBUG CODEGEN CALL] Generating call to: npk_mem_read_int64
[DEBUG-XXX] op: 161, left: 1, right: 0
[DEBUG IR_GEN] Initializer generated for 'j_rec', value = 0x5b6c74a55bb0
[DEBUG IR_GEN] InitVal type: 0x5b6c71992198
[DEBUG IR_GEN] Default builder.CreateStore for j_rec
[DEBUG CODEGEN CALL] Generating call to: drop
[DEBUG CODEGEN CALL] Generating call to: npk_mem_write_int64
[DEBUG CODEGEN CALL] Generating call to: drop
[DEBUG CODEGEN CALL] Generating call to: npk_mem_write_int64
[DEBUG-XXX] op: 161, left: 1, right: 0
[DEBUG CODEGEN CALL] Generating call to: drop
[DEBUG CODEGEN CALL] Generating call to: npk_mem_write_int64
[DEBUG CODEGEN CALL] Generating call to: drop
[DEBUG CODEGEN CALL] Generating call to: npk_mem_write_int64
[DEBUG-XXX] op: 161, left: 1, right: 0
[DEBUG IR_GEN] Initializer generated for 'i_offset', value = 0x5b6c74dda790
[DEBUG IR_GEN] InitVal type: 0x5b6c71992198
[DEBUG IR_GEN] Default builder.CreateStore for i_offset
[DEBUG IR_GEN] Initializer generated for 'j_offset', value = 0x5b6c74dd59a0
[DEBUG IR_GEN] InitVal type: 0x5b6c71992198
[DEBUG IR_GEN] Default builder.CreateStore for j_offset
[DEBUG CODEGEN CALL] Generating call to: npk_mem_read_int64
[DEBUG IR_GEN] Initializer generated for 'i_idx', value = 0x5b6c74d83040
[DEBUG IR_GEN] InitVal type: 0x5b6c71992198
[DEBUG IR_GEN] Default builder.CreateStore for i_idx
[DEBUG CODEGEN CALL] Generating call to: npk_mem_read_int64
[DEBUG-XXX] op: 161, left: 1, right: 0
[DEBUG IR_GEN] Initializer generated for 'i_rec', value = 0x5b6c74dd38c0
[DEBUG IR_GEN] InitVal type: 0x5b6c71992198
[DEBUG IR_GEN] Default builder.CreateStore for i_rec
[DEBUG CODEGEN CALL] Generating call to: npk_mem_read_int64
[DEBUG IR_GEN] Initializer generated for 'j_idx', value = 0x5b6c74d9ff10
[DEBUG IR_GEN] InitVal type: 0x5b6c71992198
[DEBUG IR_GEN] Default builder.CreateStore for j_idx
[DEBUG CODEGEN CALL] Generating call to: npk_mem_read_int64
[DEBUG-XXX] op: 161, left: 1, right: 0
[DEBUG IR_GEN] Initializer generated for 'j_rec', value = 0x5b6c74e171c0
[DEBUG IR_GEN] InitVal type: 0x5b6c71992198
[DEBUG IR_GEN] Default builder.CreateStore for j_rec
[DEBUG CODEGEN CALL] Generating call to: sst_rec_key
[DEBUG IR_GEN] Initializer generated for 'i_key', value = 0x5b6c74d9a2b8
[DEBUG IR_GEN] InitVal type: 0x5b6c746f0df0
[DEBUG IR_GEN] Default builder.CreateStore for i_key
[DEBUG CODEGEN CALL] Generating call to: sst_rec_key
[DEBUG IR_GEN] Initializer generated for 'j_key', value = 0x5b6c74992f68
[DEBUG IR_GEN] InitVal type: 0x5b6c746f0df0
[DEBUG IR_GEN] Default builder.CreateStore for j_key
[DEBUG WHILE] Parsing condition for while loop. NodeType: 2
   BinaryOp Type: 178
[DEBUG IR_GEN] Initializer generated for 'i', value = 0x5b6c74e373c0
[DEBUG IR_GEN] InitVal type: 0x5b6c71992198
[DEBUG IR_GEN] Default builder.CreateStore for i
[DEBUG CODEGEN CALL] Generating call to: heap_less
[DEBUG IR_GEN] Initializer generated for 'less', value = 0x5b6c74da9478
[DEBUG IR_GEN] InitVal type: 0x5b6c71992198
[DEBUG IR_GEN] Default builder.CreateStore for less
[DEBUG CODEGEN CALL] Generating call to: drop
[DEBUG CODEGEN CALL] Generating call to: heap_swap
[DEBUG ASSIGNMENT] op=168, leftType=1 (POINTER_MEMBER=7)
[DEBUG IR_GEN] Initializer generated for 'i', value = 0x5b6c74de24e0
[DEBUG IR_GEN] InitVal type: 0x5b6c71992198
[DEBUG IR_GEN] Default builder.CreateStore for i
[DEBUG WHILE] Parsing condition for while loop. NodeType: 2
   BinaryOp Type: 174
[DEBUG IR_GEN] Initializer generated for 'left', value = 0x5b6c74de2a40
[DEBUG IR_GEN] InitVal type: 0x5b6c71992198
[DEBUG IR_GEN] Default builder.CreateStore for left
[DEBUG IR_GEN] Initializer generated for 'smallest', value = 0x5b6c74de3a70
[DEBUG IR_GEN] InitVal type: 0x5b6c71992198
[DEBUG IR_GEN] Default builder.CreateStore for smallest
[DEBUG IR_GEN] Initializer generated for 'right', value = 0x5b6c74de28d0
[DEBUG IR_GEN] InitVal type: 0x5b6c71992198
[DEBUG IR_GEN] Default builder.CreateStore for right
[DEBUG CODEGEN CALL] Generating call to: heap_less
[DEBUG IR_GEN] Initializer generated for 'less_r', value = 0x5b6c74db8ae8
[DEBUG IR_GEN] InitVal type: 0x5b6c71992198
[DEBUG IR_GEN] Default builder.CreateStore for less_r
[DEBUG ASSIGNMENT] op=168, leftType=1 (POINTER_MEMBER=7)
[DEBUG CODEGEN CALL] Generating call to: heap_less
[DEBUG IR_GEN] Initializer generated for 'less_s', value = 0x5b6c74e6a178
[DEBUG IR_GEN] InitVal type: 0x5b6c71992198
[DEBUG IR_GEN] Default builder.CreateStore for less_s
[DEBUG CODEGEN CALL] Generating call to: drop
[DEBUG CODEGEN CALL] Generating call to: heap_swap
[DEBUG ASSIGNMENT] op=168, leftType=1 (POINTER_MEMBER=7)
[DEBUG CODEGEN CALL] Generating call to: npk_mem_read_int64
[DEBUG IR_GEN] Initializer generated for 'array_ptr', value = 0x5b6c74e6b2f0
[DEBUG IR_GEN] InitVal type: 0x5b6c71992198
[DEBUG IR_GEN] Default builder.CreateStore for array_ptr
[DEBUG CODEGEN CALL] Generating call to: npk_mem_read_int64
[DEBUG IR_GEN] Initializer generated for 'size', value = 0x5b6c74e6b730
[DEBUG IR_GEN] InitVal type: 0x5b6c71992198
[DEBUG IR_GEN] Default builder.CreateStore for size
[DEBUG CODEGEN CALL] Generating call to: npk_mem_read_int64
[DEBUG IR_GEN] Initializer generated for 'capacity', value = 0x5b6c74e6b9d0
[DEBUG IR_GEN] InitVal type: 0x5b6c71992198
[DEBUG IR_GEN] Default builder.CreateStore for capacity
[DEBUG IR_GEN] Initializer generated for 'offset', value = 0x5b6c74e6b630
[DEBUG IR_GEN] InitVal type: 0x5b6c71992198
[DEBUG IR_GEN] Default builder.CreateStore for offset
[DEBUG CODEGEN CALL] Generating call to: drop
[DEBUG CODEGEN CALL] Generating call to: npk_mem_write_int64
[DEBUG CODEGEN CALL] Generating call to: drop
[DEBUG CODEGEN CALL] Generating call to: npk_mem_write_int64
[DEBUG-XXX] op: 161, left: 1, right: 0
[DEBUG CODEGEN CALL] Generating call to: drop
[DEBUG CODEGEN CALL] Generating call to: npk_mem_write_int64
[DEBUG-XXX] op: 161, left: 1, right: 0
[DEBUG CODEGEN CALL] Generating call to: drop
[DEBUG CODEGEN CALL] Generating call to: heap_up
[DEBUG CODEGEN CALL] Generating call to: npk_mem_read_int64
[DEBUG IR_GEN] Initializer generated for 'size', value = 0x5b6c74e6cf00
[DEBUG IR_GEN] InitVal type: 0x5b6c71992198
[DEBUG IR_GEN] Default builder.CreateStore for size
[DEBUG CODEGEN CALL] Generating call to: npk_mem_read_int64
[DEBUG IR_GEN] Initializer generated for 'array_ptr', value = 0x5b6c74e6d690
[DEBUG IR_GEN] InitVal type: 0x5b6c71992198
[DEBUG IR_GEN] Default builder.CreateStore for array_ptr
[DEBUG CODEGEN CALL] Generating call to: npk_mem_read_int64
[DEBUG CODEGEN CALL] Generating call to: npk_mem_read_int64
[DEBUG IR_GEN] Initializer generated for 'size', value = 0x5b6c74e6df60
[DEBUG IR_GEN] InitVal type: 0x5b6c71992198
[DEBUG IR_GEN] Default builder.CreateStore for size
[DEBUG CODEGEN CALL] Generating call to: npk_mem_read_int64
[DEBUG IR_GEN] Initializer generated for 'array_ptr', value = 0x5b6c74e6e6f0
[DEBUG IR_GEN] InitVal type: 0x5b6c71992198
[DEBUG IR_GEN] Default builder.CreateStore for array_ptr
[DEBUG CODEGEN CALL] Generating call to: npk_mem_read_int64
[DEBUG CODEGEN CALL] Generating call to: npk_mem_read_int64
[DEBUG IR_GEN] Initializer generated for 'size', value = 0x5b6c74e6efc0
[DEBUG IR_GEN] InitVal type: 0x5b6c71992198
[DEBUG IR_GEN] Default builder.CreateStore for size
[DEBUG CODEGEN CALL] Generating call to: npk_mem_read_int64
[DEBUG IR_GEN] Initializer generated for 'array_ptr', value = 0x5b6c74e6fa30
[DEBUG IR_GEN] InitVal type: 0x5b6c71992198
[DEBUG IR_GEN] Default builder.CreateStore for array_ptr
[DEBUG CODEGEN CALL] Generating call to: npk_mem_read_int64
[DEBUG IR_GEN] Initializer generated for 'rec', value = 0x5b6c74e6fcd0
[DEBUG IR_GEN] InitVal type: 0x5b6c71992198
[DEBUG IR_GEN] Default builder.CreateStore for rec
[DEBUG CODEGEN CALL] Generating call to: sst_rec_key
[DEBUG CODEGEN CALL] Generating call to: npk_mem_read_int64
[DEBUG IR_GEN] Initializer generated for 'size', value = 0x5b6c74e70cd0
[DEBUG IR_GEN] InitVal type: 0x5b6c71992198
[DEBUG IR_GEN] Default builder.CreateStore for size
[DEBUG CODEGEN CALL] Generating call to: npk_mem_read_int64
[DEBUG IR_GEN] Initializer generated for 'array_ptr', value = 0x5b6c74e71460
[DEBUG IR_GEN] InitVal type: 0x5b6c71992198
[DEBUG IR_GEN] Default builder.CreateStore for array_ptr
[DEBUG CODEGEN CALL] Generating call to: drop
[DEBUG CODEGEN CALL] Generating call to: heap_swap
[DEBUG-XXX] op: 162, left: 1, right: 0
[DEBUG IR_GEN] Initializer generated for 'new_size', value = 0x5b6c74e718b0
[DEBUG IR_GEN] InitVal type: 0x5b6c71992198
[DEBUG IR_GEN] Default builder.CreateStore for new_size
[DEBUG CODEGEN CALL] Generating call to: drop
[DEBUG CODEGEN CALL] Generating call to: npk_mem_write_int64
[DEBUG CODEGEN CALL] Generating call to: drop
[DEBUG CODEGEN CALL] Generating call to: heap_down
[DEBUG CODEGEN CALL] Generating call to: npk_core_alloc
[DEBUG IR_GEN] Initializer generated for 'merge_iter', value = 0x5b6c74e727b0
[DEBUG IR_GEN] InitVal type: 0x5b6c71992198
[DEBUG IR_GEN] Default builder.CreateStore for merge_iter
[DEBUG CODEGEN CALL] Generating call to: drop
[DEBUG CODEGEN CALL] Generating call to: npk_mem_write_int64
[DEBUG CODEGEN CALL] Generating call to: drop
[DEBUG CODEGEN CALL] Generating call to: npk_mem_write_int64
[DEBUG CODEGEN CALL] Generating call to: drop
[DEBUG CODEGEN CALL] Generating call to: npk_mem_write_int64
[DEBUG CODEGEN CALL] Generating call to: heap_create
[DEBUG IR_GEN] Initializer generated for 'heap', value = 0x5b6c74e73438
[DEBUG IR_GEN] InitVal type: 0x5b6c71992198
[DEBUG IR_GEN] Default builder.CreateStore for heap
[DEBUG CODEGEN CALL] Generating call to: drop
[DEBUG CODEGEN CALL] Generating call to: npk_mem_write_int64
[DEBUG IR_GEN] Initializer generated for 'i', value = 0x5b6c74325da0
[DEBUG IR_GEN] InitVal type: 0x5b6c71992198
[DEBUG IR_GEN] Default builder.CreateStore for i
[DEBUG WHILE] Parsing condition for while loop. NodeType: 2
   BinaryOp Type: 176
[DEBUG CODEGEN CALL] Generating call to: npk_mem_read_int64
[DEBUG-BINARY] op=163 leftType=1 rightType=0 leftNumType= rightNumType=
[DEBUG-XXX] op: 163, left: 1, right: 0
[DEBUG IR_GEN] Initializer generated for 'iter', value = 0x5b6c74e740e0
[DEBUG IR_GEN] InitVal type: 0x5b6c71992198
[DEBUG IR_GEN] Default builder.CreateStore for iter
[DEBUG CODEGEN CALL] Generating call to: sstable_iter_next
[DEBUG IR_GEN] Initializer generated for 'rec', value = 0x5b6c74e09138
[DEBUG IR_GEN] InitVal type: 0x5b6c71992198
[DEBUG IR_GEN] Default builder.CreateStore for rec
[DEBUG CODEGEN CALL] Generating call to: sst_rec_key
[DEBUG IR_GEN] Initializer generated for 'key', value = 0x5b6c74def1a8
[DEBUG IR_GEN] InitVal type: 0x5b6c746f0df0
[DEBUG IR_GEN] Default builder.CreateStore for key
[DEBUG CODEGEN CALL] Generating call to: drop
[DEBUG CODEGEN CALL] Generating call to: heap_push
[DEBUG ASSIGNMENT] op=168, leftType=1 (POINTER_MEMBER=7)
[DEBUG CODEGEN CALL] Generating call to: npk_mem_read_int64
[DEBUG IR_GEN] Initializer generated for 'heap', value = 0x5b6c74dc2a90
[DEBUG IR_GEN] InitVal type: 0x5b6c71992198
[DEBUG IR_GEN] Default builder.CreateStore for heap
[DEBUG CODEGEN CALL] Generating call to: heap_size
[DEBUG IR_GEN] Initializer generated for 'first_sz', value = 0x5b6c74e64708
[DEBUG IR_GEN] InitVal type: 0x5b6c71992198
[DEBUG IR_GEN] Default builder.CreateStore for first_sz
[DEBUG CODEGEN CALL] Generating call to: heap_pop_record
[DEBUG IR_GEN] Initializer generated for 'best_rec', value = 0x5b6c74dcdde8
[DEBUG IR_GEN] InitVal type: 0x5b6c71992198
[DEBUG IR_GEN] Default builder.CreateStore for best_rec
[DEBUG CODEGEN CALL] Generating call to: heap_pop_iter_idx
[DEBUG IR_GEN] Initializer generated for 'best_idx', value = 0x5b6c74e16298
[DEBUG IR_GEN] InitVal type: 0x5b6c71992198
[DEBUG IR_GEN] Default builder.CreateStore for best_idx
[DEBUG CODEGEN CALL] Generating call to: heap_pop_key
[DEBUG IR_GEN] Initializer generated for 'best_key', value = 0x5b6c74dca508
[DEBUG IR_GEN] InitVal type: 0x5b6c746f0df0
[DEBUG IR_GEN] Default builder.CreateStore for best_key
[DEBUG CODEGEN CALL] Generating call to: drop
[DEBUG CODEGEN CALL] Generating call to: heap_pop
[DEBUG CODEGEN CALL] Generating call to: npk_mem_read_int64
[DEBUG IR_GEN] Initializer generated for 'iters', value = 0x5b6c74e2c410
[DEBUG IR_GEN] InitVal type: 0x5b6c71992198
[DEBUG IR_GEN] Default builder.CreateStore for iters
[DEBUG CODEGEN CALL] Generating call to: npk_mem_read_int64
[DEBUG-BINARY] op=163 leftType=1 rightType=0 leftNumType= rightNumType=
[DEBUG-XXX] op: 163, left: 1, right: 0
[DEBUG IR_GEN] Initializer generated for 'best_iter', value = 0x5b6c7498dff0
[DEBUG IR_GEN] InitVal type: 0x5b6c71992198
[DEBUG IR_GEN] Default builder.CreateStore for best_iter
[DEBUG CODEGEN CALL] Generating call to: sstable_iter_next
[DEBUG IR_GEN] Initializer generated for 'next_rec', value = 0x5b6c74a76538
[DEBUG IR_GEN] InitVal type: 0x5b6c71992198
[DEBUG IR_GEN] Default builder.CreateStore for next_rec
[DEBUG CODEGEN CALL] Generating call to: sst_rec_key
[DEBUG IR_GEN] Initializer generated for 'next_key', value = 0x5b6c74da1118
[DEBUG IR_GEN] InitVal type: 0x5b6c746f0df0
[DEBUG IR_GEN] Default builder.CreateStore for next_key
[DEBUG CODEGEN CALL] Generating call to: drop
[DEBUG CODEGEN CALL] Generating call to: heap_push
[DEBUG WHILE] Parsing condition for while loop. NodeType: 2
   BinaryOp Type: 174
[DEBUG CODEGEN CALL] Generating call to: heap_size
[DEBUG IR_GEN] Initializer generated for 'sz', value = 0x5b6c74d5eaa8
[DEBUG IR_GEN] InitVal type: 0x5b6c71992198
[DEBUG IR_GEN] Default builder.CreateStore for sz
[DEBUG CODEGEN CALL] Generating call to: heap_pop_key
[DEBUG IR_GEN] Initializer generated for 'peek_key', value = 0x5b6c74e35518
[DEBUG IR_GEN] InitVal type: 0x5b6c746f0df0
[DEBUG IR_GEN] Default builder.CreateStore for peek_key
[DEBUG CODEGEN CALL] Generating call to: heap_pop_record
[DEBUG IR_GEN] Initializer generated for 'dup_rec', value = 0x5b6c74e2c678
[DEBUG IR_GEN] InitVal type: 0x5b6c71992198
[DEBUG IR_GEN] Default builder.CreateStore for dup_rec
[DEBUG CODEGEN CALL] Generating call to: heap_pop_iter_idx
[DEBUG IR_GEN] Initializer generated for 'dup_idx', value = 0x5b6c74e2ccf8
[DEBUG IR_GEN] InitVal type: 0x5b6c71992198
[DEBUG IR_GEN] Default builder.CreateStore for dup_idx
[DEBUG CODEGEN CALL] Generating call to: drop
[DEBUG CODEGEN CALL] Generating call to: heap_pop
[DEBUG CODEGEN CALL] Generating call to: drop
[DEBUG CODEGEN CALL] Generating call to: sst_rec_free
[DEBUG CODEGEN CALL] Generating call to: npk_mem_read_int64
[DEBUG-BINARY] op=163 leftType=1 rightType=0 leftNumType= rightNumType=
[DEBUG-XXX] op: 163, left: 1, right: 0
[DEBUG IR_GEN] Initializer generated for 'dup_iter', value = 0x5b6c74da0ba0
[DEBUG IR_GEN] InitVal type: 0x5b6c71992198
[DEBUG IR_GEN] Default builder.CreateStore for dup_iter
[DEBUG CODEGEN CALL] Generating call to: sstable_iter_next
[DEBUG IR_GEN] Initializer generated for 'dup_next', value = 0x5b6c74e2d868
[DEBUG IR_GEN] InitVal type: 0x5b6c71992198
[DEBUG IR_GEN] Default builder.CreateStore for dup_next
[DEBUG CODEGEN CALL] Generating call to: sst_rec_key
[DEBUG IR_GEN] Initializer generated for 'dup_next_key', value = 0x5b6c74e2aec8
[DEBUG IR_GEN] InitVal type: 0x5b6c746f0df0
[DEBUG IR_GEN] Default builder.CreateStore for dup_next_key
[DEBUG CODEGEN CALL] Generating call to: drop
[DEBUG CODEGEN CALL] Generating call to: heap_push
[DEBUG CODEGEN CALL] Generating call to: npk_mem_read_int64
[DEBUG IR_GEN] Initializer generated for 'iters', value = 0x5b6c74e13980
[DEBUG IR_GEN] InitVal type: 0x5b6c71992198
[DEBUG IR_GEN] Default builder.CreateStore for iters
[DEBUG CODEGEN CALL] Generating call to: npk_mem_read_int64
[DEBUG IR_GEN] Initializer generated for 'count', value = 0x5b6c74deb5b0
[DEBUG IR_GEN] InitVal type: 0x5b6c71992198
[DEBUG IR_GEN] Default builder.CreateStore for count
[DEBUG CODEGEN CALL] Generating call to: npk_mem_read_int64
[DEBUG IR_GEN] Initializer generated for 'readers', value = 0x5b6c74db3ae0
[DEBUG IR_GEN] InitVal type: 0x5b6c71992198
[DEBUG IR_GEN] Default builder.CreateStore for readers
[DEBUG IR_GEN] Initializer generated for 'i', value = 0x5b6c74325da0
[DEBUG IR_GEN] InitVal type: 0x5b6c71992198
[DEBUG IR_GEN] Default builder.CreateStore for i
[DEBUG WHILE] Parsing condition for while loop. NodeType: 2
   BinaryOp Type: 176
[DEBUG CODEGEN CALL] Generating call to: npk_mem_read_int64
[DEBUG-BINARY] op=163 leftType=1 rightType=0 leftNumType= rightNumType=
[DEBUG-XXX] op: 163, left: 1, right: 0
[DEBUG IR_GEN] Initializer generated for 'iter', value = 0x5b6c74e1fac0
[DEBUG IR_GEN] InitVal type: 0x5b6c71992198
[DEBUG IR_GEN] Default builder.CreateStore for iter
[DEBUG CODEGEN CALL] Generating call to: drop
[DEBUG CODEGEN CALL] Generating call to: sstable_iter_destroy
[DEBUG CODEGEN CALL] Generating call to: npk_mem_read_int64
[DEBUG-BINARY] op=163 leftType=1 rightType=0 leftNumType= rightNumType=
[DEBUG-XXX] op: 163, left: 1, right: 0
[DEBUG IR_GEN] Initializer generated for 'reader', value = 0x5b6c74dd7c90
[DEBUG IR_GEN] InitVal type: 0x5b6c71992198
[DEBUG IR_GEN] Default builder.CreateStore for reader
[DEBUG CODEGEN CALL] Generating call to: drop
[DEBUG CODEGEN CALL] Generating call to: sstable_close_read
[DEBUG ASSIGNMENT] op=168, leftType=1 (POINTER_MEMBER=7)
[DEBUG CODEGEN CALL] Generating call to: npk_mem_read_int64
[DEBUG IR_GEN] Initializer generated for 'heap', value = 0x5b6c74e4a440
[DEBUG IR_GEN] InitVal type: 0x5b6c71992198
[DEBUG IR_GEN] Default builder.CreateStore for heap
[DEBUG WHILE] Parsing condition for while loop. NodeType: 2
   BinaryOp Type: 174
[DEBUG CODEGEN CALL] Generating call to: heap_size
[DEBUG IR_GEN] Initializer generated for 'sz', value = 0x5b6c74e1f6a8
[DEBUG IR_GEN] InitVal type: 0x5b6c71992198
[DEBUG IR_GEN] Default builder.CreateStore for sz
[DEBUG CODEGEN CALL] Generating call to: heap_pop_record
[DEBUG IR_GEN] Initializer generated for 'rec', value = 0x5b6c74e47608
[DEBUG IR_GEN] InitVal type: 0x5b6c71992198
[DEBUG IR_GEN] Default builder.CreateStore for rec
[DEBUG CODEGEN CALL] Generating call to: drop
[DEBUG CODEGEN CALL] Generating call to: heap_pop
[DEBUG CODEGEN CALL] Generating call to: drop
[DEBUG CODEGEN CALL] Generating call to: sst_rec_free
[DEBUG CODEGEN CALL] Generating call to: drop
[DEBUG CODEGEN CALL] Generating call to: heap_destroy
[DEBUG CODEGEN CALL] Generating call to: drop
[DEBUG CODEGEN CALL] Generating call to: npk_core_dalloc
[DEBUG CODEGEN CALL] Generating call to: drop
[DEBUG CODEGEN CALL] Generating call to: npk_core_dalloc
[DEBUG CODEGEN CALL] Generating call to: drop
[DEBUG CODEGEN CALL] Generating call to: npk_core_dalloc
[DEBUG IR_GEN] Initializer generated for 'to_level', value = 0x5b6c74e30920
[DEBUG IR_GEN] InitVal type: 0x5b6c71992198
[DEBUG IR_GEN] Default builder.CreateStore for to_level
[DEBUG CODEGEN CALL] Generating call to: lm_count_at_level
[DEBUG IR_GEN] Initializer generated for 'from_count', value = 0x5b6c74def888
[DEBUG IR_GEN] InitVal type: 0x5b6c71992198
[DEBUG IR_GEN] Default builder.CreateStore for from_count
[DEBUG CODEGEN CALL] Generating call to: lm_get_sstables
[DEBUG IR_GEN] Initializer generated for 'from_files', value = 0x5b6c74e31d08
[DEBUG IR_GEN] InitVal type: 0x5b6c71992198
[DEBUG IR_GEN] Default builder.CreateStore for from_files
[DEBUG IR_GEN] Initializer generated for 'min_k', value = 0x5b6c74e31fe0
[DEBUG IR_GEN] InitVal type: 0x5b6c746f0df0
[DEBUG IR_GEN] Default builder.CreateStore for min_k
[DEBUG IR_GEN] Initializer generated for 'max_k', value = 0x5b6c74e32260
[DEBUG IR_GEN] InitVal type: 0x5b6c746f0df0
[DEBUG IR_GEN] Default builder.CreateStore for max_k
[DEBUG IR_GEN] Initializer generated for 'i', value = 0x5b6c74325da0
[DEBUG IR_GEN] InitVal type: 0x5b6c71992198
[DEBUG IR_GEN] Default builder.CreateStore for i
[DEBUG WHILE] Parsing condition for while loop. NodeType: 2
   BinaryOp Type: 176
[DEBUG CODEGEN CALL] Generating call to: npk_mem_read_int64
[DEBUG-BINARY] op=163 leftType=1 rightType=0 leftNumType= rightNumType=
[DEBUG-XXX] op: 163, left: 1, right: 0
[DEBUG IR_GEN] Initializer generated for 'fid', value = 0x5b6c74df11e0
[DEBUG IR_GEN] InitVal type: 0x5b6c71992198
[DEBUG IR_GEN] Default builder.CreateStore for fid
[DEBUG CODEGEN CALL] Generating call to: lm_get_sstable_min_key
[DEBUG IR_GEN] Initializer generated for 'fk_min', value = 0x5b6c74dcbe88
[DEBUG IR_GEN] InitVal type: 0x5b6c746f0df0
[DEBUG IR_GEN] Default builder.CreateStore for fk_min
[DEBUG CODEGEN CALL] Generating call to: lm_get_sstable_max_key
[DEBUG IR_GEN] Initializer generated for 'fk_max', value = 0x5b6c74ddb6c8
[DEBUG IR_GEN] InitVal type: 0x5b6c746f0df0
[DEBUG IR_GEN] Default builder.CreateStore for fk_max
[DEBUG ASSIGNMENT] op=168, leftType=1 (POINTER_MEMBER=7)
[DEBUG ASSIGNMENT] op=168, leftType=1 (POINTER_MEMBER=7)
[DEBUG ASSIGNMENT] op=168, leftType=1 (POINTER_MEMBER=7)
[DEBUG ASSIGNMENT] op=168, leftType=1 (POINTER_MEMBER=7)
[DEBUG ASSIGNMENT] op=168, leftType=1 (POINTER_MEMBER=7)
[DEBUG CODEGEN CALL] Generating call to: lm_count_at_level
[DEBUG IR_GEN] Initializer generated for 'to_count_total', value = 0x5b6c74d70e78
[DEBUG IR_GEN] InitVal type: 0x5b6c71992198
[DEBUG IR_GEN] Default builder.CreateStore for to_count_total
[DEBUG IR_GEN] Initializer generated for 'to_files_all', value = 0x5b6c74325da0
[DEBUG IR_GEN] InitVal type: 0x5b6c71992198
[DEBUG IR_GEN] Default builder.CreateStore for to_files_all
[DEBUG ASSIGNMENT] op=168, leftType=1 (POINTER_MEMBER=7)
[DEBUG CODEGEN CALL] Generating call to: lm_get_sstables
[DEBUG CODEGEN CALL] Generating call to: npk_core_alloc
[DEBUG-BINARY] op=163 leftType=1 rightType=0 leftNumType= rightNumType=
[DEBUG-XXX] op: 163, left: 1, right: 0
[DEBUG IR_GEN] Initializer generated for 'overlap_files', value = 0x5b6c74e970a0
[DEBUG IR_GEN] InitVal type: 0x5b6c71992198
[DEBUG IR_GEN] Default builder.CreateStore for overlap_files
[DEBUG IR_GEN] Initializer generated for 'overlap_count', value = 0x5b6c74325da0
[DEBUG IR_GEN] InitVal type: 0x5b6c71992198
[DEBUG IR_GEN] Default builder.CreateStore for overlap_count
[DEBUG ASSIGNMENT] op=168, leftType=1 (POINTER_MEMBER=7)
[DEBUG WHILE] Parsing condition for while loop. NodeType: 2
   BinaryOp Type: 176
[DEBUG CODEGEN CALL] Generating call to: npk_mem_read_int64
[DEBUG-BINARY] op=163 leftType=1 rightType=0 leftNumType= rightNumType=
[DEBUG-XXX] op: 163, left: 1, right: 0
[DEBUG IR_GEN] Initializer generated for 'fid', value = 0x5b6c74e978a0
[DEBUG IR_GEN] InitVal type: 0x5b6c71992198
[DEBUG IR_GEN] Default builder.CreateStore for fid
[DEBUG CODEGEN CALL] Generating call to: lm_get_sstable_min_key
[DEBUG IR_GEN] Initializer generated for 'fk_min', value = 0x5b6c74e97f08
[DEBUG IR_GEN] InitVal type: 0x5b6c746f0df0
[DEBUG IR_GEN] Default builder.CreateStore for fk_min
[DEBUG CODEGEN CALL] Generating call to: lm_get_sstable_max_key
[DEBUG IR_GEN] Initializer generated for 'fk_max', value = 0x5b6c74e98748
[DEBUG IR_GEN] InitVal type: 0x5b6c746f0df0
[DEBUG IR_GEN] Default builder.CreateStore for fk_max
[DEBUG IR_GEN] Initializer generated for 'no_overlap', value = 0x5b6c74325da0
[DEBUG IR_GEN] InitVal type: 0x5b6c71992198
[DEBUG IR_GEN] Default builder.CreateStore for no_overlap
[DEBUG ASSIGNMENT] op=168, leftType=1 (POINTER_MEMBER=7)
[DEBUG ASSIGNMENT] op=168, leftType=1 (POINTER_MEMBER=7)
[DEBUG CODEGEN CALL] Generating call to: drop
[DEBUG CODEGEN CALL] Generating call to: npk_mem_write_int64
[DEBUG-BINARY] op=163 leftType=1 rightType=0 leftNumType= rightNumType=
[DEBUG-XXX] op: 163, left: 1, right: 0
[DEBUG ASSIGNMENT] op=168, leftType=1 (POINTER_MEMBER=7)
[DEBUG ASSIGNMENT] op=168, leftType=1 (POINTER_MEMBER=7)
[DEBUG CODEGEN CALL] Generating call to: drop
[DEBUG CODEGEN CALL] Generating call to: npk_core_dalloc
[DEBUG IR_GEN] Initializer generated for 'total_iters', value = 0x5b6c74e34020
[DEBUG IR_GEN] InitVal type: 0x5b6c71992198
[DEBUG IR_GEN] Default builder.CreateStore for total_iters
[DEBUG CODEGEN CALL] Generating call to: npk_core_alloc
[DEBUG-BINARY] op=163 leftType=1 rightType=0 leftNumType= rightNumType=
[DEBUG-XXX] op: 163, left: 1, right: 0
[DEBUG IR_GEN] Initializer generated for 'all_fids', value = 0x5b6c74e342e0
[DEBUG IR_GEN] InitVal type: 0x5b6c71992198
[DEBUG IR_GEN] Default builder.CreateStore for all_fids
[DEBUG CODEGEN CALL] Generating call to: npk_core_alloc
[DEBUG-BINARY] op=163 leftType=1 rightType=0 leftNumType= rightNumType=
[DEBUG-XXX] op: 163, left: 1, right: 0
[DEBUG IR_GEN] Initializer generated for 'all_levels', value = 0x5b6c74e345b0
[DEBUG IR_GEN] InitVal type: 0x5b6c71992198
[DEBUG IR_GEN] Default builder.CreateStore for all_levels
[DEBUG ASSIGNMENT] op=168, leftType=1 (POINTER_MEMBER=7)
[DEBUG WHILE] Parsing condition for while loop. NodeType: 2
   BinaryOp Type: 176
[DEBUG CODEGEN CALL] Generating call to: npk_mem_read_int64
[DEBUG-BINARY] op=163 leftType=1 rightType=0 leftNumType= rightNumType=
[DEBUG-XXX] op: 163, left: 1, right: 0
[DEBUG IR_GEN] Initializer generated for 'fid', value = 0x5b6c74e34c90
[DEBUG IR_GEN] InitVal type: 0x5b6c71992198
[DEBUG IR_GEN] Default builder.CreateStore for fid
[DEBUG CODEGEN CALL] Generating call to: drop
[DEBUG CODEGEN CALL] Generating call to: npk_mem_write_int64
[DEBUG-BINARY] op=163 leftType=1 rightType=0 leftNumType= rightNumType=
[DEBUG-XXX] op: 163, left: 1, right: 0
[DEBUG CODEGEN CALL] Generating call to: drop
[DEBUG CODEGEN CALL] Generating call to: npk_mem_write_int64
[DEBUG-BINARY] op=163 leftType=1 rightType=0 leftNumType= rightNumType=
[DEBUG-XXX] op: 163, left: 1, right: 0
[DEBUG ASSIGNMENT] op=168, leftType=1 (POINTER_MEMBER=7)
[DEBUG IR_GEN] Initializer generated for 'j', value = 0x5b6c74325da0
[DEBUG IR_GEN] InitVal type: 0x5b6c71992198
[DEBUG IR_GEN] Default builder.CreateStore for j
[DEBUG WHILE] Parsing condition for while loop. NodeType: 2
   BinaryOp Type: 176
[DEBUG CODEGEN CALL] Generating call to: npk_mem_read_int64
[DEBUG-BINARY] op=163 leftType=1 rightType=0 leftNumType= rightNumType=
[DEBUG-XXX] op: 163, left: 1, right: 0
[DEBUG IR_GEN] Initializer generated for 'fid', value = 0x5b6c74da30a0
[DEBUG IR_GEN] InitVal type: 0x5b6c71992198
[DEBUG IR_GEN] Default builder.CreateStore for fid
[DEBUG CODEGEN CALL] Generating call to: drop
[DEBUG CODEGEN CALL] Generating call to: npk_mem_write_int64
[DEBUG-XXX] op: 163, left: 2, right: 0
[DEBUG] getExprNumericTypeName leftType: 1
[DEBUG-BINARY] op=163 leftType=2 rightType=0 leftNumType= rightNumType=
[DEBUG-XXX] op: 161, left: 1, right: 1
[DEBUG CODEGEN CALL] Generating call to: drop
[DEBUG CODEGEN CALL] Generating call to: npk_mem_write_int64
[DEBUG-XXX] op: 163, left: 2, right: 0
[DEBUG] getExprNumericTypeName leftType: 1
[DEBUG-BINARY] op=163 leftType=2 rightType=0 leftNumType= rightNumType=
[DEBUG-XXX] op: 161, left: 1, right: 1
[DEBUG ASSIGNMENT] op=168, leftType=1 (POINTER_MEMBER=7)
[DEBUG ASSIGNMENT] op=168, leftType=1 (POINTER_MEMBER=7)
[DEBUG WHILE] Parsing condition for while loop. NodeType: 2
   BinaryOp Type: 176
[DEBUG CODEGEN CALL] Generating call to: npk_mem_read_int64
[DEBUG-BINARY] op=163 leftType=1 rightType=0 leftNumType= rightNumType=
[DEBUG-XXX] op: 163, left: 1, right: 0
[DEBUG IR_GEN] Initializer generated for 'key_fid', value = 0x5b6c74dbe850
[DEBUG IR_GEN] InitVal type: 0x5b6c71992198
[DEBUG IR_GEN] Default builder.CreateStore for key_fid
[DEBUG CODEGEN CALL] Generating call to: npk_mem_read_int64
[DEBUG-BINARY] op=163 leftType=1 rightType=0 leftNumType= rightNumType=
[DEBUG-XXX] op: 163, left: 1, right: 0
[DEBUG IR_GEN] Initializer generated for 'key_lvl', value = 0x5b6c74dbec20
[DEBUG IR_GEN] InitVal type: 0x5b6c71992198
[DEBUG IR_GEN] Default builder.CreateStore for key_lvl
[DEBUG IR_GEN] Initializer generated for 'j', value = 0x5b6c74dbee60
[DEBUG IR_GEN] InitVal type: 0x5b6c71992198
[DEBUG IR_GEN] Default builder.CreateStore for j
[DEBUG WHILE] Parsing condition for while loop. NodeType: 2
   BinaryOp Type: 179
[DEBUG CODEGEN CALL] Generating call to: npk_mem_read_int64
[DEBUG-BINARY] op=163 leftType=1 rightType=0 leftNumType= rightNumType=
[DEBUG-XXX] op: 163, left: 1, right: 0
[DEBUG IR_GEN] Initializer generated for 'curr_fid', value = 0x5b6c74e028a0
[DEBUG IR_GEN] InitVal type: 0x5b6c71992198
[DEBUG IR_GEN] Default builder.CreateStore for curr_fid
[DEBUG CODEGEN CALL] Generating call to: npk_mem_read_int64
[DEBUG-BINARY] op=163 leftType=1 rightType=0 leftNumType= rightNumType=
[DEBUG-XXX] op: 163, left: 1, right: 0
[DEBUG IR_GEN] Initializer generated for 'curr_lvl', value = 0x5b6c74ea4bb0
[DEBUG IR_GEN] InitVal type: 0x5b6c71992198
[DEBUG IR_GEN] Default builder.CreateStore for curr_lvl
[DEBUG CODEGEN CALL] Generating call to: drop
[DEBUG CODEGEN CALL] Generating call to: npk_mem_write_int64
[DEBUG-XXX] op: 163, left: 2, right: 0
[DEBUG] getExprNumericTypeName leftType: 1
[DEBUG-BINARY] op=163 leftType=2 rightType=0 leftNumType= rightNumType=
[DEBUG-XXX] op: 161, left: 1, right: 0
[DEBUG CODEGEN CALL] Generating call to: drop
[DEBUG CODEGEN CALL] Generating call to: npk_mem_write_int64
[DEBUG-XXX] op: 163, left: 2, right: 0
[DEBUG] getExprNumericTypeName leftType: 1
[DEBUG-BINARY] op=163 leftType=2 rightType=0 leftNumType= rightNumType=
[DEBUG-XXX] op: 161, left: 1, right: 0
[DEBUG ASSIGNMENT] op=168, leftType=1 (POINTER_MEMBER=7)
[DEBUG CODEGEN CALL] Generating call to: drop
[DEBUG CODEGEN CALL] Generating call to: npk_mem_write_int64
[DEBUG-XXX] op: 163, left: 2, right: 0
[DEBUG] getExprNumericTypeName leftType: 1
[DEBUG-BINARY] op=163 leftType=2 rightType=0 leftNumType= rightNumType=
[DEBUG-XXX] op: 161, left: 1, right: 0
[DEBUG CODEGEN CALL] Generating call to: drop
[DEBUG CODEGEN CALL] Generating call to: npk_mem_write_int64
[DEBUG-XXX] op: 163, left: 2, right: 0
[DEBUG] getExprNumericTypeName leftType: 1
[DEBUG-BINARY] op=163 leftType=2 rightType=0 leftNumType= rightNumType=
[DEBUG-XXX] op: 161, left: 1, right: 0
[DEBUG ASSIGNMENT] op=168, leftType=1 (POINTER_MEMBER=7)
[DEBUG CODEGEN CALL] Generating call to: npk_core_alloc
[DEBUG-BINARY] op=163 leftType=1 rightType=0 leftNumType= rightNumType=
[DEBUG-XXX] op: 163, left: 1, right: 0
[DEBUG IR_GEN] Initializer generated for 'readers', value = 0x5b6c74ea6630
[DEBUG IR_GEN] InitVal type: 0x5b6c71992198
[DEBUG IR_GEN] Default builder.CreateStore for readers
[DEBUG CODEGEN CALL] Generating call to: npk_core_alloc
[DEBUG-BINARY] op=163 leftType=1 rightType=0 leftNumType= rightNumType=
[DEBUG-XXX] op: 163, left: 1, right: 0
[DEBUG IR_GEN] Initializer generated for 'iters', value = 0x5b6c74ea6900
[DEBUG IR_GEN] InitVal type: 0x5b6c71992198
[DEBUG IR_GEN] Default builder.CreateStore for iters
[DEBUG ASSIGNMENT] op=168, leftType=1 (POINTER_MEMBER=7)
[DEBUG WHILE] Parsing condition for while loop. NodeType: 2
   BinaryOp Type: 176
[DEBUG CODEGEN CALL] Generating call to: npk_mem_read_int64
[DEBUG-BINARY] op=163 leftType=1 rightType=0 leftNumType= rightNumType=
[DEBUG-XXX] op: 163, left: 1, right: 0
[DEBUG IR_GEN] Initializer generated for 'fid', value = 0x5b6c74ea70a0
[DEBUG IR_GEN] InitVal type: 0x5b6c71992198
[DEBUG IR_GEN] Default builder.CreateStore for fid
[DEBUG CODEGEN CALL] Generating call to: npk_mem_read_int64
[DEBUG-BINARY] op=163 leftType=1 rightType=0 leftNumType= rightNumType=
[DEBUG-XXX] op: 163, left: 1, right: 0
[DEBUG IR_GEN] Initializer generated for 'lvl', value = 0x5b6c74ea7450
[DEBUG IR_GEN] InitVal type: 0x5b6c71992198
[DEBUG IR_GEN] Default builder.CreateStore for lvl
[DEBUG CODEGEN CALL] Generating call to: npk_mem_read_int64
[DEBUG IR_GEN] Initializer generated for 'd_ptr', value = 0x5b6c74ea76f0
[DEBUG IR_GEN] InitVal type: 0x5b6c71992198
[DEBUG IR_GEN] Default builder.CreateStore for d_ptr
[DEBUG CODEGEN CALL] Generating call to: npk_mem_read_int64
[DEBUG IR_GEN] Initializer generated for 'd_len', value = 0x5b6c74ea7990
[DEBUG IR_GEN] InitVal type: 0x5b6c71992198
[DEBUG IR_GEN] Default builder.CreateStore for d_len
[DEBUG CODEGEN CALL] Generating call to: npk_mem_read_string
[DEBUG IR_GEN] Initializer generated for 'dir', value = 0x5b6c74e55210
[DEBUG IR_GEN] InitVal type: 0x5b6c746f0df0
[DEBUG IR_GEN] Default builder.CreateStore for dir
[DEBUG CODEGEN CALL] Generating call to: string_from_int
[DEBUG IR_GEN] Initializer generated for 'fid_str', value = 0x5b6c74a53340
[DEBUG IR_GEN] InitVal type: 0x5b6c746f0df0
[DEBUG IR_GEN] Default builder.CreateStore for fid_str
[DEBUG WHILE] Parsing condition for while loop. NodeType: 2
   BinaryOp Type: 176
[DEBUG CODEGEN CALL] Generating call to: string_length
[DEBUG ASSIGNMENT] op=168, leftType=1 (POINTER_MEMBER=7)
[DEBUG IR_GEN] Initializer generated for 'p1', value = 0x5b6c74e93f70
[DEBUG IR_GEN] InitVal type: 0x5b6c746f0df0
[DEBUG IR_GEN] Default builder.CreateStore for p1
[DEBUG CODEGEN CALL] Generating call to: string_from_int
[DEBUG IR_GEN] Initializer generated for 'p2', value = 0x5b6c74e941f0
[DEBUG IR_GEN] InitVal type: 0x5b6c746f0df0
[DEBUG IR_GEN] Default builder.CreateStore for p2
[DEBUG IR_GEN] Initializer generated for 'p3', value = 0x5b6c74e94550
[DEBUG IR_GEN] InitVal type: 0x5b6c746f0df0
[DEBUG IR_GEN] Default builder.CreateStore for p3
[DEBUG IR_GEN] Initializer generated for 'p4', value = 0x5b6c74e94830
[DEBUG IR_GEN] InitVal type: 0x5b6c746f0df0
[DEBUG IR_GEN] Default builder.CreateStore for p4
[DEBUG IR_GEN] Initializer generated for 'path', value = 0x5b6c74e94b90
[DEBUG IR_GEN] InitVal type: 0x5b6c746f0df0
[DEBUG IR_GEN] Default builder.CreateStore for path
[DEBUG CODEGEN CALL] Generating call to: sstable_open_read
[DEBUG IR_GEN] Initializer generated for 'reader', value = 0x5b6c74e79238
[DEBUG IR_GEN] InitVal type: 0x5b6c71992198
[DEBUG IR_GEN] Default builder.CreateStore for reader
[DEBUG CODEGEN CALL] Generating call to: sstable_iter_create
[DEBUG IR_GEN] Initializer generated for 'iter', value = 0x5b6c74dc6798
[DEBUG IR_GEN] InitVal type: 0x5b6c71992198
[DEBUG IR_GEN] Default builder.CreateStore for iter
[DEBUG CODEGEN CALL] Generating call to: drop
[DEBUG CODEGEN CALL] Generating call to: npk_mem_write_int64
[DEBUG-BINARY] op=163 leftType=1 rightType=0 leftNumType= rightNumType=
[DEBUG-XXX] op: 163, left: 1, right: 0
[DEBUG CODEGEN CALL] Generating call to: drop
[DEBUG CODEGEN CALL] Generating call to: npk_mem_write_int64
[DEBUG-BINARY] op=163 leftType=1 rightType=0 leftNumType= rightNumType=
[DEBUG-XXX] op: 163, left: 1, right: 0
[DEBUG ASSIGNMENT] op=168, leftType=1 (POINTER_MEMBER=7)
[DEBUG CODEGEN CALL] Generating call to: merge_iter_create
[DEBUG IR_GEN] Initializer generated for 'm_iter', value = 0x5b6c74e619b8
[DEBUG IR_GEN] InitVal type: 0x5b6c71992198
[DEBUG IR_GEN] Default builder.CreateStore for m_iter
[DEBUG IR_GEN] Initializer generated for 'can_drop_tombstones', value = 0x5b6c743d74f0
[DEBUG IR_GEN] InitVal type: 0x5b6c71992198
[DEBUG IR_GEN] Default builder.CreateStore for can_drop_tombstones
[DEBUG IR_GEN] Initializer generated for 'lvl', value = 0x5b6c74e77430
[DEBUG IR_GEN] InitVal type: 0x5b6c71992198
[DEBUG IR_GEN] Default builder.CreateStore for lvl
[DEBUG WHILE] Parsing condition for while loop. NodeType: 2
   BinaryOp Type: 176
[DEBUG CODEGEN CALL] Generating call to: lm_count_at_level
[DEBUG IR_GEN] Initializer generated for 'c', value = 0x5b6c74e037f8
[DEBUG IR_GEN] InitVal type: 0x5b6c71992198
[DEBUG IR_GEN] Default builder.CreateStore for c
[DEBUG ASSIGNMENT] op=168, leftType=1 (POINTER_MEMBER=7)
[DEBUG ASSIGNMENT] op=168, leftType=1 (POINTER_MEMBER=7)
[DEBUG CODEGEN CALL] Generating call to: lm_next_sstable_path
[DEBUG IR_GEN] Initializer generated for 'new_path', value = 0x5b6c74de7f08
[DEBUG IR_GEN] InitVal type: 0x5b6c746f0df0
[DEBUG IR_GEN] Default builder.CreateStore for new_path
[DEBUG CODEGEN CALL] Generating call to: lm_get_next_file_id
[DEBUG IR_GEN] Initializer generated for 'new_fid', value = 0x5b6c74e35b68
[DEBUG IR_GEN] InitVal type: 0x5b6c71992198
[DEBUG IR_GEN] Default builder.CreateStore for new_fid
[DEBUG ASSIGNMENT] op=168, leftType=1 (POINTER_MEMBER=7)
[DEBUG CODEGEN CALL] Generating call to: string_to_cstr
[DEBUG IR_GEN] Initializer generated for 'c_path', value = 0x5b6c74e35fb0
[DEBUG IR_GEN] InitVal type: 0x5b6c71992198
[DEBUG IR_GEN] Default builder.CreateStore for c_path
[DEBUG CODEGEN CALL] Generating call to: sys
[DEBUG IR_GEN] Initializer generated for 'fd', value = 0x5b6c74de8148
[DEBUG IR_GEN] InitVal type: 0x5b6c71992198
[DEBUG IR_GEN] Default builder.CreateStore for fd
[DEBUG CODEGEN CALL] Generating call to: println
[DEBUG-XXX] op: 161, left: 0, right: 1
[DEBUG CODEGEN CALL] Generating call to: bloom_create
[DEBUG IR_GEN] Initializer generated for 'bloom', value = 0x5b6c74e04668
[DEBUG IR_GEN] InitVal type: 0x5b6c71992198
[DEBUG IR_GEN] Default builder.CreateStore for bloom
[DEBUG CODEGEN CALL] Generating call to: page_alloc
[DEBUG IR_GEN] Initializer generated for 'curr_page', value = 0x5b6c74e04c88
[DEBUG IR_GEN] InitVal type: 0x5b6c71992198
[DEBUG IR_GEN] Default builder.CreateStore for curr_page
[DEBUG CODEGEN CALL] Generating call to: drop
[DEBUG CODEGEN CALL] Generating call to: page_init
[DEBUG IR_GEN] Initializer generated for 'capacity', value = 0x5b6c748ca700
[DEBUG IR_GEN] InitVal type: 0x5b6c71992198
[DEBUG IR_GEN] Default builder.CreateStore for capacity
[DEBUG CODEGEN CALL] Generating call to: npk_core_alloc
[DEBUG-BINARY] op=163 leftType=1 rightType=0 leftNumType= rightNumType=
[DEBUG-XXX] op: 163, left: 1, right: 0
[DEBUG IR_GEN] Initializer generated for 'k_ptrs', value = 0x5b6c74e65aa0
[DEBUG IR_GEN] InitVal type: 0x5b6c71992198
[DEBUG IR_GEN] Default builder.CreateStore for k_ptrs
[DEBUG CODEGEN CALL] Generating call to: npk_core_alloc
[DEBUG-BINARY] op=163 leftType=1 rightType=0 leftNumType= rightNumType=
[DEBUG-XXX] op: 163, left: 1, right: 0
[DEBUG IR_GEN] Initializer generated for 'k_lens', value = 0x5b6c74e65db0
[DEBUG IR_GEN] InitVal type: 0x5b6c71992198
[DEBUG IR_GEN] Default builder.CreateStore for k_lens
[DEBUG CODEGEN CALL] Generating call to: npk_core_alloc
[DEBUG-BINARY] op=163 leftType=1 rightType=0 leftNumType= rightNumType=
[DEBUG-XXX] op: 163, left: 1, right: 0
[DEBUG IR_GEN] Initializer generated for 'b_offs', value = 0x5b6c74e660c0
[DEBUG IR_GEN] InitVal type: 0x5b6c71992198
[DEBUG IR_GEN] Default builder.CreateStore for b_offs
[DEBUG IR_GEN] Initializer generated for 'block_count', value = 0x5b6c74325da0
[DEBUG IR_GEN] InitVal type: 0x5b6c71992198
[DEBUG IR_GEN] Default builder.CreateStore for block_count
[DEBUG IR_GEN] Initializer generated for 'total_keys', value = 0x5b6c74325da0
[DEBUG IR_GEN] InitVal type: 0x5b6c71992198
[DEBUG IR_GEN] Default builder.CreateStore for total_keys
[DEBUG IR_GEN] Initializer generated for 'last_key', value = 0x5b6c74e66640
[DEBUG IR_GEN] InitVal type: 0x5b6c746f0df0
[DEBUG IR_GEN] Default builder.CreateStore for last_key
[DEBUG IR_GEN] Initializer generated for 'has_pending', value = 0x5b6c74325da0
[DEBUG IR_GEN] InitVal type: 0x5b6c71992198
[DEBUG IR_GEN] Default builder.CreateStore for has_pending
[DEBUG IR_GEN] Initializer generated for 'rec_count', value = 0x5b6c74325da0
[DEBUG IR_GEN] InitVal type: 0x5b6c71992198
[DEBUG IR_GEN] Default builder.CreateStore for rec_count
[DEBUG IR_GEN] Initializer generated for 'out_min_k', value = 0x5b6c74e66bc0
[DEBUG IR_GEN] InitVal type: 0x5b6c746f0df0
[DEBUG IR_GEN] Default builder.CreateStore for out_min_k
[DEBUG IR_GEN] Initializer generated for 'out_max_k', value = 0x5b6c74e05c20
[DEBUG IR_GEN] InitVal type: 0x5b6c746f0df0
[DEBUG IR_GEN] Default builder.CreateStore for out_max_k
[DEBUG WHILE] Parsing condition for while loop. NodeType: 2
   BinaryOp Type: 174
[DEBUG CODEGEN CALL] Generating call to: merge_iter_next
[DEBUG IR_GEN] Initializer generated for 'rec', value = 0x5b6c74e06d88
[DEBUG IR_GEN] InitVal type: 0x5b6c71992198
[DEBUG IR_GEN] Default builder.CreateStore for rec
[DEBUG CODEGEN CALL] Generating call to: sst_rec_key
[DEBUG IR_GEN] Initializer generated for 'k', value = 0x5b6c74e57ca8
[DEBUG IR_GEN] InitVal type: 0x5b6c746f0df0
[DEBUG IR_GEN] Default builder.CreateStore for k
[DEBUG CODEGEN CALL] Generating call to: sst_rec_is_tombstone
[DEBUG IR_GEN] Initializer generated for 'is_tomb', value = 0x5b6c74e583a8
[DEBUG IR_GEN] InitVal type: 0x5b6c71992198
[DEBUG IR_GEN] Default builder.CreateStore for is_tomb
[DEBUG IR_GEN] Initializer generated for 'can_purge', value = 0x5b6c743d74f0
[DEBUG IR_GEN] InitVal type: 0x5b6c71992198
[DEBUG IR_GEN] Default builder.CreateStore for can_purge
[DEBUG IR_GEN] Initializer generated for 'chk_lvl', value = 0x5b6c74e587e0
[DEBUG IR_GEN] InitVal type: 0x5b6c71992198
[DEBUG IR_GEN] Default builder.CreateStore for chk_lvl
[DEBUG WHILE] Parsing condition for while loop. NodeType: 2
   BinaryOp Type: 176
[DEBUG CODEGEN CALL] Generating call to: lm_count_at_level
[DEBUG IR_GEN] Initializer generated for 'c', value = 0x5b6c74e52518
[DEBUG IR_GEN] InitVal type: 0x5b6c71992198
[DEBUG IR_GEN] Default builder.CreateStore for c
[DEBUG ASSIGNMENT] op=168, leftType=1 (POINTER_MEMBER=7)
[DEBUG ASSIGNMENT] op=168, leftType=1 (POINTER_MEMBER=7)
[DEBUG IR_GEN] Initializer generated for 'skip', value = 0x5b6c74325da0
[DEBUG IR_GEN] InitVal type: 0x5b6c71992198
[DEBUG IR_GEN] Default builder.CreateStore for skip
[DEBUG ASSIGNMENT] op=168, leftType=1 (POINTER_MEMBER=7)
[DEBUG CODEGEN CALL] Generating call to: sst_rec_val_ptr
[DEBUG IR_GEN] Initializer generated for 'vp', value = 0x5b6c74ec0cd8
[DEBUG IR_GEN] InitVal type: 0x5b6c71992198
[DEBUG IR_GEN] Default builder.CreateStore for vp
[DEBUG CODEGEN CALL] Generating call to: sst_rec_val_len
[DEBUG IR_GEN] Initializer generated for 'vl', value = 0x5b6c74ec1398
[DEBUG IR_GEN] InitVal type: 0x5b6c71992198
[DEBUG IR_GEN] Default builder.CreateStore for vl
[DEBUG CODEGEN CALL] Generating call to: drop
[DEBUG CODEGEN CALL] Generating call to: bloom_add
[DEBUG CODEGEN CALL] Generating call to: sstable_record_size
[DEBUG IR_GEN] Initializer generated for 'rec_sz', value = 0x5b6c74ec1c78
[DEBUG IR_GEN] InitVal type: 0x5b6c71992198
[DEBUG IR_GEN] Default builder.CreateStore for rec_sz
[DEBUG CODEGEN CALL] Generating call to: sstable_serialize_record
[DEBUG IR_GEN] Initializer generated for 's_rec', value = 0x5b6c74ec2558
[DEBUG IR_GEN] InitVal type: 0x5b6c71992198
[DEBUG IR_GEN] Default builder.CreateStore for s_rec
[DEBUG CODEGEN CALL] Generating call to: page_insert
[DEBUG IR_GEN] Initializer generated for 'ins', value = 0x5b6c74ec2c38
[DEBUG IR_GEN] InitVal type: 0x5b6c71992198
[DEBUG IR_GEN] Default builder.CreateStore for ins
[DEBUG IR_GEN] Initializer generated for 'new_cap', value = 0x5b6c74f05c20
[DEBUG IR_GEN] InitVal type: 0x5b6c71992198
[DEBUG IR_GEN] Default builder.CreateStore for new_cap
[DEBUG CODEGEN CALL] Generating call to: npk_core_alloc
[DEBUG-BINARY] op=163 leftType=1 rightType=0 leftNumType= rightNumType=
[DEBUG-XXX] op: 163, left: 1, right: 0
[DEBUG IR_GEN] Initializer generated for 'new_k_ptrs', value = 0x5b6c74f06140
[DEBUG IR_GEN] InitVal type: 0x5b6c71992198
[DEBUG IR_GEN] Default builder.CreateStore for new_k_ptrs
[DEBUG CODEGEN CALL] Generating call to: npk_core_alloc
[DEBUG-BINARY] op=163 leftType=1 rightType=0 leftNumType= rightNumType=
[DEBUG-XXX] op: 163, left: 1, right: 0
[DEBUG IR_GEN] Initializer generated for 'new_k_lens', value = 0x5b6c74f065d0
[DEBUG IR_GEN] InitVal type: 0x5b6c71992198
[DEBUG IR_GEN] Default builder.CreateStore for new_k_lens
[DEBUG CODEGEN CALL] Generating call to: npk_core_alloc
[DEBUG-BINARY] op=163 leftType=1 rightType=0 leftNumType= rightNumType=
[DEBUG-XXX] op: 163, left: 1, right: 0
[DEBUG IR_GEN] Initializer generated for 'new_b_offs', value = 0x5b6c74f06a60
[DEBUG IR_GEN] InitVal type: 0x5b6c71992198
[DEBUG IR_GEN] Default builder.CreateStore for new_b_offs
[DEBUG CODEGEN CALL] Generating call to: drop
[DEBUG CODEGEN CALL] Generating call to: npk_mem_copy
[DEBUG-BINARY] op=163 leftType=1 rightType=0 leftNumType= rightNumType=
[DEBUG-XXX] op: 163, left: 1, right: 0
[DEBUG CODEGEN CALL] Generating call to: drop
[DEBUG CODEGEN CALL] Generating call to: npk_mem_copy
[DEBUG-BINARY] op=163 leftType=1 rightType=0 leftNumType= rightNumType=
[DEBUG-XXX] op: 163, left: 1, right: 0
[DEBUG CODEGEN CALL] Generating call to: drop
[DEBUG CODEGEN CALL] Generating call to: npk_mem_copy
[DEBUG-BINARY] op=163 leftType=1 rightType=0 leftNumType= rightNumType=
[DEBUG-XXX] op: 163, left: 1, right: 0
[DEBUG CODEGEN CALL] Generating call to: drop
[DEBUG CODEGEN CALL] Generating call to: npk_core_dalloc
[DEBUG CODEGEN CALL] Generating call to: drop
[DEBUG CODEGEN CALL] Generating call to: npk_core_dalloc
[DEBUG CODEGEN CALL] Generating call to: drop
[DEBUG CODEGEN CALL] Generating call to: npk_core_dalloc
[DEBUG ASSIGNMENT] op=168, leftType=1 (POINTER_MEMBER=7)
[DEBUG ASSIGNMENT] op=168, leftType=1 (POINTER_MEMBER=7)
[DEBUG ASSIGNMENT] op=168, leftType=1 (POINTER_MEMBER=7)
[DEBUG ASSIGNMENT] op=168, leftType=1 (POINTER_MEMBER=7)
[DEBUG CODEGEN CALL] Generating call to: sstable_flush_page
[DEBUG IR_GEN] Initializer generated for 'offset', value = 0x5b6c74e920b8
[DEBUG IR_GEN] InitVal type: 0x5b6c71992198
[DEBUG IR_GEN] Default builder.CreateStore for offset
[DEBUG CODEGEN CALL] Generating call to: string_length
[DEBUG IR_GEN] Initializer generated for 'last_k_len', value = 0x5b6c74e923f0
[DEBUG IR_GEN] InitVal type: 0x5b6c71992198
[DEBUG IR_GEN] Default builder.CreateStore for last_k_len
[DEBUG CODEGEN CALL] Generating call to: npk_core_alloc
[DEBUG IR_GEN] Initializer generated for 'last_k_ptr', value = 0x5b6c74e92680
[DEBUG IR_GEN] InitVal type: 0x5b6c71992198
[DEBUG IR_GEN] Default builder.CreateStore for last_k_ptr
[DEBUG CODEGEN CALL] Generating call to: string_to_cstr
[DEBUG IR_GEN] Initializer generated for '__wraw_last_key', value = 0x5b6c74e92900
[DEBUG IR_GEN] InitVal type: 0x5b6c71992198
[DEBUG IR_GEN] Default builder.CreateStore for __wraw_last_key
[DEBUG CODEGEN CALL] Generating call to: drop
[DEBUG CODEGEN CALL] Generating call to: npk_mem_copy
[DEBUG CODEGEN CALL] Generating call to: string_length
[DEBUG CODEGEN CALL] Generating call to: drop
[DEBUG CODEGEN CALL] Generating call to: npk_core_dalloc
[DEBUG CODEGEN CALL] Generating call to: drop
[DEBUG CODEGEN CALL] Generating call to: npk_mem_write_int64
[DEBUG-BINARY] op=163 leftType=1 rightType=0 leftNumType= rightNumType=
[DEBUG-XXX] op: 163, left: 1, right: 0
[DEBUG CODEGEN CALL] Generating call to: drop
[DEBUG CODEGEN CALL] Generating call to: npk_mem_write_int64
[DEBUG-BINARY] op=163 leftType=1 rightType=0 leftNumType= rightNumType=
[DEBUG-XXX] op: 163, left: 1, right: 0
[DEBUG CODEGEN CALL] Generating call to: drop
[DEBUG CODEGEN CALL] Generating call to: npk_mem_write_int64
[DEBUG-BINARY] op=163 leftType=1 rightType=0 leftNumType= rightNumType=
[DEBUG-XXX] op: 163, left: 1, right: 0
[DEBUG ASSIGNMENT] op=168, leftType=1 (POINTER_MEMBER=7)
[DEBUG CODEGEN CALL] Generating call to: drop
[DEBUG CODEGEN CALL] Generating call to: page_free
[DEBUG ASSIGNMENT] op=168, leftType=1 (POINTER_MEMBER=7)
[DEBUG CODEGEN CALL] Generating call to: page_alloc
[DEBUG CODEGEN CALL] Generating call to: drop
[DEBUG CODEGEN CALL] Generating call to: page_init
[DEBUG ASSIGNMENT] op=168, leftType=1 (POINTER_MEMBER=7)
[DEBUG CODEGEN CALL] Generating call to: page_insert
[DEBUG CODEGEN CALL] Generating call to: drop
[DEBUG CODEGEN CALL] Generating call to: npk_core_dalloc
[DEBUG ASSIGNMENT] op=168, leftType=1 (POINTER_MEMBER=7)
[DEBUG ASSIGNMENT] op=168, leftType=1 (POINTER_MEMBER=7)
[DEBUG ASSIGNMENT] op=168, leftType=1 (POINTER_MEMBER=7)
[DEBUG ASSIGNMENT] op=168, leftType=1 (POINTER_MEMBER=7)
[DEBUG ASSIGNMENT] op=168, leftType=1 (POINTER_MEMBER=7)
[DEBUG ASSIGNMENT] op=168, leftType=1 (POINTER_MEMBER=7)
[DEBUG ASSIGNMENT] op=168, leftType=1 (POINTER_MEMBER=7)
[DEBUG ASSIGNMENT] op=168, leftType=1 (POINTER_MEMBER=7)
[DEBUG CODEGEN CALL] Generating call to: drop
[DEBUG CODEGEN CALL] Generating call to: sst_rec_free
[DEBUG CODEGEN CALL] Generating call to: drop
[DEBUG CODEGEN CALL] Generating call to: merge_iter_destroy
[DEBUG IR_GEN] Initializer generated for 's_res', value = 0x5b6c74325da0
[DEBUG IR_GEN] InitVal type: 0x5b6c71992198
[DEBUG IR_GEN] Default builder.CreateStore for s_res
[DEBUG CODEGEN CALL] Generating call to: sstable_flush_page
[DEBUG IR_GEN] Initializer generated for 'offset', value = 0x5b6c74f120b8
[DEBUG IR_GEN] InitVal type: 0x5b6c71992198
[DEBUG IR_GEN] Default builder.CreateStore for offset
[DEBUG CODEGEN CALL] Generating call to: string_length
[DEBUG IR_GEN] Initializer generated for 'last_k_len', value = 0x5b6c74f123f0
[DEBUG IR_GEN] InitVal type: 0x5b6c71992198
[DEBUG IR_GEN] Default builder.CreateStore for last_k_len
[DEBUG CODEGEN CALL] Generating call to: npk_core_alloc
[DEBUG IR_GEN] Initializer generated for 'last_k_ptr', value = 0x5b6c74f12680
[DEBUG IR_GEN] InitVal type: 0x5b6c71992198
[DEBUG IR_GEN] Default builder.CreateStore for last_k_ptr
[DEBUG CODEGEN CALL] Generating call to: string_to_cstr
[DEBUG IR_GEN] Initializer generated for '__wraw_last_key', value = 0x5b6c74f12900
[DEBUG IR_GEN] InitVal type: 0x5b6c71992198
[DEBUG IR_GEN] Default builder.CreateStore for __wraw_last_key
[DEBUG CODEGEN CALL] Generating call to: drop
[DEBUG CODEGEN CALL] Generating call to: npk_mem_copy
[DEBUG CODEGEN CALL] Generating call to: string_length
[DEBUG CODEGEN CALL] Generating call to: drop
[DEBUG CODEGEN CALL] Generating call to: npk_core_dalloc
[DEBUG CODEGEN CALL] Generating call to: drop
[DEBUG CODEGEN CALL] Generating call to: npk_mem_write_int64
[DEBUG-BINARY] op=163 leftType=1 rightType=0 leftNumType= rightNumType=
[DEBUG-XXX] op: 163, left: 1, right: 0
[DEBUG CODEGEN CALL] Generating call to: drop
[DEBUG CODEGEN CALL] Generating call to: npk_mem_write_int64
[DEBUG-BINARY] op=163 leftType=1 rightType=0 leftNumType= rightNumType=
[DEBUG-XXX] op: 163, left: 1, right: 0
[DEBUG CODEGEN CALL] Generating call to: drop
[DEBUG CODEGEN CALL] Generating call to: npk_mem_write_int64
[DEBUG-BINARY] op=163 leftType=1 rightType=0 leftNumType= rightNumType=
[DEBUG-XXX] op: 163, left: 1, right: 0
[DEBUG ASSIGNMENT] op=168, leftType=1 (POINTER_MEMBER=7)
[DEBUG CODEGEN CALL] Generating call to: drop
[DEBUG CODEGEN CALL] Generating call to: page_free
[DEBUG CODEGEN CALL] Generating call to: bloom_serialize
[DEBUG IR_GEN] Initializer generated for 'bloom_buf', value = 0x5b6c74f13fd8
[DEBUG IR_GEN] InitVal type: 0x5b6c71992198
[DEBUG IR_GEN] Default builder.CreateStore for bloom_buf
[DEBUG CODEGEN CALL] Generating call to: bloom_serialize_size
[DEBUG IR_GEN] Initializer generated for 'bloom_sz', value = 0x5b6c74f146d8
[DEBUG IR_GEN] InitVal type: 0x5b6c71992198
[DEBUG IR_GEN] Default builder.CreateStore for bloom_sz
[DEBUG CODEGEN CALL] Generating call to: sys
[DEBUG IR_GEN] Initializer generated for 'bloom_offset', value = 0x5b6c74f152f8
[DEBUG IR_GEN] InitVal type: 0x5b6c71992198
[DEBUG IR_GEN] Default builder.CreateStore for bloom_offset
[DEBUG CODEGEN CALL] Generating call to: drop
[DEBUG CODEGEN CALL] Generating call to: sys
[DEBUG CODEGEN CALL] Generating call to: drop
[DEBUG CODEGEN CALL] Generating call to: npk_core_dalloc
[DEBUG CODEGEN CALL] Generating call to: drop
[DEBUG CODEGEN CALL] Generating call to: bloom_destroy
[DEBUG CODEGEN CALL] Generating call to: sstable_build_index
[DEBUG IR_GEN] Initializer generated for 'index_page', value = 0x5b6c74f16598
[DEBUG IR_GEN] InitVal type: 0x5b6c71992198
[DEBUG IR_GEN] Default builder.CreateStore for index_page
[DEBUG CODEGEN CALL] Generating call to: sstable_flush_page
[DEBUG IR_GEN] Initializer generated for 'index_offset', value = 0x5b6c74f16cf8
[DEBUG IR_GEN] InitVal type: 0x5b6c71992198
[DEBUG IR_GEN] Default builder.CreateStore for index_offset
[DEBUG CODEGEN CALL] Generating call to: drop
[DEBUG CODEGEN CALL] Generating call to: page_free
[DEBUG IR_GEN] Initializer generated for 'ki', value = 0x5b6c74325da0
[DEBUG IR_GEN] InitVal type: 0x5b6c71992198
[DEBUG IR_GEN] Default builder.CreateStore for ki
[DEBUG WHILE] Parsing condition for while loop. NodeType: 2
   BinaryOp Type: 176
[DEBUG CODEGEN CALL] Generating call to: npk_mem_read_int64
[DEBUG-BINARY] op=163 leftType=1 rightType=0 leftNumType= rightNumType=
[DEBUG-XXX] op: 163, left: 1, right: 0
[DEBUG IR_GEN] Initializer generated for 'kp', value = 0x5b6c74f17df0
[DEBUG IR_GEN] InitVal type: 0x5b6c71992198
[DEBUG IR_GEN] Default builder.CreateStore for kp
[DEBUG CODEGEN CALL] Generating call to: drop
[DEBUG CODEGEN CALL] Generating call to: npk_core_dalloc
[DEBUG ASSIGNMENT] op=168, leftType=1 (POINTER_MEMBER=7)
[DEBUG CODEGEN CALL] Generating call to: drop
[DEBUG CODEGEN CALL] Generating call to: npk_core_dalloc
[DEBUG CODEGEN CALL] Generating call to: drop
[DEBUG CODEGEN CALL] Generating call to: npk_core_dalloc
[DEBUG CODEGEN CALL] Generating call to: drop
[DEBUG CODEGEN CALL] Generating call to: npk_core_dalloc
[DEBUG CODEGEN CALL] Generating call to: npk_core_alloc
[DEBUG IR_GEN] Initializer generated for 'footer', value = 0x5b6c74f187c0
[DEBUG IR_GEN] InitVal type: 0x5b6c71992198
[DEBUG IR_GEN] Default builder.CreateStore for footer
[DEBUG CODEGEN CALL] Generating call to: drop
[DEBUG CODEGEN CALL] Generating call to: npk_mem_write_int64
[DEBUG CODEGEN CALL] Generating call to: drop
[DEBUG CODEGEN CALL] Generating call to: npk_mem_write_int64
[DEBUG CODEGEN CALL] Generating call to: drop
[DEBUG CODEGEN CALL] Generating call to: npk_mem_write_int64
[DEBUG CODEGEN CALL] Generating call to: drop
[DEBUG CODEGEN CALL] Generating call to: npk_mem_write_int64
[DEBUG CODEGEN CALL] Generating call to: drop
[DEBUG CODEGEN CALL] Generating call to: npk_mem_write_int64
[DEBUG CODEGEN CALL] Generating call to: drop
[DEBUG CODEGEN CALL] Generating call to: npk_mem_write_int32
[DEBUG CODEGEN CALL] Generating call to: crc32_compute
[DEBUG IR_GEN] Initializer generated for 'crc_calc', value = 0x5b6c74f198a8
[DEBUG IR_GEN] InitVal type: 0x5b6c71992198
[DEBUG IR_GEN] Default builder.CreateStore for crc_calc
[DEBUG CODEGEN CALL] Generating call to: drop
[DEBUG CODEGEN CALL] Generating call to: npk_mem_write_int32
[DEBUG CODEGEN CALL] Generating call to: drop
[DEBUG CODEGEN CALL] Generating call to: sys
[DEBUG CODEGEN CALL] Generating call to: drop
[DEBUG CODEGEN CALL] Generating call to: npk_core_dalloc
[DEBUG ASSIGNMENT] op=168, leftType=1 (POINTER_MEMBER=7)
[DEBUG CODEGEN CALL] Generating call to: sys
[DEBUG CODEGEN CALL] Generating call to: drop
[DEBUG CODEGEN CALL] Generating call to: sys
[DEBUG CODEGEN CALL] Generating call to: drop
[DEBUG CODEGEN CALL] Generating call to: sys
[DEBUG ASSIGNMENT] op=168, leftType=1 (POINTER_MEMBER=7)
[DEBUG ASSIGNMENT] op=168, leftType=1 (POINTER_MEMBER=7)
[DEBUG ASSIGNMENT] op=168, leftType=1 (POINTER_MEMBER=7)
[DEBUG CODEGEN CALL] Generating call to: drop
[DEBUG CODEGEN CALL] Generating call to: lm_add_sstable
[DEBUG CODEGEN CALL] Generating call to: drop
[DEBUG CODEGEN CALL] Generating call to: sys
[DEBUG CODEGEN CALL] Generating call to: drop
[DEBUG CODEGEN CALL] Generating call to: sys
[DEBUG CODEGEN CALL] Generating call to: drop
[DEBUG CODEGEN CALL] Generating call to: page_free
[DEBUG CODEGEN CALL] Generating call to: drop
[DEBUG CODEGEN CALL] Generating call to: bloom_destroy
[DEBUG CODEGEN CALL] Generating call to: drop
[DEBUG CODEGEN CALL] Generating call to: npk_core_dalloc
[DEBUG CODEGEN CALL] Generating call to: drop
[DEBUG CODEGEN CALL] Generating call to: npk_core_dalloc
[DEBUG CODEGEN CALL] Generating call to: drop
[DEBUG CODEGEN CALL] Generating call to: npk_core_dalloc
[DEBUG ASSIGNMENT] op=168, leftType=1 (POINTER_MEMBER=7)
[DEBUG WHILE] Parsing condition for while loop. NodeType: 2
   BinaryOp Type: 176
[DEBUG CODEGEN CALL] Generating call to: npk_mem_read_int64
[DEBUG-BINARY] op=163 leftType=1 rightType=0 leftNumType= rightNumType=
[DEBUG-XXX] op: 163, left: 1, right: 0
[DEBUG IR_GEN] Initializer generated for 'fid', value = 0x5b6c74f1fc90
[DEBUG IR_GEN] InitVal type: 0x5b6c71992198
[DEBUG IR_GEN] Default builder.CreateStore for fid
[DEBUG CODEGEN CALL] Generating call to: drop
[DEBUG CODEGEN CALL] Generating call to: lm_remove_sstable
[DEBUG CODEGEN CALL] Generating call to: npk_mem_read_int64
[DEBUG IR_GEN] Initializer generated for 'd_ptr', value = 0x5b6c74f20190
[DEBUG IR_GEN] InitVal type: 0x5b6c71992198
[DEBUG IR_GEN] Default builder.CreateStore for d_ptr
[DEBUG CODEGEN CALL] Generating call to: npk_mem_read_int64
[DEBUG IR_GEN] Initializer generated for 'd_len', value = 0x5b6c74f20430
[DEBUG IR_GEN] InitVal type: 0x5b6c71992198
[DEBUG IR_GEN] Default builder.CreateStore for d_len
[DEBUG CODEGEN CALL] Generating call to: npk_mem_read_string
[DEBUG IR_GEN] Initializer generated for 'dir', value = 0x5b6c74f20890
[DEBUG IR_GEN] InitVal type: 0x5b6c746f0df0
[DEBUG IR_GEN] Default builder.CreateStore for dir
[DEBUG CODEGEN CALL] Generating call to: string_from_int
[DEBUG IR_GEN] Initializer generated for 'fid_str', value = 0x5b6c74f21100
[DEBUG IR_GEN] InitVal type: 0x5b6c746f0df0
[DEBUG IR_GEN] Default builder.CreateStore for fid_str
[DEBUG WHILE] Parsing condition for while loop. NodeType: 2
   BinaryOp Type: 176
[DEBUG CODEGEN CALL] Generating call to: string_length
[DEBUG ASSIGNMENT] op=168, leftType=1 (POINTER_MEMBER=7)
[DEBUG IR_GEN] Initializer generated for 'p1', value = 0x5b6c74f22a20
[DEBUG IR_GEN] InitVal type: 0x5b6c746f0df0
[DEBUG IR_GEN] Default builder.CreateStore for p1
[DEBUG CODEGEN CALL] Generating call to: string_from_int
[DEBUG IR_GEN] Initializer generated for 'p2', value = 0x5b6c74f22e20
[DEBUG IR_GEN] InitVal type: 0x5b6c746f0df0
[DEBUG IR_GEN] Default builder.CreateStore for p2
[DEBUG IR_GEN] Initializer generated for 'p3', value = 0x5b6c74f23260
[DEBUG IR_GEN] InitVal type: 0x5b6c746f0df0
[DEBUG IR_GEN] Default builder.CreateStore for p3
[DEBUG IR_GEN] Initializer generated for 'p4', value = 0x5b6c74f23600
[DEBUG IR_GEN] InitVal type: 0x5b6c746f0df0
[DEBUG IR_GEN] Default builder.CreateStore for p4
[DEBUG IR_GEN] Initializer generated for 'path', value = 0x5b6c74f23a40
[DEBUG IR_GEN] InitVal type: 0x5b6c746f0df0
[DEBUG IR_GEN] Default builder.CreateStore for path
[DEBUG CODEGEN CALL] Generating call to: drop
[DEBUG CODEGEN CALL] Generating call to: sys
[DEBUG ASSIGNMENT] op=168, leftType=1 (POINTER_MEMBER=7)
[DEBUG ASSIGNMENT] op=168, leftType=1 (POINTER_MEMBER=7)
[DEBUG WHILE] Parsing condition for while loop. NodeType: 2
   BinaryOp Type: 176
[DEBUG CODEGEN CALL] Generating call to: npk_mem_read_int64
[DEBUG-BINARY] op=163 leftType=1 rightType=0 leftNumType= rightNumType=
[DEBUG-XXX] op: 163, left: 1, right: 0
[DEBUG IR_GEN] Initializer generated for 'fid', value = 0x5b6c74f24d60
[DEBUG IR_GEN] InitVal type: 0x5b6c71992198
[DEBUG IR_GEN] Default builder.CreateStore for fid
[DEBUG CODEGEN CALL] Generating call to: drop
[DEBUG CODEGEN CALL] Generating call to: lm_remove_sstable
[DEBUG CODEGEN CALL] Generating call to: npk_mem_read_int64
[DEBUG IR_GEN] Initializer generated for 'd_ptr', value = 0x5b6c74f25260
[DEBUG IR_GEN] InitVal type: 0x5b6c71992198
[DEBUG IR_GEN] Default builder.CreateStore for d_ptr
[DEBUG CODEGEN CALL] Generating call to: npk_mem_read_int64
[DEBUG IR_GEN] Initializer generated for 'd_len', value = 0x5b6c74f25500
[DEBUG IR_GEN] InitVal type: 0x5b6c71992198
[DEBUG IR_GEN] Default builder.CreateStore for d_len
[DEBUG CODEGEN CALL] Generating call to: npk_mem_read_string
[DEBUG IR_GEN] Initializer generated for 'dir', value = 0x5b6c74f25960
[DEBUG IR_GEN] InitVal type: 0x5b6c746f0df0
[DEBUG IR_GEN] Default builder.CreateStore for dir
[DEBUG CODEGEN CALL] Generating call to: string_from_int
[DEBUG IR_GEN] Initializer generated for 'fid_str', value = 0x5b6c74f260b0
[DEBUG IR_GEN] InitVal type: 0x5b6c746f0df0
[DEBUG IR_GEN] Default builder.CreateStore for fid_str
[DEBUG WHILE] Parsing condition for while loop. NodeType: 2
   BinaryOp Type: 176
[DEBUG CODEGEN CALL] Generating call to: string_length
[DEBUG ASSIGNMENT] op=168, leftType=1 (POINTER_MEMBER=7)
[DEBUG IR_GEN] Initializer generated for 'p1', value = 0x5b6c74f279a0
[DEBUG IR_GEN] InitVal type: 0x5b6c746f0df0
[DEBUG IR_GEN] Default builder.CreateStore for p1
[DEBUG CODEGEN CALL] Generating call to: string_from_int
[DEBUG IR_GEN] Initializer generated for 'p2', value = 0x5b6c74f27da0
[DEBUG IR_GEN] InitVal type: 0x5b6c746f0df0
[DEBUG IR_GEN] Default builder.CreateStore for p2
[DEBUG IR_GEN] Initializer generated for 'p3', value = 0x5b6c74f281e0
[DEBUG IR_GEN] InitVal type: 0x5b6c746f0df0
[DEBUG IR_GEN] Default builder.CreateStore for p3
[DEBUG IR_GEN] Initializer generated for 'p4', value = 0x5b6c74f28580
[DEBUG IR_GEN] InitVal type: 0x5b6c746f0df0
[DEBUG IR_GEN] Default builder.CreateStore for p4
[DEBUG IR_GEN] Initializer generated for 'path', value = 0x5b6c74f289c0
[DEBUG IR_GEN] InitVal type: 0x5b6c746f0df0
[DEBUG IR_GEN] Default builder.CreateStore for path
[DEBUG CODEGEN CALL] Generating call to: drop
[DEBUG CODEGEN CALL] Generating call to: sys
[DEBUG ASSIGNMENT] op=168, leftType=1 (POINTER_MEMBER=7)
[DEBUG CODEGEN CALL] Generating call to: drop
[DEBUG CODEGEN CALL] Generating call to: npk_core_dalloc
[DEBUG CODEGEN CALL] Generating call to: drop
[DEBUG CODEGEN CALL] Generating call to: npk_core_dalloc
[DEBUG CODEGEN CALL] Generating call to: drop
[DEBUG CODEGEN CALL] Generating call to: npk_core_dalloc
[DEBUG CODEGEN CALL] Generating call to: drop
[DEBUG CODEGEN CALL] Generating call to: npk_core_dalloc
[DEBUG CODEGEN CALL] Generating call to: compact_level
[DEBUG CODEGEN CALL] Generating call to: lm_l0_needs_compaction
[DEBUG IR_GEN] Initializer generated for 'needs', value = 0x5b6c74f2b788
[DEBUG IR_GEN] InitVal type: 0x5b6c71992198
[DEBUG IR_GEN] Default builder.CreateStore for needs
[DEBUG CODEGEN CALL] Generating call to: compact_l0_to_l1
[DEBUG CODEGEN CALL] Generating call to: npk_mem_read_int64
[DEBUG IR_GEN] Initializer generated for 'lm', value = 0x5b6c74f2d260
[DEBUG IR_GEN] InitVal type: 0x5b6c71992198
[DEBUG IR_GEN] Default builder.CreateStore for lm
[DEBUG CODEGEN CALL] Generating call to: npk_mem_read_int64
[DEBUG IR_GEN] Initializer generated for 'ch', value = 0x5b6c74f2d6a0
[DEBUG IR_GEN] InitVal type: 0x5b6c71992198
[DEBUG IR_GEN] Default builder.CreateStore for ch
[DEBUG IR_GEN] Initializer generated for 'running', value = 0x5b6c743d74f0
[DEBUG IR_GEN] InitVal type: 0x5b6c71992198
[DEBUG IR_GEN] Default builder.CreateStore for running
[DEBUG WHILE] Parsing condition for while loop. NodeType: 2
   BinaryOp Type: 174
[DEBUG CODEGEN CALL] Generating call to: raw
[DEBUG CODEGEN CALL] Generating call to expression.
[DEBUG CODEGEN CALL] Generating call to: Channel_recv
[DEBUG IR_GEN] Initializer generated for 'msg', value = 0x5b6c74e3c380
[DEBUG IR_GEN] InitVal type: 0x5b6c71992198
[DEBUG IR_GEN] Default builder.CreateStore for msg
[DEBUG CODEGEN CALL] Generating call to: drop
[DEBUG CODEGEN CALL] Generating call to: compact_level
[DEBUG CODEGEN CALL] Generating call to: drop
[DEBUG CODEGEN CALL] Generating call to: wal_truncate
[DEBUG CODEGEN CALL] Generating call to: drop
[DEBUG CODEGEN CALL] Generating call to expression.
[DEBUG CODEGEN CALL] Generating call to: Thread_yield
[DEBUG CODEGEN CALL] Generating call to: raw
[DEBUG CODEGEN CALL] Generating call to expression.
[DEBUG CODEGEN CALL] Generating call to: Channel_create
[DEBUG IR_GEN] Initializer generated for 'ch', value = 0x5b6c74e33050
[DEBUG IR_GEN] InitVal type: 0x5b6c71992198
[DEBUG IR_GEN] Default builder.CreateStore for ch
[DEBUG CODEGEN CALL] Generating call to: npk_core_alloc
[DEBUG IR_GEN] Initializer generated for 'ctx', value = 0x5b6c74e67100
[DEBUG IR_GEN] InitVal type: 0x5b6c71992198
[DEBUG IR_GEN] Default builder.CreateStore for ctx
[DEBUG CODEGEN CALL] Generating call to: drop
[DEBUG CODEGEN CALL] Generating call to: npk_mem_write_int64
[DEBUG CODEGEN CALL] Generating call to: drop
[DEBUG CODEGEN CALL] Generating call to: npk_mem_write_int64
[DEBUG CODEGEN CALL] Generating call to: nitpick_libc_thread_spawn
[DEBUG IR_GEN] Initializer generated for 'tid', value = 0x5b6c74e952f0
[DEBUG IR_GEN] InitVal type: 0x5b6c71992198
[DEBUG IR_GEN] Default builder.CreateStore for tid
[DEBUG CODEGEN CALL] Generating call to: drop
[DEBUG CODEGEN CALL] Generating call to: npk_core_dalloc
[DEBUG CODEGEN CALL] Generating call to: drop
[DEBUG CODEGEN CALL] Generating call to expression.
[DEBUG CODEGEN CALL] Generating call to: Channel_destroy
[DEBUG CODEGEN CALL] Generating call to: npk_core_alloc
[DEBUG IR_GEN] Initializer generated for 'ret', value = 0x5b6c74ea2a60
[DEBUG IR_GEN] InitVal type: 0x5b6c71992198
[DEBUG IR_GEN] Default builder.CreateStore for ret
[DEBUG CODEGEN CALL] Generating call to: drop
[DEBUG CODEGEN CALL] Generating call to: npk_mem_write_int64
[DEBUG CODEGEN CALL] Generating call to: drop
[DEBUG CODEGEN CALL] Generating call to: npk_mem_write_int64
[DEBUG CODEGEN CALL] Generating call to: drop
[DEBUG CODEGEN CALL] Generating call to: npk_mem_write_int64
[DEBUG CODEGEN CALL] Generating call to: drop
[DEBUG CODEGEN CALL] Generating call to expression.
[DEBUG CODEGEN CALL] Generating call to: Channel_try_send
[DEBUG CODEGEN CALL] Generating call to: drop
[DEBUG CODEGEN CALL] Generating call to expression.
[DEBUG CODEGEN CALL] Generating call to: Channel_send
[DEBUG CODEGEN CALL] Generating call to: npk_core_alloc
[DEBUG IR_GEN] Initializer generated for 'wp', value = 0x5b6c74752010
[DEBUG IR_GEN] InitVal type: 0x5b6c71992198
[DEBUG IR_GEN] Default builder.CreateStore for wp
[DEBUG CODEGEN CALL] Generating call to: drop
[DEBUG CODEGEN CALL] Generating call to: flush_ensure_dirs
[DEBUG CODEGEN CALL] Generating call to: wal_open
[DEBUG IR_GEN] Initializer generated for 'wal_fd', value = 0x5b6c74f21718
[DEBUG IR_GEN] InitVal type: 0x5b6c71992198
[DEBUG IR_GEN] Default builder.CreateStore for wal_fd
[DEBUG CODEGEN CALL] Generating call to: drop
[DEBUG CODEGEN CALL] Generating call to: npk_core_dalloc
[DEBUG CODEGEN CALL] Generating call to: lm_create
[DEBUG IR_GEN] Initializer generated for 'lm', value = 0x5b6c74e83d78
[DEBUG IR_GEN] InitVal type: 0x5b6c71992198
[DEBUG IR_GEN] Default builder.CreateStore for lm
[DEBUG CODEGEN CALL] Generating call to: mt_create
[DEBUG IR_GEN] Initializer generated for 'active_mt', value = 0x5b6c74ebd238
[DEBUG IR_GEN] InitVal type: 0x5b6c71992198
[DEBUG IR_GEN] Default builder.CreateStore for active_mt
[DEBUG CODEGEN CALL] Generating call to: wal_replay
[DEBUG IR_GEN] Initializer generated for 'replayed_count', value = 0x5b6c74e61b28
[DEBUG IR_GEN] InitVal type: 0x5b6c71992198
[DEBUG IR_GEN] Default builder.CreateStore for replayed_count
[DEBUG CODEGEN CALL] Generating call to: println
[DEBUG-XXX] op: 161, left: 2, right: 0
[DEBUG] getExprNumericTypeName leftType: 0
[DEBUG-XXX] op: 161, left: 0, right: 4
[DEBUG CODEGEN CALL] Generating call to: string_from_int
[DEBUG CODEGEN CALL] Generating call to: drop
[DEBUG CODEGEN CALL] Generating call to: npk_mem_write_int64
[DEBUG CODEGEN CALL] Generating call to: drop
[DEBUG CODEGEN CALL] Generating call to: npk_mem_write_int64
[DEBUG CODEGEN CALL] Generating call to: drop
[DEBUG CODEGEN CALL] Generating call to: npk_mem_write_int64
[DEBUG CODEGEN CALL] Generating call to: drop
[DEBUG CODEGEN CALL] Generating call to: npk_mem_write_int64
[DEBUG CODEGEN CALL] Generating call to: drop
[DEBUG CODEGEN CALL] Generating call to: npk_mem_write_int64
[DEBUG CODEGEN CALL] Generating call to: compaction_worker_start
[DEBUG IR_GEN] Initializer generated for 'worker', value = 0x5b6c74dbe1a8
[DEBUG IR_GEN] InitVal type: 0x5b6c71992198
[DEBUG IR_GEN] Default builder.CreateStore for worker
[DEBUG CODEGEN CALL] Generating call to: drop
[DEBUG CODEGEN CALL] Generating call to: npk_mem_write_int64
[DEBUG IR_GEN] Initializer generated for 'mode', value = 0x5b6c74325da0
[DEBUG IR_GEN] InitVal type: 0x5b6c71992198
[DEBUG IR_GEN] Default builder.CreateStore for mode
[DEBUG IR_GEN] Initializer generated for 'wal_state', value = 0x5b6c74325da0
[DEBUG IR_GEN] InitVal type: 0x5b6c71992198
[DEBUG IR_GEN] Default builder.CreateStore for wal_state
[DEBUG ASSIGNMENT] op=168, leftType=1 (POINTER_MEMBER=7)
[DEBUG ASSIGNMENT] op=168, leftType=1 (POINTER_MEMBER=7)
[DEBUG CODEGEN CALL] Generating call to: wal_enable_group_commit
[DEBUG CODEGEN CALL] Generating call to: drop
[DEBUG CODEGEN CALL] Generating call to: npk_mem_write_int64
[DEBUG CODEGEN CALL] Generating call to: drop
[DEBUG CODEGEN CALL] Generating call to: npk_mem_write_int64
[DEBUG CODEGEN CALL] Generating call to: drop
[DEBUG CODEGEN CALL] Generating call to: npk_mem_write_int64
[DEBUG CODEGEN CALL] Generating call to: nitpick_libc_rwlock_create
[DEBUG CODEGEN CALL] Generating call to: npk_mem_read_int64
[DEBUG IR_GEN] Initializer generated for 'lock', value = 0x5b6c74b7fab0
[DEBUG IR_GEN] InitVal type: 0x5b6c71992198
[DEBUG IR_GEN] Default builder.CreateStore for lock
[DEBUG CODEGEN CALL] Generating call to: drop
[DEBUG CODEGEN CALL] Generating call to: nitpick_libc_rwlock_wrlock
[DEBUG CODEGEN CALL] Generating call to: npk_mem_read_int64
[DEBUG IR_GEN] Initializer generated for 'wal_fd', value = 0x5b6c74861450
[DEBUG IR_GEN] InitVal type: 0x5b6c71992198
[DEBUG IR_GEN] Default builder.CreateStore for wal_fd
[DEBUG CODEGEN CALL] Generating call to: npk_mem_read_int64
[DEBUG IR_GEN] Initializer generated for 'active_mt', value = 0x5b6c74e817c0
[DEBUG IR_GEN] InitVal type: 0x5b6c71992198
[DEBUG IR_GEN] Default builder.CreateStore for active_mt
[DEBUG CODEGEN CALL] Generating call to: mt_should_flush
[DEBUG IR_GEN] Initializer generated for 'should_flush', value = 0x5b6c74dbd208
[DEBUG IR_GEN] InitVal type: 0x5b6c71992198
[DEBUG IR_GEN] Default builder.CreateStore for should_flush
[DEBUG WHILE] Parsing condition for while loop. NodeType: 2
   BinaryOp Type: 175
[DEBUG CODEGEN CALL] Generating call to: npk_mem_read_int64
[DEBUG CODEGEN CALL] Generating call to: drop
[DEBUG CODEGEN CALL] Generating call to: nitpick_libc_rwlock_unlock
[DEBUG CODEGEN CALL] Generating call to: drop
[DEBUG CODEGEN CALL] Generating call to expression.
[DEBUG CODEGEN CALL] Generating call to: Thread_yield
[DEBUG CODEGEN CALL] Generating call to: drop
[DEBUG CODEGEN CALL] Generating call to: nitpick_libc_rwlock_wrlock
[DEBUG CODEGEN CALL] Generating call to: npk_mem_read_int64
[DEBUG IR_GEN] Initializer generated for 'frozen_mt', value = 0x5b6c74e1a7c0
[DEBUG IR_GEN] InitVal type: 0x5b6c71992198
[DEBUG IR_GEN] Default builder.CreateStore for frozen_mt
[DEBUG CODEGEN CALL] Generating call to: drop
[DEBUG CODEGEN CALL] Generating call to: mt_freeze
[DEBUG CODEGEN CALL] Generating call to: drop
[DEBUG CODEGEN CALL] Generating call to: npk_mem_write_int64
[DEBUG CODEGEN CALL] Generating call to: npk_mem_read_int64
[DEBUG IR_GEN] Initializer generated for 'ctr', value = 0x5b6c74d657d0
[DEBUG IR_GEN] InitVal type: 0x5b6c71992198
[DEBUG IR_GEN] Default builder.CreateStore for ctr
[DEBUG CODEGEN CALL] Generating call to: mt_create
[DEBUG IR_GEN] Initializer generated for 'new_mt', value = 0x5b6c74e7e7e8
[DEBUG IR_GEN] InitVal type: 0x5b6c71992198
[DEBUG IR_GEN] Default builder.CreateStore for new_mt
[DEBUG CODEGEN CALL] Generating call to: drop
[DEBUG CODEGEN CALL] Generating call to: npk_mem_write_int64
[DEBUG-XXX] op: 161, left: 1, right: 0
[DEBUG CODEGEN CALL] Generating call to: drop
[DEBUG CODEGEN CALL] Generating call to: npk_mem_write_int64
[DEBUG ASSIGNMENT] op=168, leftType=1 (POINTER_MEMBER=7)
[DEBUG CODEGEN CALL] Generating call to: drop
[DEBUG CODEGEN CALL] Generating call to: nitpick_libc_rwlock_unlock
[DEBUG CODEGEN CALL] Generating call to: npk_mem_read_int64
[DEBUG IR_GEN] Initializer generated for 'lm', value = 0x5b6c74f055b0
[DEBUG IR_GEN] InitVal type: 0x5b6c71992198
[DEBUG IR_GEN] Default builder.CreateStore for lm
[DEBUG CODEGEN CALL] Generating call to: npk_mem_read_int64
[DEBUG IR_GEN] Initializer generated for 'flushed_mt', value = 0x5b6c74e9e7b0
[DEBUG IR_GEN] InitVal type: 0x5b6c71992198
[DEBUG IR_GEN] Default builder.CreateStore for flushed_mt
[DEBUG CODEGEN CALL] Generating call to: drop
[DEBUG CODEGEN CALL] Generating call to: flush_memtable
[DEBUG CODEGEN CALL] Generating call to: lm_count_at_level
[DEBUG IR_GEN] Initializer generated for 'l0_count', value = 0x5b6c74e328f8
[DEBUG IR_GEN] InitVal type: 0x5b6c71992198
[DEBUG IR_GEN] Default builder.CreateStore for l0_count
[DEBUG CODEGEN CALL] Generating call to: npk_mem_read_int64
[DEBUG IR_GEN] Initializer generated for 'worker', value = 0x5b6c74e65440
[DEBUG IR_GEN] InitVal type: 0x5b6c71992198
[DEBUG IR_GEN] Default builder.CreateStore for worker
[DEBUG CODEGEN CALL] Generating call to: npk_mem_read_int64
[DEBUG IR_GEN] Initializer generated for 'ch', value = 0x5b6c74eebaf0
[DEBUG IR_GEN] InitVal type: 0x5b6c71992198
[DEBUG IR_GEN] Default builder.CreateStore for ch
[DEBUG CODEGEN CALL] Generating call to: drop
[DEBUG CODEGEN CALL] Generating call to: compaction_signal_l0
[DEBUG WHILE] Parsing condition for while loop. NodeType: 2
   BinaryOp Type: 179
[DEBUG CODEGEN CALL] Generating call to: drop
[DEBUG CODEGEN CALL] Generating call to expression.
[DEBUG CODEGEN CALL] Generating call to: Thread_sleep_ms
[DEBUG ASSIGNMENT] op=168, leftType=1 (POINTER_MEMBER=7)
[DEBUG CODEGEN CALL] Generating call to: lm_count_at_level
[DEBUG CODEGEN CALL] Generating call to: drop
[DEBUG CODEGEN CALL] Generating call to: nitpick_libc_rwlock_wrlock
[DEBUG CODEGEN CALL] Generating call to: npk_mem_read_int64
[DEBUG CODEGEN CALL] Generating call to: drop
[DEBUG CODEGEN CALL] Generating call to: npk_mem_write_int64
[DEBUG ASSIGNMENT] op=168, leftType=1 (POINTER_MEMBER=7)
[DEBUG CODEGEN CALL] Generating call to: npk_mem_read_int64
[DEBUG CODEGEN CALL] Generating call to: wal_next_seq
[DEBUG IR_GEN] Initializer generated for 'seq', value = 0x5b6c74e31508
[DEBUG IR_GEN] InitVal type: 0x5b6c71992198
[DEBUG IR_GEN] Default builder.CreateStore for seq
[DEBUG CODEGEN CALL] Generating call to: npk_mem_read_int64
[DEBUG IR_GEN] Initializer generated for 'sync_mode', value = 0x5b6c74eecf90
[DEBUG IR_GEN] InitVal type: 0x5b6c71992198
[DEBUG IR_GEN] Default builder.CreateStore for sync_mode
[DEBUG IR_GEN] Initializer generated for 'w_res', value = 0x5b6c74325da0
[DEBUG IR_GEN] InitVal type: 0x5b6c71992198
[DEBUG IR_GEN] Default builder.CreateStore for w_res
[DEBUG CODEGEN CALL] Generating call to: npk_mem_read_int64
[DEBUG IR_GEN] Initializer generated for 'wal_state', value = 0x5b6c74eed5e0
[DEBUG IR_GEN] InitVal type: 0x5b6c71992198
[DEBUG IR_GEN] Default builder.CreateStore for wal_state
[DEBUG ASSIGNMENT] op=168, leftType=1 (POINTER_MEMBER=7)
[DEBUG CODEGEN CALL] Generating call to: wal_batch_append_put
[DEBUG CODEGEN CALL] Generating call to: wal_batch_should_flush
[DEBUG IR_GEN] Initializer generated for 'should', value = 0x5b6c74e57438
[DEBUG IR_GEN] InitVal type: 0x5b6c71992198
[DEBUG IR_GEN] Default builder.CreateStore for should
[DEBUG CODEGEN CALL] Generating call to: drop
[DEBUG CODEGEN CALL] Generating call to: wal_batch_flush
[DEBUG ASSIGNMENT] op=168, leftType=1 (POINTER_MEMBER=7)
[DEBUG CODEGEN CALL] Generating call to: wal_append_put
[DEBUG CODEGEN CALL] Generating call to: drop
[DEBUG CODEGEN CALL] Generating call to: nitpick_libc_rwlock_unlock
[DEBUG IR_GEN] Initializer generated for 'mt_val_ptr', value = 0x5b6c74325da0
[DEBUG IR_GEN] InitVal type: 0x5b6c71992198
[DEBUG IR_GEN] Default builder.CreateStore for mt_val_ptr
[DEBUG ASSIGNMENT] op=168, leftType=1 (POINTER_MEMBER=7)
[DEBUG CODEGEN CALL] Generating call to: npk_core_alloc
[DEBUG CODEGEN CALL] Generating call to: drop
[DEBUG CODEGEN CALL] Generating call to: npk_mem_copy
[DEBUG CODEGEN CALL] Generating call to: mt_put
[DEBUG IR_GEN] Initializer generated for 'm_res', value = 0x5b6c74e01bf8
[DEBUG IR_GEN] InitVal type: 0x5b6c71992198
[DEBUG IR_GEN] Default builder.CreateStore for m_res
[DEBUG CODEGEN CALL] Generating call to: drop
[DEBUG CODEGEN CALL] Generating call to: nitpick_libc_rwlock_unlock
[DEBUG CODEGEN CALL] Generating call to: npk_mem_read_int64
[DEBUG IR_GEN] Initializer generated for 'lock', value = 0x5b6c74e17b60
[DEBUG IR_GEN] InitVal type: 0x5b6c71992198
[DEBUG IR_GEN] Default builder.CreateStore for lock
[DEBUG CODEGEN CALL] Generating call to: drop
[DEBUG CODEGEN CALL] Generating call to: nitpick_libc_rwlock_wrlock
[DEBUG CODEGEN CALL] Generating call to: npk_mem_read_int64
[DEBUG IR_GEN] Initializer generated for 'wal_fd', value = 0x5b6c74e15a90
[DEBUG IR_GEN] InitVal type: 0x5b6c71992198
[DEBUG IR_GEN] Default builder.CreateStore for wal_fd
[DEBUG CODEGEN CALL] Generating call to: npk_mem_read_int64
[DEBUG IR_GEN] Initializer generated for 'active_mt', value = 0x5b6c74ddba50
[DEBUG IR_GEN] InitVal type: 0x5b6c71992198
[DEBUG IR_GEN] Default builder.CreateStore for active_mt
[DEBUG CODEGEN CALL] Generating call to: wal_next_seq
[DEBUG IR_GEN] Initializer generated for 'seq', value = 0x5b6c74f2d468
[DEBUG IR_GEN] InitVal type: 0x5b6c71992198
[DEBUG IR_GEN] Default builder.CreateStore for seq
[DEBUG CODEGEN CALL] Generating call to: npk_mem_read_int64
[DEBUG IR_GEN] Initializer generated for 'sync_mode', value = 0x5b6c74e18420
[DEBUG IR_GEN] InitVal type: 0x5b6c71992198
[DEBUG IR_GEN] Default builder.CreateStore for sync_mode
[DEBUG IR_GEN] Initializer generated for 'w_res', value = 0x5b6c74325da0
[DEBUG IR_GEN] InitVal type: 0x5b6c71992198
[DEBUG IR_GEN] Default builder.CreateStore for w_res
[DEBUG CODEGEN CALL] Generating call to: npk_mem_read_int64
[DEBUG IR_GEN] Initializer generated for 'wal_state', value = 0x5b6c74e390a0
[DEBUG IR_GEN] InitVal type: 0x5b6c71992198
[DEBUG IR_GEN] Default builder.CreateStore for wal_state
[DEBUG ASSIGNMENT] op=168, leftType=1 (POINTER_MEMBER=7)
[DEBUG CODEGEN CALL] Generating call to: wal_batch_append_delete
[DEBUG CODEGEN CALL] Generating call to: wal_batch_should_flush
[DEBUG IR_GEN] Initializer generated for 'should', value = 0x5b6c74e257a8
[DEBUG IR_GEN] InitVal type: 0x5b6c71992198
[DEBUG IR_GEN] Default builder.CreateStore for should
[DEBUG CODEGEN CALL] Generating call to: drop
[DEBUG CODEGEN CALL] Generating call to: wal_batch_flush
[DEBUG ASSIGNMENT] op=168, leftType=1 (POINTER_MEMBER=7)
[DEBUG CODEGEN CALL] Generating call to: wal_append_delete
[DEBUG CODEGEN CALL] Generating call to: drop
[DEBUG CODEGEN CALL] Generating call to: nitpick_libc_rwlock_unlock
[DEBUG CODEGEN CALL] Generating call to: mt_delete
[DEBUG IR_GEN] Initializer generated for 'm_res', value = 0x5b6c747828b8
[DEBUG IR_GEN] InitVal type: 0x5b6c71992198
[DEBUG IR_GEN] Default builder.CreateStore for m_res
[DEBUG CODEGEN CALL] Generating call to: drop
[DEBUG CODEGEN CALL] Generating call to: nitpick_libc_rwlock_unlock
[DEBUG CODEGEN CALL] Generating call to: npk_mem_read_int64
[DEBUG CODEGEN CALL] Generating call to: npk_mem_read_int64
[DEBUG CODEGEN CALL] Generating call to: npk_mem_read_int64
[DEBUG IR_GEN] Initializer generated for 'frozen_mt', value = 0x5b6c74ea2e00
[DEBUG IR_GEN] InitVal type: 0x5b6c71992198
[DEBUG IR_GEN] Default builder.CreateStore for frozen_mt
[DEBUG CODEGEN CALL] Generating call to: drop
[DEBUG CODEGEN CALL] Generating call to: mt_destroy
[DEBUG CODEGEN CALL] Generating call to: drop
[DEBUG CODEGEN CALL] Generating call to: npk_mem_write_int64
[DEBUG CODEGEN CALL] Generating call to: npk_mem_read_int64
[DEBUG CODEGEN CALL] Generating call to: npk_mem_read_int64
[DEBUG IR_GEN] Initializer generated for 'wal_fd', value = 0x5b6c74dbdf00
[DEBUG IR_GEN] InitVal type: 0x5b6c71992198
[DEBUG IR_GEN] Default builder.CreateStore for wal_fd
[DEBUG CODEGEN CALL] Generating call to: npk_mem_read_int64
[DEBUG IR_GEN] Initializer generated for 'sync_mode', value = 0x5b6c74dbc400
[DEBUG IR_GEN] InitVal type: 0x5b6c71992198
[DEBUG IR_GEN] Default builder.CreateStore for sync_mode
[DEBUG CODEGEN CALL] Generating call to: npk_mem_read_int64
[DEBUG IR_GEN] Initializer generated for 'wal_state', value = 0x5b6c74e5d860
[DEBUG IR_GEN] InitVal type: 0x5b6c71992198
[DEBUG IR_GEN] Default builder.CreateStore for wal_state
[DEBUG CODEGEN CALL] Generating call to: drop
[DEBUG CODEGEN CALL] Generating call to: wal_batch_flush
[DEBUG CODEGEN CALL] Generating call to: drop
[DEBUG CODEGEN CALL] Generating call to: wal_sync
[DEBUG CODEGEN CALL] Generating call to: drop
[DEBUG CODEGEN CALL] Generating call to: wal_close
[DEBUG CODEGEN CALL] Generating call to: npk_mem_read_int64
[DEBUG IR_GEN] Initializer generated for 'active_mt', value = 0x5b6c74e54390
[DEBUG IR_GEN] InitVal type: 0x5b6c71992198
[DEBUG IR_GEN] Default builder.CreateStore for active_mt
[DEBUG CODEGEN CALL] Generating call to: drop
[DEBUG CODEGEN CALL] Generating call to: mt_destroy
[DEBUG CODEGEN CALL] Generating call to: drop
[DEBUG CODEGEN CALL] Generating call to: wp_clear_frozen
[DEBUG CODEGEN CALL] Generating call to: npk_mem_read_int64
[DEBUG IR_GEN] Initializer generated for 'worker', value = 0x5b6c74e54730
[DEBUG IR_GEN] InitVal type: 0x5b6c71992198
[DEBUG IR_GEN] Default builder.CreateStore for worker
[DEBUG CODEGEN CALL] Generating call to: npk_mem_read_int64
[DEBUG IR_GEN] Initializer generated for 'ch', value = 0x5b6c74f05300
[DEBUG IR_GEN] InitVal type: 0x5b6c71992198
[DEBUG IR_GEN] Default builder.CreateStore for ch
[DEBUG CODEGEN CALL] Generating call to: npk_mem_read_int64
[DEBUG IR_GEN] Initializer generated for 'tid', value = 0x5b6c74ed6c20
[DEBUG IR_GEN] InitVal type: 0x5b6c71992198
[DEBUG IR_GEN] Default builder.CreateStore for tid
[DEBUG CODEGEN CALL] Generating call to: npk_mem_read_int64
[DEBUG IR_GEN] Initializer generated for 'ctx', value = 0x5b6c74ed6f50
[DEBUG IR_GEN] InitVal type: 0x5b6c71992198
[DEBUG IR_GEN] Default builder.CreateStore for ctx
[DEBUG CODEGEN CALL] Generating call to: drop
[DEBUG CODEGEN CALL] Generating call to: compaction_signal_shutdown
[DEBUG CODEGEN CALL] Generating call to: drop
[DEBUG CODEGEN CALL] Generating call to expression.
[DEBUG CODEGEN CALL] Generating call to: Thread_sleep_ms
[DEBUG CODEGEN CALL] Generating call to: drop
[DEBUG CODEGEN CALL] Generating call to expression.
[DEBUG CODEGEN CALL] Generating call to: Thread_join
[DEBUG CODEGEN CALL] Generating call to: drop
[DEBUG CODEGEN CALL] Generating call to expression.
[DEBUG CODEGEN CALL] Generating call to: Channel_close
[DEBUG CODEGEN CALL] Generating call to: drop
[DEBUG CODEGEN CALL] Generating call to expression.
[DEBUG CODEGEN CALL] Generating call to: Channel_destroy
[DEBUG CODEGEN CALL] Generating call to: drop
[DEBUG CODEGEN CALL] Generating call to: npk_core_dalloc
[DEBUG CODEGEN CALL] Generating call to: drop
[DEBUG CODEGEN CALL] Generating call to: npk_core_dalloc
[DEBUG CODEGEN CALL] Generating call to: npk_mem_read_int64
[DEBUG IR_GEN] Initializer generated for 'lm', value = 0x5b6c74e27150
[DEBUG IR_GEN] InitVal type: 0x5b6c71992198
[DEBUG IR_GEN] Default builder.CreateStore for lm
[DEBUG CODEGEN CALL] Generating call to: drop
[DEBUG CODEGEN CALL] Generating call to: lm_destroy
[DEBUG CODEGEN CALL] Generating call to: drop
[DEBUG CODEGEN CALL] Generating call to: npk_core_dalloc
[DEBUG CODEGEN CALL] Generating call to: npk_mem_read_int64
[DEBUG IR_GEN] Initializer generated for 'lock', value = 0x5b6c74e27c80
[DEBUG IR_GEN] InitVal type: 0x5b6c71992198
[DEBUG IR_GEN] Default builder.CreateStore for lock
[DEBUG CODEGEN CALL] Generating call to: drop
[DEBUG CODEGEN CALL] Generating call to: nitpick_libc_rwlock_wrlock
[DEBUG CODEGEN CALL] Generating call to: npk_mem_read_int64
[DEBUG IR_GEN] Initializer generated for 'wal_fd', value = 0x5b6c74e508a0
[DEBUG IR_GEN] InitVal type: 0x5b6c71992198
[DEBUG IR_GEN] Default builder.CreateStore for wal_fd
[DEBUG CODEGEN CALL] Generating call to: npk_mem_read_int64
[DEBUG IR_GEN] Initializer generated for 'wal_state', value = 0x5b6c74e50c80
[DEBUG IR_GEN] InitVal type: 0x5b6c71992198
[DEBUG IR_GEN] Default builder.CreateStore for wal_state
[DEBUG CODEGEN CALL] Generating call to: drop
[DEBUG CODEGEN CALL] Generating call to: wal_batch_flush
[DEBUG CODEGEN CALL] Generating call to: drop
[DEBUG CODEGEN CALL] Generating call to: nitpick_libc_rwlock_unlock
[DEBUG CODEGEN CALL] Generating call to: npk_core_alloc
[DEBUG IR_GEN] Initializer generated for 'arena_ptr', value = 0x5b6c74e8a280
[DEBUG IR_GEN] InitVal type: 0x5b6c71992198
[DEBUG IR_GEN] Default builder.CreateStore for arena_ptr
[DEBUG CODEGEN CALL] Generating call to: npk_core_alloc
[DEBUG IR_GEN] Initializer generated for 'data', value = 0x5b6c74e8a9e0
[DEBUG IR_GEN] InitVal type: 0x5b6c71992198
[DEBUG IR_GEN] Default builder.CreateStore for data
[DEBUG CODEGEN CALL] Generating call to: drop
[DEBUG CODEGEN CALL] Generating call to: npk_core_dalloc
[DEBUG CODEGEN CALL] Generating call to: drop
[DEBUG CODEGEN CALL] Generating call to: npk_mem_write_int64
[DEBUG CODEGEN CALL] Generating call to: drop
[DEBUG CODEGEN CALL] Generating call to: npk_mem_write_int64
[DEBUG CODEGEN CALL] Generating call to: drop
[DEBUG CODEGEN CALL] Generating call to: npk_mem_write_int64
[DEBUG CODEGEN CALL] Generating call to: npk_mem_read_int64
[DEBUG IR_GEN] Initializer generated for 'capacity', value = 0x5b6c74ee3a60
[DEBUG IR_GEN] InitVal type: 0x5b6c71992198
[DEBUG IR_GEN] Default builder.CreateStore for capacity
[DEBUG CODEGEN CALL] Generating call to: npk_mem_read_int64
[DEBUG IR_GEN] Initializer generated for 'cursor', value = 0x5b6c74ee3cc0
[DEBUG IR_GEN] InitVal type: 0x5b6c71992198
[DEBUG IR_GEN] Default builder.CreateStore for cursor
[DEBUG IR_GEN] Initializer generated for 'aligned_size', value = 0x5b6c74ee3e60
[DEBUG IR_GEN] InitVal type: 0x5b6c71992198
[DEBUG IR_GEN] Default builder.CreateStore for aligned_size
[DEBUG IR_GEN] Initializer generated for 'rem', value = 0x5b6c74ee42f0
[DEBUG IR_GEN] InitVal type: 0x5b6c71992198
[DEBUG IR_GEN] Default builder.CreateStore for rem
[DEBUG ASSIGNMENT] op=168, leftType=1 (POINTER_MEMBER=7)
[DEBUG CODEGEN CALL] Generating call to: npk_mem_read_int64
[DEBUG IR_GEN] Initializer generated for 'data', value = 0x5b6c74e9cf40
[DEBUG IR_GEN] InitVal type: 0x5b6c71992198
[DEBUG IR_GEN] Default builder.CreateStore for data
[DEBUG IR_GEN] Initializer generated for 'alloc_ptr', value = 0x5b6c74e9d280
[DEBUG IR_GEN] InitVal type: 0x5b6c71992198
[DEBUG IR_GEN] Default builder.CreateStore for alloc_ptr
[DEBUG CODEGEN CALL] Generating call to: drop
[DEBUG CODEGEN CALL] Generating call to: npk_mem_write_int64
[DEBUG-XXX] op: 161, left: 1, right: 1
[DEBUG CODEGEN CALL] Generating call to: drop
[DEBUG CODEGEN CALL] Generating call to: npk_mem_set
[DEBUG CODEGEN CALL] Generating call to: npk_mem_read_int64
[DEBUG IR_GEN] Initializer generated for 'data', value = 0x5b6c74e85e60
[DEBUG IR_GEN] InitVal type: 0x5b6c71992198
[DEBUG IR_GEN] Default builder.CreateStore for data
[DEBUG CODEGEN CALL] Generating call to: drop
[DEBUG CODEGEN CALL] Generating call to: npk_core_dalloc
[DEBUG CODEGEN CALL] Generating call to: drop
[DEBUG CODEGEN CALL] Generating call to: npk_core_dalloc
[DEBUG CODEGEN CALL] Generating call to: string_length
[DEBUG IR_GEN] Initializer generated for 'b_len', value = 0x5b6c74e4b7c0
[DEBUG IR_GEN] InitVal type: 0x5b6c71992198
[DEBUG IR_GEN] Default builder.CreateStore for b_len
[DEBUG CODEGEN CALL] Generating call to: string_to_cstr
[DEBUG IR_GEN] Initializer generated for 'b_data', value = 0x5b6c7494d010
[DEBUG IR_GEN] InitVal type: 0x5b6c71992198
[DEBUG IR_GEN] Default builder.CreateStore for b_data
[DEBUG CODEGEN CALL] Generating call to: npk_mem_compare
[DEBUG IR_GEN] Initializer generated for 'res', value = 0x5b6c74e262b0
[DEBUG IR_GEN] InitVal type: 0x5b6c71992198
[DEBUG IR_GEN] Default builder.CreateStore for res
[DEBUG CODEGEN CALL] Generating call to: drop
[DEBUG CODEGEN CALL] Generating call to: npk_core_dalloc
[DEBUG CODEGEN CALL] Generating call to: npk_mem_read_byte
[DEBUG IR_GEN] Initializer generated for 'ca_end', value = 0x5b6c74e85950
[DEBUG IR_GEN] InitVal type: 0x5b6c71992150
[DEBUG IR_GEN] Default builder.CreateStore for ca_end
[DEBUG IR_GEN] Initializer generated for 'query', value = 0x5b6c74e51b50
[DEBUG IR_GEN] InitVal type: 0x5b6c746f0df0
[DEBUG IR_GEN] Default builder.CreateStore for query
[DEBUG IR_GEN] Initializer generated for 'obj_ptr', value = 0x5b6c74d82800
[DEBUG IR_GEN] InitVal type: 0x5b6c71992198
[DEBUG IR_GEN] Default builder.CreateStore for obj_ptr
[DEBUG CODEGEN CALL] Generating call to: npk_mem_read_int32
[DEBUG IR_GEN] Initializer generated for 'count', value = 0x5b6c74e85bf0
[DEBUG IR_GEN] InitVal type: 0x5b6c71992198
[DEBUG IR_GEN] Default builder.CreateStore for count
[DEBUG CODEGEN CALL] Generating call to: npk_mem_read_int64
[DEBUG IR_GEN] Initializer generated for 'keys_ptr', value = 0x5b6c74dc3530
[DEBUG IR_GEN] InitVal type: 0x5b6c71992198
[DEBUG IR_GEN] Default builder.CreateStore for keys_ptr
[DEBUG CODEGEN CALL] Generating call to: npk_mem_read_int64
[DEBUG IR_GEN] Initializer generated for 'vals_ptr', value = 0x5b6c74db47f0
[DEBUG IR_GEN] InitVal type: 0x5b6c71992198
[DEBUG IR_GEN] Default builder.CreateStore for vals_ptr
[DEBUG CODEGEN CALL] Generating call to: npk_mem_read_int64
[DEBUG IR_GEN] Initializer generated for 'key0_ptr', value = 0x5b6c74e22ea0
[DEBUG IR_GEN] InitVal type: 0x5b6c71992198
[DEBUG IR_GEN] Default builder.CreateStore for key0_ptr
[DEBUG CODEGEN CALL] Generating call to: npk_mem_read_int64
[DEBUG IR_GEN] Initializer generated for 'val0_ptr', value = 0x5b6c74e2bd10
[DEBUG IR_GEN] InitVal type: 0x5b6c71992198
[DEBUG IR_GEN] Default builder.CreateStore for val0_ptr
[DEBUG CODEGEN CALL] Generating call to: npk_mem_read_byte
[DEBUG CODEGEN CALL] Generating call to: npk_mem_read_int64
[DEBUG IR_GEN] Initializer generated for 'k0_elem', value = 0x5b6c74e1a920
[DEBUG IR_GEN] InitVal type: 0x5b6c74933c90
[DEBUG IR_GEN] Default builder.CreateStore for k0_elem
[DEBUG CODEGEN CALL] Generating call to: npk_mem_read_byte
[DEBUG CODEGEN CALL] Generating call to: npk_mem_read_int64
[DEBUG IR_GEN] Initializer generated for 'v0_elem', value = 0x5b6c74e2de50
[DEBUG IR_GEN] InitVal type: 0x5b6c74933c90
[DEBUG IR_GEN] Default builder.CreateStore for v0_elem
[DEBUG CODEGEN CALL] Generating call to: npk_mem_read_int64
[DEBUG IR_GEN] Initializer generated for 'k0_str_ptr', value = 0x5b6c74e645a0
[DEBUG IR_GEN] InitVal type: 0x5b6c71992198
[DEBUG IR_GEN] Default builder.CreateStore for k0_str_ptr
[DEBUG CODEGEN CALL] Generating call to: raw
[DEBUG CODEGEN CALL] Generating call to: ast_arena_alloc
[DEBUG IR_GEN] Initializer generated for 'node_ptr', value = 0x5b6c74e022d0
[DEBUG IR_GEN] InitVal type: 0x5b6c71992198
[DEBUG IR_GEN] Default builder.CreateStore for node_ptr
[DEBUG CODEGEN CALL] Generating call to: raw
[DEBUG CODEGEN CALL] Generating call to: streq
[DEBUG CODEGEN CALL] Generating call to: raw
[DEBUG CODEGEN CALL] Generating call to: streq
[DEBUG CODEGEN CALL] Generating call to: raw
[DEBUG CODEGEN CALL] Generating call to: streq
[DEBUG CODEGEN CALL] Generating call to: drop
[DEBUG CODEGEN CALL] Generating call to: npk_mem_write_byte
[DEBUG CODEGEN CALL] Generating call to: drop
[DEBUG CODEGEN CALL] Generating call to: npk_mem_write_byte
[DEBUG IR_GEN] Initializer generated for 'arr_ptr', value = 0x5b6c74f02ca0
[DEBUG IR_GEN] InitVal type: 0x5b6c71992198
[DEBUG IR_GEN] Default builder.CreateStore for arr_ptr
[DEBUG CODEGEN CALL] Generating call to: npk_mem_read_int32
[DEBUG IR_GEN] Initializer generated for 'arr_count', value = 0x5b6c74eddc00
[DEBUG IR_GEN] InitVal type: 0x5b6c71992198
[DEBUG IR_GEN] Default builder.CreateStore for arr_count
[DEBUG CODEGEN CALL] Generating call to: npk_mem_read_int64
[DEBUG IR_GEN] Initializer generated for 'arr_handles', value = 0x5b6c74eba4c0
[DEBUG IR_GEN] InitVal type: 0x5b6c71992198
[DEBUG IR_GEN] Default builder.CreateStore for arr_handles
[DEBUG CODEGEN CALL] Generating call to: drop
[DEBUG CODEGEN CALL] Generating call to: npk_mem_write_int32
[DEBUG CODEGEN CALL] Generating call to: raw
[DEBUG CODEGEN CALL] Generating call to: ast_arena_alloc
[DEBUG-BINARY] op=163 leftType=1 rightType=0 leftNumType= rightNumType=
[DEBUG-XXX] op: 163, left: 1, right: 0
[DEBUG IR_GEN] Initializer generated for 'children_ptr', value = 0x5b6c74eba9b0
[DEBUG IR_GEN] InitVal type: 0x5b6c71992198
[DEBUG IR_GEN] Default builder.CreateStore for children_ptr
[DEBUG CODEGEN CALL] Generating call to: drop
[DEBUG CODEGEN CALL] Generating call to: npk_mem_write_int64
[DEBUG CODEGEN CALL] Generating call to: drop
[DEBUG CODEGEN CALL] Generating call to: npk_mem_write_int64
[DEBUG IR_GEN] Initializer generated for 'i', value = 0x5b6c74325da0
[DEBUG IR_GEN] InitVal type: 0x5b6c71992198
[DEBUG IR_GEN] Default builder.CreateStore for i
[DEBUG WHILE] Parsing condition for while loop. NodeType: 2
   BinaryOp Type: 176
[DEBUG CODEGEN CALL] Generating call to: npk_mem_read_int64
[DEBUG-BINARY] op=163 leftType=1 rightType=0 leftNumType= rightNumType=
[DEBUG-XXX] op: 163, left: 1, right: 0
[DEBUG IR_GEN] Initializer generated for 'child_val_ptr', value = 0x5b6c74eb83c0
[DEBUG IR_GEN] InitVal type: 0x5b6c71992198
[DEBUG IR_GEN] Default builder.CreateStore for child_val_ptr
[DEBUG CODEGEN CALL] Generating call to: npk_mem_read_byte
[DEBUG CODEGEN CALL] Generating call to: npk_mem_read_int64
[DEBUG IR_GEN] Initializer generated for 'child_elem', value = 0x5b6c74eb8db0
[DEBUG IR_GEN] InitVal type: 0x5b6c74933c90
[DEBUG IR_GEN] Default builder.CreateStore for child_elem
[DEBUG CODEGEN CALL] Generating call to: raw
[DEBUG CODEGEN CALL] Generating call to: parse_filter
[DEBUG-XXX] op: 161, left: 1, right: 0
[DEBUG IR_GEN] Initializer generated for 'child_node', value = 0x5b6c74eb92e0
[DEBUG IR_GEN] InitVal type: 0x5b6c71992198
[DEBUG IR_GEN] Default builder.CreateStore for child_node
[DEBUG CODEGEN CALL] Generating call to: drop
[DEBUG CODEGEN CALL] Generating call to: npk_mem_write_int64
[DEBUG-BINARY] op=163 leftType=1 rightType=0 leftNumType= rightNumType=
[DEBUG-XXX] op: 163, left: 1, right: 0
[DEBUG ASSIGNMENT] op=168, leftType=1 (POINTER_MEMBER=7)
[DEBUG CODEGEN CALL] Generating call to: drop
[DEBUG CODEGEN CALL] Generating call to: npk_mem_write_int64
[DEBUG IR_GEN] Initializer generated for 'inner_obj_ptr', value = 0x5b6c74efdda0
[DEBUG IR_GEN] InitVal type: 0x5b6c71992198
[DEBUG IR_GEN] Default builder.CreateStore for inner_obj_ptr
[DEBUG CODEGEN CALL] Generating call to: npk_mem_read_int32
[DEBUG IR_GEN] Initializer generated for 'icount', value = 0x5b6c74e2eb20
[DEBUG IR_GEN] InitVal type: 0x5b6c71992198
[DEBUG IR_GEN] Default builder.CreateStore for icount
[DEBUG CODEGEN CALL] Generating call to: npk_mem_read_int64
[DEBUG IR_GEN] Initializer generated for 'ikeys', value = 0x5b6c74ce78a0
[DEBUG IR_GEN] InitVal type: 0x5b6c71992198
[DEBUG IR_GEN] Default builder.CreateStore for ikeys
[DEBUG CODEGEN CALL] Generating call to: npk_mem_read_int64
[DEBUG IR_GEN] Initializer generated for 'ivals', value = 0x5b6c74ce7c40
[DEBUG IR_GEN] InitVal type: 0x5b6c71992198
[DEBUG IR_GEN] Default builder.CreateStore for ivals
[DEBUG CODEGEN CALL] Generating call to: npk_mem_read_int64
[DEBUG IR_GEN] Initializer generated for 'ik0', value = 0x5b6c74ce7fe0
[DEBUG IR_GEN] InitVal type: 0x5b6c71992198
[DEBUG IR_GEN] Default builder.CreateStore for ik0
[DEBUG CODEGEN CALL] Generating call to: npk_mem_read_int64
[DEBUG IR_GEN] Initializer generated for 'iv0', value = 0x5b6c74ce8380
[DEBUG IR_GEN] InitVal type: 0x5b6c71992198
[DEBUG IR_GEN] Default builder.CreateStore for iv0
[DEBUG CODEGEN CALL] Generating call to: npk_mem_read_byte
[DEBUG CODEGEN CALL] Generating call to: npk_mem_read_int64
[DEBUG IR_GEN] Initializer generated for 'ik0_elem', value = 0x5b6c74ce8da0
[DEBUG IR_GEN] InitVal type: 0x5b6c74933c90
[DEBUG IR_GEN] Default builder.CreateStore for ik0_elem
[DEBUG CODEGEN CALL] Generating call to: npk_mem_read_byte
[DEBUG CODEGEN CALL] Generating call to: npk_mem_read_int64
[DEBUG IR_GEN] Initializer generated for 'iv0_elem', value = 0x5b6c74ce97f0
[DEBUG IR_GEN] InitVal type: 0x5b6c74933c90
[DEBUG IR_GEN] Default builder.CreateStore for iv0_elem
[DEBUG CODEGEN CALL] Generating call to: npk_mem_read_int64
[DEBUG IR_GEN] Initializer generated for 'ik0_str_ptr', value = 0x5b6c74d29f70
[DEBUG IR_GEN] InitVal type: 0x5b6c71992198
[DEBUG IR_GEN] Default builder.CreateStore for ik0_str_ptr
[DEBUG CODEGEN CALL] Generating call to: raw
[DEBUG CODEGEN CALL] Generating call to: streq
[DEBUG CODEGEN CALL] Generating call to: drop
[DEBUG CODEGEN CALL] Generating call to: npk_mem_write_byte
[DEBUG CODEGEN CALL] Generating call to: raw
[DEBUG CODEGEN CALL] Generating call to: streq
[DEBUG CODEGEN CALL] Generating call to: drop
[DEBUG CODEGEN CALL] Generating call to: npk_mem_write_byte
[DEBUG CODEGEN CALL] Generating call to: raw
[DEBUG CODEGEN CALL] Generating call to: streq
[DEBUG CODEGEN CALL] Generating call to: drop
[DEBUG CODEGEN CALL] Generating call to: npk_mem_write_byte
[DEBUG CODEGEN CALL] Generating call to: raw
[DEBUG CODEGEN CALL] Generating call to: streq
[DEBUG CODEGEN CALL] Generating call to: drop
[DEBUG CODEGEN CALL] Generating call to: npk_mem_write_byte
[DEBUG CODEGEN CALL] Generating call to: drop
[DEBUG CODEGEN CALL] Generating call to: npk_mem_write_byte
[DEBUG CODEGEN CALL] Generating call to: drop
[DEBUG CODEGEN CALL] Generating call to: npk_mem_write_byte
[DEBUG CODEGEN CALL] Generating call to: drop
[DEBUG CODEGEN CALL] Generating call to: npk_mem_write_int64
[DEBUG CODEGEN CALL] Generating call to: drop
[DEBUG CODEGEN CALL] Generating call to: npk_mem_write_byte
[DEBUG CODEGEN CALL] Generating call to: drop
[DEBUG CODEGEN CALL] Generating call to: npk_mem_write_byte
[DEBUG CODEGEN CALL] Generating call to: drop
[DEBUG CODEGEN CALL] Generating call to: npk_mem_write_int64
[DEBUG CODEGEN CALL] Generating call to: drop
[DEBUG CODEGEN CALL] Generating call to: npk_mem_write_byte
[DEBUG CODEGEN CALL] Generating call to: drop
[DEBUG CODEGEN CALL] Generating call to: npk_mem_write_byte
[DEBUG CODEGEN CALL] Generating call to: drop
[DEBUG CODEGEN CALL] Generating call to: npk_mem_write_int64
[DEBUG CODEGEN CALL] Generating call to: drop
[DEBUG CODEGEN CALL] Generating call to: npk_mem_write_byte
[DEBUG CODEGEN CALL] Generating call to: drop
[DEBUG CODEGEN CALL] Generating call to: npk_mem_write_byte
[DEBUG CODEGEN CALL] Generating call to: drop
[DEBUG CODEGEN CALL] Generating call to: npk_mem_write_int64
[DEBUG IR_GEN] Initializer generated for 'i', value = 0x5b6c74325da0
[DEBUG IR_GEN] InitVal type: 0x5b6c71992198
[DEBUG IR_GEN] Default builder.CreateStore for i
[DEBUG WHILE] Parsing condition for while loop. NodeType: 2
   BinaryOp Type: 176
[DEBUG CODEGEN CALL] Generating call to: npk_mem_read_byte
[DEBUG IR_GEN] Initializer generated for 'ca', value = 0x5b6c74e39430
[DEBUG IR_GEN] InitVal type: 0x5b6c71992150
[DEBUG IR_GEN] Default builder.CreateStore for ca
[DEBUG CODEGEN CALL] Generating call to: npk_mem_read_byte
[DEBUG IR_GEN] Initializer generated for 'cb', value = 0x5b6c74bcef10
[DEBUG IR_GEN] InitVal type: 0x5b6c71992150
[DEBUG IR_GEN] Default builder.CreateStore for cb
[DEBUG ASSIGNMENT] op=168, leftType=1 (POINTER_MEMBER=7)
[DEBUG CODEGEN CALL] Generating call to: npk_mem_read_byte
[DEBUG IR_GEN] Initializer generated for 'ca_end', value = 0x5b6c74e9a1e0
[DEBUG IR_GEN] InitVal type: 0x5b6c71992150
[DEBUG IR_GEN] Default builder.CreateStore for ca_end
[DEBUG IR_GEN] Initializer generated for 'len', value = 0x5b6c74325da0
[DEBUG IR_GEN] InitVal type: 0x5b6c71992198
[DEBUG IR_GEN] Default builder.CreateStore for len
[DEBUG WHILE] Parsing condition for while loop. NodeType: 0
[DEBUG CODEGEN CALL] Generating call to: npk_mem_read_byte
[DEBUG IR_GEN] Initializer generated for 'c', value = 0x5b6c74e53d80
[DEBUG IR_GEN] InitVal type: 0x5b6c71992150
[DEBUG IR_GEN] Default builder.CreateStore for c
[DEBUG ASSIGNMENT] op=168, leftType=1 (POINTER_MEMBER=7)
[DEBUG CODEGEN CALL] Generating call to: raw
[DEBUG CODEGEN CALL] Generating call to: json_make_null
[DEBUG CODEGEN CALL] Generating call to: raw
[DEBUG CODEGEN CALL] Generating call to: json_make_null
[DEBUG CODEGEN CALL] Generating call to: raw
[DEBUG CODEGEN CALL] Generating call to: path_segment_len
[DEBUG IR_GEN] Initializer generated for 'seg_len', value = 0x5b6c74d2b8d0
[DEBUG IR_GEN] InitVal type: 0x5b6c71992198
[DEBUG IR_GEN] Default builder.CreateStore for seg_len
[DEBUG CODEGEN CALL] Generating call to: raw
[DEBUG CODEGEN CALL] Generating call to: json_make_null
[DEBUG CODEGEN CALL] Generating call to: npk_mem_read_byte
[DEBUG IR_GEN] Initializer generated for 'doc_type', value = 0x5b6c74e21630
[DEBUG IR_GEN] InitVal type: 0x5b6c71992150
[DEBUG IR_GEN] Default builder.CreateStore for doc_type
[DEBUG CODEGEN CALL] Generating call to: raw
[DEBUG CODEGEN CALL] Generating call to: json_make_null
[DEBUG CODEGEN CALL] Generating call to: npk_mem_read_int64
[DEBUG IR_GEN] Initializer generated for 'obj_ptr', value = 0x5b6c74efdb50
[DEBUG IR_GEN] InitVal type: 0x5b6c71992198
[DEBUG IR_GEN] Default builder.CreateStore for obj_ptr
[DEBUG CODEGEN CALL] Generating call to: npk_mem_read_int32
[DEBUG IR_GEN] Initializer generated for 'count', value = 0x5b6c74e75cf0
[DEBUG IR_GEN] InitVal type: 0x5b6c71992198
[DEBUG IR_GEN] Default builder.CreateStore for count
[DEBUG CODEGEN CALL] Generating call to: npk_mem_read_int64
[DEBUG IR_GEN] Initializer generated for 'keys_ptr', value = 0x5b6c74deec60
[DEBUG IR_GEN] InitVal type: 0x5b6c71992198
[DEBUG IR_GEN] Default builder.CreateStore for keys_ptr
[DEBUG CODEGEN CALL] Generating call to: npk_mem_read_int64
[DEBUG IR_GEN] Initializer generated for 'vals_ptr', value = 0x5b6c74ee9980
[DEBUG IR_GEN] InitVal type: 0x5b6c71992198
[DEBUG IR_GEN] Default builder.CreateStore for vals_ptr
[DEBUG IR_GEN] Initializer generated for 'i', value = 0x5b6c74325da0
[DEBUG IR_GEN] InitVal type: 0x5b6c71992198
[DEBUG IR_GEN] Default builder.CreateStore for i
[DEBUG WHILE] Parsing condition for while loop. NodeType: 2
   BinaryOp Type: 176
[DEBUG CODEGEN CALL] Generating call to: npk_mem_read_int64
[DEBUG-BINARY] op=163 leftType=1 rightType=0 leftNumType= rightNumType=
[DEBUG-XXX] op: 163, left: 1, right: 0
[DEBUG IR_GEN] Initializer generated for 'k_ptr', value = 0x5b6c74eddaf0
[DEBUG IR_GEN] InitVal type: 0x5b6c71992198
[DEBUG IR_GEN] Default builder.CreateStore for k_ptr
[DEBUG CODEGEN CALL] Generating call to: npk_mem_read_int64
[DEBUG-BINARY] op=163 leftType=1 rightType=0 leftNumType= rightNumType=
[DEBUG-XXX] op: 163, left: 1, right: 0
[DEBUG IR_GEN] Initializer generated for 'v_ptr', value = 0x5b6c74e78d40
[DEBUG IR_GEN] InitVal type: 0x5b6c71992198
[DEBUG IR_GEN] Default builder.CreateStore for v_ptr
[DEBUG CODEGEN CALL] Generating call to: npk_mem_read_byte
[DEBUG IR_GEN] Initializer generated for 'k_type', value = 0x5b6c74eaa9f0
[DEBUG IR_GEN] InitVal type: 0x5b6c71992150
[DEBUG IR_GEN] Default builder.CreateStore for k_type
[DEBUG CODEGEN CALL] Generating call to: npk_mem_read_int64
[DEBUG IR_GEN] Initializer generated for 'k_payload', value = 0x5b6c74e732a0
[DEBUG IR_GEN] InitVal type: 0x5b6c71992198
[DEBUG IR_GEN] Default builder.CreateStore for k_payload
[DEBUG CODEGEN CALL] Generating call to: npk_mem_read_int32
[DEBUG IR_GEN] Initializer generated for 'k_len', value = 0x5b6c74dcb160
[DEBUG IR_GEN] InitVal type: 0x5b6c71992198
[DEBUG IR_GEN] Default builder.CreateStore for k_len
[DEBUG CODEGEN CALL] Generating call to: npk_mem_read_int64
[DEBUG IR_GEN] Initializer generated for 'k_str_data', value = 0x5b6c75084620
[DEBUG IR_GEN] InitVal type: 0x5b6c71992198
[DEBUG IR_GEN] Default builder.CreateStore for k_str_data
[DEBUG IR_GEN] Initializer generated for 'j', value = 0x5b6c74325da0
[DEBUG IR_GEN] InitVal type: 0x5b6c71992198
[DEBUG IR_GEN] Default builder.CreateStore for j
[DEBUG IR_GEN] Initializer generated for 'match', value = 0x5b6c74848fc0
[DEBUG IR_GEN] InitVal type: 0x5b6c71992138
[DEBUG IR_GEN] Default builder.CreateStore for match
[DEBUG WHILE] Parsing condition for while loop. NodeType: 2
   BinaryOp Type: 176
[DEBUG CODEGEN CALL] Generating call to: npk_mem_read_byte
[DEBUG IR_GEN] Initializer generated for 'c_path', value = 0x5b6c74ef6510
[DEBUG IR_GEN] InitVal type: 0x5b6c71992150
[DEBUG IR_GEN] Default builder.CreateStore for c_path
[DEBUG CODEGEN CALL] Generating call to: npk_mem_read_byte
[DEBUG IR_GEN] Initializer generated for 'c_key', value = 0x5b6c74ef69a0
[DEBUG IR_GEN] InitVal type: 0x5b6c71992150
[DEBUG IR_GEN] Default builder.CreateStore for c_key
[DEBUG ASSIGNMENT] op=168, leftType=1 (POINTER_MEMBER=7)
[DEBUG ASSIGNMENT] op=168, leftType=1 (POINTER_MEMBER=7)
[DEBUG CODEGEN CALL] Generating call to: npk_mem_read_byte
[DEBUG CODEGEN CALL] Generating call to: npk_mem_read_int64
[DEBUG IR_GEN] Initializer generated for 'v_elem', value = 0x5b6c750ca0a0
[DEBUG IR_GEN] InitVal type: 0x5b6c74933c90
[DEBUG IR_GEN] Default builder.CreateStore for v_elem
[DEBUG CODEGEN CALL] Generating call to: npk_mem_read_byte
[DEBUG IR_GEN] Initializer generated for 'nxt', value = 0x5b6c750d8560
[DEBUG IR_GEN] InitVal type: 0x5b6c71992150
[DEBUG IR_GEN] Default builder.CreateStore for nxt
[DEBUG CODEGEN CALL] Generating call to: raw
[DEBUG CODEGEN CALL] Generating call to: eval_path
[DEBUG-XXX] op: 161, left: 2, right: 0
[DEBUG] getExprNumericTypeName leftType: 1
[DEBUG-XXX] op: 161, left: 1, right: 1
[DEBUG ASSIGNMENT] op=168, leftType=1 (POINTER_MEMBER=7)
[DEBUG CODEGEN CALL] Generating call to: raw
[DEBUG CODEGEN CALL] Generating call to: json_make_null
[DEBUG CODEGEN CALL] Generating call to: string_from_int
[DEBUG IR_GEN] Initializer generated for 'r', value = 0x5b6c750e6390
[DEBUG IR_GEN] InitVal type: 0x5b6c746f0df0
[DEBUG IR_GEN] Default builder.CreateStore for r
[DEBUG CODEGEN CALL] Generating call to: string_repeat
[DEBUG IR_GEN] Initializer generated for 'r', value = 0x5b6c750e7560
[DEBUG IR_GEN] InitVal type: 0x5b6c746f0df0
[DEBUG IR_GEN] Default builder.CreateStore for r
[DEBUG CODEGEN CALL] Generating call to: string_length
[DEBUG IR_GEN] Initializer generated for 'len', value = 0x5b6c750e7fb0
[DEBUG IR_GEN] InitVal type: 0x5b6c71992198
[DEBUG IR_GEN] Default builder.CreateStore for len
[DEBUG IR_GEN] Initializer generated for 'need', value = 0x5b6c750e8a40
[DEBUG IR_GEN] InitVal type: 0x5b6c71992198
[DEBUG IR_GEN] Default builder.CreateStore for need
[DEBUG CODEGEN CALL] Generating call to: string_repeat
[DEBUG IR_GEN] Initializer generated for 'padding', value = 0x5b6c750e8cd0
[DEBUG IR_GEN] InitVal type: 0x5b6c746f0df0
[DEBUG IR_GEN] Default builder.CreateStore for padding
[DEBUG CODEGEN CALL] Generating call to: string_length
[DEBUG IR_GEN] Initializer generated for 'pad_len', value = 0x5b6c750e8480
[DEBUG IR_GEN] InitVal type: 0x5b6c71992198
[DEBUG IR_GEN] Default builder.CreateStore for pad_len
[DEBUG ASSIGNMENT] op=168, leftType=1 (POINTER_MEMBER=7)
[DEBUG CODEGEN CALL] Generating call to: string_substring
[DEBUG CODEGEN CALL] Generating call to: string_concat
[DEBUG IR_GEN] Initializer generated for 'result', value = 0x5b6c750e98a0
[DEBUG IR_GEN] InitVal type: 0x5b6c746f0df0
[DEBUG IR_GEN] Default builder.CreateStore for result
[DEBUG CODEGEN CALL] Generating call to: string_length
[DEBUG IR_GEN] Initializer generated for 'len', value = 0x5b6c750ea150
[DEBUG IR_GEN] InitVal type: 0x5b6c71992198
[DEBUG IR_GEN] Default builder.CreateStore for len
[DEBUG IR_GEN] Initializer generated for 'need', value = 0x5b6c750eabe0
[DEBUG IR_GEN] InitVal type: 0x5b6c71992198
[DEBUG IR_GEN] Default builder.CreateStore for need
[DEBUG CODEGEN CALL] Generating call to: string_repeat
[DEBUG IR_GEN] Initializer generated for 'padding', value = 0x5b6c750eae70
[DEBUG IR_GEN] InitVal type: 0x5b6c746f0df0
[DEBUG IR_GEN] Default builder.CreateStore for padding
[DEBUG CODEGEN CALL] Generating call to: string_length
[DEBUG IR_GEN] Initializer generated for 'pad_len', value = 0x5b6c750eb330
[DEBUG IR_GEN] InitVal type: 0x5b6c71992198
[DEBUG IR_GEN] Default builder.CreateStore for pad_len
[DEBUG ASSIGNMENT] op=168, leftType=1 (POINTER_MEMBER=7)
[DEBUG CODEGEN CALL] Generating call to: string_substring
[DEBUG CODEGEN CALL] Generating call to: string_concat
[DEBUG IR_GEN] Initializer generated for 'result', value = 0x5b6c750ebad0
[DEBUG IR_GEN] InitVal type: 0x5b6c746f0df0
[DEBUG IR_GEN] Default builder.CreateStore for result
[DEBUG IR_GEN] Initializer generated for 'neg', value = 0x5b6c7477cac0
[DEBUG IR_GEN] InitVal type: 0x5b6c71992138
[DEBUG IR_GEN] Default builder.CreateStore for neg
[DEBUG IR_GEN] Initializer generated for 'val', value = 0x5b6c750ec870
[DEBUG IR_GEN] InitVal type: 0x5b6c71992198
[DEBUG IR_GEN] Default builder.CreateStore for val
[DEBUG ASSIGNMENT] op=168, leftType=1 (POINTER_MEMBER=7)
[DEBUG ASSIGNMENT] op=168, leftType=1 (POINTER_MEMBER=7)
[DEBUG IR_GEN] Initializer generated for 'result', value = 0x5b6c750ed1d0
[DEBUG IR_GEN] InitVal type: 0x5b6c746f0df0
[DEBUG IR_GEN] Default builder.CreateStore for result
[DEBUG WHILE] Parsing condition for while loop. NodeType: 2
   BinaryOp Type: 178
[DEBUG IR_GEN] Initializer generated for 'digit', value = 0x5b6c750edb10
[DEBUG IR_GEN] InitVal type: 0x5b6c71992198
[DEBUG IR_GEN] Default builder.CreateStore for digit
[DEBUG IR_GEN] Initializer generated for 'ch', value = 0x5b6c750edd60
[DEBUG IR_GEN] InitVal type: 0x5b6c746f0df0
[DEBUG IR_GEN] Default builder.CreateStore for ch
[DEBUG ASSIGNMENT] op=168, leftType=1 (POINTER_MEMBER=7)
[DEBUG ASSIGNMENT] op=168, leftType=1 (POINTER_MEMBER=7)
[DEBUG ASSIGNMENT] op=168, leftType=1 (POINTER_MEMBER=7)
[DEBUG ASSIGNMENT] op=168, leftType=1 (POINTER_MEMBER=7)
[DEBUG ASSIGNMENT] op=168, leftType=1 (POINTER_MEMBER=7)
[DEBUG ASSIGNMENT] op=168, leftType=1 (POINTER_MEMBER=7)
[DEBUG ASSIGNMENT] op=168, leftType=1 (POINTER_MEMBER=7)
[DEBUG ASSIGNMENT] op=168, leftType=1 (POINTER_MEMBER=7)
[DEBUG ASSIGNMENT] op=168, leftType=1 (POINTER_MEMBER=7)
[DEBUG ASSIGNMENT] op=168, leftType=1 (POINTER_MEMBER=7)
[DEBUG ASSIGNMENT] op=168, leftType=1 (POINTER_MEMBER=7)
[DEBUG ASSIGNMENT] op=168, leftType=1 (POINTER_MEMBER=7)
[DEBUG ASSIGNMENT] op=168, leftType=1 (POINTER_MEMBER=7)
[DEBUG ASSIGNMENT] op=168, leftType=1 (POINTER_MEMBER=7)
[DEBUG ASSIGNMENT] op=168, leftType=1 (POINTER_MEMBER=7)
[DEBUG ASSIGNMENT] op=168, leftType=1 (POINTER_MEMBER=7)
[DEBUG ASSIGNMENT] op=168, leftType=1 (POINTER_MEMBER=7)
[DEBUG CODEGEN CALL] Generating call to: string_concat
[DEBUG ASSIGNMENT] op=168, leftType=1 (POINTER_MEMBER=7)
[DEBUG ASSIGNMENT] op=168, leftType=1 (POINTER_MEMBER=7)
[DEBUG CODEGEN CALL] Generating call to: string_concat
[DEBUG ASSIGNMENT] op=168, leftType=1 (POINTER_MEMBER=7)
[DEBUG ASSIGNMENT] op=168, leftType=1 (POINTER_MEMBER=7)
[DEBUG IR_GEN] Initializer generated for 'neg', value = 0x5b6c7477cac0
[DEBUG IR_GEN] InitVal type: 0x5b6c71992138
[DEBUG IR_GEN] Default builder.CreateStore for neg
[DEBUG IR_GEN] Initializer generated for 'val', value = 0x5b6c7507c250
[DEBUG IR_GEN] InitVal type: 0x5b6c71992090
[DEBUG IR_GEN] Default builder.CreateStore for val
[DEBUG ASSIGNMENT] op=168, leftType=1 (POINTER_MEMBER=7)
[DEBUG ASSIGNMENT] op=168, leftType=1 (POINTER_MEMBER=7)
[DEBUG IR_GEN] Initializer generated for 'mult', value = 0x5b6c74891280
[DEBUG IR_GEN] InitVal type: 0x5b6c71992090
[DEBUG IR_GEN] Default builder.CreateStore for mult
[DEBUG IR_GEN] Initializer generated for 'di', value = 0x5b6c74325da0
[DEBUG IR_GEN] InitVal type: 0x5b6c71992198
[DEBUG IR_GEN] Default builder.CreateStore for di
[DEBUG WHILE] Parsing condition for while loop. NodeType: 2
   BinaryOp Type: 176
[DEBUG ASSIGNMENT] op=168, leftType=1 (POINTER_MEMBER=7)
[DEBUG ASSIGNMENT] op=168, leftType=1 (POINTER_MEMBER=7)
[DEBUG IR_GEN] Initializer generated for 'rounded', value = 0x5b6c74d0ce80
[DEBUG IR_GEN] InitVal type: 0x5b6c71992090
[DEBUG IR_GEN] Default builder.CreateStore for rounded
[DEBUG IR_GEN] Initializer generated for 'total_i', value = 0x5b6c74f00f30
[DEBUG IR_GEN] InitVal type: 0x5b6c71992198
[DEBUG IR_GEN] Default builder.CreateStore for total_i
[DEBUG IR_GEN] Initializer generated for 'int_part', value = 0x5b6c74d0d270
[DEBUG IR_GEN] InitVal type: 0x5b6c71992198
[DEBUG IR_GEN] Default builder.CreateStore for int_part
[DEBUG IR_GEN] Initializer generated for 'frac_part', value = 0x5b6c74e60f10
[DEBUG IR_GEN] InitVal type: 0x5b6c71992198
[DEBUG IR_GEN] Default builder.CreateStore for frac_part
[DEBUG IR_GEN] Initializer generated for 'divisor', value = 0x5b6c74e86860
[DEBUG IR_GEN] InitVal type: 0x5b6c71992198
[DEBUG IR_GEN] Default builder.CreateStore for divisor
[DEBUG ASSIGNMENT] op=168, leftType=1 (POINTER_MEMBER=7)
[DEBUG ASSIGNMENT] op=168, leftType=1 (POINTER_MEMBER=7)
[DEBUG CODEGEN CALL] Generating call to: string_from_int
[DEBUG IR_GEN] Initializer generated for 'int_str', value = 0x5b6c74a0eea0
[DEBUG IR_GEN] InitVal type: 0x5b6c746f0df0
[DEBUG IR_GEN] Default builder.CreateStore for int_str
[DEBUG ASSIGNMENT] op=168, leftType=1 (POINTER_MEMBER=7)
[DEBUG CODEGEN CALL] Generating call to: string_concat
[DEBUG CODEGEN CALL] Generating call to: string_from_int
[DEBUG IR_GEN] Initializer generated for 'frac_str', value = 0x5b6c74e799d0
[DEBUG IR_GEN] InitVal type: 0x5b6c746f0df0
[DEBUG IR_GEN] Default builder.CreateStore for frac_str
[DEBUG CODEGEN CALL] Generating call to: string_length
[DEBUG IR_GEN] Initializer generated for 'frac_len', value = 0x5b6c74dca7f0
[DEBUG IR_GEN] InitVal type: 0x5b6c71992198
[DEBUG IR_GEN] Default builder.CreateStore for frac_len
[DEBUG WHILE] Parsing condition for while loop. NodeType: 2
   BinaryOp Type: 176
[DEBUG ASSIGNMENT] op=168, leftType=1 (POINTER_MEMBER=7)
[DEBUG CODEGEN CALL] Generating call to: string_concat
[DEBUG ASSIGNMENT] op=168, leftType=1 (POINTER_MEMBER=7)
[DEBUG CODEGEN CALL] Generating call to: string_concat
[DEBUG IR_GEN] Initializer generated for 'result', value = 0x5b6c74d36400
[DEBUG IR_GEN] InitVal type: 0x5b6c746f0df0
[DEBUG IR_GEN] Default builder.CreateStore for result
[DEBUG ASSIGNMENT] op=168, leftType=1 (POINTER_MEMBER=7)
[DEBUG CODEGEN CALL] Generating call to: string_concat
[DEBUG CODEGEN CALL] Generating call to: string_index_of
[DEBUG IR_GEN] Initializer generated for 'idx', value = 0x5b6c74dd62c0
[DEBUG IR_GEN] InitVal type: 0x5b6c71992198
[DEBUG IR_GEN] Default builder.CreateStore for idx
[DEBUG CODEGEN CALL] Generating call to: string_length
[DEBUG IR_GEN] Initializer generated for 'tmpl_len', value = 0x5b6c74db5eb0
[DEBUG IR_GEN] InitVal type: 0x5b6c71992198
[DEBUG IR_GEN] Default builder.CreateStore for tmpl_len
[DEBUG IR_GEN] Initializer generated for 'before', value = 0x5b6c74efc530
[DEBUG IR_GEN] InitVal type: 0x5b6c746f0df0
[DEBUG IR_GEN] Default builder.CreateStore for before
[DEBUG ASSIGNMENT] op=168, leftType=1 (POINTER_MEMBER=7)
[DEBUG CODEGEN CALL] Generating call to: string_substring
[DEBUG IR_GEN] Initializer generated for 'after', value = 0x5b6c74d0d450
[DEBUG IR_GEN] InitVal type: 0x5b6c746f0df0
[DEBUG IR_GEN] Default builder.CreateStore for after
[DEBUG IR_GEN] Initializer generated for 'after_start', value = 0x5b6c74e2fdc0
[DEBUG IR_GEN] InitVal type: 0x5b6c71992198
[DEBUG IR_GEN] Default builder.CreateStore for after_start
[DEBUG ASSIGNMENT] op=168, leftType=1 (POINTER_MEMBER=7)
[DEBUG CODEGEN CALL] Generating call to: string_substring
[DEBUG CODEGEN CALL] Generating call to: string_concat
[DEBUG IR_GEN] Initializer generated for 'result', value = 0x5b6c74de5100
[DEBUG IR_GEN] InitVal type: 0x5b6c746f0df0
[DEBUG IR_GEN] Default builder.CreateStore for result
[DEBUG ASSIGNMENT] op=168, leftType=1 (POINTER_MEMBER=7)
[DEBUG CODEGEN CALL] Generating call to: string_concat
[DEBUG CODEGEN CALL] Generating call to: raw
[DEBUG CODEGEN CALL] Generating call to: fmt_replace_first_placeholder
[DEBUG IR_GEN] Initializer generated for 'r', value = 0x5b6c74e9e1d0
[DEBUG IR_GEN] InitVal type: 0x5b6c746f0df0
[DEBUG IR_GEN] Default builder.CreateStore for r
[DEBUG CODEGEN CALL] Generating call to: raw
[DEBUG CODEGEN CALL] Generating call to: fmt_replace_first_placeholder
[DEBUG IR_GEN] Initializer generated for 'r', value = 0x5b6c74ed8030
[DEBUG IR_GEN] InitVal type: 0x5b6c746f0df0
[DEBUG IR_GEN] Default builder.CreateStore for r
[DEBUG ASSIGNMENT] op=168, leftType=1 (POINTER_MEMBER=7)
[DEBUG CODEGEN CALL] Generating call to: raw
[DEBUG CODEGEN CALL] Generating call to: fmt_replace_first_placeholder
[DEBUG CODEGEN CALL] Generating call to: raw
[DEBUG CODEGEN CALL] Generating call to: fmt_replace_first_placeholder
[DEBUG IR_GEN] Initializer generated for 'r', value = 0x5b6c74e22370
[DEBUG IR_GEN] InitVal type: 0x5b6c746f0df0
[DEBUG IR_GEN] Default builder.CreateStore for r
[DEBUG ASSIGNMENT] op=168, leftType=1 (POINTER_MEMBER=7)
[DEBUG CODEGEN CALL] Generating call to: raw
[DEBUG CODEGEN CALL] Generating call to: fmt_replace_first_placeholder
[DEBUG ASSIGNMENT] op=168, leftType=1 (POINTER_MEMBER=7)
[DEBUG CODEGEN CALL] Generating call to: raw
[DEBUG CODEGEN CALL] Generating call to: fmt_replace_first_placeholder
[DEBUG CODEGEN CALL] Generating call to: raw
[DEBUG CODEGEN CALL] Generating call to: fmt_replace_first_placeholder
[DEBUG IR_GEN] Initializer generated for 'r', value = 0x5b6c74ee4b60
[DEBUG IR_GEN] InitVal type: 0x5b6c746f0df0
[DEBUG IR_GEN] Default builder.CreateStore for r
[DEBUG ASSIGNMENT] op=168, leftType=1 (POINTER_MEMBER=7)
[DEBUG CODEGEN CALL] Generating call to: raw
[DEBUG CODEGEN CALL] Generating call to: fmt_replace_first_placeholder
[DEBUG ASSIGNMENT] op=168, leftType=1 (POINTER_MEMBER=7)
[DEBUG CODEGEN CALL] Generating call to: raw
[DEBUG CODEGEN CALL] Generating call to: fmt_replace_first_placeholder
[DEBUG ASSIGNMENT] op=168, leftType=1 (POINTER_MEMBER=7)
[DEBUG CODEGEN CALL] Generating call to: raw
[DEBUG CODEGEN CALL] Generating call to: fmt_replace_first_placeholder
[DEBUG CODEGEN CALL] Generating call to: npk_mem_read_int64
[DEBUG CODEGEN CALL] Generating call to: npk_mem_read_int64
[DEBUG CODEGEN CALL] Generating call to: npk_mem_read_int64
[DEBUG CODEGEN CALL] Generating call to: npk_mem_read_int64
[DEBUG CODEGEN CALL] Generating call to: hnsw_pq_get_elements
[DEBUG IR_GEN] Initializer generated for 'elems', value = 0x5b6c74d82168
[DEBUG IR_GEN] InitVal type: 0x5b6c71992198
[DEBUG IR_GEN] Default builder.CreateStore for elems
[DEBUG CODEGEN CALL] Generating call to: npk_mem_read_int64
[DEBUG IR_GEN] Initializer generated for 'bits', value = 0x5b6c74eb7780
[DEBUG IR_GEN] InitVal type: 0x5b6c71992198
[DEBUG IR_GEN] Default builder.CreateStore for bits
[DEBUG CODEGEN CALL] Generating call to: npk_mem_read_int32
[DEBUG CODEGEN CALL] Generating call to: npk_mem_read_int32
[DEBUG IR_GEN] Initializer generated for 'bits', value = 0x5b6c74d97f00
[DEBUG IR_GEN] InitVal type: 0x5b6c71992198
[DEBUG IR_GEN] Default builder.CreateStore for bits
[DEBUG CODEGEN CALL] Generating call to: drop
[DEBUG CODEGEN CALL] Generating call to: npk_mem_write_int64
[DEBUG CODEGEN CALL] Generating call to: drop
[DEBUG CODEGEN CALL] Generating call to: npk_mem_write_int32
[DEBUG CODEGEN CALL] Generating call to: drop
[DEBUG CODEGEN CALL] Generating call to: npk_mem_write_int32
[DEBUG CODEGEN CALL] Generating call to: hnsw_pq_get_dist
[DEBUG IR_GEN] Initializer generated for 'dist', value = 0x5b6c7503b8f8
[DEBUG IR_GEN] InitVal type: 0x5b6c71992198
[DEBUG IR_GEN] Default builder.CreateStore for dist
[DEBUG CODEGEN CALL] Generating call to: hnsw_pq_get_slot
[DEBUG IR_GEN] Initializer generated for 'slot', value = 0x5b6c74ce72c8
[DEBUG IR_GEN] InitVal type: 0x5b6c71992180
[DEBUG IR_GEN] Default builder.CreateStore for slot
[DEBUG CODEGEN CALL] Generating call to: hnsw_pq_get_gen
[DEBUG IR_GEN] Initializer generated for 'gen', value = 0x5b6c74e08558
[DEBUG IR_GEN] InitVal type: 0x5b6c71992180
[DEBUG IR_GEN] Default builder.CreateStore for gen
[DEBUG CODEGEN CALL] Generating call to: drop
[DEBUG CODEGEN CALL] Generating call to: hnsw_pq_set_candidate
[DEBUG CODEGEN CALL] Generating call to: hnsw_pq_get_dist
[DEBUG IR_GEN] Initializer generated for 'dist_a', value = 0x5b6c74e0e748
[DEBUG IR_GEN] InitVal type: 0x5b6c71992198
[DEBUG IR_GEN] Default builder.CreateStore for dist_a
[DEBUG CODEGEN CALL] Generating call to: hnsw_pq_get_dist
[DEBUG IR_GEN] Initializer generated for 'dist_b', value = 0x5b6c74de3588
[DEBUG IR_GEN] InitVal type: 0x5b6c71992198
[DEBUG IR_GEN] Default builder.CreateStore for dist_b
[DEBUG CODEGEN CALL] Generating call to: hnsw_pq_get_is_max
[DEBUG IR_GEN] Initializer generated for 'is_max', value = 0x5b6c74eeb4d8
[DEBUG IR_GEN] InitVal type: 0x5b6c71992198
[DEBUG IR_GEN] Default builder.CreateStore for is_max
[DEBUG IR_GEN] Initializer generated for 'curr', value = 0x5b6c74cfbf80
[DEBUG IR_GEN] InitVal type: 0x5b6c71992198
[DEBUG IR_GEN] Default builder.CreateStore for curr
[DEBUG IR_GEN] Initializer generated for 'parent', value = 0x5b6c74d483d0
[DEBUG IR_GEN] InitVal type: 0x5b6c71992198
[DEBUG IR_GEN] Default builder.CreateStore for parent
[DEBUG CODEGEN CALL] Generating call to: npk_core_alloc
[DEBUG IR_GEN] Initializer generated for 'temp_ptr', value = 0x5b6c74d48780
[DEBUG IR_GEN] InitVal type: 0x5b6c71992198
[DEBUG IR_GEN] Default builder.CreateStore for temp_ptr
[DEBUG CODEGEN CALL] Generating call to: hnsw_pq_get_candidate_ptr
[DEBUG IR_GEN] Initializer generated for 'curr_ptr', value = 0x5b6c74eac4e8
[DEBUG IR_GEN] InitVal type: 0x5b6c71992198
[DEBUG IR_GEN] Default builder.CreateStore for curr_ptr
[DEBUG CODEGEN CALL] Generating call to: hnsw_pq_get_candidate_ptr
[DEBUG IR_GEN] Initializer generated for 'parent_ptr', value = 0x5b6c74eb6388
[DEBUG IR_GEN] InitVal type: 0x5b6c71992198
[DEBUG IR_GEN] Default builder.CreateStore for parent_ptr
[DEBUG CODEGEN CALL] Generating call to: hnsw_pq_compare
[DEBUG IR_GEN] Initializer generated for 'cmp', value = 0x5b6c74ed9088
[DEBUG IR_GEN] InitVal type: 0x5b6c71992198
[DEBUG IR_GEN] Default builder.CreateStore for cmp
[DEBUG CODEGEN CALL] Generating call to: drop
[DEBUG CODEGEN CALL] Generating call to: hnsw_pq_copy_candidate
[DEBUG CODEGEN CALL] Generating call to: drop
[DEBUG CODEGEN CALL] Generating call to: hnsw_pq_copy_candidate
[DEBUG CODEGEN CALL] Generating call to: drop
[DEBUG CODEGEN CALL] Generating call to: hnsw_pq_copy_candidate
[DEBUG ASSIGNMENT] op=168, leftType=1 (POINTER_MEMBER=7)
[DEBUG ASSIGNMENT] op=168, leftType=1 (POINTER_MEMBER=7)
[DEBUG CODEGEN CALL] Generating call to: drop
[DEBUG CODEGEN CALL] Generating call to: npk_core_dalloc
[DEBUG CODEGEN CALL] Generating call to: hnsw_pq_get_size
[DEBUG IR_GEN] Initializer generated for 'size', value = 0x5b6c74ee98c8
[DEBUG IR_GEN] InitVal type: 0x5b6c71992198
[DEBUG IR_GEN] Default builder.CreateStore for size
[DEBUG IR_GEN] Initializer generated for 'curr', value = 0x5b6c7507d3d0
[DEBUG IR_GEN] InitVal type: 0x5b6c71992198
[DEBUG IR_GEN] Default builder.CreateStore for curr
[DEBUG CODEGEN CALL] Generating call to: npk_core_alloc
[DEBUG IR_GEN] Initializer generated for 'temp_ptr', value = 0x5b6c74cfc5f0
[DEBUG IR_GEN] InitVal type: 0x5b6c71992198
[DEBUG IR_GEN] Default builder.CreateStore for temp_ptr
[DEBUG IR_GEN] Initializer generated for 'left', value = 0x5b6c750f88b0
[DEBUG IR_GEN] InitVal type: 0x5b6c71992198
[DEBUG IR_GEN] Default builder.CreateStore for left
[DEBUG IR_GEN] Initializer generated for 'right', value = 0x5b6c750ed6b0
[DEBUG IR_GEN] InitVal type: 0x5b6c71992198
[DEBUG IR_GEN] Default builder.CreateStore for right
[DEBUG IR_GEN] Initializer generated for 'best', value = 0x5b6c74de6950
[DEBUG IR_GEN] InitVal type: 0x5b6c71992198
[DEBUG IR_GEN] Default builder.CreateStore for best
[DEBUG CODEGEN CALL] Generating call to: hnsw_pq_get_candidate_ptr
[DEBUG IR_GEN] Initializer generated for 'best_ptr', value = 0x5b6c74e79058
[DEBUG IR_GEN] InitVal type: 0x5b6c71992198
[DEBUG IR_GEN] Default builder.CreateStore for best_ptr
[DEBUG CODEGEN CALL] Generating call to: hnsw_pq_get_candidate_ptr
[DEBUG IR_GEN] Initializer generated for 'left_ptr', value = 0x5b6c74e8f738
[DEBUG IR_GEN] InitVal type: 0x5b6c71992198
[DEBUG IR_GEN] Default builder.CreateStore for left_ptr
[DEBUG CODEGEN CALL] Generating call to: hnsw_pq_compare
[DEBUG IR_GEN] Initializer generated for 'cmp_left', value = 0x5b6c75059cd8
[DEBUG IR_GEN] InitVal type: 0x5b6c71992198
[DEBUG IR_GEN] Default builder.CreateStore for cmp_left
[DEBUG ASSIGNMENT] op=168, leftType=1 (POINTER_MEMBER=7)
[DEBUG ASSIGNMENT] op=168, leftType=1 (POINTER_MEMBER=7)
[DEBUG CODEGEN CALL] Generating call to: hnsw_pq_get_candidate_ptr
[DEBUG IR_GEN] Initializer generated for 'right_ptr', value = 0x5b6c74ef0a38
[DEBUG IR_GEN] InitVal type: 0x5b6c71992198
[DEBUG IR_GEN] Default builder.CreateStore for right_ptr
[DEBUG CODEGEN CALL] Generating call to: hnsw_pq_compare
[DEBUG IR_GEN] Initializer generated for 'cmp_right', value = 0x5b6c74d0cbf8
[DEBUG IR_GEN] InitVal type: 0x5b6c71992198
[DEBUG IR_GEN] Default builder.CreateStore for cmp_right
[DEBUG ASSIGNMENT] op=168, leftType=1 (POINTER_MEMBER=7)
[DEBUG ASSIGNMENT] op=168, leftType=1 (POINTER_MEMBER=7)
[DEBUG CODEGEN CALL] Generating call to: hnsw_pq_get_candidate_ptr
[DEBUG IR_GEN] Initializer generated for 'curr_ptr', value = 0x5b6c74ea9f68
[DEBUG IR_GEN] InitVal type: 0x5b6c71992198
[DEBUG IR_GEN] Default builder.CreateStore for curr_ptr
[DEBUG CODEGEN CALL] Generating call to: drop
[DEBUG CODEGEN CALL] Generating call to: hnsw_pq_copy_candidate
[DEBUG CODEGEN CALL] Generating call to: drop
[DEBUG CODEGEN CALL] Generating call to: hnsw_pq_copy_candidate
[DEBUG CODEGEN CALL] Generating call to: drop
[DEBUG CODEGEN CALL] Generating call to: hnsw_pq_copy_candidate
[DEBUG ASSIGNMENT] op=168, leftType=1 (POINTER_MEMBER=7)
[DEBUG CODEGEN CALL] Generating call to: drop
[DEBUG CODEGEN CALL] Generating call to: npk_core_dalloc
[DEBUG CODEGEN CALL] Generating call to: npk_core_alloc
[DEBUG IR_GEN] Initializer generated for 'pq', value = 0x5b6c74d03f90
[DEBUG IR_GEN] InitVal type: 0x5b6c71992198
[DEBUG IR_GEN] Default builder.CreateStore for pq
[DEBUG CODEGEN CALL] Generating call to: npk_core_alloc
[DEBUG-BINARY] op=163 leftType=1 rightType=1 leftNumType= rightNumType=
[DEBUG-XXX] op: 163, left: 1, right: 1
[DEBUG IR_GEN] Initializer generated for 'elems', value = 0x5b6c74d04150
[DEBUG IR_GEN] InitVal type: 0x5b6c71992198
[DEBUG IR_GEN] Default builder.CreateStore for elems
[DEBUG CODEGEN CALL] Generating call to: drop
[DEBUG CODEGEN CALL] Generating call to: npk_mem_write_int64
[DEBUG CODEGEN CALL] Generating call to: drop
[DEBUG CODEGEN CALL] Generating call to: npk_mem_write_int64
[DEBUG CODEGEN CALL] Generating call to: drop
[DEBUG CODEGEN CALL] Generating call to: npk_mem_write_int64
[DEBUG CODEGEN CALL] Generating call to: drop
[DEBUG CODEGEN CALL] Generating call to: npk_mem_write_int64
[DEBUG CODEGEN CALL] Generating call to: hnsw_pq_get_elements
[DEBUG IR_GEN] Initializer generated for 'elems', value = 0x5b6c7505b608
[DEBUG IR_GEN] InitVal type: 0x5b6c71992198
[DEBUG IR_GEN] Default builder.CreateStore for elems
[DEBUG CODEGEN CALL] Generating call to: drop
[DEBUG CODEGEN CALL] Generating call to: npk_core_dalloc
[DEBUG CODEGEN CALL] Generating call to: drop
[DEBUG CODEGEN CALL] Generating call to: npk_core_dalloc
[DEBUG CODEGEN CALL] Generating call to: hnsw_pq_get_capacity
[DEBUG IR_GEN] Initializer generated for 'old_capacity', value = 0x5b6c74e641a8
[DEBUG IR_GEN] InitVal type: 0x5b6c71992198
[DEBUG IR_GEN] Default builder.CreateStore for old_capacity
[DEBUG IR_GEN] Initializer generated for 'new_capacity', value = 0x5b6c74efcfe0
[DEBUG IR_GEN] InitVal type: 0x5b6c71992198
[DEBUG IR_GEN] Default builder.CreateStore for new_capacity
[DEBUG CODEGEN CALL] Generating call to: hnsw_pq_get_elements
[DEBUG IR_GEN] Initializer generated for 'old_elems', value = 0x5b6c74d530b8
[DEBUG IR_GEN] InitVal type: 0x5b6c71992198
[DEBUG IR_GEN] Default builder.CreateStore for old_elems
[DEBUG CODEGEN CALL] Generating call to: npk_core_alloc
[DEBUG-BINARY] op=163 leftType=1 rightType=1 leftNumType= rightNumType=
[DEBUG-XXX] op: 163, left: 1, right: 1
[DEBUG IR_GEN] Initializer generated for 'new_elems', value = 0x5b6c7507d760
[DEBUG IR_GEN] InitVal type: 0x5b6c71992198
[DEBUG IR_GEN] Default builder.CreateStore for new_elems
[DEBUG CODEGEN CALL] Generating call to: hnsw_pq_get_size
[DEBUG IR_GEN] Initializer generated for 'size', value = 0x5b6c74787b18
[DEBUG IR_GEN] InitVal type: 0x5b6c71992198
[DEBUG IR_GEN] Default builder.CreateStore for size
[DEBUG CODEGEN CALL] Generating call to: drop
[DEBUG CODEGEN CALL] Generating call to: npk_mem_copy
[DEBUG-BINARY] op=163 leftType=1 rightType=1 leftNumType= rightNumType=
[DEBUG-XXX] op: 163, left: 1, right: 1
[DEBUG CODEGEN CALL] Generating call to: drop
[DEBUG CODEGEN CALL] Generating call to: npk_mem_write_int64
[DEBUG CODEGEN CALL] Generating call to: drop
[DEBUG CODEGEN CALL] Generating call to: npk_mem_write_int64
[DEBUG CODEGEN CALL] Generating call to: drop
[DEBUG CODEGEN CALL] Generating call to: npk_core_dalloc
[DEBUG CODEGEN CALL] Generating call to: hnsw_pq_get_size
[DEBUG IR_GEN] Initializer generated for 'size', value = 0x5b6c74e9bd28
[DEBUG IR_GEN] InitVal type: 0x5b6c71992198
[DEBUG IR_GEN] Default builder.CreateStore for size
[DEBUG CODEGEN CALL] Generating call to: hnsw_pq_get_capacity
[DEBUG IR_GEN] Initializer generated for 'capacity', value = 0x5b6c750d5c58
[DEBUG IR_GEN] InitVal type: 0x5b6c71992198
[DEBUG IR_GEN] Default builder.CreateStore for capacity
[DEBUG CODEGEN CALL] Generating call to: drop
[DEBUG CODEGEN CALL] Generating call to: hnsw_pq_grow
[DEBUG CODEGEN CALL] Generating call to: hnsw_pq_get_candidate_ptr
[DEBUG IR_GEN] Initializer generated for 'ptr', value = 0x5b6c74d9f008
[DEBUG IR_GEN] InitVal type: 0x5b6c71992198
[DEBUG IR_GEN] Default builder.CreateStore for ptr
[DEBUG CODEGEN CALL] Generating call to: drop
[DEBUG CODEGEN CALL] Generating call to: hnsw_pq_set_candidate
[DEBUG CODEGEN CALL] Generating call to: drop
[DEBUG CODEGEN CALL] Generating call to: npk_mem_write_int64
[DEBUG-XXX] op: 161, left: 1, right: 0
[DEBUG CODEGEN CALL] Generating call to: drop
[DEBUG CODEGEN CALL] Generating call to: hnsw_pq_sift_up
[DEBUG CODEGEN CALL] Generating call to: hnsw_pq_get_size
[DEBUG IR_GEN] Initializer generated for 'size', value = 0x5b6c7497d948
[DEBUG IR_GEN] InitVal type: 0x5b6c71992198
[DEBUG IR_GEN] Default builder.CreateStore for size
[DEBUG CODEGEN CALL] Generating call to: hnsw_pq_get_candidate_ptr
[DEBUG IR_GEN] Initializer generated for 'root_ptr', value = 0x5b6c74e903d8
[DEBUG IR_GEN] InitVal type: 0x5b6c71992198
[DEBUG IR_GEN] Default builder.CreateStore for root_ptr
[DEBUG CODEGEN CALL] Generating call to: drop
[DEBUG CODEGEN CALL] Generating call to: hnsw_pq_copy_candidate
[DEBUG IR_GEN] Initializer generated for 'last_idx', value = 0x5b6c74e28a70
[DEBUG IR_GEN] InitVal type: 0x5b6c71992198
[DEBUG IR_GEN] Default builder.CreateStore for last_idx
[DEBUG CODEGEN CALL] Generating call to: hnsw_pq_get_candidate_ptr
[DEBUG IR_GEN] Initializer generated for 'last_ptr', value = 0x5b6c74dee998
[DEBUG IR_GEN] InitVal type: 0x5b6c71992198
[DEBUG IR_GEN] Default builder.CreateStore for last_ptr
[DEBUG CODEGEN CALL] Generating call to: drop
[DEBUG CODEGEN CALL] Generating call to: hnsw_pq_copy_candidate
[DEBUG CODEGEN CALL] Generating call to: drop
[DEBUG CODEGEN CALL] Generating call to: npk_mem_write_int64
[DEBUG CODEGEN CALL] Generating call to: drop
[DEBUG CODEGEN CALL] Generating call to: hnsw_pq_sift_down
[DEBUG CODEGEN CALL] Generating call to: hnsw_pq_get_size
[DEBUG IR_GEN] Initializer generated for 'size', value = 0x5b6c74e821c8
[DEBUG IR_GEN] InitVal type: 0x5b6c71992198
[DEBUG IR_GEN] Default builder.CreateStore for size
[DEBUG CODEGEN CALL] Generating call to: hnsw_pq_get_candidate_ptr
[DEBUG IR_GEN] Initializer generated for 'root_ptr', value = 0x5b6c74d2b638
[DEBUG IR_GEN] InitVal type: 0x5b6c71992198
[DEBUG IR_GEN] Default builder.CreateStore for root_ptr
[DEBUG CODEGEN CALL] Generating call to: drop
[DEBUG CODEGEN CALL] Generating call to: hnsw_pq_copy_candidate
[DEBUG CODEGEN CALL] Generating call to: npk_mem_read_int32
[DEBUG CODEGEN CALL] Generating call to: drop
[DEBUG CODEGEN CALL] Generating call to: npk_mem_write_int32
[DEBUG CODEGEN CALL] Generating call to: npk_mem_read_int32
[DEBUG CODEGEN CALL] Generating call to: drop
[DEBUG CODEGEN CALL] Generating call to: npk_mem_write_int32
[DEBUG IR_GEN] Initializer generated for 'layer64', value = 0x5b6c74d4d6b0
[DEBUG IR_GEN] InitVal type: 0x5b6c71992198
[DEBUG IR_GEN] Default builder.CreateStore for layer64
[DEBUG CODEGEN CALL] Generating call to: npk_mem_read_int32
[DEBUG-XXX] op: 161, left: 1, right: 2
[DEBUG] getExprNumericTypeName leftType: 1
[DEBUG-BINARY] op=163 leftType=1 rightType=0 leftNumType= rightNumType=
[DEBUG-XXX] op: 163, left: 1, right: 0
[DEBUG IR_GEN] Initializer generated for 'layer64', value = 0x5b6c748ff7c0
[DEBUG IR_GEN] InitVal type: 0x5b6c71992198
[DEBUG IR_GEN] Default builder.CreateStore for layer64
[DEBUG CODEGEN CALL] Generating call to: drop
[DEBUG CODEGEN CALL] Generating call to: npk_mem_write_int32
[DEBUG-XXX] op: 161, left: 1, right: 2
[DEBUG] getExprNumericTypeName leftType: 1
[DEBUG-BINARY] op=163 leftType=1 rightType=0 leftNumType= rightNumType=
[DEBUG-XXX] op: 163, left: 1, right: 0
[DEBUG IR_GEN] Initializer generated for 'layer64', value = 0x5b6c74760bd0
[DEBUG IR_GEN] InitVal type: 0x5b6c71992198
[DEBUG IR_GEN] Default builder.CreateStore for layer64
[DEBUG CODEGEN CALL] Generating call to: npk_mem_read_int32
[DEBUG-XXX] op: 161, left: 1, right: 2
[DEBUG] getExprNumericTypeName leftType: 1
[DEBUG-BINARY] op=163 leftType=1 rightType=0 leftNumType= rightNumType=
[DEBUG-XXX] op: 163, left: 1, right: 0
[DEBUG IR_GEN] Initializer generated for 'layer64', value = 0x5b6c74a5bd00
[DEBUG IR_GEN] InitVal type: 0x5b6c71992198
[DEBUG IR_GEN] Default builder.CreateStore for layer64
[DEBUG CODEGEN CALL] Generating call to: drop
[DEBUG CODEGEN CALL] Generating call to: npk_mem_write_int32
[DEBUG-XXX] op: 161, left: 1, right: 2
[DEBUG] getExprNumericTypeName leftType: 1
[DEBUG-BINARY] op=163 leftType=1 rightType=0 leftNumType= rightNumType=
[DEBUG-XXX] op: 163, left: 1, right: 0
[DEBUG CODEGEN CALL] Generating call to: npk_mem_read_int64
[DEBUG CODEGEN CALL] Generating call to: drop
[DEBUG CODEGEN CALL] Generating call to: npk_mem_write_int64
[DEBUG IR_GEN] Initializer generated for 'layer_start_idx', value = 0x5b6c74325da0
[DEBUG IR_GEN] InitVal type: 0x5b6c71992198
[DEBUG IR_GEN] Default builder.CreateStore for layer_start_idx
[DEBUG ASSIGNMENT] op=168, leftType=1 (POINTER_MEMBER=7)
[DEBUG ASSIGNMENT] op=168, leftType=1 (POINTER_MEMBER=7)
[DEBUG ASSIGNMENT] op=168, leftType=1 (POINTER_MEMBER=7)
[DEBUG ASSIGNMENT] op=168, leftType=1 (POINTER_MEMBER=7)
[DEBUG IR_GEN] Initializer generated for 'total_idx', value = 0x5b6c74d32630
[DEBUG IR_GEN] InitVal type: 0x5b6c71992198
[DEBUG IR_GEN] Default builder.CreateStore for total_idx
[DEBUG CODEGEN CALL] Generating call to: hnsw_neighbor_base
[DEBUG IR_GEN] Initializer generated for 'base', value = 0x5b6c74e54c98
[DEBUG IR_GEN] InitVal type: 0x5b6c71992198
[DEBUG IR_GEN] Default builder.CreateStore for base
[DEBUG CODEGEN CALL] Generating call to: npk_mem_read_int32
[DEBUG-XXX] op: 161, left: 1, right: 1
[DEBUG CODEGEN CALL] Generating call to: hnsw_neighbor_base
[DEBUG IR_GEN] Initializer generated for 'base', value = 0x5b6c7509ba08
[DEBUG IR_GEN] InitVal type: 0x5b6c71992198
[DEBUG IR_GEN] Default builder.CreateStore for base
[DEBUG CODEGEN CALL] Generating call to: npk_mem_read_int32
[DEBUG-XXX] op: 161, left: 1, right: 1
[DEBUG CODEGEN CALL] Generating call to: hnsw_neighbor_base
[DEBUG IR_GEN] Initializer generated for 'base', value = 0x5b6c74ed8868
[DEBUG IR_GEN] InitVal type: 0x5b6c71992198
[DEBUG IR_GEN] Default builder.CreateStore for base
[DEBUG CODEGEN CALL] Generating call to: npk_mem_read_int16
[DEBUG-XXX] op: 161, left: 1, right: 1
[DEBUG CODEGEN CALL] Generating call to: hnsw_neighbor_base
[DEBUG IR_GEN] Initializer generated for 'base', value = 0x5b6c750beb38
[DEBUG IR_GEN] InitVal type: 0x5b6c71992198
[DEBUG IR_GEN] Default builder.CreateStore for base
[DEBUG CODEGEN CALL] Generating call to: drop
[DEBUG CODEGEN CALL] Generating call to: npk_mem_write_int32
[DEBUG-XXX] op: 161, left: 1, right: 1
[DEBUG CODEGEN CALL] Generating call to: drop
[DEBUG CODEGEN CALL] Generating call to: npk_mem_write_int32
[DEBUG-XXX] op: 161, left: 1, right: 1
[DEBUG CODEGEN CALL] Generating call to: drop
[DEBUG CODEGEN CALL] Generating call to: npk_mem_write_int16
[DEBUG-XXX] op: 161, left: 1, right: 1
[DEBUG CODEGEN CALL] Generating call to: drop
[DEBUG CODEGEN CALL] Generating call to: npk_mem_write_int16
[DEBUG-XXX] op: 161, left: 1, right: 1
[DEBUG CODEGEN CALL] Generating call to: hnsw_neighbor_base
[DEBUG IR_GEN] Initializer generated for 'base', value = 0x5b6c74e00f18
[DEBUG IR_GEN] InitVal type: 0x5b6c71992198
[DEBUG IR_GEN] Default builder.CreateStore for base
[DEBUG CODEGEN CALL] Generating call to: drop
[DEBUG CODEGEN CALL] Generating call to: npk_mem_write_int32
[DEBUG-XXX] op: 161, left: 1, right: 1
[DEBUG CODEGEN CALL] Generating call to: drop
[DEBUG CODEGEN CALL] Generating call to: npk_mem_write_int32
[DEBUG-XXX] op: 161, left: 1, right: 1
[DEBUG CODEGEN CALL] Generating call to: drop
[DEBUG CODEGEN CALL] Generating call to: npk_mem_write_int16
[DEBUG-XXX] op: 161, left: 1, right: 1
[DEBUG CODEGEN CALL] Generating call to: drop
[DEBUG CODEGEN CALL] Generating call to: npk_mem_write_int16
[DEBUG-XXX] op: 161, left: 1, right: 1
[DEBUG CODEGEN CALL] Generating call to: hnsw_neighbor_base
[DEBUG IR_GEN] Initializer generated for 'base', value = 0x5b6c74ecaac8
[DEBUG IR_GEN] InitVal type: 0x5b6c71992198
[DEBUG IR_GEN] Default builder.CreateStore for base
[DEBUG CODEGEN CALL] Generating call to: npk_mem_read_int32
[DEBUG-XXX] op: 161, left: 1, right: 1
[DEBUG IR_GEN] Initializer generated for 'gen', value = 0x5b6c74e8f010
[DEBUG IR_GEN] InitVal type: 0x5b6c71992180
[DEBUG IR_GEN] Default builder.CreateStore for gen
[DEBUG CODEGEN CALL] Generating call to: npk_mem_read_int64
[DEBUG CODEGEN CALL] Generating call to: npk_mem_read_int64
[DEBUG CODEGEN CALL] Generating call to: npk_mem_read_int64
[DEBUG CODEGEN CALL] Generating call to: npk_mem_read_int64
[DEBUG CODEGEN CALL] Generating call to: npk_mem_read_int64
[DEBUG CODEGEN CALL] Generating call to: npk_mem_read_int64
[DEBUG CODEGEN CALL] Generating call to: npk_mem_read_int16
[DEBUG CODEGEN CALL] Generating call to: npk_core_alloc
[DEBUG IR_GEN] Initializer generated for 'arena', value = 0x5b6c74d2c430
[DEBUG IR_GEN] InitVal type: 0x5b6c71992198
[DEBUG IR_GEN] Default builder.CreateStore for arena
[DEBUG CODEGEN CALL] Generating call to: drop
[DEBUG CODEGEN CALL] Generating call to: npk_mem_set
[DEBUG IR_GEN] Initializer generated for 'node_buf_size', value = 0x5b6c74d2c5f0
[DEBUG IR_GEN] InitVal type: 0x5b6c71992198
[DEBUG IR_GEN] Default builder.CreateStore for node_buf_size
[DEBUG CODEGEN CALL] Generating call to: npk_core_alloc
[DEBUG IR_GEN] Initializer generated for 'node_buf', value = 0x5b6c750d8d10
[DEBUG IR_GEN] InitVal type: 0x5b6c71992198
[DEBUG IR_GEN] Default builder.CreateStore for node_buf
[DEBUG CODEGEN CALL] Generating call to: drop
[DEBUG CODEGEN CALL] Generating call to: npk_core_dalloc
[DEBUG CODEGEN CALL] Generating call to: drop
[DEBUG CODEGEN CALL] Generating call to: npk_mem_set
[DEBUG IR_GEN] Initializer generated for 'gen_buf_size', value = 0x5b6c750d9d90
[DEBUG IR_GEN] InitVal type: 0x5b6c71992198
[DEBUG IR_GEN] Default builder.CreateStore for gen_buf_size
[DEBUG CODEGEN CALL] Generating call to: npk_core_alloc
[DEBUG IR_GEN] Initializer generated for 'gen_buf', value = 0x5b6c74cba9e0
[DEBUG IR_GEN] InitVal type: 0x5b6c71992198
[DEBUG IR_GEN] Default builder.CreateStore for gen_buf
[DEBUG CODEGEN CALL] Generating call to: drop
[DEBUG CODEGEN CALL] Generating call to: npk_core_dalloc
[DEBUG CODEGEN CALL] Generating call to: drop
[DEBUG CODEGEN CALL] Generating call to: npk_core_dalloc
[DEBUG CODEGEN CALL] Generating call to: drop
[DEBUG CODEGEN CALL] Generating call to: npk_mem_set
[DEBUG IR_GEN] Initializer generated for 'free_buf_size', value = 0x5b6c74d06a60
[DEBUG IR_GEN] InitVal type: 0x5b6c71992198
[DEBUG IR_GEN] Default builder.CreateStore for free_buf_size
[DEBUG CODEGEN CALL] Generating call to: npk_core_alloc
[DEBUG IR_GEN] Initializer generated for 'free_buf', value = 0x5b6c74d06c90
[DEBUG IR_GEN] InitVal type: 0x5b6c71992198
[DEBUG IR_GEN] Default builder.CreateStore for free_buf
[DEBUG CODEGEN CALL] Generating call to: drop
[DEBUG CODEGEN CALL] Generating call to: npk_core_dalloc
[DEBUG CODEGEN CALL] Generating call to: drop
[DEBUG CODEGEN CALL] Generating call to: npk_core_dalloc
[DEBUG CODEGEN CALL] Generating call to: drop
[DEBUG CODEGEN CALL] Generating call to: npk_core_dalloc
[DEBUG IR_GEN] Initializer generated for 'i', value = 0x5b6c74325da0
[DEBUG IR_GEN] InitVal type: 0x5b6c71992198
[DEBUG IR_GEN] Default builder.CreateStore for i
[DEBUG CODEGEN CALL] Generating call to: drop
[DEBUG CODEGEN CALL] Generating call to: npk_mem_write_int32
[DEBUG-BINARY] op=163 leftType=1 rightType=0 leftNumType= rightNumType=
[DEBUG-XXX] op: 163, left: 1, right: 0
[DEBUG ASSIGNMENT] op=168, leftType=1 (POINTER_MEMBER=7)
[DEBUG IR_GEN] Initializer generated for 'j', value = 0x5b6c74325da0
[DEBUG IR_GEN] InitVal type: 0x5b6c71992198
[DEBUG IR_GEN] Default builder.CreateStore for j
[DEBUG CODEGEN CALL] Generating call to: drop
[DEBUG CODEGEN CALL] Generating call to: npk_mem_write_int64
[DEBUG-BINARY] op=163 leftType=1 rightType=0 leftNumType= rightNumType=
[DEBUG-XXX] op: 163, left: 1, right: 0
[DEBUG ASSIGNMENT] op=168, leftType=1 (POINTER_MEMBER=7)
[DEBUG CODEGEN CALL] Generating call to: drop
[DEBUG CODEGEN CALL] Generating call to: npk_mem_write_int64
[DEBUG CODEGEN CALL] Generating call to: drop
[DEBUG CODEGEN CALL] Generating call to: npk_mem_write_int64
[DEBUG CODEGEN CALL] Generating call to: drop
[DEBUG CODEGEN CALL] Generating call to: npk_mem_write_int64
[DEBUG CODEGEN CALL] Generating call to: drop
[DEBUG CODEGEN CALL] Generating call to: npk_mem_write_int64
[DEBUG CODEGEN CALL] Generating call to: drop
[DEBUG CODEGEN CALL] Generating call to: npk_mem_write_int64
[DEBUG CODEGEN CALL] Generating call to: drop
[DEBUG CODEGEN CALL] Generating call to: npk_mem_write_int64
[DEBUG CODEGEN CALL] Generating call to: drop
[DEBUG CODEGEN CALL] Generating call to: npk_mem_write_int16
[DEBUG CODEGEN CALL] Generating call to: hnsw_hnsw_arena_get_node_buf
[DEBUG IR_GEN] Initializer generated for 'node_buf', value = 0x5b6c74ea8c18
[DEBUG IR_GEN] InitVal type: 0x5b6c71992198
[DEBUG IR_GEN] Default builder.CreateStore for node_buf
[DEBUG CODEGEN CALL] Generating call to: hnsw_arena_get_gen_buf
[DEBUG IR_GEN] Initializer generated for 'gen_buf', value = 0x5b6c74ea89b8
[DEBUG IR_GEN] InitVal type: 0x5b6c71992198
[DEBUG IR_GEN] Default builder.CreateStore for gen_buf
[DEBUG CODEGEN CALL] Generating call to: hnsw_arena_get_free_buf
[DEBUG IR_GEN] Initializer generated for 'free_buf', value = 0x5b6c74ea9a38
[DEBUG IR_GEN] InitVal type: 0x5b6c71992198
[DEBUG IR_GEN] Default builder.CreateStore for free_buf
[DEBUG CODEGEN CALL] Generating call to: drop
[DEBUG CODEGEN CALL] Generating call to: npk_core_dalloc
[DEBUG CODEGEN CALL] Generating call to: drop
[DEBUG CODEGEN CALL] Generating call to: npk_core_dalloc
[DEBUG CODEGEN CALL] Generating call to: drop
[DEBUG CODEGEN CALL] Generating call to: npk_core_dalloc
[DEBUG CODEGEN CALL] Generating call to: drop
[DEBUG CODEGEN CALL] Generating call to: npk_core_dalloc
[DEBUG CODEGEN CALL] Generating call to: hnsw_arena_get_free_top
[DEBUG IR_GEN] Initializer generated for 'free_top', value = 0x5b6c74d46dd8
[DEBUG IR_GEN] InitVal type: 0x5b6c71992198
[DEBUG IR_GEN] Default builder.CreateStore for free_top
[DEBUG IR_GEN] Initializer generated for 'new_top', value = 0x5b6c75057040
[DEBUG IR_GEN] InitVal type: 0x5b6c71992198
[DEBUG IR_GEN] Default builder.CreateStore for new_top
[DEBUG CODEGEN CALL] Generating call to: hnsw_arena_get_free_buf
[DEBUG IR_GEN] Initializer generated for 'free_buf', value = 0x5b6c7503f118
[DEBUG IR_GEN] InitVal type: 0x5b6c71992198
[DEBUG IR_GEN] Default builder.CreateStore for free_buf
[DEBUG CODEGEN CALL] Generating call to: npk_mem_read_int64
[DEBUG-BINARY] op=163 leftType=1 rightType=0 leftNumType= rightNumType=
[DEBUG-XXX] op: 163, left: 1, right: 0
[DEBUG IR_GEN] Initializer generated for 'slot_idx', value = 0x5b6c74ec6fa0
[DEBUG IR_GEN] InitVal type: 0x5b6c71992198
[DEBUG IR_GEN] Default builder.CreateStore for slot_idx
[DEBUG CODEGEN CALL] Generating call to: drop
[DEBUG CODEGEN CALL] Generating call to: npk_mem_write_int64
[DEBUG CODEGEN CALL] Generating call to: hnsw_arena_get_gen_buf
[DEBUG IR_GEN] Initializer generated for 'gen_buf', value = 0x5b6c75059a98
[DEBUG IR_GEN] InitVal type: 0x5b6c71992198
[DEBUG IR_GEN] Default builder.CreateStore for gen_buf
[DEBUG CODEGEN CALL] Generating call to: npk_mem_read_int32
[DEBUG-BINARY] op=163 leftType=1 rightType=0 leftNumType= rightNumType=
[DEBUG-XXX] op: 163, left: 1, right: 0
[DEBUG IR_GEN] Initializer generated for 'generation', value = 0x5b6c75059330
[DEBUG IR_GEN] InitVal type: 0x5b6c71992180
[DEBUG IR_GEN] Default builder.CreateStore for generation
[DEBUG CODEGEN CALL] Generating call to: hnsw_arena_get_used
[DEBUG IR_GEN] Initializer generated for 'used', value = 0x5b6c74d06fe8
[DEBUG IR_GEN] InitVal type: 0x5b6c71992198
[DEBUG IR_GEN] Default builder.CreateStore for used
[DEBUG CODEGEN CALL] Generating call to: drop
[DEBUG CODEGEN CALL] Generating call to: npk_mem_write_int64
[DEBUG-XXX] op: 161, left: 1, right: 0
[DEBUG CODEGEN CALL] Generating call to: hnsw_hnsw_arena_get_node_buf
[DEBUG IR_GEN] Initializer generated for 'node_buf', value = 0x5b6c7503f5a8
[DEBUG IR_GEN] InitVal type: 0x5b6c71992198
[DEBUG IR_GEN] Default builder.CreateStore for node_buf
[DEBUG IR_GEN] Initializer generated for 'node_base', value = 0x5b6c74d40340
[DEBUG IR_GEN] InitVal type: 0x5b6c71992198
[DEBUG IR_GEN] Default builder.CreateStore for node_base
[DEBUG IR_GEN] Initializer generated for 'k', value = 0x5b6c74325da0
[DEBUG IR_GEN] InitVal type: 0x5b6c71992198
[DEBUG IR_GEN] Default builder.CreateStore for k
[DEBUG CODEGEN CALL] Generating call to: drop
[DEBUG CODEGEN CALL] Generating call to: npk_mem_write_byte
[DEBUG ASSIGNMENT] op=168, leftType=1 (POINTER_MEMBER=7)
[DEBUG CODEGEN CALL] Generating call to: drop
[DEBUG CODEGEN CALL] Generating call to: npk_mem_write_int64
[DEBUG CODEGEN CALL] Generating call to: drop
[DEBUG CODEGEN CALL] Generating call to: npk_mem_write_int32
[DEBUG CODEGEN CALL] Generating call to: hnsw_arena_get_capacity
[DEBUG IR_GEN] Initializer generated for 'capacity', value = 0x5b6c75082388
[DEBUG IR_GEN] InitVal type: 0x5b6c71992198
[DEBUG IR_GEN] Default builder.CreateStore for capacity
[DEBUG IR_GEN] Initializer generated for 'slot', value = 0x5b6c74a197e0
[DEBUG IR_GEN] InitVal type: 0x5b6c71992198
[DEBUG IR_GEN] Default builder.CreateStore for slot
[DEBUG CODEGEN CALL] Generating call to: hnsw_arena_get_gen_buf
[DEBUG IR_GEN] Initializer generated for 'gen_buf', value = 0x5b6c74eb9f28
[DEBUG IR_GEN] InitVal type: 0x5b6c71992198
[DEBUG IR_GEN] Default builder.CreateStore for gen_buf
[DEBUG CODEGEN CALL] Generating call to: npk_mem_read_int32
[DEBUG-BINARY] op=163 leftType=1 rightType=0 leftNumType= rightNumType=
[DEBUG-XXX] op: 163, left: 1, right: 0
[DEBUG IR_GEN] Initializer generated for 'live_gen', value = 0x5b6c75082bc0
[DEBUG IR_GEN] InitVal type: 0x5b6c71992180
[DEBUG IR_GEN] Default builder.CreateStore for live_gen
[DEBUG IR_GEN] Initializer generated for 'new_gen', value = 0x5b6c74ed0b80
[DEBUG IR_GEN] InitVal type: 0x5b6c71992180
[DEBUG IR_GEN] Default builder.CreateStore for new_gen
[DEBUG ASSIGNMENT] op=168, leftType=1 (POINTER_MEMBER=7)
[DEBUG CODEGEN CALL] Generating call to: drop
[DEBUG CODEGEN CALL] Generating call to: npk_mem_write_int32
[DEBUG-BINARY] op=163 leftType=1 rightType=0 leftNumType= rightNumType=
[DEBUG-XXX] op: 163, left: 1, right: 0
[DEBUG CODEGEN CALL] Generating call to: hnsw_arena_get_free_top
[DEBUG IR_GEN] Initializer generated for 'free_top', value = 0x5b6c74eeec98
[DEBUG IR_GEN] InitVal type: 0x5b6c71992198
[DEBUG IR_GEN] Default builder.CreateStore for free_top
[DEBUG CODEGEN CALL] Generating call to: hnsw_arena_get_free_buf
[DEBUG IR_GEN] Initializer generated for 'free_buf', value = 0x5b6c74cb0bb8
[DEBUG IR_GEN] InitVal type: 0x5b6c71992198
[DEBUG IR_GEN] Default builder.CreateStore for free_buf
[DEBUG CODEGEN CALL] Generating call to: drop
[DEBUG CODEGEN CALL] Generating call to: npk_mem_write_int64
[DEBUG-BINARY] op=163 leftType=1 rightType=0 leftNumType= rightNumType=
[DEBUG-XXX] op: 163, left: 1, right: 0
[DEBUG CODEGEN CALL] Generating call to: drop
[DEBUG CODEGEN CALL] Generating call to: npk_mem_write_int64
[DEBUG-XXX] op: 161, left: 1, right: 0
[DEBUG CODEGEN CALL] Generating call to: hnsw_arena_get_used
[DEBUG IR_GEN] Initializer generated for 'used', value = 0x5b6c750d8a78
[DEBUG IR_GEN] InitVal type: 0x5b6c71992198
[DEBUG IR_GEN] Default builder.CreateStore for used
[DEBUG CODEGEN CALL] Generating call to: drop
[DEBUG CODEGEN CALL] Generating call to: npk_mem_write_int64
[DEBUG-XXX] op: 162, left: 1, right: 0
[DEBUG CODEGEN CALL] Generating call to: hnsw_arena_get_capacity
[DEBUG IR_GEN] Initializer generated for 'capacity', value = 0x5b6c74d013c8
[DEBUG IR_GEN] InitVal type: 0x5b6c71992198
[DEBUG IR_GEN] Default builder.CreateStore for capacity
[DEBUG IR_GEN] Initializer generated for 'slot', value = 0x5b6c7483dbc0
[DEBUG IR_GEN] InitVal type: 0x5b6c71992198
[DEBUG IR_GEN] Default builder.CreateStore for slot
[DEBUG CODEGEN CALL] Generating call to: hnsw_arena_get_gen_buf
[DEBUG IR_GEN] Initializer generated for 'gen_buf', value = 0x5b6c74c60b68
[DEBUG IR_GEN] InitVal type: 0x5b6c71992198
[DEBUG IR_GEN] Default builder.CreateStore for gen_buf
[DEBUG CODEGEN CALL] Generating call to: npk_mem_read_int32
[DEBUG-BINARY] op=163 leftType=1 rightType=0 leftNumType= rightNumType=
[DEBUG-XXX] op: 163, left: 1, right: 0
[DEBUG IR_GEN] Initializer generated for 'live_gen', value = 0x5b6c74ec70b0
[DEBUG IR_GEN] InitVal type: 0x5b6c71992180
[DEBUG IR_GEN] Default builder.CreateStore for live_gen
[DEBUG CODEGEN CALL] Generating call to: hnsw_hnsw_arena_get_node_buf
[DEBUG IR_GEN] Initializer generated for 'node_buf', value = 0x5b6c74ed1d78
[DEBUG IR_GEN] InitVal type: 0x5b6c71992198
[DEBUG IR_GEN] Default builder.CreateStore for node_buf
[DEBUG CODEGEN CALL] Generating call to: hnsw_arena_get_capacity
[DEBUG IR_GEN] Initializer generated for 'capacity', value = 0x5b6c74ed35e8
[DEBUG IR_GEN] InitVal type: 0x5b6c71992198
[DEBUG IR_GEN] Default builder.CreateStore for capacity
[DEBUG IR_GEN] Initializer generated for 'slot', value = 0x5b6c74ea7ab0
[DEBUG IR_GEN] InitVal type: 0x5b6c71992198
[DEBUG IR_GEN] Default builder.CreateStore for slot
[DEBUG CODEGEN CALL] Generating call to: hnsw_hnsw_arena_get_node_buf
[DEBUG IR_GEN] Initializer generated for 'node_buf', value = 0x5b6c74cef978
[DEBUG IR_GEN] InitVal type: 0x5b6c71992198
[DEBUG IR_GEN] Default builder.CreateStore for node_buf
[DEBUG IR_GEN] Initializer generated for 'word0', value = 0x5b6c75058e70
[DEBUG IR_GEN] InitVal type: 0x5b6c71992198
[DEBUG IR_GEN] Default builder.CreateStore for word0
[DEBUG IR_GEN] Initializer generated for 'word1', value = 0x5b6c74ed0f00
[DEBUG IR_GEN] InitVal type: 0x5b6c71992198
[DEBUG IR_GEN] Default builder.CreateStore for word1
[DEBUG CODEGEN CALL] Generating call to: drop
[DEBUG CODEGEN CALL] Generating call to: npk_mem_write_int64
[DEBUG CODEGEN CALL] Generating call to: drop
[DEBUG CODEGEN CALL] Generating call to: npk_mem_write_int64
[DEBUG CODEGEN CALL] Generating call to: npk_mem_read_int64
[DEBUG IR_GEN] Initializer generated for 'word0', value = 0x5b6c74cfba20
[DEBUG IR_GEN] InitVal type: 0x5b6c71992198
[DEBUG IR_GEN] Default builder.CreateStore for word0
[DEBUG CODEGEN CALL] Generating call to: npk_mem_read_int64
[DEBUG IR_GEN] Initializer generated for 'word1', value = 0x5b6c74cfbcb0
[DEBUG IR_GEN] InitVal type: 0x5b6c71992198
[DEBUG IR_GEN] Default builder.CreateStore for word1
[DEBUG IR_GEN] Initializer generated for 'slot_idx', value = 0x5b6c74d3d7a0
[DEBUG IR_GEN] InitVal type: 0x5b6c71992198
[DEBUG IR_GEN] Default builder.CreateStore for slot_idx
[DEBUG IR_GEN] Initializer generated for 'generation', value = 0x5b6c74d3dae0
[DEBUG IR_GEN] InitVal type: 0x5b6c71992198
[DEBUG IR_GEN] Default builder.CreateStore for generation
[DEBUG IR_GEN] Initializer generated for 'arena_id', value = 0x5b6c74ec7650
[DEBUG IR_GEN] InitVal type: 0x5b6c71992198
[DEBUG IR_GEN] Default builder.CreateStore for arena_id
[DEBUG CODEGEN CALL] Generating call to: drop
[DEBUG CODEGEN CALL] Generating call to: npk_mem_write_int64
[DEBUG CODEGEN CALL] Generating call to: drop
[DEBUG CODEGEN CALL] Generating call to: npk_mem_write_int64
[DEBUG CODEGEN CALL] Generating call to: drop
[DEBUG CODEGEN CALL] Generating call to: npk_mem_write_int64
[DEBUG IR_GEN] Initializer generated for 'acc', value = 0x5b6c74edfdb0
[DEBUG IR_GEN] InitVal type: 0x5b6c71992198
[DEBUG IR_GEN] Default builder.CreateStore for acc
[DEBUG IR_GEN] Initializer generated for 'i', value = 0x5b6c74325da0
[DEBUG IR_GEN] InitVal type: 0x5b6c71992198
[DEBUG IR_GEN] Default builder.CreateStore for i
[DEBUG WHILE] Parsing condition for while loop. NodeType: 2
   BinaryOp Type: 176
[DEBUG IR_GEN] Initializer generated for 'ai', value = 0x5b6c750cdf20
[DEBUG IR_GEN] InitVal type: 0x5b6c71992198
[DEBUG IR_GEN] Default builder.CreateStore for ai
[DEBUG IR_GEN] Initializer generated for 'bi', value = 0x5b6c750ce300
[DEBUG IR_GEN] InitVal type: 0x5b6c71992198
[DEBUG IR_GEN] Default builder.CreateStore for bi
[DEBUG IR_GEN] Initializer generated for 'diff', value = 0x5b6c750ce860
[DEBUG IR_GEN] InitVal type: 0x5b6c71992198
[DEBUG IR_GEN] Default builder.CreateStore for diff
[DEBUG ASSIGNMENT] op=168, leftType=1 (POINTER_MEMBER=7)
[DEBUG ASSIGNMENT] op=168, leftType=1 (POINTER_MEMBER=7)
[DEBUG IR_GEN] Initializer generated for 'simd_iters', value = 0x5b6c74d44890
[DEBUG IR_GEN] InitVal type: 0x5b6c71992198
[DEBUG IR_GEN] Default builder.CreateStore for simd_iters
[DEBUG IR_GEN] Initializer generated for 'tail_start', value = 0x5b6c74d44aa0
[DEBUG IR_GEN] InitVal type: 0x5b6c71992198
[DEBUG IR_GEN] Default builder.CreateStore for tail_start
[DEBUG CODEGEN CALL] Generating call to: simd_splat
[DEBUG IR_GEN] Initializer generated for 'acc_vec', value = 0x5b6c7494d0f0
[DEBUG IR_GEN] InitVal type: 0x5b6c74821d10
[DEBUG IR_GEN] Default builder.CreateStore for acc_vec
[DEBUG IR_GEN] Initializer generated for 'iter', value = 0x5b6c74325da0
[DEBUG IR_GEN] InitVal type: 0x5b6c71992198
[DEBUG IR_GEN] Default builder.CreateStore for iter
[DEBUG WHILE] Parsing condition for while loop. NodeType: 2
   BinaryOp Type: 176
[DEBUG IR_GEN] Initializer generated for 'idx', value = 0x5b6c74ef8c30
[DEBUG IR_GEN] InitVal type: 0x5b6c71992198
[DEBUG IR_GEN] Default builder.CreateStore for idx
[DEBUG CODEGEN CALL] Generating call to: simd_load
[DEBUG CODEGEN CALL] Generating call to: @ptr_add
[DEBUG IR_GEN] Initializer generated for 'va', value = 0x5b6c74ef9060
[DEBUG IR_GEN] InitVal type: 0x5b6c74821d40
[DEBUG IR_GEN] Default builder.CreateStore for va
[DEBUG CODEGEN CALL] Generating call to: simd_load
[DEBUG CODEGEN CALL] Generating call to: @ptr_add
[DEBUG IR_GEN] Initializer generated for 'vb', value = 0x5b6c74ef94c0
[DEBUG IR_GEN] InitVal type: 0x5b6c74821d40
[DEBUG IR_GEN] Default builder.CreateStore for vb
[DEBUG IR_GEN] Initializer generated for 'vd', value = 0x5b6c750577e0
[DEBUG IR_GEN] InitVal type: 0x5b6c74821ce0
[DEBUG IR_GEN] Default builder.CreateStore for vd
[DEBUG ASSIGNMENT] op=168, leftType=1 (POINTER_MEMBER=7)
[DEBUG ASSIGNMENT] op=168, leftType=1 (POINTER_MEMBER=7)
[DEBUG CODEGEN CALL] Generating call to: simd_sum
[DEBUG IR_GEN] Initializer generated for 'acc', value = 0x5b6c74efa7c0
[DEBUG IR_GEN] InitVal type: 0x5b6c71992198
[DEBUG IR_GEN] Default builder.CreateStore for acc
[DEBUG IR_GEN] Initializer generated for 'acc', value = 0x5b6c74d38990
[DEBUG IR_GEN] InitVal type: 0x5b6c71992198
[DEBUG IR_GEN] Default builder.CreateStore for acc
[DEBUG IR_GEN] Initializer generated for 'i', value = 0x5b6c74325da0
[DEBUG IR_GEN] InitVal type: 0x5b6c71992198
[DEBUG IR_GEN] Default builder.CreateStore for i
[DEBUG WHILE] Parsing condition for while loop. NodeType: 2
   BinaryOp Type: 176
[DEBUG IR_GEN] Initializer generated for 'ai', value = 0x5b6c74d39b00
[DEBUG IR_GEN] InitVal type: 0x5b6c71992198
[DEBUG IR_GEN] Default builder.CreateStore for ai
[DEBUG IR_GEN] Initializer generated for 'bi', value = 0x5b6c74d39ed0
[DEBUG IR_GEN] InitVal type: 0x5b6c71992198
[DEBUG IR_GEN] Default builder.CreateStore for bi
[DEBUG ASSIGNMENT] op=168, leftType=1 (POINTER_MEMBER=7)
[DEBUG ASSIGNMENT] op=168, leftType=1 (POINTER_MEMBER=7)
[DEBUG IR_GEN] Initializer generated for 'simd_iters', value = 0x5b6c74d4eb10
[DEBUG IR_GEN] InitVal type: 0x5b6c71992198
[DEBUG IR_GEN] Default builder.CreateStore for simd_iters
[DEBUG IR_GEN] Initializer generated for 'tail_start', value = 0x5b6c74d4efe0
[DEBUG IR_GEN] InitVal type: 0x5b6c71992198
[DEBUG IR_GEN] Default builder.CreateStore for tail_start
[DEBUG CODEGEN CALL] Generating call to: simd_splat
[DEBUG IR_GEN] Initializer generated for 'acc_vec', value = 0x5b6c7494d0f0
[DEBUG IR_GEN] InitVal type: 0x5b6c74821d10
[DEBUG IR_GEN] Default builder.CreateStore for acc_vec
[DEBUG IR_GEN] Initializer generated for 'iter', value = 0x5b6c74325da0
[DEBUG IR_GEN] InitVal type: 0x5b6c71992198
[DEBUG IR_GEN] Default builder.CreateStore for iter
[DEBUG WHILE] Parsing condition for while loop. NodeType: 2
   BinaryOp Type: 176
[DEBUG IR_GEN] Initializer generated for 'idx', value = 0x5b6c74d501c0
[DEBUG IR_GEN] InitVal type: 0x5b6c71992198
[DEBUG IR_GEN] Default builder.CreateStore for idx
[DEBUG CODEGEN CALL] Generating call to: simd_load
[DEBUG CODEGEN CALL] Generating call to: @ptr_add
[DEBUG IR_GEN] Initializer generated for 'va', value = 0x5b6c74d50680
[DEBUG IR_GEN] InitVal type: 0x5b6c74821d40
[DEBUG IR_GEN] Default builder.CreateStore for va
[DEBUG CODEGEN CALL] Generating call to: simd_load
[DEBUG CODEGEN CALL] Generating call to: @ptr_add
[DEBUG IR_GEN] Initializer generated for 'vb', value = 0x5b6c74d50ae0
[DEBUG IR_GEN] InitVal type: 0x5b6c74821d40
[DEBUG IR_GEN] Default builder.CreateStore for vb
[DEBUG ASSIGNMENT] op=168, leftType=1 (POINTER_MEMBER=7)
[DEBUG ASSIGNMENT] op=168, leftType=1 (POINTER_MEMBER=7)
[DEBUG CODEGEN CALL] Generating call to: simd_sum
[DEBUG IR_GEN] Initializer generated for 'acc', value = 0x5b6c750e2820
[DEBUG IR_GEN] InitVal type: 0x5b6c71992198
[DEBUG IR_GEN] Default builder.CreateStore for acc
[DEBUG IR_GEN] Initializer generated for 'dot', value = 0x5b6c750e3e30
[DEBUG IR_GEN] InitVal type: 0x5b6c71992198
[DEBUG IR_GEN] Default builder.CreateStore for dot
[DEBUG IR_GEN] Initializer generated for 'mag_a', value = 0x5b6c750e4030
[DEBUG IR_GEN] InitVal type: 0x5b6c71992198
[DEBUG IR_GEN] Default builder.CreateStore for mag_a
[DEBUG IR_GEN] Initializer generated for 'mag_b', value = 0x5b6c750e4230
[DEBUG IR_GEN] InitVal type: 0x5b6c71992198
[DEBUG IR_GEN] Default builder.CreateStore for mag_b
[DEBUG IR_GEN] Initializer generated for 'i', value = 0x5b6c74325da0
[DEBUG IR_GEN] InitVal type: 0x5b6c71992198
[DEBUG IR_GEN] Default builder.CreateStore for i
[DEBUG WHILE] Parsing condition for while loop. NodeType: 2
   BinaryOp Type: 176
[DEBUG IR_GEN] Initializer generated for 'ai', value = 0x5b6c750e5370
[DEBUG IR_GEN] InitVal type: 0x5b6c71992198
[DEBUG IR_GEN] Default builder.CreateStore for ai
[DEBUG IR_GEN] Initializer generated for 'bi', value = 0x5b6c74d536f0
[DEBUG IR_GEN] InitVal type: 0x5b6c71992198
[DEBUG IR_GEN] Default builder.CreateStore for bi
[DEBUG ASSIGNMENT] op=168, leftType=1 (POINTER_MEMBER=7)
[DEBUG ASSIGNMENT] op=168, leftType=1 (POINTER_MEMBER=7)
[DEBUG ASSIGNMENT] op=168, leftType=1 (POINTER_MEMBER=7)
[DEBUG ASSIGNMENT] op=168, leftType=1 (POINTER_MEMBER=7)
[DEBUG CODEGEN CALL] Generating call to: tfp64_sqrt
[DEBUG CODEGEN CALL] Generating call to: tfp64_sqrt
[DEBUG IR_GEN] Initializer generated for 'denom', value = 0x5b6c74d56ee0
[DEBUG IR_GEN] InitVal type: 0x5b6c71992198
[DEBUG IR_GEN] Default builder.CreateStore for denom
[DEBUG IR_GEN] Initializer generated for 'simd_iters', value = 0x5b6c74d4b3a0
[DEBUG IR_GEN] InitVal type: 0x5b6c71992198
[DEBUG IR_GEN] Default builder.CreateStore for simd_iters
[DEBUG IR_GEN] Initializer generated for 'tail_start', value = 0x5b6c74ef82d0
[DEBUG IR_GEN] InitVal type: 0x5b6c71992198
[DEBUG IR_GEN] Default builder.CreateStore for tail_start
[DEBUG CODEGEN CALL] Generating call to: simd_splat
[DEBUG IR_GEN] Initializer generated for 'dot_vec', value = 0x5b6c7494d0f0
[DEBUG IR_GEN] InitVal type: 0x5b6c74821d10
[DEBUG IR_GEN] Default builder.CreateStore for dot_vec
[DEBUG CODEGEN CALL] Generating call to: simd_splat
[DEBUG IR_GEN] Initializer generated for 'mag_a_vec', value = 0x5b6c7494d0f0
[DEBUG IR_GEN] InitVal type: 0x5b6c74821d10
[DEBUG IR_GEN] Default builder.CreateStore for mag_a_vec
[DEBUG CODEGEN CALL] Generating call to: simd_splat
[DEBUG IR_GEN] Initializer generated for 'mag_b_vec', value = 0x5b6c7494d0f0
[DEBUG IR_GEN] InitVal type: 0x5b6c74821d10
[DEBUG IR_GEN] Default builder.CreateStore for mag_b_vec
[DEBUG IR_GEN] Initializer generated for 'iter', value = 0x5b6c74325da0
[DEBUG IR_GEN] InitVal type: 0x5b6c71992198
[DEBUG IR_GEN] Default builder.CreateStore for iter
[DEBUG WHILE] Parsing condition for while loop. NodeType: 2
   BinaryOp Type: 176
[DEBUG IR_GEN] Initializer generated for 'idx', value = 0x5b6c75096d20
[DEBUG IR_GEN] InitVal type: 0x5b6c71992198
[DEBUG IR_GEN] Default builder.CreateStore for idx
[DEBUG CODEGEN CALL] Generating call to: simd_load
[DEBUG CODEGEN CALL] Generating call to: @ptr_add
[DEBUG IR_GEN] Initializer generated for 'va', value = 0x5b6c750971e0
[DEBUG IR_GEN] InitVal type: 0x5b6c74821d40
[DEBUG IR_GEN] Default builder.CreateStore for va
[DEBUG CODEGEN CALL] Generating call to: simd_load
[DEBUG CODEGEN CALL] Generating call to: @ptr_add
[DEBUG IR_GEN] Initializer generated for 'vb', value = 0x5b6c74d0af90
[DEBUG IR_GEN] InitVal type: 0x5b6c74821d40
[DEBUG IR_GEN] Default builder.CreateStore for vb
[DEBUG ASSIGNMENT] op=168, leftType=1 (POINTER_MEMBER=7)
[DEBUG ASSIGNMENT] op=168, leftType=1 (POINTER_MEMBER=7)
[DEBUG ASSIGNMENT] op=168, leftType=1 (POINTER_MEMBER=7)
[DEBUG ASSIGNMENT] op=168, leftType=1 (POINTER_MEMBER=7)
[DEBUG CODEGEN CALL] Generating call to: simd_sum
[DEBUG IR_GEN] Initializer generated for 'dot', value = 0x5b6c75098c50
[DEBUG IR_GEN] InitVal type: 0x5b6c71992198
[DEBUG IR_GEN] Default builder.CreateStore for dot
[DEBUG CODEGEN CALL] Generating call to: simd_sum
[DEBUG IR_GEN] Initializer generated for 'mag_a', value = 0x5b6c75098e90
[DEBUG IR_GEN] InitVal type: 0x5b6c71992198
[DEBUG IR_GEN] Default builder.CreateStore for mag_a
[DEBUG CODEGEN CALL] Generating call to: simd_sum
[DEBUG IR_GEN] Initializer generated for 'mag_b', value = 0x5b6c750990d0
[DEBUG IR_GEN] InitVal type: 0x5b6c71992198
[DEBUG IR_GEN] Default builder.CreateStore for mag_b
[DEBUG CODEGEN CALL] Generating call to: tfp64_sqrt
[DEBUG CODEGEN CALL] Generating call to: tfp64_sqrt
[DEBUG IR_GEN] Initializer generated for 'denom', value = 0x5b6c74ce44e0
[DEBUG IR_GEN] InitVal type: 0x5b6c71992198
[DEBUG IR_GEN] Default builder.CreateStore for denom
[DEBUG CODEGEN CALL] Generating call to: l2sq_scalar
[DEBUG CODEGEN CALL] Generating call to: ip_scalar
[DEBUG CODEGEN CALL] Generating call to: cosine_scalar
[DEBUG CODEGEN CALL] Generating call to: l2sq_simd
[DEBUG CODEGEN CALL] Generating call to: ip_simd
[DEBUG CODEGEN CALL] Generating call to: cosine_simd
[DEBUG CODEGEN CALL] Generating call to: npk_core_alloc
[DEBUG IR_GEN] Initializer generated for 'graph', value = 0x5b6c74cf4580
[DEBUG IR_GEN] InitVal type: 0x5b6c71992198
[DEBUG IR_GEN] Default builder.CreateStore for graph
[DEBUG CODEGEN CALL] Generating call to: drop
[DEBUG CODEGEN CALL] Generating call to: npk_mem_write_int64
[DEBUG CODEGEN CALL] Generating call to: drop
[DEBUG CODEGEN CALL] Generating call to: npk_mem_write_int64
[DEBUG CODEGEN CALL] Generating call to: drop
[DEBUG CODEGEN CALL] Generating call to: npk_mem_write_int64
[DEBUG CODEGEN CALL] Generating call to: drop
[DEBUG CODEGEN CALL] Generating call to: npk_mem_write_int32
[DEBUG CODEGEN CALL] Generating call to: drop
[DEBUG CODEGEN CALL] Generating call to: npk_mem_write_int32
[DEBUG CODEGEN CALL] Generating call to: drop
[DEBUG CODEGEN CALL] Generating call to: npk_mem_write_int32
[DEBUG CODEGEN CALL] Generating call to: drop
[DEBUG CODEGEN CALL] Generating call to: npk_mem_write_int32
[DEBUG CODEGEN CALL] Generating call to: drop
[DEBUG CODEGEN CALL] Generating call to: npk_mem_write_int32
[DEBUG CODEGEN CALL] Generating call to: drop
[DEBUG CODEGEN CALL] Generating call to: npk_mem_write_int32
[DEBUG CODEGEN CALL] Generating call to: drop
[DEBUG CODEGEN CALL] Generating call to: npk_mem_write_int64
[DEBUG CODEGEN CALL] Generating call to: drop
[DEBUG CODEGEN CALL] Generating call to: npk_core_dalloc
[DEBUG CODEGEN CALL] Generating call to: npk_mem_read_int32
[DEBUG IR_GEN] Initializer generated for 'ep_slot', value = 0x5b6c74d0bb70
[DEBUG IR_GEN] InitVal type: 0x5b6c71992180
[DEBUG IR_GEN] Default builder.CreateStore for ep_slot
[DEBUG CODEGEN CALL] Generating call to: npk_mem_read_int32
[DEBUG IR_GEN] Initializer generated for 'ep_gen', value = 0x5b6c74ce2d40
[DEBUG IR_GEN] InitVal type: 0x5b6c71992180
[DEBUG IR_GEN] Default builder.CreateStore for ep_gen
[DEBUG CODEGEN CALL] Generating call to: drop
[DEBUG CODEGEN CALL] Generating call to: npk_mem_write_int32
[DEBUG CODEGEN CALL] Generating call to: drop
[DEBUG CODEGEN CALL] Generating call to: npk_mem_write_int32
[DEBUG CODEGEN CALL] Generating call to: drop
[DEBUG CODEGEN CALL] Generating call to: npk_mem_write_int32
[DEBUG CODEGEN CALL] Generating call to: drop
[DEBUG CODEGEN CALL] Generating call to: npk_mem_write_int32
[DEBUG CODEGEN CALL] Generating call to: npk_mem_read_int32
[DEBUG CODEGEN CALL] Generating call to: drop
[DEBUG CODEGEN CALL] Generating call to: npk_mem_write_int32
[DEBUG CODEGEN CALL] Generating call to: npk_mem_read_int64
[DEBUG CODEGEN CALL] Generating call to: npk_mem_read_int64
[DEBUG CODEGEN CALL] Generating call to: npk_mem_read_int64
[DEBUG CODEGEN CALL] Generating call to: npk_mem_read_int32
[DEBUG CODEGEN CALL] Generating call to: npk_mem_read_int32
[DEBUG CODEGEN CALL] Generating call to: npk_mem_read_int32
[DEBUG CODEGEN CALL] Generating call to: npk_mem_read_int64
[DEBUG CODEGEN CALL] Generating call to: hnsw_graph_get_vector_buf
[DEBUG IR_GEN] Initializer generated for 'vec_buf', value = 0x5b6c74d4a8b8
[DEBUG IR_GEN] InitVal type: 0x5b6c71992198
[DEBUG IR_GEN] Default builder.CreateStore for vec_buf
[DEBUG CODEGEN CALL] Generating call to: hnsw_graph_get_vector_dim
[DEBUG IR_GEN] Initializer generated for 'dim', value = 0x5b6c74d4a4a8
[DEBUG IR_GEN] InitVal type: 0x5b6c71992198
[DEBUG IR_GEN] Default builder.CreateStore for dim
[DEBUG IR_GEN] Initializer generated for 'ptr1', value = 0x5b6c74e9f170
[DEBUG IR_GEN] InitVal type: 0x5b6c71992198
[DEBUG IR_GEN] Default builder.CreateStore for ptr1
[DEBUG IR_GEN] Initializer generated for 'ptr2', value = 0x5b6c74e9f540
[DEBUG IR_GEN] InitVal type: 0x5b6c71992198
[DEBUG IR_GEN] Default builder.CreateStore for ptr2
[DEBUG IR_GEN] Initializer generated for 't1', value = 0x5b6c74dca6a0
[DEBUG IR_GEN] InitVal type: 0x5b6c746f0df0
[DEBUG IR_GEN] Default builder.CreateStore for t1
[DEBUG IR_GEN] Initializer generated for 't2', value = 0x5b6c74ec73e0
[DEBUG IR_GEN] InitVal type: 0x5b6c746f0df0
[DEBUG IR_GEN] Default builder.CreateStore for t2
[DEBUG CODEGEN CALL] Generating call to: l2sq_simd_pub
[DEBUG IR_GEN] Initializer generated for 'total_size', value = 0x5b6c74ef03b0
[DEBUG IR_GEN] InitVal type: 0x5b6c71992198
[DEBUG IR_GEN] Default builder.CreateStore for total_size
[DEBUG CODEGEN CALL] Generating call to: npk_core_alloc
[DEBUG IR_GEN] Initializer generated for 'visited', value = 0x5b6c74d02640
[DEBUG IR_GEN] InitVal type: 0x5b6c71992198
[DEBUG IR_GEN] Default builder.CreateStore for visited
[DEBUG CODEGEN CALL] Generating call to: drop
[DEBUG CODEGEN CALL] Generating call to: npk_mem_write_int64
[DEBUG CODEGEN CALL] Generating call to: drop
[DEBUG CODEGEN CALL] Generating call to: npk_mem_write_int64
[DEBUG CODEGEN CALL] Generating call to: drop
[DEBUG CODEGEN CALL] Generating call to: npk_mem_set
[DEBUG-BINARY] op=163 leftType=1 rightType=0 leftNumType= rightNumType=
[DEBUG-XXX] op: 161, left: 1, right: 1
[DEBUG-XXX] op: 163, left: 1, right: 0
[DEBUG CODEGEN CALL] Generating call to: drop
[DEBUG CODEGEN CALL] Generating call to: npk_core_dalloc
[DEBUG CODEGEN CALL] Generating call to: npk_mem_read_int64
[DEBUG IR_GEN] Initializer generated for 'curr', value = 0x5b6c750d0740
[DEBUG IR_GEN] InitVal type: 0x5b6c71992198
[DEBUG IR_GEN] Default builder.CreateStore for curr
[DEBUG IR_GEN] Initializer generated for 'curr32', value = 0x5b6c748fe8f0
[DEBUG IR_GEN] InitVal type: 0x5b6c71992180
[DEBUG IR_GEN] Default builder.CreateStore for curr32
[DEBUG CODEGEN CALL] Generating call to: npk_mem_read_int64
[DEBUG IR_GEN] Initializer generated for 'capacity', value = 0x5b6c750d1eb0
[DEBUG IR_GEN] InitVal type: 0x5b6c71992198
[DEBUG IR_GEN] Default builder.CreateStore for capacity
[DEBUG CODEGEN CALL] Generating call to: drop
[DEBUG CODEGEN CALL] Generating call to: npk_mem_set
[DEBUG-BINARY] op=163 leftType=1 rightType=0 leftNumType= rightNumType=
[DEBUG-XXX] op: 161, left: 1, right: 1
[DEBUG-XXX] op: 163, left: 1, right: 0
[DEBUG CODEGEN CALL] Generating call to: drop
[DEBUG CODEGEN CALL] Generating call to: npk_mem_write_int64
[DEBUG CODEGEN CALL] Generating call to: drop
[DEBUG CODEGEN CALL] Generating call to: npk_mem_write_int64
[DEBUG-XXX] op: 161, left: 1, right: 0
[DEBUG CODEGEN CALL] Generating call to: npk_mem_read_int64
[DEBUG IR_GEN] Initializer generated for 'curr', value = 0x5b6c750d3b50
[DEBUG IR_GEN] InitVal type: 0x5b6c71992198
[DEBUG IR_GEN] Default builder.CreateStore for curr
[DEBUG IR_GEN] Initializer generated for 'curr32', value = 0x5b6c74cc6e80
[DEBUG IR_GEN] InitVal type: 0x5b6c71992180
[DEBUG IR_GEN] Default builder.CreateStore for curr32
[DEBUG IR_GEN] Initializer generated for 'slot64', value = 0x5b6c750e09a0
[DEBUG IR_GEN] InitVal type: 0x5b6c71992198
[DEBUG IR_GEN] Default builder.CreateStore for slot64
[DEBUG IR_GEN] Initializer generated for 'offset', value = 0x5b6c750d4570
[DEBUG IR_GEN] InitVal type: 0x5b6c71992198
[DEBUG IR_GEN] Default builder.CreateStore for offset
[DEBUG CODEGEN CALL] Generating call to: drop
[DEBUG CODEGEN CALL] Generating call to: npk_mem_write_int32
[DEBUG CODEGEN CALL] Generating call to: npk_mem_read_int64
[DEBUG IR_GEN] Initializer generated for 'curr', value = 0x5b6c750d58c0
[DEBUG IR_GEN] InitVal type: 0x5b6c71992198
[DEBUG IR_GEN] Default builder.CreateStore for curr
[DEBUG IR_GEN] Initializer generated for 'curr32', value = 0x5b6c74c79710
[DEBUG IR_GEN] InitVal type: 0x5b6c71992180
[DEBUG IR_GEN] Default builder.CreateStore for curr32
[DEBUG IR_GEN] Initializer generated for 'slot64', value = 0x5b6c750e0240
[DEBUG IR_GEN] InitVal type: 0x5b6c71992198
[DEBUG IR_GEN] Default builder.CreateStore for slot64
[DEBUG IR_GEN] Initializer generated for 'offset', value = 0x5b6c74eadd10
[DEBUG IR_GEN] InitVal type: 0x5b6c71992198
[DEBUG IR_GEN] Default builder.CreateStore for offset
[DEBUG CODEGEN CALL] Generating call to: npk_mem_read_int32
[DEBUG IR_GEN] Initializer generated for 'val', value = 0x5b6c74eae020
[DEBUG IR_GEN] InitVal type: 0x5b6c71992180
[DEBUG IR_GEN] Default builder.CreateStore for val
[DEBUG CODEGEN CALL] Generating call to: astack
[DEBUG CODEGEN CALL] Generating call to: raw
[DEBUG CODEGEN CALL] Generating call to: json_arena_init
[DEBUG IR_GEN] Initializer generated for 'doc_arena', value = 0x5b6c74eb0820
[DEBUG IR_GEN] InitVal type: 0x5b6c71992198
[DEBUG IR_GEN] Default builder.CreateStore for doc_arena
[DEBUG CODEGEN CALL] Generating call to: npk_core_alloc
[DEBUG IR_GEN] Initializer generated for 'cursor_ptr', value = 0x5b6c74eb0a30
[DEBUG IR_GEN] InitVal type: 0x5b6c71992198
[DEBUG IR_GEN] Default builder.CreateStore for cursor_ptr
[DEBUG CODEGEN CALL] Generating call to: drop
[DEBUG CODEGEN CALL] Generating call to: npk_mem_write_int64
[DEBUG CODEGEN CALL] Generating call to: raw
[DEBUG CODEGEN CALL] Generating call to: deserialize_value
[DEBUG IR_GEN] Initializer generated for 'doc', value = 0x5b6c74eb0400
[DEBUG IR_GEN] InitVal type: 0x5b6c74933c90
[DEBUG IR_GEN] Default builder.CreateStore for doc
[DEBUG CODEGEN CALL] Generating call to: drop
[DEBUG CODEGEN CALL] Generating call to: npk_core_dalloc
[DEBUG IR_GEN] Initializer generated for 'doc_ptr', value = 0x5b6c74eaf130
[DEBUG IR_GEN] InitVal type: 0x5b6c71992198
[DEBUG IR_GEN] Default builder.CreateStore for doc_ptr
[DEBUG CODEGEN CALL] Generating call to: apush
[DEBUG CODEGEN CALL] Generating call to: apush
[DEBUG CODEGEN CALL] Generating call to: apush
[DEBUG IR_GEN] Initializer generated for 'stack_size', value = 0x5b6c743d74f0
[DEBUG IR_GEN] InitVal type: 0x5b6c71992198
[DEBUG IR_GEN] Default builder.CreateStore for stack_size
[DEBUG IR_GEN] Initializer generated for 'last_result', value = 0x5b6c743d74f0
[DEBUG IR_GEN] InitVal type: 0x5b6c71992198
[DEBUG IR_GEN] Default builder.CreateStore for last_result
[DEBUG WHILE] Parsing condition for while loop. NodeType: 2
   BinaryOp Type: 178
[DEBUG CODEGEN CALL] Generating call to: apop
[DEBUG IR_GEN] Initializer generated for 'acc', value = 0x5b6c74cfa4b0
[DEBUG IR_GEN] InitVal type: 0x5b6c71992198
[DEBUG IR_GEN] Default builder.CreateStore for acc
[DEBUG CODEGEN CALL] Generating call to: apop
[DEBUG IR_GEN] Initializer generated for 'c_idx', value = 0x5b6c74cfa860
[DEBUG IR_GEN] InitVal type: 0x5b6c71992198
[DEBUG IR_GEN] Default builder.CreateStore for c_idx
[DEBUG CODEGEN CALL] Generating call to: apop
[DEBUG IR_GEN] Initializer generated for 'node', value = 0x5b6c74eb0f30
[DEBUG IR_GEN] InitVal type: 0x5b6c71992198
[DEBUG IR_GEN] Default builder.CreateStore for node
[DEBUG ASSIGNMENT] op=168, leftType=1 (POINTER_MEMBER=7)
[DEBUG CODEGEN CALL] Generating call to: npk_mem_read_byte
[DEBUG IR_GEN] Initializer generated for 'op', value = 0x5b6c74cfae20
[DEBUG IR_GEN] InitVal type: 0x5b6c71992198
[DEBUG IR_GEN] Default builder.CreateStore for op
[DEBUG CODEGEN CALL] Generating call to: npk_mem_read_int32
[DEBUG IR_GEN] Initializer generated for 'count', value = 0x5b6c75051cb0
[DEBUG IR_GEN] InitVal type: 0x5b6c71992198
[DEBUG IR_GEN] Default builder.CreateStore for count
[DEBUG ASSIGNMENT] op=168, leftType=1 (POINTER_MEMBER=7)
[DEBUG ASSIGNMENT] op=168, leftType=1 (POINTER_MEMBER=7)
[DEBUG ASSIGNMENT] op=168, leftType=1 (POINTER_MEMBER=7)
[DEBUG CODEGEN CALL] Generating call to: apush
[DEBUG CODEGEN CALL] Generating call to: apush
[DEBUG-XXX] op: 161, left: 1, right: 0
[DEBUG CODEGEN CALL] Generating call to: apush
[DEBUG ASSIGNMENT] op=168, leftType=1 (POINTER_MEMBER=7)
[DEBUG CODEGEN CALL] Generating call to: npk_mem_read_int64
[DEBUG IR_GEN] Initializer generated for 'children', value = 0x5b6c750b2080
[DEBUG IR_GEN] InitVal type: 0x5b6c71992198
[DEBUG IR_GEN] Default builder.CreateStore for children
[DEBUG CODEGEN CALL] Generating call to: npk_mem_read_int64
[DEBUG-BINARY] op=163 leftType=1 rightType=0 leftNumType= rightNumType=
[DEBUG-XXX] op: 163, left: 1, right: 0
[DEBUG IR_GEN] Initializer generated for 'child_node', value = 0x5b6c750b7200
[DEBUG IR_GEN] InitVal type: 0x5b6c71992198
[DEBUG IR_GEN] Default builder.CreateStore for child_node
[DEBUG CODEGEN CALL] Generating call to: apush
[DEBUG CODEGEN CALL] Generating call to: apush
[DEBUG CODEGEN CALL] Generating call to: apush
[DEBUG ASSIGNMENT] op=168, leftType=1 (POINTER_MEMBER=7)
[DEBUG ASSIGNMENT] op=168, leftType=1 (POINTER_MEMBER=7)
[DEBUG CODEGEN CALL] Generating call to: npk_mem_read_int32
[DEBUG IR_GEN] Initializer generated for 'count', value = 0x5b6c7509ebb0
[DEBUG IR_GEN] InitVal type: 0x5b6c71992198
[DEBUG IR_GEN] Default builder.CreateStore for count
[DEBUG ASSIGNMENT] op=168, leftType=1 (POINTER_MEMBER=7)
[DEBUG ASSIGNMENT] op=168, leftType=1 (POINTER_MEMBER=7)
[DEBUG ASSIGNMENT] op=168, leftType=1 (POINTER_MEMBER=7)
[DEBUG CODEGEN CALL] Generating call to: apush
[DEBUG CODEGEN CALL] Generating call to: apush
[DEBUG-XXX] op: 161, left: 1, right: 0
[DEBUG CODEGEN CALL] Generating call to: apush
[DEBUG ASSIGNMENT] op=168, leftType=1 (POINTER_MEMBER=7)
[DEBUG CODEGEN CALL] Generating call to: npk_mem_read_int64
[DEBUG IR_GEN] Initializer generated for 'children', value = 0x5b6c75128820
[DEBUG IR_GEN] InitVal type: 0x5b6c71992198
[DEBUG IR_GEN] Default builder.CreateStore for children
[DEBUG CODEGEN CALL] Generating call to: npk_mem_read_int64
[DEBUG-BINARY] op=163 leftType=1 rightType=0 leftNumType= rightNumType=
[DEBUG-XXX] op: 163, left: 1, right: 0
[DEBUG IR_GEN] Initializer generated for 'child_node', value = 0x5b6c75128bd0
[DEBUG IR_GEN] InitVal type: 0x5b6c71992198
[DEBUG IR_GEN] Default builder.CreateStore for child_node
[DEBUG CODEGEN CALL] Generating call to: apush
[DEBUG CODEGEN CALL] Generating call to: apush
[DEBUG CODEGEN CALL] Generating call to: apush
[DEBUG ASSIGNMENT] op=168, leftType=1 (POINTER_MEMBER=7)
[DEBUG ASSIGNMENT] op=168, leftType=1 (POINTER_MEMBER=7)
[DEBUG CODEGEN CALL] Generating call to: npk_mem_read_int64
[DEBUG IR_GEN] Initializer generated for 'path', value = 0x5b6c75129720
[DEBUG IR_GEN] InitVal type: 0x5b6c71992198
[DEBUG IR_GEN] Default builder.CreateStore for path
[DEBUG CODEGEN CALL] Generating call to: raw
[DEBUG CODEGEN CALL] Generating call to: eval_path
[DEBUG IR_GEN] Initializer generated for 'actual', value = 0x5b6c75129ac0
[DEBUG IR_GEN] InitVal type: 0x5b6c74933c90
[DEBUG IR_GEN] Default builder.CreateStore for actual
[DEBUG CODEGEN CALL] Generating call to: npk_mem_read_byte
[DEBUG CODEGEN CALL] Generating call to: npk_mem_read_int64
[DEBUG IR_GEN] Initializer generated for 'target', value = 0x5b6c74eae800
[DEBUG IR_GEN] InitVal type: 0x5b6c74933c90
[DEBUG IR_GEN] Default builder.CreateStore for target
[DEBUG ASSIGNMENT] op=168, leftType=1 (POINTER_MEMBER=7)
[DEBUG ASSIGNMENT] op=168, leftType=1 (POINTER_MEMBER=7)
[DEBUG ASSIGNMENT] op=168, leftType=1 (POINTER_MEMBER=7)
[DEBUG ASSIGNMENT] op=168, leftType=1 (POINTER_MEMBER=7)
[DEBUG CODEGEN CALL] Generating call to: npk_mem_read_int32
[DEBUG IR_GEN] Initializer generated for 'a_len', value = 0x5b6c7506dbe0
[DEBUG IR_GEN] InitVal type: 0x5b6c71992198
[DEBUG IR_GEN] Default builder.CreateStore for a_len
[DEBUG CODEGEN CALL] Generating call to: npk_mem_read_int32
[DEBUG IR_GEN] Initializer generated for 't_len', value = 0x5b6c750468d0
[DEBUG IR_GEN] InitVal type: 0x5b6c71992198
[DEBUG IR_GEN] Default builder.CreateStore for t_len
[DEBUG ASSIGNMENT] op=168, leftType=1 (POINTER_MEMBER=7)
[DEBUG CODEGEN CALL] Generating call to: npk_mem_read_int64
[DEBUG IR_GEN] Initializer generated for 'a_data', value = 0x5b6c75130ae0
[DEBUG IR_GEN] InitVal type: 0x5b6c71992198
[DEBUG IR_GEN] Default builder.CreateStore for a_data
[DEBUG CODEGEN CALL] Generating call to: npk_mem_read_int64
[DEBUG IR_GEN] Initializer generated for 't_data', value = 0x5b6c75130dd0
[DEBUG IR_GEN] InitVal type: 0x5b6c71992198
[DEBUG IR_GEN] Default builder.CreateStore for t_data
[DEBUG CODEGEN CALL] Generating call to: npk_mem_compare
[DEBUG IR_GEN] Initializer generated for 'res', value = 0x5b6c75131190
[DEBUG IR_GEN] InitVal type: 0x5b6c71992198
[DEBUG IR_GEN] Default builder.CreateStore for res
[DEBUG ASSIGNMENT] op=168, leftType=1 (POINTER_MEMBER=7)
[DEBUG ASSIGNMENT] op=168, leftType=1 (POINTER_MEMBER=7)
[DEBUG ASSIGNMENT] op=168, leftType=1 (POINTER_MEMBER=7)
[DEBUG ASSIGNMENT] op=168, leftType=1 (POINTER_MEMBER=7)
[DEBUG ASSIGNMENT] op=168, leftType=1 (POINTER_MEMBER=7)
[DEBUG ASSIGNMENT] op=168, leftType=1 (POINTER_MEMBER=7)
[DEBUG ASSIGNMENT] op=168, leftType=1 (POINTER_MEMBER=7)
[DEBUG ASSIGNMENT] op=168, leftType=1 (POINTER_MEMBER=7)
[DEBUG ASSIGNMENT] op=168, leftType=1 (POINTER_MEMBER=7)
[DEBUG ASSIGNMENT] op=168, leftType=1 (POINTER_MEMBER=7)
[DEBUG ASSIGNMENT] op=168, leftType=1 (POINTER_MEMBER=7)
[DEBUG ASSIGNMENT] op=168, leftType=1 (POINTER_MEMBER=7)
[DEBUG CODEGEN CALL] Generating call to: drop
[DEBUG CODEGEN CALL] Generating call to: json_arena_destroy
[DEBUG IR_GEN] Initializer generated for 'ef_64', value = 0x5b6c74cf9fd0
[DEBUG IR_GEN] InitVal type: 0x5b6c71992198
[DEBUG IR_GEN] Default builder.CreateStore for ef_64
[DEBUG CODEGEN CALL] Generating call to: raw
[DEBUG CODEGEN CALL] Generating call to: hnsw_pq_create
[DEBUG CODEGEN CALL] Generating call to: raw
[DEBUG CODEGEN CALL] Generating call to: hnsw_graph_get_arena
[DEBUG IR_GEN] Initializer generated for 'arena', value = 0x5b6c75130070
[DEBUG IR_GEN] InitVal type: 0x5b6c71992198
[DEBUG IR_GEN] Default builder.CreateStore for arena
[DEBUG CODEGEN CALL] Generating call to: raw
[DEBUG CODEGEN CALL] Generating call to: hnsw_arena_get_node
[DEBUG IR_GEN] Initializer generated for 'ep_node_ptr', value = 0x5b6c750da160
[DEBUG IR_GEN] InitVal type: 0x5b6c71992198
[DEBUG IR_GEN] Default builder.CreateStore for ep_node_ptr
[DEBUG CODEGEN CALL] Generating call to: raw
[DEBUG CODEGEN CALL] Generating call to: hnsw_node_get_vector_offset
[DEBUG IR_GEN] Initializer generated for 'ep_vec_offset', value = 0x5b6c75039fa0
[DEBUG IR_GEN] InitVal type: 0x5b6c71992198
[DEBUG IR_GEN] Default builder.CreateStore for ep_vec_offset
[DEBUG CODEGEN CALL] Generating call to: raw
[DEBUG CODEGEN CALL] Generating call to: hnsw_graph_distance
[DEBUG IR_GEN] Initializer generated for 'ep_dist', value = 0x5b6c7503a110
[DEBUG IR_GEN] InitVal type: 0x5b6c71992198
[DEBUG IR_GEN] Default builder.CreateStore for ep_dist
[DEBUG CODEGEN CALL] Generating call to: raw
[DEBUG CODEGEN CALL] Generating call to: hnsw_pq_create
[DEBUG IR_GEN] Initializer generated for 'candidates', value = 0x5b6c750c3c90
[DEBUG IR_GEN] InitVal type: 0x5b6c71992198
[DEBUG IR_GEN] Default builder.CreateStore for candidates
[DEBUG CODEGEN CALL] Generating call to: raw
[DEBUG CODEGEN CALL] Generating call to: hnsw_pq_create
[DEBUG IR_GEN] Initializer generated for 'W', value = 0x5b6c750c3de0
[DEBUG IR_GEN] InitVal type: 0x5b6c71992198
[DEBUG IR_GEN] Default builder.CreateStore for W
[DEBUG CODEGEN CALL] Generating call to: drop
[DEBUG CODEGEN CALL] Generating call to: hnsw_pq_push
[DEBUG IR_GEN] Initializer generated for 'ep_match', value = 0x5b6c74848fc0
[DEBUG IR_GEN] InitVal type: 0x5b6c71992138
[DEBUG IR_GEN] Default builder.CreateStore for ep_match
[DEBUG CODEGEN CALL] Generating call to: npk_mem_read_int64
[DEBUG-BINARY] op=163 leftType=23 rightType=0 leftNumType= rightNumType=
[DEBUG-XXX] op: 163, left: 23, right: 0
[DEBUG IR_GEN] Initializer generated for 'ep_doc_ptr', value = 0x5b6c751050c0
[DEBUG IR_GEN] InitVal type: 0x5b6c71992198
[DEBUG IR_GEN] Default builder.CreateStore for ep_doc_ptr
[DEBUG ASSIGNMENT] op=168, leftType=1 (POINTER_MEMBER=7)
[DEBUG CODEGEN CALL] Generating call to: raw
[DEBUG CODEGEN CALL] Generating call to: evaluate_filter
[DEBUG CODEGEN CALL] Generating call to: drop
[DEBUG CODEGEN CALL] Generating call to: hnsw_pq_push
[DEBUG CODEGEN CALL] Generating call to: drop
[DEBUG CODEGEN CALL] Generating call to: hnsw_visited_mark
[DEBUG CODEGEN CALL] Generating call to: npk_core_alloc
[DEBUG IR_GEN] Initializer generated for 'C', value = 0x5b6c75043930
[DEBUG IR_GEN] InitVal type: 0x5b6c71992198
[DEBUG IR_GEN] Default builder.CreateStore for C
[DEBUG CODEGEN CALL] Generating call to: npk_core_alloc
[DEBUG IR_GEN] Initializer generated for 'furthest', value = 0x5b6c75043b70
[DEBUG IR_GEN] InitVal type: 0x5b6c71992198
[DEBUG IR_GEN] Default builder.CreateStore for furthest
[DEBUG CODEGEN CALL] Generating call to: raw
[DEBUG CODEGEN CALL] Generating call to: hnsw_pq_get_size
[DEBUG CODEGEN CALL] Generating call to: drop
[DEBUG CODEGEN CALL] Generating call to: hnsw_pq_pop
[DEBUG CODEGEN CALL] Generating call to: raw
[DEBUG CODEGEN CALL] Generating call to: hnsw_pq_get_dist
[DEBUG IR_GEN] Initializer generated for 'c_dist', value = 0x5b6c750445b0
[DEBUG IR_GEN] InitVal type: 0x5b6c71992198
[DEBUG IR_GEN] Default builder.CreateStore for c_dist
[DEBUG CODEGEN CALL] Generating call to: raw
[DEBUG CODEGEN CALL] Generating call to: hnsw_pq_get_slot
[DEBUG IR_GEN] Initializer generated for 'c_slot', value = 0x5b6c74d0ddd0
[DEBUG IR_GEN] InitVal type: 0x5b6c71992180
[DEBUG IR_GEN] Default builder.CreateStore for c_slot
[DEBUG CODEGEN CALL] Generating call to: raw
[DEBUG CODEGEN CALL] Generating call to: hnsw_pq_get_gen
[DEBUG IR_GEN] Initializer generated for 'c_gen', value = 0x5b6c74d0e0a0
[DEBUG IR_GEN] InitVal type: 0x5b6c71992180
[DEBUG IR_GEN] Default builder.CreateStore for c_gen
[DEBUG IR_GEN] Initializer generated for 'f_dist', value = 0x5b6c7511f3b0
[DEBUG IR_GEN] InitVal type: 0x5b6c71992078
[DEBUG IR_GEN] Default builder.CreateStore for f_dist
[DEBUG CODEGEN CALL] Generating call to: raw
[DEBUG CODEGEN CALL] Generating call to: hnsw_pq_get_size
[DEBUG IR_GEN] Initializer generated for 'w_size', value = 0x5b6c74d0e490
[DEBUG IR_GEN] InitVal type: 0x5b6c71992198
[DEBUG IR_GEN] Default builder.CreateStore for w_size
[DEBUG CODEGEN CALL] Generating call to: drop
[DEBUG CODEGEN CALL] Generating call to: hnsw_pq_peek
[DEBUG ASSIGNMENT] op=168, leftType=1 (POINTER_MEMBER=7)
[DEBUG CODEGEN CALL] Generating call to: raw
[DEBUG CODEGEN CALL] Generating call to: hnsw_pq_get_dist
[DEBUG CODEGEN CALL] Generating call to: raw
[DEBUG CODEGEN CALL] Generating call to: hnsw_arena_get_node
[DEBUG IR_GEN] Initializer generated for 'c_node_ptr', value = 0x5b6c75085f10
[DEBUG IR_GEN] InitVal type: 0x5b6c71992198
[DEBUG IR_GEN] Default builder.CreateStore for c_node_ptr
[DEBUG CODEGEN CALL] Generating call to: raw
[DEBUG CODEGEN CALL] Generating call to: hnsw_node_get_num_neighbors
[DEBUG IR_GEN] Initializer generated for 'num_neighbors', value = 0x5b6c750864d0
[DEBUG IR_GEN] InitVal type: 0x5b6c71992180
[DEBUG IR_GEN] Default builder.CreateStore for num_neighbors
[DEBUG IR_GEN] Initializer generated for 'i', value = 0x5b6c74325da0
[DEBUG IR_GEN] InitVal type: 0x5b6c71992198
[DEBUG IR_GEN] Default builder.CreateStore for i
[DEBUG IR_GEN] Initializer generated for 'n_64', value = 0x5b6c7512b750
[DEBUG IR_GEN] InitVal type: 0x5b6c71992198
[DEBUG IR_GEN] Default builder.CreateStore for n_64
[DEBUG CODEGEN CALL] Generating call to: raw
[DEBUG CODEGEN CALL] Generating call to: hnsw_node_get_neighbor_slot
[DEBUG IR_GEN] Initializer generated for 'n_slot', value = 0x5b6c7510fc50
[DEBUG IR_GEN] InitVal type: 0x5b6c71992180
[DEBUG IR_GEN] Default builder.CreateStore for n_slot
[DEBUG CODEGEN CALL] Generating call to: raw
[DEBUG CODEGEN CALL] Generating call to: hnsw_node_get_neighbor_gen
[DEBUG IR_GEN] Initializer generated for 'n_gen', value = 0x5b6c751100a0
[DEBUG IR_GEN] InitVal type: 0x5b6c71992180
[DEBUG IR_GEN] Default builder.CreateStore for n_gen
[DEBUG CODEGEN CALL] Generating call to: raw
[DEBUG CODEGEN CALL] Generating call to: hnsw_visited_check
[DEBUG IR_GEN] Initializer generated for 'is_visited', value = 0x5b6c7502e0d0
[DEBUG IR_GEN] InitVal type: 0x5b6c71992198
[DEBUG IR_GEN] Default builder.CreateStore for is_visited
[DEBUG CODEGEN CALL] Generating call to: drop
[DEBUG CODEGEN CALL] Generating call to: hnsw_visited_mark
[DEBUG CODEGEN CALL] Generating call to: raw
[DEBUG CODEGEN CALL] Generating call to: hnsw_arena_get_node
[DEBUG IR_GEN] Initializer generated for 'n_node_ptr', value = 0x5b6c750303d0
[DEBUG IR_GEN] InitVal type: 0x5b6c71992198
[DEBUG IR_GEN] Default builder.CreateStore for n_node_ptr
[DEBUG CODEGEN CALL] Generating call to: npk_mem_read_int64
[DEBUG-BINARY] op=163 leftType=23 rightType=0 leftNumType= rightNumType=
[DEBUG-XXX] op: 163, left: 23, right: 0
[DEBUG IR_GEN] Initializer generated for 'doc_ptr', value = 0x5b6c751cf250
[DEBUG IR_GEN] InitVal type: 0x5b6c71992198
[DEBUG IR_GEN] Default builder.CreateStore for doc_ptr
[DEBUG CODEGEN CALL] Generating call to: raw
[DEBUG CODEGEN CALL] Generating call to: evaluate_filter
[DEBUG IR_GEN] Initializer generated for 'match', value = 0x5b6c75211a10
[DEBUG IR_GEN] InitVal type: 0x5b6c71992138
[DEBUG IR_GEN] Default builder.CreateStore for match
[DEBUG ASSIGNMENT] op=168, leftType=1 (POINTER_MEMBER=7)
[DEBUG CODEGEN CALL] Generating call to: raw
[DEBUG CODEGEN CALL] Generating call to: hnsw_node_get_vector_offset
[DEBUG IR_GEN] Initializer generated for 'n_vec_offset', value = 0x5b6c75254390
[DEBUG IR_GEN] InitVal type: 0x5b6c71992198
[DEBUG IR_GEN] Default builder.CreateStore for n_vec_offset
[DEBUG CODEGEN CALL] Generating call to: raw
[DEBUG CODEGEN CALL] Generating call to: hnsw_graph_distance
[DEBUG IR_GEN] Initializer generated for 'n_dist', value = 0x5b6c752547a0
[DEBUG IR_GEN] InitVal type: 0x5b6c71992198
[DEBUG IR_GEN] Default builder.CreateStore for n_dist
[DEBUG IR_GEN] Initializer generated for 'f_dist2', value = 0x5b6c7511f3b0
[DEBUG IR_GEN] InitVal type: 0x5b6c71992078
[DEBUG IR_GEN] Default builder.CreateStore for f_dist2
[DEBUG CODEGEN CALL] Generating call to: raw
[DEBUG CODEGEN CALL] Generating call to: hnsw_pq_get_size
[DEBUG IR_GEN] Initializer generated for 'w_size2', value = 0x5b6c75254c10
[DEBUG IR_GEN] InitVal type: 0x5b6c71992198
[DEBUG IR_GEN] Default builder.CreateStore for w_size2
[DEBUG CODEGEN CALL] Generating call to: drop
[DEBUG CODEGEN CALL] Generating call to: hnsw_pq_peek
[DEBUG ASSIGNMENT] op=168, leftType=1 (POINTER_MEMBER=7)
[DEBUG CODEGEN CALL] Generating call to: raw
[DEBUG CODEGEN CALL] Generating call to: hnsw_pq_get_dist
[DEBUG CODEGEN CALL] Generating call to: drop
[DEBUG CODEGEN CALL] Generating call to: hnsw_pq_push
[DEBUG CODEGEN CALL] Generating call to: drop
[DEBUG CODEGEN CALL] Generating call to: hnsw_pq_push
[DEBUG CODEGEN CALL] Generating call to: drop
[DEBUG CODEGEN CALL] Generating call to: hnsw_pq_push
[DEBUG CODEGEN CALL] Generating call to: drop
[DEBUG CODEGEN CALL] Generating call to: hnsw_pq_push
[DEBUG CODEGEN CALL] Generating call to: drop
[DEBUG CODEGEN CALL] Generating call to: hnsw_pq_pop
[DEBUG ASSIGNMENT] op=168, leftType=1 (POINTER_MEMBER=7)
[DEBUG CODEGEN CALL] Generating call to: drop
[DEBUG CODEGEN CALL] Generating call to: npk_core_dalloc
[DEBUG CODEGEN CALL] Generating call to: drop
[DEBUG CODEGEN CALL] Generating call to: npk_core_dalloc
[DEBUG CODEGEN CALL] Generating call to: drop
[DEBUG CODEGEN CALL] Generating call to: hnsw_pq_destroy
[DEBUG IR_GEN] Initializer generated for 'm', value = 0x5b6c74cfed60
[DEBUG IR_GEN] InitVal type: 0x5b6c71992198
[DEBUG IR_GEN] Default builder.CreateStore for m
[DEBUG IR_GEN] Initializer generated for 'a', value = 0x5b6c74ba1cc0
[DEBUG IR_GEN] InitVal type: 0x5b6c71992198
[DEBUG IR_GEN] Default builder.CreateStore for a
[DEBUG CODEGEN CALL] Generating call to: raw
[DEBUG CODEGEN CALL] Generating call to: hnsw_graph_get_mL
[DEBUG IR_GEN] Initializer generated for 'mL', value = 0x5b6c74d21cf0
[DEBUG IR_GEN] InitVal type: 0x5b6c71992090
[DEBUG IR_GEN] Default builder.CreateStore for mL
[DEBUG IR_GEN] Initializer generated for 'max_layer_limit', value = 0x5b6c7481f6d0
[DEBUG IR_GEN] InitVal type: 0x5b6c71992180
[DEBUG IR_GEN] Default builder.CreateStore for max_layer_limit
[DEBUG CODEGEN CALL] Generating call to: npk_mem_read_int64
[DEBUG IR_GEN] Initializer generated for 's', value = 0x5b6c75076120
[DEBUG IR_GEN] InitVal type: 0x5b6c71992198
[DEBUG IR_GEN] Default builder.CreateStore for s
[DEBUG CODEGEN CALL] Generating call to: raw
[DEBUG CODEGEN CALL] Generating call to: rand_next
[DEBUG IR_GEN] Initializer generated for 'next_s', value = 0x5b6c75183ce0
[DEBUG IR_GEN] InitVal type: 0x5b6c71992198
[DEBUG IR_GEN] Default builder.CreateStore for next_s
[DEBUG ASSIGNMENT] op=168, leftType=1 (POINTER_MEMBER=7)
[DEBUG CODEGEN CALL] Generating call to: drop
[DEBUG CODEGEN CALL] Generating call to: npk_mem_write_int64
[DEBUG IR_GEN] Initializer generated for 'r_int', value = 0x5b6c750b86f0
[DEBUG IR_GEN] InitVal type: 0x5b6c71992198
[DEBUG IR_GEN] Default builder.CreateStore for r_int
[DEBUG ASSIGNMENT] op=168, leftType=1 (POINTER_MEMBER=7)
[DEBUG ASSIGNMENT] op=168, leftType=1 (POINTER_MEMBER=7)
[DEBUG IR_GEN] Initializer generated for 'unif', value = 0x5b6c7512eaf0
[DEBUG IR_GEN] InitVal type: 0x5b6c71992090
[DEBUG IR_GEN] Default builder.CreateStore for unif
[DEBUG CODEGEN CALL] Generating call to: log
[DEBUG IR_GEN] Initializer generated for 'l_val', value = 0x5b6c75066a90
[DEBUG IR_GEN] InitVal type: 0x5b6c71992090
[DEBUG IR_GEN] Default builder.CreateStore for l_val
[DEBUG CODEGEN CALL] Generating call to: floor
[DEBUG IR_GEN] Initializer generated for 'l', value = 0x5b6c7512d6a0
[DEBUG IR_GEN] InitVal type: 0x5b6c71992180
[DEBUG IR_GEN] Default builder.CreateStore for l
[DEBUG CODEGEN CALL] Generating call to: raw
[DEBUG CODEGEN CALL] Generating call to: hnsw_pq_get_size
[DEBUG IR_GEN] Initializer generated for 'size', value = 0x5b6c75035c90
[DEBUG IR_GEN] InitVal type: 0x5b6c71992198
[DEBUG IR_GEN] Default builder.CreateStore for size
[DEBUG CODEGEN CALL] Generating call to: raw
[DEBUG CODEGEN CALL] Generating call to: hnsw_pq_create
[DEBUG CODEGEN CALL] Generating call to: raw
[DEBUG CODEGEN CALL] Generating call to: hnsw_pq_create
[DEBUG IR_GEN] Initializer generated for 'min_heap', value = 0x5b6c750bfbd0
[DEBUG IR_GEN] InitVal type: 0x5b6c71992198
[DEBUG IR_GEN] Default builder.CreateStore for min_heap
[DEBUG CODEGEN CALL] Generating call to: npk_core_alloc
[DEBUG IR_GEN] Initializer generated for 'C', value = 0x5b6c75048760
[DEBUG IR_GEN] InitVal type: 0x5b6c71992198
[DEBUG IR_GEN] Default builder.CreateStore for C
[DEBUG CODEGEN CALL] Generating call to: raw
[DEBUG CODEGEN CALL] Generating call to: hnsw_pq_get_size
[DEBUG CODEGEN CALL] Generating call to: drop
[DEBUG CODEGEN CALL] Generating call to: hnsw_pq_pop
[DEBUG CODEGEN CALL] Generating call to: raw
[DEBUG CODEGEN CALL] Generating call to: hnsw_pq_get_dist
[DEBUG IR_GEN] Initializer generated for 'dist', value = 0x5b6c750b4980
[DEBUG IR_GEN] InitVal type: 0x5b6c71992198
[DEBUG IR_GEN] Default builder.CreateStore for dist
[DEBUG CODEGEN CALL] Generating call to: raw
[DEBUG CODEGEN CALL] Generating call to: hnsw_pq_get_slot
[DEBUG IR_GEN] Initializer generated for 'slot', value = 0x5b6c750b5fa0
[DEBUG IR_GEN] InitVal type: 0x5b6c71992180
[DEBUG IR_GEN] Default builder.CreateStore for slot
[DEBUG CODEGEN CALL] Generating call to: raw
[DEBUG CODEGEN CALL] Generating call to: hnsw_pq_get_gen
[DEBUG IR_GEN] Initializer generated for 'gen', value = 0x5b6c751e8610
[DEBUG IR_GEN] InitVal type: 0x5b6c71992180
[DEBUG IR_GEN] Default builder.CreateStore for gen
[DEBUG CODEGEN CALL] Generating call to: drop
[DEBUG CODEGEN CALL] Generating call to: hnsw_pq_push
[DEBUG CODEGEN CALL] Generating call to: raw
[DEBUG CODEGEN CALL] Generating call to: hnsw_pq_create
[DEBUG IR_GEN] Initializer generated for 'R', value = 0x5b6c75037fa0
[DEBUG IR_GEN] InitVal type: 0x5b6c71992198
[DEBUG IR_GEN] Default builder.CreateStore for R
[DEBUG CODEGEN CALL] Generating call to: raw
[DEBUG CODEGEN CALL] Generating call to: hnsw_graph_get_arena
[DEBUG IR_GEN] Initializer generated for 'arena', value = 0x5b6c75103710
[DEBUG IR_GEN] InitVal type: 0x5b6c71992198
[DEBUG IR_GEN] Default builder.CreateStore for arena
[DEBUG CODEGEN CALL] Generating call to: raw
[DEBUG CODEGEN CALL] Generating call to: hnsw_pq_get_size
[DEBUG CODEGEN CALL] Generating call to: drop
[DEBUG CODEGEN CALL] Generating call to: hnsw_pq_pop
[DEBUG CODEGEN CALL] Generating call to: raw
[DEBUG CODEGEN CALL] Generating call to: hnsw_pq_get_dist
[DEBUG IR_GEN] Initializer generated for 'c_dist', value = 0x5b6c75166cf0
[DEBUG IR_GEN] InitVal type: 0x5b6c71992198
[DEBUG IR_GEN] Default builder.CreateStore for c_dist
[DEBUG CODEGEN CALL] Generating call to: raw
[DEBUG CODEGEN CALL] Generating call to: hnsw_pq_get_slot
[DEBUG IR_GEN] Initializer generated for 'c_slot', value = 0x5b6c751e7980
[DEBUG IR_GEN] InitVal type: 0x5b6c71992180
[DEBUG IR_GEN] Default builder.CreateStore for c_slot
[DEBUG CODEGEN CALL] Generating call to: raw
[DEBUG CODEGEN CALL] Generating call to: hnsw_pq_get_gen
[DEBUG IR_GEN] Initializer generated for 'c_gen', value = 0x5b6c75032050
[DEBUG IR_GEN] InitVal type: 0x5b6c71992180
[DEBUG IR_GEN] Default builder.CreateStore for c_gen
[DEBUG CODEGEN CALL] Generating call to: raw
[DEBUG CODEGEN CALL] Generating call to: hnsw_pq_get_size
[DEBUG IR_GEN] Initializer generated for 'r_size', value = 0x5b6c75035a50
[DEBUG IR_GEN] InitVal type: 0x5b6c71992198
[DEBUG IR_GEN] Default builder.CreateStore for r_size
[DEBUG CODEGEN CALL] Generating call to: raw
[DEBUG CODEGEN CALL] Generating call to: hnsw_arena_get_node
[DEBUG IR_GEN] Initializer generated for 'c_node', value = 0x5b6c750b6d60
[DEBUG IR_GEN] InitVal type: 0x5b6c71992198
[DEBUG IR_GEN] Default builder.CreateStore for c_node
[DEBUG CODEGEN CALL] Generating call to: raw
[DEBUG CODEGEN CALL] Generating call to: hnsw_node_get_vector_offset
[DEBUG IR_GEN] Initializer generated for 'c_vec', value = 0x5b6c74d1f2d0
[DEBUG IR_GEN] InitVal type: 0x5b6c71992198
[DEBUG IR_GEN] Default builder.CreateStore for c_vec
[DEBUG CODEGEN CALL] Generating call to: raw
[DEBUG CODEGEN CALL] Generating call to: hnsw_pq_get_elements
[DEBUG IR_GEN] Initializer generated for 'r_elems', value = 0x5b6c74d1f4a0
[DEBUG IR_GEN] InitVal type: 0x5b6c71992198
[DEBUG IR_GEN] Default builder.CreateStore for r_elems
[DEBUG IR_GEN] Initializer generated for 'good', value = 0x5b6c74848fc0
[DEBUG IR_GEN] InitVal type: 0x5b6c71992138
[DEBUG IR_GEN] Default builder.CreateStore for good
[DEBUG IR_GEN] Initializer generated for 'i', value = 0x5b6c74325da0
[DEBUG IR_GEN] InitVal type: 0x5b6c71992198
[DEBUG IR_GEN] Default builder.CreateStore for i
[DEBUG IR_GEN] Initializer generated for 'r_ptr', value = 0x5b6c7506d3f0
[DEBUG IR_GEN] InitVal type: 0x5b6c71992198
[DEBUG IR_GEN] Default builder.CreateStore for r_ptr
[DEBUG CODEGEN CALL] Generating call to: raw
[DEBUG CODEGEN CALL] Generating call to: hnsw_pq_get_slot
[DEBUG IR_GEN] Initializer generated for 'r_slot', value = 0x5b6c7506d850
[DEBUG IR_GEN] InitVal type: 0x5b6c71992180
[DEBUG IR_GEN] Default builder.CreateStore for r_slot
[DEBUG CODEGEN CALL] Generating call to: raw
[DEBUG CODEGEN CALL] Generating call to: hnsw_pq_get_gen
[DEBUG IR_GEN] Initializer generated for 'r_gen', value = 0x5b6c75126330
[DEBUG IR_GEN] InitVal type: 0x5b6c71992180
[DEBUG IR_GEN] Default builder.CreateStore for r_gen
[DEBUG CODEGEN CALL] Generating call to: raw
[DEBUG CODEGEN CALL] Generating call to: hnsw_arena_get_node
[DEBUG IR_GEN] Initializer generated for 'r_node', value = 0x5b6c75126850
[DEBUG IR_GEN] InitVal type: 0x5b6c71992198
[DEBUG IR_GEN] Default builder.CreateStore for r_node
[DEBUG CODEGEN CALL] Generating call to: raw
[DEBUG CODEGEN CALL] Generating call to: hnsw_node_get_vector_offset
[DEBUG IR_GEN] Initializer generated for 'r_vec', value = 0x5b6c751617d0
[DEBUG IR_GEN] InitVal type: 0x5b6c71992198
[DEBUG IR_GEN] Default builder.CreateStore for r_vec
[DEBUG CODEGEN CALL] Generating call to: raw
[DEBUG CODEGEN CALL] Generating call to: hnsw_graph_distance
[DEBUG IR_GEN] Initializer generated for 'dist_cr', value = 0x5b6c75161c50
[DEBUG IR_GEN] InitVal type: 0x5b6c71992198
[DEBUG IR_GEN] Default builder.CreateStore for dist_cr
[DEBUG ASSIGNMENT] op=168, leftType=1 (POINTER_MEMBER=7)
[DEBUG ASSIGNMENT] op=168, leftType=1 (POINTER_MEMBER=7)
[DEBUG CODEGEN CALL] Generating call to: drop
[DEBUG CODEGEN CALL] Generating call to: hnsw_pq_push
[DEBUG CODEGEN CALL] Generating call to: drop
[DEBUG CODEGEN CALL] Generating call to: npk_core_dalloc
[DEBUG CODEGEN CALL] Generating call to: drop
[DEBUG CODEGEN CALL] Generating call to: hnsw_pq_destroy
[DEBUG CODEGEN CALL] Generating call to: raw
[DEBUG CODEGEN CALL] Generating call to: hnsw_pq_create
[DEBUG-XXX] op: 161, left: 23, right: 0
[DEBUG IR_GEN] Initializer generated for 'W', value = 0x5b6c751f0b70
[DEBUG IR_GEN] InitVal type: 0x5b6c71992198
[DEBUG IR_GEN] Default builder.CreateStore for W
[DEBUG CODEGEN CALL] Generating call to: raw
[DEBUG CODEGEN CALL] Generating call to: hnsw_node_get_num_neighbors
[DEBUG IR_GEN] Initializer generated for 'num_n', value = 0x5b6c751f0ee0
[DEBUG IR_GEN] InitVal type: 0x5b6c71992180
[DEBUG IR_GEN] Default builder.CreateStore for num_n
[DEBUG CODEGEN CALL] Generating call to: raw
[DEBUG CODEGEN CALL] Generating call to: hnsw_node_get_vector_offset
[DEBUG IR_GEN] Initializer generated for 'n_vec', value = 0x5b6c751f11f0
[DEBUG IR_GEN] InitVal type: 0x5b6c71992198
[DEBUG IR_GEN] Default builder.CreateStore for n_vec
[DEBUG IR_GEN] Initializer generated for 'i', value = 0x5b6c74325da0
[DEBUG IR_GEN] InitVal type: 0x5b6c71992198
[DEBUG IR_GEN] Default builder.CreateStore for i
[DEBUG CODEGEN CALL] Generating call to: raw
[DEBUG CODEGEN CALL] Generating call to: hnsw_graph_get_arena
[DEBUG IR_GEN] Initializer generated for 'arena', value = 0x5b6c751f1660
[DEBUG IR_GEN] InitVal type: 0x5b6c71992198
[DEBUG IR_GEN] Default builder.CreateStore for arena
[DEBUG CODEGEN CALL] Generating call to: raw
[DEBUG CODEGEN CALL] Generating call to: hnsw_node_get_neighbor_slot
[DEBUG IR_GEN] Initializer generated for 'c_slot', value = 0x5b6c7506fa30
[DEBUG IR_GEN] InitVal type: 0x5b6c71992180
[DEBUG IR_GEN] Default builder.CreateStore for c_slot
[DEBUG CODEGEN CALL] Generating call to: raw
[DEBUG CODEGEN CALL] Generating call to: hnsw_node_get_neighbor_gen
[DEBUG IR_GEN] Initializer generated for 'c_gen', value = 0x5b6c75069b10
[DEBUG IR_GEN] InitVal type: 0x5b6c71992180
[DEBUG IR_GEN] Default builder.CreateStore for c_gen
[DEBUG CODEGEN CALL] Generating call to: raw
[DEBUG CODEGEN CALL] Generating call to: hnsw_arena_get_node
[DEBUG IR_GEN] Initializer generated for 'c_node', value = 0x5b6c75116300
[DEBUG IR_GEN] InitVal type: 0x5b6c71992198
[DEBUG IR_GEN] Default builder.CreateStore for c_node
[DEBUG CODEGEN CALL] Generating call to: raw
[DEBUG CODEGEN CALL] Generating call to: hnsw_node_get_vector_offset
[DEBUG IR_GEN] Initializer generated for 'c_vec', value = 0x5b6c74cdfb20
[DEBUG IR_GEN] InitVal type: 0x5b6c71992198
[DEBUG IR_GEN] Default builder.CreateStore for c_vec
[DEBUG CODEGEN CALL] Generating call to: raw
[DEBUG CODEGEN CALL] Generating call to: hnsw_graph_distance
[DEBUG IR_GEN] Initializer generated for 'dist', value = 0x5b6c7506efd0
[DEBUG IR_GEN] InitVal type: 0x5b6c71992198
[DEBUG IR_GEN] Default builder.CreateStore for dist
[DEBUG CODEGEN CALL] Generating call to: drop
[DEBUG CODEGEN CALL] Generating call to: hnsw_pq_push
[DEBUG ASSIGNMENT] op=168, leftType=1 (POINTER_MEMBER=7)
[DEBUG CODEGEN CALL] Generating call to: raw
[DEBUG CODEGEN CALL] Generating call to: hnsw_arena_get_node
[DEBUG IR_GEN] Initializer generated for 'new_node', value = 0x5b6c74d1fba0
[DEBUG IR_GEN] InitVal type: 0x5b6c71992198
[DEBUG IR_GEN] Default builder.CreateStore for new_node
[DEBUG CODEGEN CALL] Generating call to: raw
[DEBUG CODEGEN CALL] Generating call to: hnsw_node_get_vector_offset
[DEBUG IR_GEN] Initializer generated for 'new_vec', value = 0x5b6c7505f800
[DEBUG IR_GEN] InitVal type: 0x5b6c71992198
[DEBUG IR_GEN] Default builder.CreateStore for new_vec
[DEBUG CODEGEN CALL] Generating call to: raw
[DEBUG CODEGEN CALL] Generating call to: hnsw_graph_distance
[DEBUG IR_GEN] Initializer generated for 'dist', value = 0x5b6c75075ed0
[DEBUG IR_GEN] InitVal type: 0x5b6c71992198
[DEBUG IR_GEN] Default builder.CreateStore for dist
[DEBUG CODEGEN CALL] Generating call to: drop
[DEBUG CODEGEN CALL] Generating call to: hnsw_pq_push
[DEBUG CODEGEN CALL] Generating call to: raw
[DEBUG CODEGEN CALL] Generating call to: hnsw_select_neighbors
[DEBUG IR_GEN] Initializer generated for 'neighbors', value = 0x5b6c750478e0
[DEBUG IR_GEN] InitVal type: 0x5b6c71992198
[DEBUG IR_GEN] Default builder.CreateStore for neighbors
[DEBUG CODEGEN CALL] Generating call to: raw
[DEBUG CODEGEN CALL] Generating call to: hnsw_pq_get_size
[DEBUG IR_GEN] Initializer generated for 'n_size', value = 0x5b6c751057a0
[DEBUG IR_GEN] InitVal type: 0x5b6c71992198
[DEBUG IR_GEN] Default builder.CreateStore for n_size
[DEBUG CODEGEN CALL] Generating call to: drop
[DEBUG CODEGEN CALL] Generating call to: hnsw_node_set_num_neighbors
[DEBUG ASSIGNMENT] op=168, leftType=1 (POINTER_MEMBER=7)
[DEBUG CODEGEN CALL] Generating call to: raw
[DEBUG CODEGEN CALL] Generating call to: hnsw_pq_get_candidate_ptr
[DEBUG IR_GEN] Initializer generated for 'ptr', value = 0x5b6c751f8fa0
[DEBUG IR_GEN] InitVal type: 0x5b6c71992198
[DEBUG IR_GEN] Default builder.CreateStore for ptr
[DEBUG CODEGEN CALL] Generating call to: raw
[DEBUG CODEGEN CALL] Generating call to: hnsw_pq_get_slot
[DEBUG IR_GEN] Initializer generated for 's', value = 0x5b6c750af380
[DEBUG IR_GEN] InitVal type: 0x5b6c71992180
[DEBUG IR_GEN] Default builder.CreateStore for s
[DEBUG CODEGEN CALL] Generating call to: raw
[DEBUG CODEGEN CALL] Generating call to: hnsw_pq_get_gen
[DEBUG IR_GEN] Initializer generated for 'g', value = 0x5b6c750df200
[DEBUG IR_GEN] InitVal type: 0x5b6c71992180
[DEBUG IR_GEN] Default builder.CreateStore for g
[DEBUG CODEGEN CALL] Generating call to: drop
[DEBUG CODEGEN CALL] Generating call to: hnsw_node_set_neighbor
[DEBUG ASSIGNMENT] op=168, leftType=1 (POINTER_MEMBER=7)
[DEBUG CODEGEN CALL] Generating call to: drop
[DEBUG CODEGEN CALL] Generating call to: hnsw_pq_destroy
[DEBUG CODEGEN CALL] Generating call to: drop
[DEBUG CODEGEN CALL] Generating call to: hnsw_pq_destroy
[DEBUG CODEGEN CALL] Generating call to: raw
[DEBUG CODEGEN CALL] Generating call to: hnsw_graph_get_arena
[DEBUG IR_GEN] Initializer generated for 'arena', value = 0x5b6c750a5d50
[DEBUG IR_GEN] InitVal type: 0x5b6c71992198
[DEBUG IR_GEN] Default builder.CreateStore for arena
[DEBUG CODEGEN CALL] Generating call to: npk_core_alloc
[DEBUG IR_GEN] Initializer generated for 'node_buf', value = 0x5b6c751ce6b0
[DEBUG IR_GEN] InitVal type: 0x5b6c71992198
[DEBUG IR_GEN] Default builder.CreateStore for node_buf
[DEBUG CODEGEN CALL] Generating call to: raw
[DEBUG CODEGEN CALL] Generating call to: hnsw_arena_alloc_node
[DEBUG-XXX] op: 161, left: 1, right: 0
[DEBUG IR_GEN] Initializer generated for 'alloc_res', value = 0x5b6c750f84d0
[DEBUG IR_GEN] InitVal type: 0x5b6c71992198
[DEBUG IR_GEN] Default builder.CreateStore for alloc_res
[DEBUG CODEGEN CALL] Generating call to: drop
[DEBUG CODEGEN CALL] Generating call to: npk_core_dalloc
[DEBUG CODEGEN CALL] Generating call to: npk_mem_read_int64
[DEBUG IR_GEN] Initializer generated for 'slot', value = 0x5b6c750726a0
[DEBUG IR_GEN] InitVal type: 0x5b6c71992180
[DEBUG IR_GEN] Default builder.CreateStore for slot
[DEBUG CODEGEN CALL] Generating call to: npk_mem_read_int32
[DEBUG IR_GEN] Initializer generated for 'gen', value = 0x5b6c751f0640
[DEBUG IR_GEN] InitVal type: 0x5b6c71992180
[DEBUG IR_GEN] Default builder.CreateStore for gen
[DEBUG CODEGEN CALL] Generating call to: drop
[DEBUG CODEGEN CALL] Generating call to: npk_core_dalloc
[DEBUG CODEGEN CALL] Generating call to: raw
[DEBUG CODEGEN CALL] Generating call to: hnsw_arena_get_node
[DEBUG IR_GEN] Initializer generated for 'node_ptr', value = 0x5b6c750f1970
[DEBUG IR_GEN] InitVal type: 0x5b6c71992198
[DEBUG IR_GEN] Default builder.CreateStore for node_ptr
[DEBUG CODEGEN CALL] Generating call to: drop
[DEBUG CODEGEN CALL] Generating call to: hnsw_node_set_vector_offset
[DEBUG CODEGEN CALL] Generating call to: raw
[DEBUG CODEGEN CALL] Generating call to: hnsw_random_layer
[DEBUG IR_GEN] Initializer generated for 'l', value = 0x5b6c75044e20
[DEBUG IR_GEN] InitVal type: 0x5b6c71992180
[DEBUG IR_GEN] Default builder.CreateStore for l
[DEBUG CODEGEN CALL] Generating call to: drop
[DEBUG CODEGEN CALL] Generating call to: hnsw_node_set_layer
[DEBUG CODEGEN CALL] Generating call to: npk_core_alloc
[DEBUG IR_GEN] Initializer generated for 'ep_slot_ptr', value = 0x5b6c7503ad50
[DEBUG IR_GEN] InitVal type: 0x5b6c71992198
[DEBUG IR_GEN] Default builder.CreateStore for ep_slot_ptr
[DEBUG CODEGEN CALL] Generating call to: npk_core_alloc
[DEBUG IR_GEN] Initializer generated for 'ep_gen_ptr', value = 0x5b6c75047f90
[DEBUG IR_GEN] InitVal type: 0x5b6c71992198
[DEBUG IR_GEN] Default builder.CreateStore for ep_gen_ptr
[DEBUG CODEGEN CALL] Generating call to: drop
[DEBUG CODEGEN CALL] Generating call to: raw
[DEBUG CODEGEN CALL] Generating call to: hnsw_graph_get_ep
[DEBUG CODEGEN CALL] Generating call to: npk_mem_read_int32
[DEBUG IR_GEN] Initializer generated for 'ep_slot', value = 0x5b6c7506a6e0
[DEBUG IR_GEN] InitVal type: 0x5b6c71992180
[DEBUG IR_GEN] Default builder.CreateStore for ep_slot
[DEBUG CODEGEN CALL] Generating call to: npk_mem_read_int32
[DEBUG IR_GEN] Initializer generated for 'ep_gen', value = 0x5b6c7505f9d0
[DEBUG IR_GEN] InitVal type: 0x5b6c71992180
[DEBUG IR_GEN] Default builder.CreateStore for ep_gen
[DEBUG CODEGEN CALL] Generating call to: drop
[DEBUG CODEGEN CALL] Generating call to: hnsw_graph_set_ep
[DEBUG CODEGEN CALL] Generating call to: drop
[DEBUG CODEGEN CALL] Generating call to: hnsw_graph_set_max_layer
[DEBUG CODEGEN CALL] Generating call to: drop
[DEBUG CODEGEN CALL] Generating call to: npk_core_dalloc
[DEBUG CODEGEN CALL] Generating call to: drop
[DEBUG CODEGEN CALL] Generating call to: npk_core_dalloc
[DEBUG CODEGEN CALL] Generating call to: raw
[DEBUG CODEGEN CALL] Generating call to: hnsw_graph_get_max_layer
[DEBUG IR_GEN] Initializer generated for 'max_layer', value = 0x5b6c75230360
[DEBUG IR_GEN] InitVal type: 0x5b6c71992180
[DEBUG IR_GEN] Default builder.CreateStore for max_layer
[DEBUG CODEGEN CALL] Generating call to: raw
[DEBUG CODEGEN CALL] Generating call to: hnsw_graph_get_M
[DEBUG IR_GEN] Initializer generated for 'M', value = 0x5b6c750a9880
[DEBUG IR_GEN] InitVal type: 0x5b6c71992180
[DEBUG IR_GEN] Default builder.CreateStore for M
[DEBUG CODEGEN CALL] Generating call to: raw
[DEBUG CODEGEN CALL] Generating call to: hnsw_graph_get_M0
[DEBUG IR_GEN] Initializer generated for 'M0', value = 0x5b6c750a9ad0
[DEBUG IR_GEN] InitVal type: 0x5b6c71992180
[DEBUG IR_GEN] Default builder.CreateStore for M0
[DEBUG CODEGEN CALL] Generating call to: raw
[DEBUG CODEGEN CALL] Generating call to: hnsw_graph_get_ef_construction
[DEBUG IR_GEN] Initializer generated for 'ef_const', value = 0x5b6c7510d170
[DEBUG IR_GEN] InitVal type: 0x5b6c71992180
[DEBUG IR_GEN] Default builder.CreateStore for ef_const
[DEBUG IR_GEN] Initializer generated for 'curr_ep_slot', value = 0x5b6c7510d320
[DEBUG IR_GEN] InitVal type: 0x5b6c71992180
[DEBUG IR_GEN] Default builder.CreateStore for curr_ep_slot
[DEBUG IR_GEN] Initializer generated for 'curr_ep_gen', value = 0x5b6c7510d4c0
[DEBUG IR_GEN] InitVal type: 0x5b6c71992180
[DEBUG IR_GEN] Default builder.CreateStore for curr_ep_gen
[DEBUG IR_GEN] Initializer generated for 'lc', value = 0x5b6c750ade70
[DEBUG IR_GEN] InitVal type: 0x5b6c71992180
[DEBUG IR_GEN] Default builder.CreateStore for lc
[DEBUG CODEGEN CALL] Generating call to: drop
[DEBUG CODEGEN CALL] Generating call to: hnsw_visited_clear
[DEBUG CODEGEN CALL] Generating call to: raw
[DEBUG CODEGEN CALL] Generating call to: hnsw_search_layer
[DEBUG IR_GEN] Initializer generated for 'W', value = 0x5b6c7509d230
[DEBUG IR_GEN] InitVal type: 0x5b6c71992198
[DEBUG IR_GEN] Default builder.CreateStore for W
[DEBUG CODEGEN CALL] Generating call to: raw
[DEBUG CODEGEN CALL] Generating call to: hnsw_pq_get_size
[DEBUG IR_GEN] Initializer generated for 'size', value = 0x5b6c74d20af0
[DEBUG IR_GEN] InitVal type: 0x5b6c71992198
[DEBUG IR_GEN] Default builder.CreateStore for size
[DEBUG CODEGEN CALL] Generating call to: npk_core_alloc
[DEBUG IR_GEN] Initializer generated for 'C', value = 0x5b6c75064af0
[DEBUG IR_GEN] InitVal type: 0x5b6c71992198
[DEBUG IR_GEN] Default builder.CreateStore for C
[DEBUG CODEGEN CALL] Generating call to: drop
[DEBUG CODEGEN CALL] Generating call to: hnsw_pq_peek
[DEBUG ASSIGNMENT] op=168, leftType=1 (POINTER_MEMBER=7)
[DEBUG CODEGEN CALL] Generating call to: raw
[DEBUG CODEGEN CALL] Generating call to: hnsw_pq_get_slot
[DEBUG ASSIGNMENT] op=168, leftType=1 (POINTER_MEMBER=7)
[DEBUG CODEGEN CALL] Generating call to: raw
[DEBUG CODEGEN CALL] Generating call to: hnsw_pq_get_gen
[DEBUG CODEGEN CALL] Generating call to: drop
[DEBUG CODEGEN CALL] Generating call to: npk_core_dalloc
[DEBUG CODEGEN CALL] Generating call to: drop
[DEBUG CODEGEN CALL] Generating call to: hnsw_pq_destroy
[DEBUG ASSIGNMENT] op=168, leftType=1 (POINTER_MEMBER=7)
[DEBUG ASSIGNMENT] op=168, leftType=1 (POINTER_MEMBER=7)
[DEBUG ASSIGNMENT] op=168, leftType=1 (POINTER_MEMBER=7)
[DEBUG CODEGEN CALL] Generating call to: drop
[DEBUG CODEGEN CALL] Generating call to: hnsw_visited_clear
[DEBUG CODEGEN CALL] Generating call to: raw
[DEBUG CODEGEN CALL] Generating call to: hnsw_search_layer
[DEBUG IR_GEN] Initializer generated for 'W', value = 0x5b6c7502ea20
[DEBUG IR_GEN] InitVal type: 0x5b6c71992198
[DEBUG IR_GEN] Default builder.CreateStore for W
[DEBUG IR_GEN] Initializer generated for 'layer_m', value = 0x5b6c75105cf0
[DEBUG IR_GEN] InitVal type: 0x5b6c71992180
[DEBUG IR_GEN] Default builder.CreateStore for layer_m
[DEBUG ASSIGNMENT] op=168, leftType=1 (POINTER_MEMBER=7)
[DEBUG CODEGEN CALL] Generating call to: raw
[DEBUG CODEGEN CALL] Generating call to: hnsw_select_neighbors
[DEBUG IR_GEN] Initializer generated for 'neighbors', value = 0x5b6c75066560
[DEBUG IR_GEN] InitVal type: 0x5b6c71992198
[DEBUG IR_GEN] Default builder.CreateStore for neighbors
[DEBUG CODEGEN CALL] Generating call to: raw
[DEBUG CODEGEN CALL] Generating call to: hnsw_pq_get_size
[DEBUG IR_GEN] Initializer generated for 'n_size', value = 0x5b6c7519fda0
[DEBUG IR_GEN] InitVal type: 0x5b6c71992198
[DEBUG IR_GEN] Default builder.CreateStore for n_size
[DEBUG CODEGEN CALL] Generating call to: drop
[DEBUG CODEGEN CALL] Generating call to: hnsw_node_set_num_neighbors
[DEBUG IR_GEN] Initializer generated for 'i', value = 0x5b6c74325da0
[DEBUG IR_GEN] InitVal type: 0x5b6c71992198
[DEBUG IR_GEN] Default builder.CreateStore for i
[DEBUG CODEGEN CALL] Generating call to: raw
[DEBUG CODEGEN CALL] Generating call to: hnsw_pq_get_candidate_ptr
[DEBUG IR_GEN] Initializer generated for 'ptr', value = 0x5b6c74ce1070
[DEBUG IR_GEN] InitVal type: 0x5b6c71992198
[DEBUG IR_GEN] Default builder.CreateStore for ptr
[DEBUG CODEGEN CALL] Generating call to: raw
[DEBUG CODEGEN CALL] Generating call to: hnsw_pq_get_slot
[DEBUG IR_GEN] Initializer generated for 'n_slot', value = 0x5b6c74ce1460
[DEBUG IR_GEN] InitVal type: 0x5b6c71992180
[DEBUG IR_GEN] Default builder.CreateStore for n_slot
[DEBUG CODEGEN CALL] Generating call to: raw
[DEBUG CODEGEN CALL] Generating call to: hnsw_pq_get_gen
[DEBUG IR_GEN] Initializer generated for 'n_gen', value = 0x5b6c74cf8f00
[DEBUG IR_GEN] InitVal type: 0x5b6c71992180
[DEBUG IR_GEN] Default builder.CreateStore for n_gen
[DEBUG CODEGEN CALL] Generating call to: drop
[DEBUG CODEGEN CALL] Generating call to: hnsw_node_set_neighbor
[DEBUG CODEGEN CALL] Generating call to: raw
[DEBUG CODEGEN CALL] Generating call to: hnsw_arena_get_node
[DEBUG IR_GEN] Initializer generated for 'n_node_ptr', value = 0x5b6c74cf98e0
[DEBUG IR_GEN] InitVal type: 0x5b6c71992198
[DEBUG IR_GEN] Default builder.CreateStore for n_node_ptr
[DEBUG CODEGEN CALL] Generating call to: raw
[DEBUG CODEGEN CALL] Generating call to: hnsw_node_get_num_neighbors
[DEBUG IR_GEN] Initializer generated for 'n_num', value = 0x5b6c750de4c0
[DEBUG IR_GEN] InitVal type: 0x5b6c71992180
[DEBUG IR_GEN] Default builder.CreateStore for n_num
[DEBUG CODEGEN CALL] Generating call to: drop
[DEBUG CODEGEN CALL] Generating call to: hnsw_node_set_neighbor
[DEBUG CODEGEN CALL] Generating call to: drop
[DEBUG CODEGEN CALL] Generating call to: hnsw_node_set_num_neighbors
[DEBUG-XXX] op: 161, left: 1, right: 0
[DEBUG CODEGEN CALL] Generating call to: drop
[DEBUG CODEGEN CALL] Generating call to: hnsw_shrink_connections
[DEBUG ASSIGNMENT] op=168, leftType=1 (POINTER_MEMBER=7)
[DEBUG IR_GEN] Initializer generated for 'min_idx', value = 0x5b6c74749470
[DEBUG IR_GEN] InitVal type: 0x5b6c71992198
[DEBUG IR_GEN] Default builder.CreateStore for min_idx
[DEBUG IR_GEN] Initializer generated for 'min_dist', value = 0x5b6c75074fa0
[DEBUG IR_GEN] InitVal type: 0x5b6c71992078
[DEBUG IR_GEN] Default builder.CreateStore for min_dist
[DEBUG IR_GEN] Initializer generated for 'j', value = 0x5b6c74325da0
[DEBUG IR_GEN] InitVal type: 0x5b6c71992198
[DEBUG IR_GEN] Default builder.CreateStore for j
[DEBUG CODEGEN CALL] Generating call to: raw
[DEBUG CODEGEN CALL] Generating call to: hnsw_pq_get_elements
[DEBUG IR_GEN] Initializer generated for 'r_elems', value = 0x5b6c751fa060
[DEBUG IR_GEN] InitVal type: 0x5b6c71992198
[DEBUG IR_GEN] Default builder.CreateStore for r_elems
[DEBUG IR_GEN] Initializer generated for 'r_ptr', value = 0x5b6c751faa90
[DEBUG IR_GEN] InitVal type: 0x5b6c71992198
[DEBUG IR_GEN] Default builder.CreateStore for r_ptr
[DEBUG CODEGEN CALL] Generating call to: raw
[DEBUG CODEGEN CALL] Generating call to: hnsw_pq_get_dist
[DEBUG IR_GEN] Initializer generated for 'd', value = 0x5b6c751fad80
[DEBUG IR_GEN] InitVal type: 0x5b6c71992198
[DEBUG IR_GEN] Default builder.CreateStore for d
[DEBUG ASSIGNMENT] op=168, leftType=1 (POINTER_MEMBER=7)
[DEBUG ASSIGNMENT] op=168, leftType=1 (POINTER_MEMBER=7)
[DEBUG ASSIGNMENT] op=168, leftType=1 (POINTER_MEMBER=7)
[DEBUG IR_GEN] Initializer generated for 'r_ptr', value = 0x5b6c751fd9a0
[DEBUG IR_GEN] InitVal type: 0x5b6c71992198
[DEBUG IR_GEN] Default builder.CreateStore for r_ptr
[DEBUG ASSIGNMENT] op=168, leftType=1 (POINTER_MEMBER=7)
[DEBUG CODEGEN CALL] Generating call to: raw
[DEBUG CODEGEN CALL] Generating call to: hnsw_pq_get_slot
[DEBUG ASSIGNMENT] op=168, leftType=1 (POINTER_MEMBER=7)
[DEBUG CODEGEN CALL] Generating call to: raw
[DEBUG CODEGEN CALL] Generating call to: hnsw_pq_get_gen
[DEBUG CODEGEN CALL] Generating call to: drop
[DEBUG CODEGEN CALL] Generating call to: hnsw_pq_destroy
[DEBUG CODEGEN CALL] Generating call to: drop
[DEBUG CODEGEN CALL] Generating call to: hnsw_pq_destroy
[DEBUG ASSIGNMENT] op=168, leftType=1 (POINTER_MEMBER=7)
[DEBUG CODEGEN CALL] Generating call to: drop
[DEBUG CODEGEN CALL] Generating call to: hnsw_graph_set_max_layer
[DEBUG CODEGEN CALL] Generating call to: drop
[DEBUG CODEGEN CALL] Generating call to: hnsw_graph_set_ep
[DEBUG CODEGEN CALL] Generating call to: drop
[DEBUG CODEGEN CALL] Generating call to: npk_core_dalloc
[DEBUG CODEGEN CALL] Generating call to: drop
[DEBUG CODEGEN CALL] Generating call to: npk_core_dalloc
[DEBUG IR_GEN] Initializer generated for 'res', value = 0x5b6c750f7330
[DEBUG IR_GEN] InitVal type: 0x5b6c746f0df0
[DEBUG IR_GEN] Default builder.CreateStore for res
[DEBUG CODEGEN CALL] Generating call to: drop
[DEBUG CODEGEN CALL] Generating call to expression.
[DEBUG CODEGEN CALL] Generating call to: Server_send_typed
[DEBUG CODEGEN CALL] Generating call to: json_arena_init
[DEBUG IR_GEN] Initializer generated for 'arena_res', value = 0x5b6c75114370
[DEBUG IR_GEN] InitVal type: 0x5b6c746f0f10
[DEBUG IR_GEN] Default builder.CreateStore for arena_res
[DEBUG CODEGEN CALL] Generating call to: raw
[DEBUG IR_GEN] Initializer generated for 'arena', value = 0x5b6c751e7ad0
[DEBUG IR_GEN] InitVal type: 0x5b6c71992198
[DEBUG IR_GEN] Default builder.CreateStore for arena
[DEBUG CODEGEN CALL] Generating call to: parse_json_raw
[DEBUG IR_GEN] Initializer generated for 'v_res', value = 0x5b6c75105ad0
[DEBUG IR_GEN] InitVal type: 0x5b6c74933cc0
[DEBUG IR_GEN] Default builder.CreateStore for v_res
[DEBUG CODEGEN CALL] Generating call to: raw
[DEBUG CODEGEN CALL] Generating call to: format_error_status
[DEBUG IR_GEN] Initializer generated for 'status', value = 0x5b6c75184300
[DEBUG IR_GEN] InitVal type: 0x5b6c71992198
[DEBUG IR_GEN] Default builder.CreateStore for status
[DEBUG CODEGEN CALL] Generating call to: raw
[DEBUG CODEGEN CALL] Generating call to: format_error_json
[DEBUG IR_GEN] Initializer generated for 'err_json', value = 0x5b6c75062360
[DEBUG IR_GEN] InitVal type: 0x5b6c746f0df0
[DEBUG IR_GEN] Default builder.CreateStore for err_json
[DEBUG CODEGEN CALL] Generating call to: drop
[DEBUG CODEGEN CALL] Generating call to expression.
[DEBUG CODEGEN CALL] Generating call to: Server_send_typed
[DEBUG CODEGEN CALL] Generating call to: drop
[DEBUG CODEGEN CALL] Generating call to: json_arena_destroy
[DEBUG CODEGEN CALL] Generating call to: raw
[DEBUG IR_GEN] Initializer generated for 'v', value = 0x5b6c75168ca0
[DEBUG IR_GEN] InitVal type: 0x5b6c74933c90
[DEBUG IR_GEN] Default builder.CreateStore for v
[DEBUG CODEGEN CALL] Generating call to: drop
[DEBUG CODEGEN CALL] Generating call to expression.
[DEBUG CODEGEN CALL] Generating call to: Server_send_typed
[DEBUG CODEGEN CALL] Generating call to: drop
[DEBUG CODEGEN CALL] Generating call to: json_arena_destroy
[DEBUG IR_GEN] Initializer generated for 'o_ptr', value = 0x5b6c750afa10
[DEBUG IR_GEN] InitVal type: 0x5b6c71992198
[DEBUG IR_GEN] Default builder.CreateStore for o_ptr
[DEBUG CODEGEN CALL] Generating call to: drop
[DEBUG CODEGEN CALL] Generating call to: json_arena_destroy
[DEBUG CODEGEN CALL] Generating call to: npk_mem_read_int32
[DEBUG IR_GEN] Initializer generated for 'count', value = 0x5b6c75071da0
[DEBUG IR_GEN] InitVal type: 0x5b6c71992198
[DEBUG IR_GEN] Default builder.CreateStore for count
[DEBUG CODEGEN CALL] Generating call to: npk_mem_read_int64
[DEBUG IR_GEN] Initializer generated for 'keys_ptr', value = 0x5b6c74cfe080
[DEBUG IR_GEN] InitVal type: 0x5b6c71992198
[DEBUG IR_GEN] Default builder.CreateStore for keys_ptr
[DEBUG CODEGEN CALL] Generating call to: npk_mem_read_int64
[DEBUG IR_GEN] Initializer generated for 'vals_ptr', value = 0x5b6c750ff930
[DEBUG IR_GEN] InitVal type: 0x5b6c71992198
[DEBUG IR_GEN] Default builder.CreateStore for vals_ptr
[DEBUG IR_GEN] Initializer generated for 'i', value = 0x5b6c74325da0
[DEBUG IR_GEN] InitVal type: 0x5b6c71992198
[DEBUG IR_GEN] Default builder.CreateStore for i
[DEBUG WHILE] Parsing condition for while loop. NodeType: 2
   BinaryOp Type: 176
[DEBUG CODEGEN CALL] Generating call to: npk_mem_read_int64
[DEBUG-BINARY] op=163 leftType=1 rightType=0 leftNumType= rightNumType=
[DEBUG-XXX] op: 163, left: 1, right: 0
[DEBUG IR_GEN] Initializer generated for 'key_ptr', value = 0x5b6c74d1ac80
[DEBUG IR_GEN] InitVal type: 0x5b6c71992198
[DEBUG IR_GEN] Default builder.CreateStore for key_ptr
[DEBUG ASSIGNMENT] op=168, leftType=1 (POINTER_MEMBER=7)
[DEBUG CODEGEN CALL] Generating call to: npk_mem_read_int32
[DEBUG IR_GEN] Initializer generated for 'len', value = 0x5b6c74d1a790
[DEBUG IR_GEN] InitVal type: 0x5b6c71992198
[DEBUG IR_GEN] Default builder.CreateStore for len
[DEBUG CODEGEN CALL] Generating call to: npk_mem_read_int64
[DEBUG IR_GEN] Initializer generated for 'data_ptr', value = 0x5b6c7505bd60
[DEBUG IR_GEN] InitVal type: 0x5b6c71992198
[DEBUG IR_GEN] Default builder.CreateStore for data_ptr
[DEBUG CODEGEN CALL] Generating call to: npk_mem_read_string
[DEBUG IR_GEN] Initializer generated for 'k_str', value = 0x5b6c74d1c7d0
[DEBUG IR_GEN] InitVal type: 0x5b6c746f0df0
[DEBUG IR_GEN] Default builder.CreateStore for k_str
[DEBUG CODEGEN CALL] Generating call to: npk_mem_read_int64
[DEBUG-BINARY] op=163 leftType=1 rightType=0 leftNumType= rightNumType=
[DEBUG-XXX] op: 163, left: 1, right: 0
[DEBUG IR_GEN] Initializer generated for 'val_ptr', value = 0x5b6c7511aba0
[DEBUG IR_GEN] InitVal type: 0x5b6c71992198
[DEBUG IR_GEN] Default builder.CreateStore for val_ptr
[DEBUG CODEGEN CALL] Generating call to: npk_mem_read_byte
[DEBUG IR_GEN] Initializer generated for 'v_type', value = 0x5b6c7511af20
[DEBUG IR_GEN] InitVal type: 0x5b6c71992198
[DEBUG IR_GEN] Default builder.CreateStore for v_type
[DEBUG CODEGEN CALL] Generating call to: npk_mem_read_int64
[DEBUG IR_GEN] Initializer generated for 'arr_ptr', value = 0x5b6c7514a650
[DEBUG IR_GEN] InitVal type: 0x5b6c71992198
[DEBUG IR_GEN] Default builder.CreateStore for arr_ptr
[DEBUG CODEGEN CALL] Generating call to: npk_mem_read_int32
[DEBUG IR_GEN] Initializer generated for 'arr_cnt', value = 0x5b6c7514aa70
[DEBUG IR_GEN] InitVal type: 0x5b6c71992198
[DEBUG IR_GEN] Default builder.CreateStore for arr_cnt
[DEBUG CODEGEN CALL] Generating call to: npk_mem_read_int64
[DEBUG IR_GEN] Initializer generated for 'arr_h_ptr', value = 0x5b6c751cf940
[DEBUG IR_GEN] InitVal type: 0x5b6c71992198
[DEBUG IR_GEN] Default builder.CreateStore for arr_h_ptr
[DEBUG IR_GEN] Initializer generated for 'j', value = 0x5b6c74325da0
[DEBUG IR_GEN] InitVal type: 0x5b6c71992198
[DEBUG IR_GEN] Default builder.CreateStore for j
[DEBUG WHILE] Parsing condition for while loop. NodeType: 2
   BinaryOp Type: 176
[DEBUG CODEGEN CALL] Generating call to: npk_mem_read_int64
[DEBUG-BINARY] op=163 leftType=1 rightType=0 leftNumType= rightNumType=
[DEBUG-XXX] op: 163, left: 1, right: 0
[DEBUG IR_GEN] Initializer generated for 'elem_ptr', value = 0x5b6c751ae7d0
[DEBUG IR_GEN] InitVal type: 0x5b6c71992198
[DEBUG IR_GEN] Default builder.CreateStore for elem_ptr
[DEBUG CODEGEN CALL] Generating call to: npk_mem_read_byte
[DEBUG CODEGEN CALL] Generating call to: npk_mem_read_int64
[DEBUG IR_GEN] Initializer generated for 'elem', value = 0x5b6c7509fd20
[DEBUG IR_GEN] InitVal type: 0x5b6c74933c90
[DEBUG IR_GEN] Default builder.CreateStore for elem
[DEBUG CODEGEN CALL] Generating call to: npk_shim_atomic_int64_fetch_add
[DEBUG IR_GEN] Initializer generated for 'ctr', value = 0x5b6c750a0190
[DEBUG IR_GEN] InitVal type: 0x5b6c71992198
[DEBUG IR_GEN] Default builder.CreateStore for ctr
[DEBUG CODEGEN CALL] Generating call to: drop
[DEBUG CODEGEN CALL] Generating call to: npk_shim_atomic_int64_fetch_add
[DEBUG CODEGEN CALL] Generating call to: drop
[DEBUG CODEGEN CALL] Generating call to expression.
[DEBUG CODEGEN CALL] Generating call to: Server_send_typed
[DEBUG CODEGEN CALL] Generating call to: drop
[DEBUG CODEGEN CALL] Generating call to: json_arena_destroy
[DEBUG CODEGEN CALL] Generating call to: string_concat
[DEBUG IR_GEN] Initializer generated for 'tmp1', value = 0x5b6c752643a0
[DEBUG IR_GEN] InitVal type: 0x5b6c746f0df0
[DEBUG IR_GEN] Default builder.CreateStore for tmp1
[DEBUG CODEGEN CALL] Generating call to: string_from_int
[DEBUG IR_GEN] Initializer generated for 'tmp2', value = 0x5b6c75264620
[DEBUG IR_GEN] InitVal type: 0x5b6c746f0df0
[DEBUG IR_GEN] Default builder.CreateStore for tmp2
[DEBUG CODEGEN CALL] Generating call to: string_concat
[DEBUG IR_GEN] Initializer generated for 'key', value = 0x5b6c75264940
[DEBUG IR_GEN] InitVal type: 0x5b6c746f0df0
[DEBUG IR_GEN] Default builder.CreateStore for key
[DEBUG CODEGEN CALL] Generating call to: npk_core_alloc
[DEBUG IR_GEN] Initializer generated for 'len_out', value = 0x5b6c75264b40
[DEBUG IR_GEN] InitVal type: 0x5b6c71992198
[DEBUG IR_GEN] Default builder.CreateStore for len_out
[DEBUG CODEGEN CALL] Generating call to: serialize_document
[DEBUG IR_GEN] Initializer generated for 'buf_res', value = 0x5b6c75264e60
[DEBUG IR_GEN] InitVal type: 0x5b6c746f0f10
[DEBUG IR_GEN] Default builder.CreateStore for buf_res
[DEBUG CODEGEN CALL] Generating call to: raw
[DEBUG IR_GEN] Initializer generated for 'doc_buf', value = 0x5b6c75265e50
[DEBUG IR_GEN] InitVal type: 0x5b6c71992198
[DEBUG IR_GEN] Default builder.CreateStore for doc_buf
[DEBUG CODEGEN CALL] Generating call to: npk_mem_read_int64
[DEBUG IR_GEN] Initializer generated for 'doc_len', value = 0x5b6c75266350
[DEBUG IR_GEN] InitVal type: 0x5b6c71992198
[DEBUG IR_GEN] Default builder.CreateStore for doc_len
[DEBUG CODEGEN CALL] Generating call to: drop
[DEBUG CODEGEN CALL] Generating call to: wp_put
[DEBUG IR_GEN] Initializer generated for 'vec_offset', value = 0x5b6c75266b60
[DEBUG IR_GEN] InitVal type: 0x5b6c71992198
[DEBUG IR_GEN] Default builder.CreateStore for vec_offset
[DEBUG IR_GEN] Initializer generated for 'has_vector', value = 0x5b6c7477cac0
[DEBUG IR_GEN] InitVal type: 0x5b6c71992138
[DEBUG IR_GEN] Default builder.CreateStore for has_vector
[DEBUG IR_GEN] Initializer generated for 'eo_ptr', value = 0x5b6c75267160
[DEBUG IR_GEN] InitVal type: 0x5b6c71992198
[DEBUG IR_GEN] Default builder.CreateStore for eo_ptr
[DEBUG CODEGEN CALL] Generating call to: npk_mem_read_int64
[DEBUG IR_GEN] Initializer generated for 'eo_keys', value = 0x5b6c75267670
[DEBUG IR_GEN] InitVal type: 0x5b6c71992198
[DEBUG IR_GEN] Default builder.CreateStore for eo_keys
[DEBUG CODEGEN CALL] Generating call to: npk_mem_read_int64
[DEBUG IR_GEN] Initializer generated for 'eo_vals', value = 0x5b6c75267a50
[DEBUG IR_GEN] InitVal type: 0x5b6c71992198
[DEBUG IR_GEN] Default builder.CreateStore for eo_vals
[DEBUG CODEGEN CALL] Generating call to: npk_mem_read_int32
[DEBUG IR_GEN] Initializer generated for 'eo_count', value = 0x5b6c75267ec0
[DEBUG IR_GEN] InitVal type: 0x5b6c71992198
[DEBUG IR_GEN] Default builder.CreateStore for eo_count
[DEBUG IR_GEN] Initializer generated for 'v_idx', value = 0x5b6c74325da0
[DEBUG IR_GEN] InitVal type: 0x5b6c71992198
[DEBUG IR_GEN] Default builder.CreateStore for v_idx
[DEBUG WHILE] Parsing condition for while loop. NodeType: 2
   BinaryOp Type: 176
[DEBUG CODEGEN CALL] Generating call to: npk_mem_read_int64
[DEBUG-BINARY] op=163 leftType=1 rightType=0 leftNumType= rightNumType=
[DEBUG-XXX] op: 163, left: 1, right: 0
[DEBUG IR_GEN] Initializer generated for 'ek_ptr', value = 0x5b6c752ab300
[DEBUG IR_GEN] InitVal type: 0x5b6c71992198
[DEBUG IR_GEN] Default builder.CreateStore for ek_ptr
[DEBUG CODEGEN CALL] Generating call to: npk_mem_read_int64
[DEBUG-BINARY] op=163 leftType=1 rightType=0 leftNumType= rightNumType=
[DEBUG-XXX] op: 163, left: 1, right: 0
[DEBUG IR_GEN] Initializer generated for 'ev_ptr', value = 0x5b6c752ab850
[DEBUG IR_GEN] InitVal type: 0x5b6c71992198
[DEBUG IR_GEN] Default builder.CreateStore for ev_ptr
[DEBUG CODEGEN CALL] Generating call to: npk_mem_read_int32
[DEBUG IR_GEN] Initializer generated for 'es_len', value = 0x5b6c752abd10
[DEBUG IR_GEN] InitVal type: 0x5b6c71992198
[DEBUG IR_GEN] Default builder.CreateStore for es_len
[DEBUG CODEGEN CALL] Generating call to: npk_mem_read_int64
[DEBUG IR_GEN] Initializer generated for 'ed_ptr', value = 0x5b6c752ac110
[DEBUG IR_GEN] InitVal type: 0x5b6c71992198
[DEBUG IR_GEN] Default builder.CreateStore for ed_ptr
[DEBUG CODEGEN CALL] Generating call to: npk_mem_read_string
[DEBUG IR_GEN] Initializer generated for 'eks', value = 0x5b6c752ac6e0
[DEBUG IR_GEN] InitVal type: 0x5b6c746f0df0
[DEBUG IR_GEN] Default builder.CreateStore for eks
[DEBUG CODEGEN CALL] Generating call to: npk_mem_read_byte
[DEBUG IR_GEN] Initializer generated for 'vt', value = 0x5b6c752f08e0
[DEBUG IR_GEN] InitVal type: 0x5b6c71992198
[DEBUG IR_GEN] Default builder.CreateStore for vt
[DEBUG CODEGEN CALL] Generating call to: npk_mem_read_int64
[DEBUG IR_GEN] Initializer generated for 'a_ptr', value = 0x5b6c75333cf0
[DEBUG IR_GEN] InitVal type: 0x5b6c71992198
[DEBUG IR_GEN] Default builder.CreateStore for a_ptr
[DEBUG CODEGEN CALL] Generating call to: npk_mem_read_int32
[DEBUG IR_GEN] Initializer generated for 'a_cnt', value = 0x5b6c75334150
[DEBUG IR_GEN] InitVal type: 0x5b6c71992198
[DEBUG IR_GEN] Default builder.CreateStore for a_cnt
[DEBUG CODEGEN CALL] Generating call to: npk_mem_read_int64
[DEBUG IR_GEN] Initializer generated for 'a_h', value = 0x5b6c75334550
[DEBUG IR_GEN] InitVal type: 0x5b6c71992198
[DEBUG IR_GEN] Default builder.CreateStore for a_h
[DEBUG IR_GEN] Initializer generated for 'vi', value = 0x5b6c74325da0
[DEBUG IR_GEN] InitVal type: 0x5b6c71992198
[DEBUG IR_GEN] Default builder.CreateStore for vi
[DEBUG CODEGEN CALL] Generating call to: drop
[DEBUG CODEGEN CALL] Generating call to: npk_mem_set
[DEBUG-BINARY] op=163 leftType=1 rightType=0 leftNumType= rightNumType=
[DEBUG-XXX] op: 161, left: 1, right: 1
[DEBUG-XXX] op: 163, left: 1, right: 0
[DEBUG WHILE] Parsing condition for while loop. NodeType: 2
   BinaryOp Type: 181
[DEBUG CODEGEN CALL] Generating call to: npk_mem_read_int64
[DEBUG-BINARY] op=163 leftType=1 rightType=0 leftNumType= rightNumType=
[DEBUG-XXX] op: 163, left: 1, right: 0
[DEBUG IR_GEN] Initializer generated for 've_ptr', value = 0x5b6c75378c50
[DEBUG IR_GEN] InitVal type: 0x5b6c71992198
[DEBUG IR_GEN] Default builder.CreateStore for ve_ptr
[DEBUG CODEGEN CALL] Generating call to: npk_mem_read_byte
[DEBUG IR_GEN] Initializer generated for 'vet', value = 0x5b6c75379030
[DEBUG IR_GEN] InitVal type: 0x5b6c71992198
[DEBUG IR_GEN] Default builder.CreateStore for vet
[DEBUG IR_GEN] Initializer generated for 'val', value = 0x5b6c75379280
[DEBUG IR_GEN] InitVal type: 0x5b6c71992198
[DEBUG IR_GEN] Default builder.CreateStore for val
[DEBUG CODEGEN CALL] Generating call to: npk_mem_read_int64
[DEBUG IR_GEN] Initializer generated for 'bits', value = 0x5b6c753bcba0
[DEBUG IR_GEN] InitVal type: 0x5b6c71992198
[DEBUG IR_GEN] Default builder.CreateStore for bits
[DEBUG ASSIGNMENT] op=168, leftType=1 (POINTER_MEMBER=7)
[DEBUG CODEGEN CALL] Generating call to: npk_mem_read_int64
[DEBUG IR_GEN] Initializer generated for 'val_i', value = 0x5b6c753bd670
[DEBUG IR_GEN] InitVal type: 0x5b6c71992198
[DEBUG IR_GEN] Default builder.CreateStore for val_i
[DEBUG ASSIGNMENT] op=168, leftType=1 (POINTER_MEMBER=7)
[DEBUG CODEGEN CALL] Generating call to: drop
[DEBUG CODEGEN CALL] Generating call to: npk_mem_write_int64
[DEBUG-XXX] op: 161, left: 1, right: 2
[DEBUG] getExprNumericTypeName leftType: 1
[DEBUG-BINARY] op=163 leftType=1 rightType=0 leftNumType= rightNumType=
[DEBUG-XXX] op: 163, left: 1, right: 0
[DEBUG ASSIGNMENT] op=168, leftType=1 (POINTER_MEMBER=7)
[DEBUG ASSIGNMENT] op=168, leftType=1 (POINTER_MEMBER=7)
[DEBUG ASSIGNMENT] op=168, leftType=1 (POINTER_MEMBER=7)
[DEBUG CODEGEN CALL] Generating call to: raw
[DEBUG CODEGEN CALL] Generating call to: location_encode_in_memtable
[DEBUG IR_GEN] Initializer generated for 'loc_buf', value = 0x5b6c7537a360
[DEBUG IR_GEN] InitVal type: 0x5b6c71992198
[DEBUG IR_GEN] Default builder.CreateStore for loc_buf
[DEBUG CODEGEN CALL] Generating call to: string_to_cstr
[DEBUG IR_GEN] Initializer generated for 'key_cstr', value = 0x5b6c753baec0
[DEBUG IR_GEN] InitVal type: 0x5b6c71992198
[DEBUG IR_GEN] Default builder.CreateStore for key_cstr
[DEBUG CODEGEN CALL] Generating call to: string_length
[DEBUG IR_GEN] Initializer generated for 'key_len', value = 0x5b6c75352310
[DEBUG IR_GEN] InitVal type: 0x5b6c71992198
[DEBUG IR_GEN] Default builder.CreateStore for key_len
[DEBUG CODEGEN CALL] Generating call to: raw
[DEBUG CODEGEN CALL] Generating call to: art_insert
[DEBUG CODEGEN CALL] Generating call to: drop
[DEBUG CODEGEN CALL] Generating call to: npk_core_dalloc
[DEBUG CODEGEN CALL] Generating call to: drop
[DEBUG CODEGEN CALL] Generating call to: npk_core_dalloc
[DEBUG CODEGEN CALL] Generating call to: npk_core_alloc
[DEBUG IR_GEN] Initializer generated for 'persistent_doc', value = 0x5b6c75393410
[DEBUG IR_GEN] InitVal type: 0x5b6c71992198
[DEBUG IR_GEN] Default builder.CreateStore for persistent_doc
[DEBUG CODEGEN CALL] Generating call to: drop
[DEBUG CODEGEN CALL] Generating call to: npk_mem_copy
[DEBUG CODEGEN CALL] Generating call to: drop
[DEBUG CODEGEN CALL] Generating call to: npk_mem_write_int64
[DEBUG-BINARY] op=163 leftType=1 rightType=0 leftNumType= rightNumType=
[DEBUG-XXX] op: 163, left: 1, right: 0
[DEBUG CODEGEN CALL] Generating call to: raw
[DEBUG CODEGEN CALL] Generating call to: hnsw_arena_get_capacity
[DEBUG IR_GEN] Initializer generated for 'arena_cap', value = 0x5b6c7537ad40
[DEBUG IR_GEN] InitVal type: 0x5b6c71992198
[DEBUG IR_GEN] Default builder.CreateStore for arena_cap
[DEBUG CODEGEN CALL] Generating call to: raw
[DEBUG CODEGEN CALL] Generating call to: hnsw_visited_create
[DEBUG IR_GEN] Initializer generated for 'local_visited', value = 0x5b6c7537a050
[DEBUG IR_GEN] InitVal type: 0x5b6c71992198
[DEBUG IR_GEN] Default builder.CreateStore for local_visited
[DEBUG CODEGEN CALL] Generating call to: npk_core_alloc
[DEBUG IR_GEN] Initializer generated for 'local_rand', value = 0x5b6c753bbf00
[DEBUG IR_GEN] InitVal type: 0x5b6c71992198
[DEBUG IR_GEN] Default builder.CreateStore for local_rand
[DEBUG CODEGEN CALL] Generating call to: drop
[DEBUG CODEGEN CALL] Generating call to: npk_mem_write_int64
[DEBUG CODEGEN CALL] Generating call to: drop
[DEBUG CODEGEN CALL] Generating call to: nitpick_libc_rwlock_wrlock
[DEBUG CODEGEN CALL] Generating call to: drop
[DEBUG CODEGEN CALL] Generating call to: hnsw_insert
[DEBUG CODEGEN CALL] Generating call to: drop
[DEBUG CODEGEN CALL] Generating call to: nitpick_libc_rwlock_unlock
[DEBUG CODEGEN CALL] Generating call to: drop
[DEBUG CODEGEN CALL] Generating call to: hnsw_visited_destroy
[DEBUG CODEGEN CALL] Generating call to: drop
[DEBUG CODEGEN CALL] Generating call to: npk_core_dalloc
[DEBUG CODEGEN CALL] Generating call to: drop
[DEBUG CODEGEN CALL] Generating call to: npk_core_dalloc
[DEBUG ASSIGNMENT] op=168, leftType=1 (POINTER_MEMBER=7)
[DEBUG CODEGEN CALL] Generating call to: drop
[DEBUG CODEGEN CALL] Generating call to: npk_core_dalloc
[DEBUG ASSIGNMENT] op=168, leftType=1 (POINTER_MEMBER=7)
[DEBUG CODEGEN CALL] Generating call to: npk_mem_read_int64
[DEBUG IR_GEN] Initializer generated for 'sync_mode', value = 0x5b6c75379a60
[DEBUG IR_GEN] InitVal type: 0x5b6c71992198
[DEBUG IR_GEN] Default builder.CreateStore for sync_mode
[DEBUG CODEGEN CALL] Generating call to: drop
[DEBUG CODEGEN CALL] Generating call to: wp_flush_wal
[DEBUG CODEGEN CALL] Generating call to: drop
[DEBUG CODEGEN CALL] Generating call to expression.
[DEBUG CODEGEN CALL] Generating call to: Server_send_typed
[DEBUG CODEGEN CALL] Generating call to: drop
[DEBUG CODEGEN CALL] Generating call to: json_arena_destroy
[DEBUG CODEGEN CALL] Generating call to: json_arena_init
[DEBUG IR_GEN] Initializer generated for 'arena_res', value = 0x5b6c753ba810
[DEBUG IR_GEN] InitVal type: 0x5b6c746f0f10
[DEBUG IR_GEN] Default builder.CreateStore for arena_res
[DEBUG CODEGEN CALL] Generating call to: raw
[DEBUG IR_GEN] Initializer generated for 'arena', value = 0x5b6c7537e260
[DEBUG IR_GEN] InitVal type: 0x5b6c71992198
[DEBUG IR_GEN] Default builder.CreateStore for arena
[DEBUG CODEGEN CALL] Generating call to: parse_json_raw
[DEBUG IR_GEN] Initializer generated for 'v_res', value = 0x5b6c753988c0
[DEBUG IR_GEN] InitVal type: 0x5b6c74933cc0
[DEBUG IR_GEN] Default builder.CreateStore for v_res
[DEBUG CODEGEN CALL] Generating call to: raw
[DEBUG CODEGEN CALL] Generating call to: format_error_status
[DEBUG IR_GEN] Initializer generated for 'status', value = 0x5b6c7537b570
[DEBUG IR_GEN] InitVal type: 0x5b6c71992198
[DEBUG IR_GEN] Default builder.CreateStore for status
[DEBUG CODEGEN CALL] Generating call to: raw
[DEBUG CODEGEN CALL] Generating call to: format_error_json
[DEBUG IR_GEN] Initializer generated for 'err_json', value = 0x5b6c75354390
[DEBUG IR_GEN] InitVal type: 0x5b6c746f0df0
[DEBUG IR_GEN] Default builder.CreateStore for err_json
[DEBUG CODEGEN CALL] Generating call to: drop
[DEBUG CODEGEN CALL] Generating call to expression.
[DEBUG CODEGEN CALL] Generating call to: Server_send_typed
[DEBUG CODEGEN CALL] Generating call to: drop
[DEBUG CODEGEN CALL] Generating call to: json_arena_destroy
[DEBUG CODEGEN CALL] Generating call to: raw
[DEBUG IR_GEN] Initializer generated for 'v', value = 0x5b6c74cde0f0
[DEBUG IR_GEN] InitVal type: 0x5b6c74933c90
[DEBUG IR_GEN] Default builder.CreateStore for v
[DEBUG CODEGEN CALL] Generating call to: raw
[DEBUG CODEGEN CALL] Generating call to: format_error_status
[DEBUG IR_GEN] Initializer generated for 'status', value = 0x5b6c75039ac0
[DEBUG IR_GEN] InitVal type: 0x5b6c71992198
[DEBUG IR_GEN] Default builder.CreateStore for status
[DEBUG CODEGEN CALL] Generating call to: raw
[DEBUG CODEGEN CALL] Generating call to: format_error_json
[DEBUG IR_GEN] Initializer generated for 'err_json', value = 0x5b6c753931b0
[DEBUG IR_GEN] InitVal type: 0x5b6c746f0df0
[DEBUG IR_GEN] Default builder.CreateStore for err_json
[DEBUG CODEGEN CALL] Generating call to: drop
[DEBUG CODEGEN CALL] Generating call to expression.
[DEBUG CODEGEN CALL] Generating call to: Server_send_typed
[DEBUG CODEGEN CALL] Generating call to: drop
[DEBUG CODEGEN CALL] Generating call to: json_arena_destroy
[DEBUG IR_GEN] Initializer generated for 'filter_ast', value = 0x5b6c74325da0
[DEBUG IR_GEN] InitVal type: 0x5b6c71992198
[DEBUG IR_GEN] Default builder.CreateStore for filter_ast
[DEBUG IR_GEN] Initializer generated for 'has_query_vector', value = 0x5b6c7477cac0
[DEBUG IR_GEN] InitVal type: 0x5b6c71992138
[DEBUG IR_GEN] Default builder.CreateStore for has_query_vector
[DEBUG CODEGEN CALL] Generating call to: npk_core_alloc
[DEBUG-BINARY] op=163 leftType=1 rightType=0 leftNumType= rightNumType=
[DEBUG-XXX] op: 163, left: 1, right: 0
[DEBUG IR_GEN] Initializer generated for 'q_vec', value = 0x5b6c751636b0
[DEBUG IR_GEN] InitVal type: 0x5b6c71992198
[DEBUG IR_GEN] Default builder.CreateStore for q_vec
[DEBUG IR_GEN] Initializer generated for 'k', value = 0x5b6c746f0d70
[DEBUG IR_GEN] InitVal type: 0x5b6c71992198
[DEBUG IR_GEN] Default builder.CreateStore for k
[DEBUG IR_GEN] Initializer generated for 'o_ptr', value = 0x5b6c750ddf80
[DEBUG IR_GEN] InitVal type: 0x5b6c71992198
[DEBUG IR_GEN] Default builder.CreateStore for o_ptr
[DEBUG CODEGEN CALL] Generating call to: npk_mem_read_int64
[DEBUG IR_GEN] Initializer generated for 'o_keys', value = 0x5b6c75280cd0
[DEBUG IR_GEN] InitVal type: 0x5b6c71992198
[DEBUG IR_GEN] Default builder.CreateStore for o_keys
[DEBUG CODEGEN CALL] Generating call to: npk_mem_read_int64
[DEBUG IR_GEN] Initializer generated for 'o_vals', value = 0x5b6c7527e2f0
[DEBUG IR_GEN] InitVal type: 0x5b6c71992198
[DEBUG IR_GEN] Default builder.CreateStore for o_vals
[DEBUG CODEGEN CALL] Generating call to: npk_mem_read_int32
[DEBUG IR_GEN] Initializer generated for 'o_count', value = 0x5b6c7537a500
[DEBUG IR_GEN] InitVal type: 0x5b6c71992198
[DEBUG IR_GEN] Default builder.CreateStore for o_count
[DEBUG IR_GEN] Initializer generated for 'i', value = 0x5b6c74325da0
[DEBUG IR_GEN] InitVal type: 0x5b6c71992198
[DEBUG IR_GEN] Default builder.CreateStore for i
[DEBUG WHILE] Parsing condition for while loop. NodeType: 2
   BinaryOp Type: 176
[DEBUG CODEGEN CALL] Generating call to: npk_mem_read_int64
[DEBUG-BINARY] op=163 leftType=1 rightType=0 leftNumType= rightNumType=
[DEBUG-XXX] op: 163, left: 1, right: 0
[DEBUG IR_GEN] Initializer generated for 'k_ptr', value = 0x5b6c75191bd0
[DEBUG IR_GEN] InitVal type: 0x5b6c71992198
[DEBUG IR_GEN] Default builder.CreateStore for k_ptr
[DEBUG CODEGEN CALL] Generating call to: npk_mem_read_int64
[DEBUG-BINARY] op=163 leftType=1 rightType=0 leftNumType= rightNumType=
[DEBUG-XXX] op: 163, left: 1, right: 0
[DEBUG IR_GEN] Initializer generated for 'v_ptr', value = 0x5b6c75191cc0
[DEBUG IR_GEN] InitVal type: 0x5b6c71992198
[DEBUG IR_GEN] Default builder.CreateStore for v_ptr
[DEBUG CODEGEN CALL] Generating call to: npk_mem_read_int32
[DEBUG IR_GEN] Initializer generated for 's_len', value = 0x5b6c752ca220
[DEBUG IR_GEN] InitVal type: 0x5b6c71992198
[DEBUG IR_GEN] Default builder.CreateStore for s_len
[DEBUG CODEGEN CALL] Generating call to: npk_mem_read_int64
[DEBUG IR_GEN] Initializer generated for 'd_ptr', value = 0x5b6c750c5610
[DEBUG IR_GEN] InitVal type: 0x5b6c71992198
[DEBUG IR_GEN] Default builder.CreateStore for d_ptr
[DEBUG CODEGEN CALL] Generating call to: npk_mem_read_string
[DEBUG IR_GEN] Initializer generated for 'ks', value = 0x5b6c7505fbd0
[DEBUG IR_GEN] InitVal type: 0x5b6c746f0df0
[DEBUG IR_GEN] Default builder.CreateStore for ks
[DEBUG CODEGEN CALL] Generating call to: npk_mem_read_byte
[DEBUG IR_GEN] Initializer generated for 'f_type', value = 0x5b6c752aa9d0
[DEBUG IR_GEN] InitVal type: 0x5b6c71992198
[DEBUG IR_GEN] Default builder.CreateStore for f_type
[DEBUG CODEGEN CALL] Generating call to: npk_mem_read_int64
[DEBUG IR_GEN] Initializer generated for 'f_val', value = 0x5b6c75219e40
[DEBUG IR_GEN] InitVal type: 0x5b6c74933c90
[DEBUG IR_GEN] Default builder.CreateStore for f_val
[DEBUG ASSIGNMENT] op=168, leftType=1 (POINTER_MEMBER=7)
[DEBUG CODEGEN CALL] Generating call to: parse_filter
[DEBUG CODEGEN CALL] Generating call to: npk_mem_read_byte
[DEBUG IR_GEN] Initializer generated for 'vt', value = 0x5b6c75198ec0
[DEBUG IR_GEN] InitVal type: 0x5b6c71992198
[DEBUG IR_GEN] Default builder.CreateStore for vt
[DEBUG ASSIGNMENT] op=168, leftType=1 (POINTER_MEMBER=7)
[DEBUG CODEGEN CALL] Generating call to: npk_mem_read_int64
[DEBUG CODEGEN CALL] Generating call to: npk_mem_read_byte
[DEBUG IR_GEN] Initializer generated for 'vt', value = 0x5b6c751ebcd0
[DEBUG IR_GEN] InitVal type: 0x5b6c71992198
[DEBUG IR_GEN] Default builder.CreateStore for vt
[DEBUG CODEGEN CALL] Generating call to: npk_mem_read_int64
[DEBUG IR_GEN] Initializer generated for 'a_ptr', value = 0x5b6c752e61f0
[DEBUG IR_GEN] InitVal type: 0x5b6c71992198
[DEBUG IR_GEN] Default builder.CreateStore for a_ptr
[DEBUG CODEGEN CALL] Generating call to: npk_mem_read_int32
[DEBUG IR_GEN] Initializer generated for 'a_cnt', value = 0x5b6c752e65c0
[DEBUG IR_GEN] InitVal type: 0x5b6c71992198
[DEBUG IR_GEN] Default builder.CreateStore for a_cnt
[DEBUG CODEGEN CALL] Generating call to: npk_mem_read_int64
[DEBUG IR_GEN] Initializer generated for 'a_h', value = 0x5b6c752e6930
[DEBUG IR_GEN] InitVal type: 0x5b6c71992198
[DEBUG IR_GEN] Default builder.CreateStore for a_h
[DEBUG IR_GEN] Initializer generated for 'vi', value = 0x5b6c74325da0
[DEBUG IR_GEN] InitVal type: 0x5b6c71992198
[DEBUG IR_GEN] Default builder.CreateStore for vi
[DEBUG WHILE] Parsing condition for while loop. NodeType: 2
   BinaryOp Type: 181
[DEBUG CODEGEN CALL] Generating call to: npk_mem_read_int64
[DEBUG-BINARY] op=163 leftType=1 rightType=0 leftNumType= rightNumType=
[DEBUG-XXX] op: 163, left: 1, right: 0
[DEBUG IR_GEN] Initializer generated for 've_ptr', value = 0x5b6c7514c850
[DEBUG IR_GEN] InitVal type: 0x5b6c71992198
[DEBUG IR_GEN] Default builder.CreateStore for ve_ptr
[DEBUG CODEGEN CALL] Generating call to: npk_mem_read_byte
[DEBUG IR_GEN] Initializer generated for 'vet', value = 0x5b6c7514cba0
[DEBUG IR_GEN] InitVal type: 0x5b6c71992198
[DEBUG IR_GEN] Default builder.CreateStore for vet
[DEBUG IR_GEN] Initializer generated for 'val', value = 0x5b6c7514cdb0
[DEBUG IR_GEN] InitVal type: 0x5b6c71992198
[DEBUG IR_GEN] Default builder.CreateStore for val
[DEBUG CODEGEN CALL] Generating call to: npk_mem_read_int64
[DEBUG IR_GEN] Initializer generated for 'bits', value = 0x5b6c75261a70
[DEBUG IR_GEN] InitVal type: 0x5b6c71992198
[DEBUG IR_GEN] Default builder.CreateStore for bits
[DEBUG ASSIGNMENT] op=168, leftType=1 (POINTER_MEMBER=7)
[DEBUG CODEGEN CALL] Generating call to: npk_mem_read_int64
[DEBUG IR_GEN] Initializer generated for 'val_i', value = 0x5b6c752d4e00
[DEBUG IR_GEN] InitVal type: 0x5b6c71992198
[DEBUG IR_GEN] Default builder.CreateStore for val_i
[DEBUG IR_GEN] Initializer generated for 'val_f', value = 0x5b6c752d5010
[DEBUG IR_GEN] InitVal type: 0x5b6c71992090
[DEBUG IR_GEN] Default builder.CreateStore for val_f
[DEBUG ASSIGNMENT] op=168, leftType=1 (POINTER_MEMBER=7)
[DEBUG CODEGEN CALL] Generating call to: drop
[DEBUG CODEGEN CALL] Generating call to: npk_mem_write_int64
[DEBUG-BINARY] op=163 leftType=1 rightType=0 leftNumType= rightNumType=
[DEBUG-XXX] op: 163, left: 1, right: 0
[DEBUG ASSIGNMENT] op=168, leftType=1 (POINTER_MEMBER=7)
[DEBUG ASSIGNMENT] op=168, leftType=1 (POINTER_MEMBER=7)
[DEBUG ASSIGNMENT] op=168, leftType=1 (POINTER_MEMBER=7)
[DEBUG CODEGEN CALL] Generating call to: drop
[DEBUG CODEGEN CALL] Generating call to expression.
[DEBUG CODEGEN CALL] Generating call to: Server_send_typed
[DEBUG CODEGEN CALL] Generating call to: drop
[DEBUG CODEGEN CALL] Generating call to: npk_core_dalloc
[DEBUG CODEGEN CALL] Generating call to: drop
[DEBUG CODEGEN CALL] Generating call to: json_arena_destroy
[DEBUG IR_GEN] Initializer generated for 'ep_slot', value = 0x5b6c74907660
[DEBUG IR_GEN] InitVal type: 0x5b6c71992180
[DEBUG IR_GEN] Default builder.CreateStore for ep_slot
[DEBUG IR_GEN] Initializer generated for 'ep_gen', value = 0x5b6c746f0cb0
[DEBUG IR_GEN] InitVal type: 0x5b6c71992180
[DEBUG IR_GEN] Default builder.CreateStore for ep_gen
[DEBUG CODEGEN CALL] Generating call to: drop
[DEBUG CODEGEN CALL] Generating call to: raw
[DEBUG CODEGEN CALL] Generating call to: hnsw_graph_get_ep
[DEBUG CODEGEN CALL] Generating call to: raw
[DEBUG CODEGEN CALL] Generating call to: hnsw_visited_create
[DEBUG IR_GEN] Initializer generated for 'visited_set', value = 0x5b6c752d62f0
[DEBUG IR_GEN] InitVal type: 0x5b6c71992198
[DEBUG IR_GEN] Default builder.CreateStore for visited_set
[DEBUG CODEGEN CALL] Generating call to: hnsw_search_layer
[DEBUG IR_GEN] Initializer generated for 'res_pq', value = 0x5b6c750ad018
[DEBUG IR_GEN] InitVal type: 0x5b6c71992198
[DEBUG IR_GEN] Default builder.CreateStore for res_pq
[DEBUG CODEGEN CALL] Generating call to: drop
[DEBUG CODEGEN CALL] Generating call to expression.
[DEBUG CODEGEN CALL] Generating call to: Server_send_typed
[DEBUG CODEGEN CALL] Generating call to: drop
[DEBUG CODEGEN CALL] Generating call to: hnsw_visited_destroy
[DEBUG CODEGEN CALL] Generating call to: drop
[DEBUG CODEGEN CALL] Generating call to: npk_core_dalloc
[DEBUG CODEGEN CALL] Generating call to: drop
[DEBUG CODEGEN CALL] Generating call to: json_arena_destroy
[DEBUG CODEGEN CALL] Generating call to: npk_core_alloc
[DEBUG IR_GEN] Initializer generated for 'C', value = 0x5b6c752d7170
[DEBUG IR_GEN] InitVal type: 0x5b6c71992198
[DEBUG IR_GEN] Default builder.CreateStore for C
[DEBUG CODEGEN CALL] Generating call to: hnsw_pq_get_size
[DEBUG IR_GEN] Initializer generated for 'sz', value = 0x5b6c750f6ca8
[DEBUG IR_GEN] InitVal type: 0x5b6c71992198
[DEBUG IR_GEN] Default builder.CreateStore for sz
[DEBUG IR_GEN] Initializer generated for 'buf_capacity', value = 0x5b6c74770c60
[DEBUG IR_GEN] InitVal type: 0x5b6c71992198
[DEBUG IR_GEN] Default builder.CreateStore for buf_capacity
[DEBUG CODEGEN CALL] Generating call to: npk_core_alloc
[DEBUG IR_GEN] Initializer generated for 'sbuf', value = 0x5b6c752d78f0
[DEBUG IR_GEN] InitVal type: 0x5b6c71992198
[DEBUG IR_GEN] Default builder.CreateStore for sbuf
[DEBUG CODEGEN CALL] Generating call to: drop
[DEBUG CODEGEN CALL] Generating call to: buf_set_data
[DEBUG CODEGEN CALL] Generating call to: npk_core_alloc
[DEBUG CODEGEN CALL] Generating call to: drop
[DEBUG CODEGEN CALL] Generating call to: buf_set_capacity
[DEBUG CODEGEN CALL] Generating call to: drop
[DEBUG CODEGEN CALL] Generating call to: buf_set_cursor
[DEBUG IR_GEN] Initializer generated for 'count', value = 0x5b6c74325da0
[DEBUG IR_GEN] InitVal type: 0x5b6c71992198
[DEBUG IR_GEN] Default builder.CreateStore for count
[DEBUG WHILE] Parsing condition for while loop. NodeType: 2
   BinaryOp Type: 178
[DEBUG CODEGEN CALL] Generating call to: drop
[DEBUG CODEGEN CALL] Generating call to: hnsw_pq_pop
[DEBUG CODEGEN CALL] Generating call to: hnsw_pq_get_dist
[DEBUG IR_GEN] Initializer generated for 'dist', value = 0x5b6c74d15068
[DEBUG IR_GEN] InitVal type: 0x5b6c71992198
[DEBUG IR_GEN] Default builder.CreateStore for dist
[DEBUG CODEGEN CALL] Generating call to: hnsw_pq_get_slot
[DEBUG IR_GEN] Initializer generated for 'slot', value = 0x5b6c750a5b28
[DEBUG IR_GEN] InitVal type: 0x5b6c71992180
[DEBUG IR_GEN] Default builder.CreateStore for slot
[DEBUG IR_GEN] Initializer generated for 'slot64', value = 0x5b6c74d59a70
[DEBUG IR_GEN] InitVal type: 0x5b6c71992198
[DEBUG IR_GEN] Default builder.CreateStore for slot64
[DEBUG IR_GEN] Initializer generated for 'dist_f64', value = 0x5b6c74d02e90
[DEBUG IR_GEN] InitVal type: 0x5b6c71992090
[DEBUG IR_GEN] Default builder.CreateStore for dist_f64
[DEBUG CODEGEN CALL] Generating call to: fmt_float
[DEBUG IR_GEN] Initializer generated for 'dist_str', value = 0x5b6c75231b28
[DEBUG IR_GEN] InitVal type: 0x5b6c746f0df0
[DEBUG IR_GEN] Default builder.CreateStore for dist_str
[DEBUG IR_GEN] Initializer generated for 'item', value = 0x5b6c75232740
[DEBUG IR_GEN] InitVal type: 0x5b6c746f0df0
[DEBUG IR_GEN] Default builder.CreateStore for item
[DEBUG CODEGEN CALL] Generating call to: drop
[DEBUG CODEGEN CALL] Generating call to: serial_buffer_ensure
[DEBUG CODEGEN CALL] Generating call to: drop
[DEBUG CODEGEN CALL] Generating call to: npk_mem_write_string
[DEBUG-XXX] op: 161, left: 4, right: 4
[DEBUG CODEGEN CALL] Generating call to: raw
[DEBUG CODEGEN CALL] Generating call to: buf_get_data
[DEBUG CODEGEN CALL] Generating call to: raw
[DEBUG CODEGEN CALL] Generating call to: buf_get_cursor
[DEBUG CODEGEN CALL] Generating call to: drop
[DEBUG CODEGEN CALL] Generating call to: buf_set_cursor
[DEBUG-XXX] op: 161, left: 4, right: 0
[DEBUG CODEGEN CALL] Generating call to: raw
[DEBUG CODEGEN CALL] Generating call to: buf_get_cursor
[DEBUG CODEGEN CALL] Generating call to: string_length
[DEBUG IR_GEN] Initializer generated for 'item_len', value = 0x5b6c7504d8c0
[DEBUG IR_GEN] InitVal type: 0x5b6c71992198
[DEBUG IR_GEN] Default builder.CreateStore for item_len
[DEBUG CODEGEN CALL] Generating call to: drop
[DEBUG CODEGEN CALL] Generating call to: serial_buffer_ensure
[DEBUG CODEGEN CALL] Generating call to: drop
[DEBUG CODEGEN CALL] Generating call to: npk_mem_write_string
[DEBUG-XXX] op: 161, left: 4, right: 4
[DEBUG CODEGEN CALL] Generating call to: raw
[DEBUG CODEGEN CALL] Generating call to: buf_get_data
[DEBUG CODEGEN CALL] Generating call to: raw
[DEBUG CODEGEN CALL] Generating call to: buf_get_cursor
[DEBUG CODEGEN CALL] Generating call to: drop
[DEBUG CODEGEN CALL] Generating call to: buf_set_cursor
[DEBUG-XXX] op: 161, left: 4, right: 1
[DEBUG CODEGEN CALL] Generating call to: raw
[DEBUG CODEGEN CALL] Generating call to: buf_get_cursor
[DEBUG ASSIGNMENT] op=168, leftType=1 (POINTER_MEMBER=7)
[DEBUG ASSIGNMENT] op=168, leftType=1 (POINTER_MEMBER=7)
[DEBUG CODEGEN CALL] Generating call to: drop
[DEBUG CODEGEN CALL] Generating call to: hnsw_pq_destroy
[DEBUG IR_GEN] Initializer generated for 'final_json', value = 0x5b6c751896d0
[DEBUG IR_GEN] InitVal type: 0x5b6c746f0df0
[DEBUG IR_GEN] Default builder.CreateStore for final_json
[DEBUG CODEGEN CALL] Generating call to: npk_mem_read_string
[DEBUG CODEGEN CALL] Generating call to: raw
[DEBUG CODEGEN CALL] Generating call to: buf_get_data
[DEBUG CODEGEN CALL] Generating call to: raw
[DEBUG CODEGEN CALL] Generating call to: buf_get_cursor
[DEBUG IR_GEN] Initializer generated for 'json_str', value = 0x5b6c750b3c60
[DEBUG IR_GEN] InitVal type: 0x5b6c746f0df0
[DEBUG IR_GEN] Default builder.CreateStore for json_str
[DEBUG ASSIGNMENT] op=168, leftType=1 (POINTER_MEMBER=7)
[DEBUG CODEGEN CALL] Generating call to: string_concat
[DEBUG ASSIGNMENT] op=168, leftType=1 (POINTER_MEMBER=7)
[DEBUG CODEGEN CALL] Generating call to: string_concat
[DEBUG CODEGEN CALL] Generating call to: drop
[DEBUG CODEGEN CALL] Generating call to expression.
[DEBUG CODEGEN CALL] Generating call to: Server_send_typed
[DEBUG CODEGEN CALL] Generating call to: drop
[DEBUG CODEGEN CALL] Generating call to: npk_core_dalloc
[DEBUG CODEGEN CALL] Generating call to: raw
[DEBUG CODEGEN CALL] Generating call to: buf_get_data
[DEBUG CODEGEN CALL] Generating call to: drop
[DEBUG CODEGEN CALL] Generating call to: npk_core_dalloc
[DEBUG CODEGEN CALL] Generating call to: drop
[DEBUG CODEGEN CALL] Generating call to: npk_core_dalloc
[DEBUG CODEGEN CALL] Generating call to: drop
[DEBUG CODEGEN CALL] Generating call to: hnsw_visited_destroy
[DEBUG CODEGEN CALL] Generating call to: drop
[DEBUG CODEGEN CALL] Generating call to: npk_core_dalloc
[DEBUG CODEGEN CALL] Generating call to: drop
[DEBUG CODEGEN CALL] Generating call to: json_arena_destroy
[DEBUG IR_GEN] Initializer generated for 'method', value = 0x5b6c752398d0
[DEBUG IR_GEN] InitVal type: 0x5b6c746f0df0
[DEBUG IR_GEN] Default builder.CreateStore for method
[DEBUG IR_GEN] Initializer generated for 'path', value = 0x5b6c751c9a00
[DEBUG IR_GEN] InitVal type: 0x5b6c746f0df0
[DEBUG IR_GEN] Default builder.CreateStore for path
[DEBUG CODEGEN CALL] Generating call to: println
[DEBUG-XXX] op: 161, left: 2, right: 0
[DEBUG] getExprNumericTypeName leftType: 0
[DEBUG] getExprNumericTypeName leftType: 2
[DEBUG] getExprNumericTypeName leftType: 2
[DEBUG-XXX] op: 161, left: 2, right: 1
[DEBUG] getExprNumericTypeName leftType: 0
[DEBUG] getExprNumericTypeName leftType: 2
[DEBUG-XXX] op: 161, left: 2, right: 0
[DEBUG] getExprNumericTypeName leftType: 0
[DEBUG-XXX] op: 161, left: 0, right: 1
[DEBUG CODEGEN CALL] Generating call to: raw
[DEBUG CODEGEN CALL] Generating call to expression.
[DEBUG CODEGEN CALL] Generating call to: Server_send_typed
[DEBUG CODEGEN CALL] Generating call to: controller_create_collection
[DEBUG CODEGEN CALL] Generating call to: string_index_of
[DEBUG IR_GEN] Initializer generated for 'c_idx', value = 0x5b6c7505b9f0
[DEBUG IR_GEN] InitVal type: 0x5b6c71992198
[DEBUG IR_GEN] Default builder.CreateStore for c_idx
[DEBUG CODEGEN CALL] Generating call to: string_substring
[DEBUG CODEGEN CALL] Generating call to: string_length
[DEBUG IR_GEN] Initializer generated for 'suffix', value = 0x5b6c74cff6d0
[DEBUG IR_GEN] InitVal type: 0x5b6c746f0df0
[DEBUG IR_GEN] Default builder.CreateStore for suffix
[DEBUG CODEGEN CALL] Generating call to: string_index_of
[DEBUG IR_GEN] Initializer generated for 'd_idx', value = 0x5b6c751fbe50
[DEBUG IR_GEN] InitVal type: 0x5b6c71992198
[DEBUG IR_GEN] Default builder.CreateStore for d_idx
[DEBUG CODEGEN CALL] Generating call to: string_substring
[DEBUG IR_GEN] Initializer generated for 'col_name', value = 0x5b6c75065f10
[DEBUG IR_GEN] InitVal type: 0x5b6c746f0df0
[DEBUG IR_GEN] Default builder.CreateStore for col_name
[DEBUG CODEGEN CALL] Generating call to: controller_search
[DEBUG CODEGEN CALL] Generating call to: string_index_of
[DEBUG IR_GEN] Initializer generated for 'c_idx', value = 0x5b6c74d28600
[DEBUG IR_GEN] InitVal type: 0x5b6c71992198
[DEBUG IR_GEN] Default builder.CreateStore for c_idx
[DEBUG CODEGEN CALL] Generating call to: string_substring
[DEBUG CODEGEN CALL] Generating call to: string_length
[DEBUG IR_GEN] Initializer generated for 'suffix', value = 0x5b6c75113cf0
[DEBUG IR_GEN] InitVal type: 0x5b6c746f0df0
[DEBUG IR_GEN] Default builder.CreateStore for suffix
[DEBUG CODEGEN CALL] Generating call to: string_index_of
[DEBUG IR_GEN] Initializer generated for 'd_idx', value = 0x5b6c75399f40
[DEBUG IR_GEN] InitVal type: 0x5b6c71992198
[DEBUG IR_GEN] Default builder.CreateStore for d_idx
[DEBUG CODEGEN CALL] Generating call to: string_substring
[DEBUG IR_GEN] Initializer generated for 'col_name', value = 0x5b6c7504b120
[DEBUG IR_GEN] InitVal type: 0x5b6c746f0df0
[DEBUG IR_GEN] Default builder.CreateStore for col_name
[DEBUG CODEGEN CALL] Generating call to: raw
[DEBUG CODEGEN CALL] Generating call to: controller_insert
[DEBUG IR_GEN] Initializer generated for 'res', value = 0x5b6c752f0270
[DEBUG IR_GEN] InitVal type: 0x5b6c71992180
[DEBUG IR_GEN] Default builder.CreateStore for res
[DEBUG IR_GEN] Initializer generated for 'err_json', value = 0x5b6c751f62f0
[DEBUG IR_GEN] InitVal type: 0x5b6c746f0df0
[DEBUG IR_GEN] Default builder.CreateStore for err_json
[DEBUG CODEGEN CALL] Generating call to: raw
[DEBUG CODEGEN CALL] Generating call to expression.
[DEBUG CODEGEN CALL] Generating call to: Server_send_typed
[DEBUG CODEGEN CALL] Generating call to: raw
[DEBUG CODEGEN CALL] Generating call to expression.
[DEBUG CODEGEN CALL] Generating call to: Thread_current_id
[DEBUG IR_GEN] Initializer generated for 'thread_id', value = 0x5b6c751f6aa0
[DEBUG IR_GEN] InitVal type: 0x5b6c71992198
[DEBUG IR_GEN] Default builder.CreateStore for thread_id
[DEBUG CODEGEN CALL] Generating call to: raw
[DEBUG CODEGEN CALL] Generating call to: ebr_register_thread
[DEBUG IR_GEN] Initializer generated for 'ebr_tid', value = 0x5b6c751f6cd0
[DEBUG IR_GEN] InitVal type: 0x5b6c71992198
[DEBUG IR_GEN] Default builder.CreateStore for ebr_tid
[DEBUG CODEGEN CALL] Generating call to: println
[DEBUG CODEGEN CALL] Generating call to: string_concat
[DEBUG CODEGEN CALL] Generating call to: string_concat
[DEBUG CODEGEN CALL] Generating call to: string_from_int
[DEBUG IR_GEN] Initializer generated for 'ch', value = 0x5b6c751e94b0
[DEBUG IR_GEN] InitVal type: 0x5b6c71992198
[DEBUG IR_GEN] Default builder.CreateStore for ch
[DEBUG CODEGEN CALL] Generating call to: raw
[DEBUG CODEGEN CALL] Generating call to expression.
[DEBUG CODEGEN CALL] Generating call to: Channel_recv
[DEBUG IR_GEN] Initializer generated for 'client_fd', value = 0x5b6c751e9c90
[DEBUG IR_GEN] InitVal type: 0x5b6c71992198
[DEBUG IR_GEN] Default builder.CreateStore for client_fd
[DEBUG CODEGEN CALL] Generating call to: npk_core_alloc
[DEBUG IR_GEN] Initializer generated for 'tv', value = 0x5b6c751ea0e0
[DEBUG IR_GEN] InitVal type: 0x5b6c71992198
[DEBUG IR_GEN] Default builder.CreateStore for tv
[DEBUG CODEGEN CALL] Generating call to: drop
[DEBUG CODEGEN CALL] Generating call to: npk_mem_write_int64
[DEBUG CODEGEN CALL] Generating call to: drop
[DEBUG CODEGEN CALL] Generating call to: npk_mem_write_int64
[DEBUG CODEGEN CALL] Generating call to: asm!!!
[DEBUG IR_GEN] Initializer generated for 'tv_ptr', value = 0x5b6c751ea4a0
[DEBUG IR_GEN] InitVal type: 0x5b6c71992198
[DEBUG IR_GEN] Default builder.CreateStore for tv_ptr
[DEBUG CODEGEN CALL] Generating call to: drop
[DEBUG CODEGEN CALL] Generating call to: sys
[DEBUG CODEGEN CALL] Generating call to: drop
[DEBUG CODEGEN CALL] Generating call to: npk_core_dalloc
[DEBUG CODEGEN CALL] Generating call to: raw
[DEBUG CODEGEN CALL] Generating call to expression.
[DEBUG CODEGEN CALL] Generating call to: Server_read_req
[DEBUG IR_GEN] Initializer generated for 'req', value = 0x5b6c751ee670
[DEBUG IR_GEN] InitVal type: 0x5b6c746f1ba0
[DEBUG IR_GEN] Default builder.CreateStore for req
[DEBUG CODEGEN CALL] Generating call to: drop
[DEBUG CODEGEN CALL] Generating call to: route_request
[DEBUG CODEGEN CALL] Generating call to: drop
[DEBUG CODEGEN CALL] Generating call to: npk_core_dalloc
[DEBUG CODEGEN CALL] Generating call to: raw
[DEBUG CODEGEN CALL] Generating call to expression.
[DEBUG CODEGEN CALL] Generating call to: Server_close_cli
[DEBUG CODEGEN CALL] Generating call to: nitpick_libc_thread_spawn
[DEBUG CODEGEN CALL] Generating call to: http_worker_loop
[DEBUG CODEGEN CALL] Generating call to: raw
[DEBUG CODEGEN CALL] Generating call to: config_get
[DEBUG IR_GEN] Initializer generated for 'cfg_ptr', value = 0x5b6c753573e0
[DEBUG IR_GEN] InitVal type: 0x5b6c71992198
[DEBUG IR_GEN] Default builder.CreateStore for cfg_ptr
[DEBUG CODEGEN CALL] Generating call to: println
[DEBUG CODEGEN CALL] Generating call to: npk_mem_read_int64
[DEBUG IR_GEN] Initializer generated for 'workers', value = 0x5b6c751a1e80
[DEBUG IR_GEN] InitVal type: 0x5b6c71992198
[DEBUG IR_GEN] Default builder.CreateStore for workers
[DEBUG ASSIGNMENT] op=168, leftType=1 (POINTER_MEMBER=7)
[DEBUG CODEGEN CALL] Generating call to: raw
[DEBUG CODEGEN CALL] Generating call to expression.
[DEBUG CODEGEN CALL] Generating call to: Thread_hardware_concurrency
[DEBUG ASSIGNMENT] op=168, leftType=1 (POINTER_MEMBER=7)
[DEBUG CODEGEN CALL] Generating call to: println
[DEBUG CODEGEN CALL] Generating call to: string_concat
[DEBUG CODEGEN CALL] Generating call to: string_concat
[DEBUG CODEGEN CALL] Generating call to: string_from_int
[DEBUG CODEGEN CALL] Generating call to: raw
[DEBUG CODEGEN CALL] Generating call to expression.
[DEBUG CODEGEN CALL] Generating call to: Channel_create
[DEBUG IR_GEN] Initializer generated for 'ch', value = 0x5b6c74d5a3f0
[DEBUG IR_GEN] InitVal type: 0x5b6c71992198
[DEBUG IR_GEN] Default builder.CreateStore for ch
[DEBUG ASSIGNMENT] op=168, leftType=1 (POINTER_MEMBER=7)
[DEBUG IR_GEN] Initializer generated for 'i', value = 0x5b6c74325da0
[DEBUG IR_GEN] InitVal type: 0x5b6c71992198
[DEBUG IR_GEN] Default builder.CreateStore for i
[DEBUG WHILE] Parsing condition for while loop. NodeType: 2
   BinaryOp Type: 176
[DEBUG CODEGEN CALL] Generating call to: raw
[DEBUG CODEGEN CALL] Generating call to: http_worker_start
[DEBUG IR_GEN] Initializer generated for 't_handle', value = 0x5b6c7522ddc0
[DEBUG IR_GEN] InitVal type: 0x5b6c71992198
[DEBUG IR_GEN] Default builder.CreateStore for t_handle
[DEBUG ASSIGNMENT] op=168, leftType=1 (POINTER_MEMBER=7)
[DEBUG CODEGEN CALL] Generating call to: npk_mem_read_int32
[DEBUG IR_GEN] Initializer generated for 'port', value = 0x5b6c75189450
[DEBUG IR_GEN] InitVal type: 0x5b6c71992180
[DEBUG IR_GEN] Default builder.CreateStore for port
[DEBUG CODEGEN CALL] Generating call to: raw
[DEBUG CODEGEN CALL] Generating call to expression.
[DEBUG CODEGEN CALL] Generating call to: Server_bind_and_listen
[DEBUG IR_GEN] Initializer generated for 'server_fd', value = 0x5b6c75163550
[DEBUG IR_GEN] InitVal type: 0x5b6c71992198
[DEBUG IR_GEN] Default builder.CreateStore for server_fd
[DEBUG CODEGEN CALL] Generating call to: println
[DEBUG CODEGEN CALL] Generating call to: string_concat
[DEBUG CODEGEN CALL] Generating call to: string_from_int
[DEBUG CODEGEN CALL] Generating call to: println
[DEBUG CODEGEN CALL] Generating call to: string_concat
[DEBUG CODEGEN CALL] Generating call to: string_from_int
[DEBUG CODEGEN CALL] Generating call to: raw
[DEBUG CODEGEN CALL] Generating call to expression.
[DEBUG CODEGEN CALL] Generating call to: Server_accept_client
[DEBUG IR_GEN] Initializer generated for 'client_fd', value = 0x5b6c74d1ee60
[DEBUG IR_GEN] InitVal type: 0x5b6c71992198
[DEBUG IR_GEN] Default builder.CreateStore for client_fd
[DEBUG CODEGEN CALL] Generating call to: raw
[DEBUG CODEGEN CALL] Generating call to expression.
[DEBUG CODEGEN CALL] Generating call to: Channel_send
[DEBUG CODEGEN CALL] Generating call to: raw
[DEBUG CODEGEN CALL] Generating call to: compaction_worker_loop
[DEBUG CODEGEN CALL] Generating call to: raw
[DEBUG CODEGEN CALL] Generating call to: compaction_worker_loop
[DEBUG IR_GEN] Initializer generated for 'dummy1', value = 0x5b6c751eaf60
[DEBUG IR_GEN] InitVal type: 0x5b6c71992198
[DEBUG IR_GEN] Default builder.CreateStore for dummy1
[DEBUG ASSIGNMENT] op=168, leftType=1 (POINTER_MEMBER=7)
[DEBUG CODEGEN CALL] Generating call to: raw
[DEBUG CODEGEN CALL] Generating call to: sl_create
[DEBUG ASSIGNMENT] op=168, leftType=1 (POINTER_MEMBER=7)
[DEBUG CODEGEN CALL] Generating call to: nitpick_libc_rwlock_create
[DEBUG CODEGEN CALL] Generating call to: string_to_cstr
[DEBUG IR_GEN] Initializer generated for 'c_data', value = 0x5b6c752cee10
[DEBUG IR_GEN] InitVal type: 0x5b6c71992198
[DEBUG IR_GEN] Default builder.CreateStore for c_data
[DEBUG CODEGEN CALL] Generating call to: raw
[DEBUG CODEGEN CALL] Generating call to: sys
[DEBUG CODEGEN CALL] Generating call to: string_to_cstr
[DEBUG IR_GEN] Initializer generated for 'c_data_coll', value = 0x5b6c752cf4d0
[DEBUG IR_GEN] InitVal type: 0x5b6c71992198
[DEBUG IR_GEN] Default builder.CreateStore for c_data_coll
[DEBUG CODEGEN CALL] Generating call to: raw
[DEBUG CODEGEN CALL] Generating call to: sys
[DEBUG CODEGEN CALL] Generating call to: string_length
[DEBUG IR_GEN] Initializer generated for 'name_len', value = 0x5b6c74d58b20
[DEBUG IR_GEN] InitVal type: 0x5b6c71992198
[DEBUG IR_GEN] Default builder.CreateStore for name_len
[DEBUG CODEGEN CALL] Generating call to: string_to_cstr
[DEBUG IR_GEN] Initializer generated for 'name_ptr', value = 0x5b6c74d58cf0
[DEBUG IR_GEN] InitVal type: 0x5b6c71992198
[DEBUG IR_GEN] Default builder.CreateStore for name_ptr
[DEBUG IR_GEN] Initializer generated for 'i', value = 0x5b6c74325da0
[DEBUG IR_GEN] InitVal type: 0x5b6c71992198
[DEBUG IR_GEN] Default builder.CreateStore for i
[DEBUG IR_GEN] Initializer generated for 'bad', value = 0x5b6c74325da0
[DEBUG IR_GEN] InitVal type: 0x5b6c71992198
[DEBUG IR_GEN] Default builder.CreateStore for bad
[DEBUG WHILE] Parsing condition for while loop. NodeType: 2
   BinaryOp Type: 176
[DEBUG CODEGEN CALL] Generating call to: npk_mem_read_byte
[DEBUG IR_GEN] Initializer generated for 'c', value = 0x5b6c7507a1b0
[DEBUG IR_GEN] InitVal type: 0x5b6c71992150
[DEBUG IR_GEN] Default builder.CreateStore for c
[DEBUG ASSIGNMENT] op=168, leftType=1 (POINTER_MEMBER=7)
[DEBUG ASSIGNMENT] op=168, leftType=1 (POINTER_MEMBER=7)
[DEBUG ASSIGNMENT] op=168, leftType=1 (POINTER_MEMBER=7)
[DEBUG CODEGEN CALL] Generating call to: npk_mem_read_byte
[DEBUG-XXX] op: 161, left: 1, right: 0
[DEBUG IR_GEN] Initializer generated for 'next_c', value = 0x5b6c750aea10
[DEBUG IR_GEN] InitVal type: 0x5b6c71992150
[DEBUG IR_GEN] Default builder.CreateStore for next_c
[DEBUG ASSIGNMENT] op=168, leftType=1 (POINTER_MEMBER=7)
[DEBUG ASSIGNMENT] op=168, leftType=1 (POINTER_MEMBER=7)
[DEBUG CODEGEN CALL] Generating call to: drop
[DEBUG CODEGEN CALL] Generating call to: nitpick_libc_rwlock_wrlock
[DEBUG CODEGEN CALL] Generating call to: raw
[DEBUG CODEGEN CALL] Generating call to: sl_search
[DEBUG IR_GEN] Initializer generated for 'node', value = 0x5b6c751a4bb0
[DEBUG IR_GEN] InitVal type: 0x5b6c71992198
[DEBUG IR_GEN] Default builder.CreateStore for node
[DEBUG CODEGEN CALL] Generating call to: drop
[DEBUG CODEGEN CALL] Generating call to: nitpick_libc_rwlock_unlock
[DEBUG IR_GEN] Initializer generated for 'base_dir', value = 0x5b6c751a5050
[DEBUG IR_GEN] InitVal type: 0x5b6c746f0df0
[DEBUG IR_GEN] Default builder.CreateStore for base_dir
[DEBUG CODEGEN CALL] Generating call to: string_concat
[DEBUG IR_GEN] Initializer generated for 'full_path', value = 0x5b6c750c0e00
[DEBUG IR_GEN] InitVal type: 0x5b6c746f0df0
[DEBUG IR_GEN] Default builder.CreateStore for full_path
[DEBUG CODEGEN CALL] Generating call to: string_to_cstr
[DEBUG IR_GEN] Initializer generated for 'c_full_path', value = 0x5b6c750c1040
[DEBUG IR_GEN] InitVal type: 0x5b6c71992198
[DEBUG IR_GEN] Default builder.CreateStore for c_full_path
[DEBUG CODEGEN CALL] Generating call to: raw
[DEBUG CODEGEN CALL] Generating call to: sys
[DEBUG CODEGEN CALL] Generating call to: npk_core_alloc
[DEBUG IR_GEN] Initializer generated for 'coll_ptr', value = 0x5b6c75077310
[DEBUG IR_GEN] InitVal type: 0x5b6c71992198
[DEBUG IR_GEN] Default builder.CreateStore for coll_ptr
[DEBUG IR_GEN] Initializer generated for 'coll', value = 0x5b6c75041f60
[DEBUG IR_GEN] InitVal type: 0x5b6c746f0df0
[DEBUG IR_GEN] Default builder.CreateStore for coll
[DEBUG ASSIGNMENT] op=168, leftType=7 (POINTER_MEMBER=7)
[DEBUG POINTER_MEMBER_ASSIGN] SUCCESS for: name
[DEBUG CODEGEN CALL] Generating call to: string_concat
[DEBUG IR_GEN] Initializer generated for 'wal_path', value = 0x5b6c75260d30
[DEBUG IR_GEN] InitVal type: 0x5b6c746f0df0
[DEBUG IR_GEN] Default builder.CreateStore for wal_path
[DEBUG CODEGEN CALL] Generating call to: string_concat
[DEBUG IR_GEN] Initializer generated for 'dir_path', value = 0x5b6c74eb17f0
[DEBUG IR_GEN] InitVal type: 0x5b6c746f0df0
[DEBUG IR_GEN] Default builder.CreateStore for dir_path
[DEBUG CODEGEN CALL] Generating call to: raw
[DEBUG CODEGEN CALL] Generating call to: compaction_worker_loop
[DEBUG CODEGEN CALL] Generating call to: raw
[DEBUG CODEGEN CALL] Generating call to: wp_init
[DEBUG IR_GEN] Initializer generated for 'wp', value = 0x5b6c75113af0
[DEBUG IR_GEN] InitVal type: 0x5b6c71992198
[DEBUG IR_GEN] Default builder.CreateStore for wp
[DEBUG ASSIGNMENT] op=168, leftType=7 (POINTER_MEMBER=7)
[DEBUG POINTER_MEMBER_ASSIGN] SUCCESS for: storage
[DEBUG CODEGEN CALL] Generating call to: raw
[DEBUG CODEGEN CALL] Generating call to: hnsw_arena_create
[DEBUG IR_GEN] Initializer generated for 'arena', value = 0x5b6c750a54c0
[DEBUG IR_GEN] InitVal type: 0x5b6c71992198
[DEBUG IR_GEN] Default builder.CreateStore for arena
[DEBUG CODEGEN CALL] Generating call to: npk_core_alloc
[DEBUG-XXX] op: 163, left: 2, right: 0
[DEBUG] getExprNumericTypeName leftType: 0
[DEBUG-BINARY] op=163 leftType=2 rightType=0 leftNumType= rightNumType=
[DEBUG-BINARY] op=163 leftType=0 rightType=1 leftNumType= rightNumType=
[DEBUG-XXX] op: 163, left: 0, right: 1
[DEBUG IR_GEN] Initializer generated for 'vec_buf', value = 0x5b6c750850f0
[DEBUG IR_GEN] InitVal type: 0x5b6c71992198
[DEBUG IR_GEN] Default builder.CreateStore for vec_buf
[DEBUG CODEGEN CALL] Generating call to: raw
[DEBUG CODEGEN CALL] Generating call to: hnsw_graph_create
[DEBUG IR_GEN] Initializer generated for 'graph', value = 0x5b6c74d1b3e0
[DEBUG IR_GEN] InitVal type: 0x5b6c71992198
[DEBUG IR_GEN] Default builder.CreateStore for graph
[DEBUG ASSIGNMENT] op=168, leftType=7 (POINTER_MEMBER=7)
[DEBUG POINTER_MEMBER_ASSIGN] SUCCESS for: vector_index
[DEBUG CODEGEN CALL] Generating call to: drop
[DEBUG CODEGEN CALL] Generating call to: sl_insert
[DEBUG CODEGEN CALL] Generating call to: drop
[DEBUG CODEGEN CALL] Generating call to: nitpick_libc_rwlock_unlock
[DEBUG CODEGEN CALL] Generating call to: drop
[DEBUG CODEGEN CALL] Generating call to: nitpick_libc_rwlock_rdlock
[DEBUG CODEGEN CALL] Generating call to: raw
[DEBUG CODEGEN CALL] Generating call to: sl_search
[DEBUG IR_GEN] Initializer generated for 'node', value = 0x5b6c7514dfe0
[DEBUG IR_GEN] InitVal type: 0x5b6c71992198
[DEBUG IR_GEN] Default builder.CreateStore for node
[DEBUG IR_GEN] Initializer generated for 'coll', value = 0x5b6c74325da0
[DEBUG IR_GEN] InitVal type: 0x5b6c71992198
[DEBUG IR_GEN] Default builder.CreateStore for coll
[DEBUG ASSIGNMENT] op=168, leftType=1 (POINTER_MEMBER=7)
[DEBUG CODEGEN CALL] Generating call to: raw
[DEBUG CODEGEN CALL] Generating call to: sl_node_val_ptr
[DEBUG CODEGEN CALL] Generating call to: drop
[DEBUG CODEGEN CALL] Generating call to: nitpick_libc_rwlock_unlock
[DEBUG CODEGEN CALL] Generating call to: raw
[DEBUG CODEGEN CALL] Generating call to: compaction_worker_loop
[DEBUG CODEGEN CALL] Generating call to: http_worker_loop
[DEBUG CODEGEN CALL] Generating call to: println
[DEBUG IR_GEN] Initializer generated for 'cfg_path', value = 0x5b6c7519f070
[DEBUG IR_GEN] InitVal type: 0x5b6c746f0df0
[DEBUG IR_GEN] Default builder.CreateStore for cfg_path
[DEBUG CODEGEN CALL] Generating call to: raw
[DEBUG CODEGEN CALL] Generating call to: config_init
[DEBUG IR_GEN] Initializer generated for 'res', value = 0x5b6c752368a0
[DEBUG IR_GEN] InitVal type: 0x5b6c71992180
[DEBUG IR_GEN] Default builder.CreateStore for res
[DEBUG CODEGEN CALL] Generating call to: println
[DEBUG-XXX] op: 161, left: 0, right: 1
[DEBUG CODEGEN CALL] Generating call to: proc_exit
[DEBUG ASSIGNMENT] op=168, leftType=1 (POINTER_MEMBER=7)
[DEBUG CODEGEN CALL] Generating call to: nitpick_libc_rwlock_create
[DEBUG ASSIGNMENT] op=168, leftType=1 (POINTER_MEMBER=7)
[DEBUG CODEGEN CALL] Generating call to: nitpick_libc_rwlock_create
[DEBUG ASSIGNMENT] op=168, leftType=1 (POINTER_MEMBER=7)
[DEBUG CODEGEN CALL] Generating call to: npk_core_alloc
[DEBUG CODEGEN CALL] Generating call to: drop
[DEBUG CODEGEN CALL] Generating call to: npk_mem_write_int64
[DEBUG CODEGEN CALL] Generating call to: drop
[DEBUG CODEGEN CALL] Generating call to: catalog_init
[DEBUG CODEGEN CALL] Generating call to: drop
[DEBUG CODEGEN CALL] Generating call to: ebr_init
[DEBUG CODEGEN CALL] Generating call to: drop
[DEBUG CODEGEN CALL] Generating call to: art_init
[DEBUG ASSIGNMENT] op=168, leftType=1 (POINTER_MEMBER=7)
[DEBUG CODEGEN CALL] Generating call to: raw
[DEBUG CODEGEN CALL] Generating call to: wp_init
[DEBUG CODEGEN CALL] Generating call to: println
[DEBUG CODEGEN CALL] Generating call to: proc_exit
[DEBUG ASSIGNMENT] op=168, leftType=1 (POINTER_MEMBER=7)
[DEBUG CODEGEN CALL] Generating call to: raw
[DEBUG CODEGEN CALL] Generating call to: hnsw_arena_create
[DEBUG ASSIGNMENT] op=168, leftType=1 (POINTER_MEMBER=7)
[DEBUG CODEGEN CALL] Generating call to: npk_core_alloc
[DEBUG-XXX] op: 163, left: 2, right: 0
[DEBUG] getExprNumericTypeName leftType: 0
[DEBUG-BINARY] op=163 leftType=2 rightType=0 leftNumType= rightNumType=
[DEBUG-BINARY] op=163 leftType=0 rightType=1 leftNumType= rightNumType=
[DEBUG-XXX] op: 163, left: 0, right: 1
[DEBUG ASSIGNMENT] op=168, leftType=1 (POINTER_MEMBER=7)
[DEBUG CODEGEN CALL] Generating call to: raw
[DEBUG CODEGEN CALL] Generating call to: hnsw_graph_create
[DEBUG ASSIGNMENT] op=168, leftType=1 (POINTER_MEMBER=7)
[DEBUG CODEGEN CALL] Generating call to: npk_core_alloc
[DEBUG-BINARY] op=163 leftType=0 rightType=0 leftNumType= rightNumType=
[DEBUG-XXX] op: 163, left: 0, right: 0
[DEBUG CODEGEN CALL] Generating call to: raw
[DEBUG CODEGEN CALL] Generating call to: server_start
[DEBUG IR_GEN] Initializer generated for 'server_res', value = 0x5b6c752a9ee0
[DEBUG IR_GEN] InitVal type: 0x5b6c71992180
[DEBUG IR_GEN] Default builder.CreateStore for server_res
[DEBUG CODEGEN CALL] Generating call to: println
[DEBUG CODEGEN CALL] Generating call to: proc_exit
[DEBUG CODEGEN CALL] Generating call to: proc_exit
[1mbuild/flattened.npk:0:0: [0m[1;33mwarning[0m: [1mLine 50, Column 29: warning: [NITPICK-062] NITPICK-CAST-NARROW — explicit cast from 'int64' to 'int16' narrows the integer bit width and may truncate. Use @cast_unchecked<int16>(expr) to silence after auditing.[0m

[1mbuild/flattened.npk:0:0: [0m[1;33mwarning[0m: [1mLine 138, Column 64: warning: [NITPICK-064] NITPICK-CAST-SIGNEDNESS — explicit cast from 'uint8' to 'int64' changes signedness/reinterpretation domain. Use @cast_unchecked<int64>(expr) to silence after auditing.[0m

[1mbuild/flattened.npk:0:0: [0m[1;33mwarning[0m: [1mLine 123, Column 15: warning: [NITPICK-064] NITPICK-CAST-SIGNEDNESS — explicit cast from 'tryte' to 'int32' changes signedness/reinterpretation domain. Use @cast_unchecked<int32>(expr) to silence after auditing.[0m

[1mbuild/flattened.npk:0:0: [0m[1;33mwarning[0m: [1mLine 136, Column 15: warning: [NITPICK-064] NITPICK-CAST-SIGNEDNESS — explicit cast from 'nyte' to 'int32' changes signedness/reinterpretation domain. Use @cast_unchecked<int32>(expr) to silence after auditing.[0m

[1mbuild/flattened.npk:0:0: [0m[1;33mwarning[0m: [1mLine 210, Column 17: warning: [NITPICK-062] NITPICK-CAST-NARROW — explicit cast from 'int32' to 'int8' narrows the integer bit width and may truncate. Use @cast_unchecked<int8>(expr) to silence after auditing.[0m

[1mbuild/flattened.npk:0:0: [0m[1;33mwarning[0m: [1mLine 247, Column 47: warning: [NITPICK-062] NITPICK-CAST-NARROW — explicit cast from 'int32' to 'int8' narrows the integer bit width and may truncate. Use @cast_unchecked<int8>(expr) to silence after auditing.[0m

[1mbuild/flattened.npk:0:0: [0m[1;33mwarning[0m: [1mLine 249, Column 43: warning: [NITPICK-062] NITPICK-CAST-NARROW — explicit cast from 'int32' to 'int8' narrows the integer bit width and may truncate. Use @cast_unchecked<int8>(expr) to silence after auditing.[0m

[1mbuild/flattened.npk:0:0: [0m[1;33mwarning[0m: [1mLine 257, Column 48: warning: [NITPICK-062] NITPICK-CAST-NARROW — explicit cast from 'int32' to 'int8' narrows the integer bit width and may truncate. Use @cast_unchecked<int8>(expr) to silence after auditing.[0m

[1mbuild/flattened.npk:0:0: [0m[1;33mwarning[0m: [1mLine 259, Column 44: warning: [NITPICK-062] NITPICK-CAST-NARROW — explicit cast from 'int32' to 'int8' narrows the integer bit width and may truncate. Use @cast_unchecked<int8>(expr) to silence after auditing.[0m

[1mbuild/flattened.npk:0:0: [0m[1;33mwarning[0m: [1mLine 267, Column 36: warning: [NITPICK-062] NITPICK-CAST-NARROW — explicit cast from 'int32' to 'int8' narrows the integer bit width and may truncate. Use @cast_unchecked<int8>(expr) to silence after auditing.[0m

[1mbuild/flattened.npk:0:0: [0m[1;33mwarning[0m: [1mLine 274, Column 37: warning: [NITPICK-062] NITPICK-CAST-NARROW — explicit cast from 'int32' to 'int8' narrows the integer bit width and may truncate. Use @cast_unchecked<int8>(expr) to silence after auditing.[0m

[1mbuild/flattened.npk:0:0: [0m[1;33mwarning[0m: [1mLine 281, Column 36: warning: [NITPICK-062] NITPICK-CAST-NARROW — explicit cast from 'int32' to 'int8' narrows the integer bit width and may truncate. Use @cast_unchecked<int8>(expr) to silence after auditing.[0m

[1mbuild/flattened.npk:0:0: [0m[1;33mwarning[0m: [1mLine 485, Column 10: warning: [NITPICK-062] NITPICK-CAST-NARROW — explicit cast from 'int32' to 'trit' narrows the integer bit width and may truncate. Use @cast_unchecked<trit>(expr) to silence after auditing.[0m

[1mbuild/flattened.npk:0:0: [0m[1;33mwarning[0m: [1mLine 496, Column 10: warning: [NITPICK-064] NITPICK-CAST-SIGNEDNESS — explicit cast from 'int32' to 'tryte' changes signedness/reinterpretation domain. Use @cast_unchecked<tryte>(expr) to silence after auditing.[0m

[1mbuild/flattened.npk:0:0: [0m[1;33mwarning[0m: [1mLine 496, Column 10: warning: [NITPICK-062] NITPICK-CAST-NARROW — explicit cast from 'int32' to 'tryte' narrows the integer bit width and may truncate. Use @cast_unchecked<tryte>(expr) to silence after auditing.[0m

[1mbuild/flattened.npk:0:0: [0m[1;33mwarning[0m: [1mLine 507, Column 10: warning: [NITPICK-064] NITPICK-CAST-SIGNEDNESS — explicit cast from 'int32' to 'nyte' changes signedness/reinterpretation domain. Use @cast_unchecked<nyte>(expr) to silence after auditing.[0m

[1mbuild/flattened.npk:0:0: [0m[1;33mwarning[0m: [1mLine 507, Column 10: warning: [NITPICK-062] NITPICK-CAST-NARROW — explicit cast from 'int32' to 'nyte' narrows the integer bit width and may truncate. Use @cast_unchecked<nyte>(expr) to silence after auditing.[0m

[1mbuild/flattened.npk:0:0: [0m[1;33mwarning[0m: [1mVariable 'j' shadows outer declaration at line 6119, column 9 (original at line 6106, column 5)[0m

[1m:7923:11: [0m[1;33mwarning[0m: [1m[unused-variable] variable 'HNSW_ARENA_OFF_PAD' is declared but never used[0m

[1m:7733:11: [0m[1;33mwarning[0m: [1m[unused-variable] variable 'HNSW_MAX_LAYERS' is declared but never used[0m

[1m:7414:11: [0m[1;33mwarning[0m: [1m[unused-variable] variable 'DIST_IP' is declared but never used[0m

[1m:7413:11: [0m[1;33mwarning[0m: [1m[unused-variable] variable 'DIST_L2' is declared but never used[0m

[1m:6461:11: [0m[1;33mwarning[0m: [1m[unused-variable] variable 'COMPACT_LEVEL' is declared but never used[0m

[1m:5133:11: [0m[1;33mwarning[0m: [1m[unused-variable] variable 'SSTABLE_MAGIC' is declared but never used[0m

[1m:7736:11: [0m[1;33mwarning[0m: [1m[unused-variable] variable 'HNSW_NEIGHBOR_SLOTS' is declared but never used[0m

[1m:3388:5: [0m[1;33mwarning[0m: [1m[unused-variable] variable 'ENV_BUF_SIZE' is declared but never used[0m

[1m:3387:5: [0m[1;33mwarning[0m: [1m[unused-variable] variable 'PATH_MAX_SIZE' is declared but never used[0m

[1m:3381:5: [0m[1;33mwarning[0m: [1m[unused-variable] variable 'FIONBIO' is declared but never used[0m

[1m:3379:5: [0m[1;33mwarning[0m: [1m[unused-variable] variable 'TIOCSWINSZ' is declared but never used[0m

[1m:3378:5: [0m[1;33mwarning[0m: [1m[unused-variable] variable 'TIOCGWINSZ' is declared but never used[0m

[1m:3376:5: [0m[1;33mwarning[0m: [1m[unused-variable] variable 'TCGETS' is declared but never used[0m

[1m:3372:5: [0m[1;33mwarning[0m: [1m[unused-variable] variable 'GRND_NONBLOCK' is declared but never used[0m

[1m:3369:5: [0m[1;33mwarning[0m: [1m[unused-variable] variable 'LOCK_UN' is declared but never used[0m

[1m:3357:5: [0m[1;33mwarning[0m: [1m[unused-variable] variable 'F_GETLK' is declared but never used[0m

[1m:7735:11: [0m[1;33mwarning[0m: [1m[unused-variable] variable 'HNSW_M0' is declared but never used[0m

[1m:3163:5: [0m[1;33mwarning[0m: [1m[unused-variable] variable 'O_WRONLY' is declared but never used[0m

[1m:3162:5: [0m[1;33mwarning[0m: [1m[unused-variable] variable 'O_RDONLY' is declared but never used[0m

[1m:3323:5: [0m[1;33mwarning[0m: [1m[unused-variable] variable 'SIGALRM' is declared but never used[0m

[1m:3358:5: [0m[1;33mwarning[0m: [1m[unused-variable] variable 'F_SETLK' is declared but never used[0m

[1m:3195:5: [0m[1;33mwarning[0m: [1m[unused-variable] variable 'MODE_755' is declared but never used[0m

[1m:3289:5: [0m[1;33mwarning[0m: [1m[unused-variable] variable 'POLLERR' is declared but never used[0m

[1m:3215:5: [0m[1;33mwarning[0m: [1m[unused-variable] variable 'F_OK' is declared but never used[0m

[1m:3231:5: [0m[1;33mwarning[0m: [1m[unused-variable] variable 'CLOCK_REALTIME' is declared but never used[0m

[1m:3295:5: [0m[1;33mwarning[0m: [1m[unused-variable] variable 'SOCKADDR_OFF_FAMILY' is declared but never used[0m

[1m:3235:5: [0m[1;33mwarning[0m: [1m[unused-variable] variable 'PROT_NONE' is declared but never used[0m

[1m:3216:5: [0m[1;33mwarning[0m: [1m[unused-variable] variable 'R_OK' is declared but never used[0m

[1m:3320:5: [0m[1;33mwarning[0m: [1m[unused-variable] variable 'SIGSEGV' is declared but never used[0m

[1m:3360:5: [0m[1;33mwarning[0m: [1m[unused-variable] variable 'F_DUPFD_CLOEXEC' is declared but never used[0m

[1m:3373:5: [0m[1;33mwarning[0m: [1m[unused-variable] variable 'GRND_RANDOM' is declared but never used[0m

[1m:413:11: [0m[1;33mwarning[0m: [1m[unused-variable] variable 'NODE256_MAX_KEYS' is declared but never used[0m

[1m:412:11: [0m[1;33mwarning[0m: [1m[unused-variable] variable 'NODE48_MAX_KEYS' is declared but never used[0m

[1m:3341:5: [0m[1;33mwarning[0m: [1m[unused-variable] variable 'SA_RESETHAND' is declared but never used[0m

[1m:410:11: [0m[1;33mwarning[0m: [1m[unused-variable] variable 'NODE4_MAX_KEYS' is declared but never used[0m

[1m:3158:5: [0m[1;33mwarning[0m: [1m[unused-variable] variable 'STDOUT_FILENO' is declared but never used[0m

[1m:3367:5: [0m[1;33mwarning[0m: [1m[unused-variable] variable 'LOCK_EX' is declared but never used[0m

[1m:383:11: [0m[1;33mwarning[0m: [1m[unused-variable] variable 'DEFAULT_BACKLOG' is declared but never used[0m

[1m:382:11: [0m[1;33mwarning[0m: [1m[unused-variable] variable 'DEFAULT_PORT' is declared but never used[0m

[1m:3206:5: [0m[1;33mwarning[0m: [1m[unused-variable] variable 'S_IFIFO' is declared but never used[0m

[1m:376:11: [0m[1;33mwarning[0m: [1m[unused-variable] variable 'HNSW_ML' is declared but never used[0m

[1m:3159:5: [0m[1;33mwarning[0m: [1m[unused-variable] variable 'STDERR_FILENO' is declared but never used[0m

[1m:79:11: [0m[1;33mwarning[0m: [1m[unused-variable] variable 'ERR_SERVER_ACCEPT_FAILED' is declared but never used[0m

[1m:3322:5: [0m[1;33mwarning[0m: [1m[unused-variable] variable 'SIGPIPE' is declared but never used[0m

[1m:3171:5: [0m[1;33mwarning[0m: [1m[unused-variable] variable 'O_DIRECTORY' is declared but never used[0m

[1m:3237:5: [0m[1;33mwarning[0m: [1m[unused-variable] variable 'PROT_WRITE' is declared but never used[0m

[1m:55:11: [0m[1;33mwarning[0m: [1m[unused-variable] variable 'ERR_COMPACTION_FAILED' is declared but never used[0m

[1m:3290:5: [0m[1;33mwarning[0m: [1m[unused-variable] variable 'POLLHUP' is declared but never used[0m

[1m:411:11: [0m[1;33mwarning[0m: [1m[unused-variable] variable 'NODE16_MAX_KEYS' is declared but never used[0m

[1m:51:11: [0m[1;33mwarning[0m: [1m[unused-variable] variable 'ERR_PAGE_INVALID_SLOT' is declared but never used[0m

[1m:3271:5: [0m[1;33mwarning[0m: [1m[unused-variable] variable 'SO_REUSEADDR' is declared but never used[0m

[1m:3321:5: [0m[1;33mwarning[0m: [1m[unused-variable] variable 'SIGUSR2' is declared but never used[0m

[1m:3196:5: [0m[1;33mwarning[0m: [1m[unused-variable] variable 'MODE_777' is declared but never used[0m

[1m:3274:5: [0m[1;33mwarning[0m: [1m[unused-variable] variable 'SO_RCVBUF' is declared but never used[0m

[1m:3276:5: [0m[1;33mwarning[0m: [1m[unused-variable] variable 'SO_REUSEPORT' is declared but never used[0m

[1m:3380:5: [0m[1;33mwarning[0m: [1m[unused-variable] variable 'FIONREAD' is declared but never used[0m

[1m:68:11: [0m[1;33mwarning[0m: [1m[unused-variable] variable 'ERR_HNSW_OOM' is declared but never used[0m

[1m:4661:11: [0m[1;33mwarning[0m: [1m[unused-variable] variable 'PAGE_FLAG_OVERFLOW' is declared but never used[0m

[1m:3310:5: [0m[1;33mwarning[0m: [1m[unused-variable] variable 'SIGHUP' is declared but never used[0m

[1m:3331:5: [0m[1;33mwarning[0m: [1m[unused-variable] variable 'SIG_DFL' is declared but never used[0m

[1m:3169:5: [0m[1;33mwarning[0m: [1m[unused-variable] variable 'O_APPEND' is declared but never used[0m

[1m:7415:11: [0m[1;33mwarning[0m: [1m[unused-variable] variable 'DIST_COS' is declared but never used[0m

[1m:3167:5: [0m[1;33mwarning[0m: [1m[unused-variable] variable 'O_NOCTTY' is declared but never used[0m

[1m:3212:5: [0m[1;33mwarning[0m: [1m[unused-variable] variable 'AT_SYMLINK_NOFOLLOW' is declared but never used[0m

[1m:3313:5: [0m[1;33mwarning[0m: [1m[unused-variable] variable 'SIGILL' is declared but never used[0m

[1m:3363:5: [0m[1;33mwarning[0m: [1m[unused-variable] variable 'FD_CLOEXEC' is declared but never used[0m

[1m:50:11: [0m[1;33mwarning[0m: [1m[unused-variable] variable 'ERR_PAGE_CORRUPT' is declared but never used[0m

[1m:3164:5: [0m[1;33mwarning[0m: [1m[unused-variable] variable 'O_RDWR' is declared but never used[0m

[1m:3332:5: [0m[1;33mwarning[0m: [1m[unused-variable] variable 'SIG_IGN' is declared but never used[0m

[1m:3190:5: [0m[1;33mwarning[0m: [1m[unused-variable] variable 'S_IWOTH' is declared but never used[0m

[1m:3328:5: [0m[1;33mwarning[0m: [1m[unused-variable] variable 'SIGTSTP' is declared but never used[0m

[1m:53:11: [0m[1;33mwarning[0m: [1m[unused-variable] variable 'ERR_SSTABLE_READ_FAILED' is declared but never used[0m

[1m:3165:5: [0m[1;33mwarning[0m: [1m[unused-variable] variable 'O_CREAT' is declared but never used[0m

[1m:3265:5: [0m[1;33mwarning[0m: [1m[unused-variable] variable 'IPPROTO_UDP' is declared but never used[0m

[1m:54:11: [0m[1;33mwarning[0m: [1m[unused-variable] variable 'ERR_SSTABLE_WRITE_FAILED' is declared but never used[0m

[1m:69:11: [0m[1;33mwarning[0m: [1m[unused-variable] variable 'ERR_SIMD_DIM_MISMATCH' is declared but never used[0m

[1m:3203:5: [0m[1;33mwarning[0m: [1m[unused-variable] variable 'S_IFLNK' is declared but never used[0m

[1m:3366:5: [0m[1;33mwarning[0m: [1m[unused-variable] variable 'LOCK_SH' is declared but never used[0m

[1m:3184:5: [0m[1;33mwarning[0m: [1m[unused-variable] variable 'S_IRWXG' is declared but never used[0m

[1m:3191:5: [0m[1;33mwarning[0m: [1m[unused-variable] variable 'S_IXOTH' is declared but never used[0m

[1m:47:11: [0m[1;33mwarning[0m: [1m[unused-variable] variable 'ERR_WAL_REPLAY_FAILED' is declared but never used[0m

[1m:358:11: [0m[1;33mwarning[0m: [1m[unused-variable] variable 'WAL_RECORD_CHECKPOINT' is declared but never used[0m

[1m:3157:5: [0m[1;33mwarning[0m: [1m[unused-variable] variable 'STDIN_FILENO' is declared but never used[0m

[1m:422:11: [0m[1;33mwarning[0m: [1m[unused-variable] variable 'ART_HDR_SIZE' is declared but never used[0m

[1m:7734:11: [0m[1;33mwarning[0m: [1m[unused-variable] variable 'HNSW_M' is declared but never used[0m

[1m:3217:5: [0m[1;33mwarning[0m: [1m[unused-variable] variable 'W_OK' is declared but never used[0m

[1m:3340:5: [0m[1;33mwarning[0m: [1m[unused-variable] variable 'SA_NODEFER' is declared but never used[0m

[1m:356:11: [0m[1;33mwarning[0m: [1m[unused-variable] variable 'WAL_RECORD_PUT' is declared but never used[0m

[1m:3283:5: [0m[1;33mwarning[0m: [1m[unused-variable] variable 'SHUT_WR' is declared but never used[0m

[1m:52:11: [0m[1;33mwarning[0m: [1m[unused-variable] variable 'ERR_MEMTABLE_FULL' is declared but never used[0m

[1m:357:11: [0m[1;33mwarning[0m: [1m[unused-variable] variable 'WAL_RECORD_DELETE' is declared but never used[0m

[1m:3368:5: [0m[1;33mwarning[0m: [1m[unused-variable] variable 'LOCK_NB' is declared but never used[0m

[1m:3181:5: [0m[1;33mwarning[0m: [1m[unused-variable] variable 'S_IRUSR' is declared but never used[0m

[1m:3205:5: [0m[1;33mwarning[0m: [1m[unused-variable] variable 'S_IFBLK' is declared but never used[0m

[1m:359:11: [0m[1;33mwarning[0m: [1m[unused-variable] variable 'WAL_SYNC_INTERVAL' is declared but never used[0m

[1m:3166:5: [0m[1;33mwarning[0m: [1m[unused-variable] variable 'O_EXCL' is declared but never used[0m

[1m:3232:5: [0m[1;33mwarning[0m: [1m[unused-variable] variable 'CLOCK_MONOTONIC' is declared but never used[0m

[1m:365:11: [0m[1;33mwarning[0m: [1m[unused-variable] variable 'SSTABLE_LEVEL_FANOUT' is declared but never used[0m

[1m:355:11: [0m[1;33mwarning[0m: [1m[unused-variable] variable 'WAL_RECORD_HEADER' is declared but never used[0m

[1m:3170:5: [0m[1;33mwarning[0m: [1m[unused-variable] variable 'O_NONBLOCK' is declared but never used[0m

[1m:4660:11: [0m[1;33mwarning[0m: [1m[unused-variable] variable 'PAGE_FLAG_INDEX' is declared but never used[0m

[1m:3301:5: [0m[1;33mwarning[0m: [1m[unused-variable] variable 'POLLFD_OFF_FD' is declared but never used[0m

[1m:366:11: [0m[1;33mwarning[0m: [1m[unused-variable] variable 'SSTABLE_MAX_LEVELS' is declared but never used[0m

[1m:3359:5: [0m[1;33mwarning[0m: [1m[unused-variable] variable 'F_SETLKW' is declared but never used[0m

[1m:3250:5: [0m[1;33mwarning[0m: [1m[unused-variable] variable 'MREMAP_FIXED' is declared but never used[0m

[1m:3384:5: [0m[1;33mwarning[0m: [1m[unused-variable] variable 'O_CLOEXEC_PIPE' is declared but never used[0m

[1m:375:11: [0m[1;33mwarning[0m: [1m[unused-variable] variable 'HNSW_EF_SEARCH' is declared but never used[0m

[1m:3224:5: [0m[1;33mwarning[0m: [1m[unused-variable] variable 'DT_DIR' is declared but never used[0m

[1m:46:11: [0m[1;33mwarning[0m: [1m[unused-variable] variable 'ERR_WAL_CORRUPT_RECORD' is declared but never used[0m

[1m:3314:5: [0m[1;33mwarning[0m: [1m[unused-variable] variable 'SIGTRAP' is declared but never used[0m

[1m:370:11: [0m[1;33mwarning[0m: [1m[unused-variable] variable 'BLOOM_BITS_PER_KEY' is declared but never used[0m

[1m:3168:5: [0m[1;33mwarning[0m: [1m[unused-variable] variable 'O_TRUNC' is declared but never used[0m

[1m:3175:5: [0m[1;33mwarning[0m: [1m[unused-variable] variable 'SEEK_SET' is declared but never used[0m

[1m:3176:5: [0m[1;33mwarning[0m: [1m[unused-variable] variable 'SEEK_CUR' is declared but never used[0m

[1m:3177:5: [0m[1;33mwarning[0m: [1m[unused-variable] variable 'SEEK_END' is declared but never used[0m

[1m:3264:5: [0m[1;33mwarning[0m: [1m[unused-variable] variable 'IPPROTO_TCP' is declared but never used[0m

[1m:3182:5: [0m[1;33mwarning[0m: [1m[unused-variable] variable 'S_IWUSR' is declared but never used[0m

[1m:3189:5: [0m[1;33mwarning[0m: [1m[unused-variable] variable 'S_IROTH' is declared but never used[0m

[1m:3183:5: [0m[1;33mwarning[0m: [1m[unused-variable] variable 'S_IXUSR' is declared but never used[0m

[1m:3186:5: [0m[1;33mwarning[0m: [1m[unused-variable] variable 'S_IWGRP' is declared but never used[0m

[1m:3249:5: [0m[1;33mwarning[0m: [1m[unused-variable] variable 'MREMAP_MAYMOVE' is declared but never used[0m

[1m:3337:5: [0m[1;33mwarning[0m: [1m[unused-variable] variable 'SA_NOCLDWAIT' is declared but never used[0m

[1m:3188:5: [0m[1;33mwarning[0m: [1m[unused-variable] variable 'S_IRWXO' is declared but never used[0m

[1m:3180:5: [0m[1;33mwarning[0m: [1m[unused-variable] variable 'S_IRWXU' is declared but never used[0m

[1m:3260:5: [0m[1;33mwarning[0m: [1m[unused-variable] variable 'SOCK_DGRAM' is declared but never used[0m

[1m:3287:5: [0m[1;33mwarning[0m: [1m[unused-variable] variable 'POLLIN' is declared but never used[0m

[1m:3245:5: [0m[1;33mwarning[0m: [1m[unused-variable] variable 'MAP_ANONYMOUS' is declared but never used[0m

[1m:3194:5: [0m[1;33mwarning[0m: [1m[unused-variable] variable 'MODE_644' is declared but never used[0m

[1m:64:11: [0m[1;33mwarning[0m: [1m[unused-variable] variable 'ERR_HNSW_STALE_HANDLE' is declared but never used[0m

[1m:3197:5: [0m[1;33mwarning[0m: [1m[unused-variable] variable 'MODE_600' is declared but never used[0m

[1m:3202:5: [0m[1;33mwarning[0m: [1m[unused-variable] variable 'S_IFDIR' is declared but never used[0m

[1m:3204:5: [0m[1;33mwarning[0m: [1m[unused-variable] variable 'S_IFCHR' is declared but never used[0m

[1m:3207:5: [0m[1;33mwarning[0m: [1m[unused-variable] variable 'S_IFSOCK' is declared but never used[0m

[1m:3210:5: [0m[1;33mwarning[0m: [1m[unused-variable] variable 'AT_FDCWD' is declared but never used[0m

[1m:3211:5: [0m[1;33mwarning[0m: [1m[unused-variable] variable 'AT_EMPTY_PATH' is declared but never used[0m

[1m:3377:5: [0m[1;33mwarning[0m: [1m[unused-variable] variable 'TCSETS' is declared but never used[0m

[1m:3218:5: [0m[1;33mwarning[0m: [1m[unused-variable] variable 'X_OK' is declared but never used[0m

[1m:3303:5: [0m[1;33mwarning[0m: [1m[unused-variable] variable 'POLLFD_OFF_REVENTS' is declared but never used[0m

[1m:418:11: [0m[1;33mwarning[0m: [1m[unused-variable] variable 'ART_HDR_RESERVED' is declared but never used[0m

[1m:3221:5: [0m[1;33mwarning[0m: [1m[unused-variable] variable 'DT_UNKNOWN' is declared but never used[0m

[1m:3185:5: [0m[1;33mwarning[0m: [1m[unused-variable] variable 'S_IRGRP' is declared but never used[0m

[1m:3317:5: [0m[1;33mwarning[0m: [1m[unused-variable] variable 'SIGFPE' is declared but never used[0m

[1m:3222:5: [0m[1;33mwarning[0m: [1m[unused-variable] variable 'DT_FIFO' is declared but never used[0m

[1m:3353:5: [0m[1;33mwarning[0m: [1m[unused-variable] variable 'F_GETFD' is declared but never used[0m

[1m:3223:5: [0m[1;33mwarning[0m: [1m[unused-variable] variable 'DT_CHR' is declared but never used[0m

[1m:3225:5: [0m[1;33mwarning[0m: [1m[unused-variable] variable 'DT_BLK' is declared but never used[0m

[1m:3226:5: [0m[1;33mwarning[0m: [1m[unused-variable] variable 'DT_REG' is declared but never used[0m

[1m:3227:5: [0m[1;33mwarning[0m: [1m[unused-variable] variable 'DT_LNK' is declared but never used[0m

[1m:374:11: [0m[1;33mwarning[0m: [1m[unused-variable] variable 'HNSW_EF_CONSTRUCTION' is declared but never used[0m

[1m:3228:5: [0m[1;33mwarning[0m: [1m[unused-variable] variable 'DT_SOCK' is declared but never used[0m

[1m:3302:5: [0m[1;33mwarning[0m: [1m[unused-variable] variable 'POLLFD_OFF_EVENTS' is declared but never used[0m

[1m:3236:5: [0m[1;33mwarning[0m: [1m[unused-variable] variable 'PROT_READ' is declared but never used[0m

[1m:3238:5: [0m[1;33mwarning[0m: [1m[unused-variable] variable 'PROT_EXEC' is declared but never used[0m

[1m:3345:5: [0m[1;33mwarning[0m: [1m[unused-variable] variable 'WUNTRACED' is declared but never used[0m

[1m:56:11: [0m[1;33mwarning[0m: [1m[unused-variable] variable 'ERR_FLUSH_FAILED' is declared but never used[0m

[1m:3272:5: [0m[1;33mwarning[0m: [1m[unused-variable] variable 'SO_ERROR' is declared but never used[0m

[1m:3312:5: [0m[1;33mwarning[0m: [1m[unused-variable] variable 'SIGQUIT' is declared but never used[0m

[1m:3242:5: [0m[1;33mwarning[0m: [1m[unused-variable] variable 'MAP_SHARED' is declared but never used[0m

[1m:3268:5: [0m[1;33mwarning[0m: [1m[unused-variable] variable 'SOL_SOCKET' is declared but never used[0m

[1m:3243:5: [0m[1;33mwarning[0m: [1m[unused-variable] variable 'MAP_PRIVATE' is declared but never used[0m

[1m:3244:5: [0m[1;33mwarning[0m: [1m[unused-variable] variable 'MAP_FIXED' is declared but never used[0m

[1m:3253:5: [0m[1;33mwarning[0m: [1m[unused-variable] variable 'AF_UNSPEC' is declared but never used[0m

[1m:3293:5: [0m[1;33mwarning[0m: [1m[unused-variable] variable 'SOCKADDR_IN_SIZE' is declared but never used[0m

[1m:3254:5: [0m[1;33mwarning[0m: [1m[unused-variable] variable 'AF_UNIX' is declared but never used[0m

[1m:3255:5: [0m[1;33mwarning[0m: [1m[unused-variable] variable 'AF_INET' is declared but never used[0m

[1m:3344:5: [0m[1;33mwarning[0m: [1m[unused-variable] variable 'WNOHANG' is declared but never used[0m

[1m:3256:5: [0m[1;33mwarning[0m: [1m[unused-variable] variable 'AF_INET6' is declared but never used[0m

[1m:3259:5: [0m[1;33mwarning[0m: [1m[unused-variable] variable 'SOCK_STREAM' is declared but never used[0m

[1m:3187:5: [0m[1;33mwarning[0m: [1m[unused-variable] variable 'S_IXGRP' is declared but never used[0m

[1m:3261:5: [0m[1;33mwarning[0m: [1m[unused-variable] variable 'SOCK_RAW' is declared but never used[0m

[1m:3273:5: [0m[1;33mwarning[0m: [1m[unused-variable] variable 'SO_SNDBUF' is declared but never used[0m

[1m:3275:5: [0m[1;33mwarning[0m: [1m[unused-variable] variable 'SO_KEEPALIVE' is declared but never used[0m

[1m:3282:5: [0m[1;33mwarning[0m: [1m[unused-variable] variable 'SHUT_RD' is declared but never used[0m

[1m:3284:5: [0m[1;33mwarning[0m: [1m[unused-variable] variable 'SHUT_RDWR' is declared but never used[0m

[1m:3288:5: [0m[1;33mwarning[0m: [1m[unused-variable] variable 'POLLOUT' is declared but never used[0m

[1m:3294:5: [0m[1;33mwarning[0m: [1m[unused-variable] variable 'SOCKADDR_UN_SIZE' is declared but never used[0m

[1m:3296:5: [0m[1;33mwarning[0m: [1m[unused-variable] variable 'SOCKADDR_OFF_PORT' is declared but never used[0m

[1m:3297:5: [0m[1;33mwarning[0m: [1m[unused-variable] variable 'SOCKADDR_OFF_ADDR' is declared but never used[0m

[1m:3300:5: [0m[1;33mwarning[0m: [1m[unused-variable] variable 'POLLFD_SIZE' is declared but never used[0m

[1m:3311:5: [0m[1;33mwarning[0m: [1m[unused-variable] variable 'SIGINT' is declared but never used[0m

[1m:3315:5: [0m[1;33mwarning[0m: [1m[unused-variable] variable 'SIGABRT' is declared but never used[0m

[1m:3172:5: [0m[1;33mwarning[0m: [1m[unused-variable] variable 'O_CLOEXEC' is declared but never used[0m

[1m:3324:5: [0m[1;33mwarning[0m: [1m[unused-variable] variable 'SIGTERM' is declared but never used[0m

[1m:3316:5: [0m[1;33mwarning[0m: [1m[unused-variable] variable 'SIGBUS' is declared but never used[0m

[1m:3318:5: [0m[1;33mwarning[0m: [1m[unused-variable] variable 'SIGKILL' is declared but never used[0m

[1m:3319:5: [0m[1;33mwarning[0m: [1m[unused-variable] variable 'SIGUSR1' is declared but never used[0m

[1m:3201:5: [0m[1;33mwarning[0m: [1m[unused-variable] variable 'S_IFREG' is declared but never used[0m

[1m:3325:5: [0m[1;33mwarning[0m: [1m[unused-variable] variable 'SIGCHLD' is declared but never used[0m

[1m:3326:5: [0m[1;33mwarning[0m: [1m[unused-variable] variable 'SIGCONT' is declared but never used[0m

[1m:3327:5: [0m[1;33mwarning[0m: [1m[unused-variable] variable 'SIGSTOP' is declared but never used[0m

[1m:3333:5: [0m[1;33mwarning[0m: [1m[unused-variable] variable 'SIG_ERR' is declared but never used[0m

[1m:3336:5: [0m[1;33mwarning[0m: [1m[unused-variable] variable 'SA_NOCLDSTOP' is declared but never used[0m

[1m:3338:5: [0m[1;33mwarning[0m: [1m[unused-variable] variable 'SA_SIGINFO' is declared but never used[0m

[1m:3339:5: [0m[1;33mwarning[0m: [1m[unused-variable] variable 'SA_RESTART' is declared but never used[0m

[1m:3279:5: [0m[1;33mwarning[0m: [1m[unused-variable] variable 'TCP_NODELAY' is declared but never used[0m

[1m:3352:5: [0m[1;33mwarning[0m: [1m[unused-variable] variable 'F_DUPFD' is declared but never used[0m

[1m:3354:5: [0m[1;33mwarning[0m: [1m[unused-variable] variable 'F_SETFD' is declared but never used[0m

[1m:3200:5: [0m[1;33mwarning[0m: [1m[unused-variable] variable 'S_IFMT' is declared but never used[0m

[1m:3355:5: [0m[1;33mwarning[0m: [1m[unused-variable] variable 'F_GETFL' is declared but never used[0m

[1m:3356:5: [0m[1;33mwarning[0m: [1m[unused-variable] variable 'F_SETFL' is declared but never used[0m

[1m:19:5: [0m[1;33mwarning[0m: [1m[unused-parameter] parameter 'err' is unused in function 'failsafe'[0m

[1m:166:5: [0m[1;33mwarning[0m: [1m[unused-variable] variable 'c_toml_path' is declared but never used[0m

[1m:297:5: [0m[1;33mwarning[0m: [1m[unused-parameter] parameter 'loc_buf' is unused in function 'location_is_in_memtable'[0m

[1m:310:5: [0m[1;33mwarning[0m: [1m[unused-parameter] parameter 'loc_buf' is unused in function 'location_is_tombstone'[0m

[1m:328:5: [0m[1;33mwarning[0m: [1m[unused-parameter] parameter 'loc_buf' is unused in function 'location_verify_parity'[0m

[1m:2346:5: [0m[1;33mwarning[0m: [1m[unused-parameter] parameter 'val' is unused in function 'json_make_i64'[0m

[1m:2352:5: [0m[1;33mwarning[0m: [1m[unused-variable] variable 'bits' is declared but never used[0m

[1m:2488:5: [0m[1;33mwarning[0m: [1m[unused-variable] variable 'len' is declared but never used[0m

[1m:3412:5: [0m[1;33mwarning[0m: [1m[unused-variable] variable 'r' is declared but never used[0m

[1m:3406:5: [0m[1;33mwarning[0m: [1m[unused-variable] variable 'buf_r' is declared but never used[0m

[1m:3478:5: [0m[1;33mwarning[0m: [1m[unused-variable] variable 'r' is declared but never used[0m

[1m:3469:5: [0m[1;33mwarning[0m: [1m[unused-variable] variable 'req_r' is declared but never used[0m

[1m:3487:5: [0m[1;33mwarning[0m: [1m[unused-parameter] parameter 'seconds' is unused in function 'libc_sleep'[0m

[1m:3497:5: [0m[1;33mwarning[0m: [1m[unused-variable] variable 'nsec' is declared but never used[0m

[1m:3788:5: [0m[1;33mwarning[0m: [1m[unused-variable] variable 'head' is declared but never used[0m

[1m:3792:5: [0m[1;33mwarning[0m: [1m[unused-parameter] parameter 'node' is unused in function 'sl_next'[0m

[1m:3851:5: [0m[1;33mwarning[0m: [1m[unused-parameter] parameter 'key' is unused in function 'mt_get'[0m

[1m:3852:5: [0m[1;33mwarning[0m: [1m[unused-variable] variable 'sl_head' is declared but never used[0m

[1m:3857:5: [0m[1;33mwarning[0m: [1m[unused-variable] variable 'sl_head' is declared but never used[0m

[1m:3880:5: [0m[1;33mwarning[0m: [1m[unused-variable] variable 'sl_head' is declared but never used[0m

[1m:3885:5: [0m[1;33mwarning[0m: [1m[unused-variable] variable 'sl_head' is declared but never used[0m

[1m:3890:5: [0m[1;33mwarning[0m: [1m[unused-variable] variable 'sl_head' is declared but never used[0m

[1m:4020:5: [0m[1;33mwarning[0m: [1m[unused-parameter] parameter 'wal_fd' is unused in function 'wal_append_put'[0m

[1m:4020:5: [0m[1;33mwarning[0m: [1m[unused-parameter] parameter 'seq' is unused in function 'wal_append_put'[0m

[1m:4049:5: [0m[1;33mwarning[0m: [1m[unused-parameter] parameter 'wal_fd' is unused in function 'wal_append_delete'[0m

[1m:4049:5: [0m[1;33mwarning[0m: [1m[unused-parameter] parameter 'seq' is unused in function 'wal_append_delete'[0m

[1m:4068:5: [0m[1;33mwarning[0m: [1m[unused-parameter] parameter 'wal_fd' is unused in function 'wal_append_checkpoint'[0m

[1m:4068:5: [0m[1;33mwarning[0m: [1m[unused-parameter] parameter 'seq' is unused in function 'wal_append_checkpoint'[0m

[1m:4110:5: [0m[1;33mwarning[0m: [1m[unused-parameter] parameter 'wal_fd' is unused in function 'wal_batch_should_flush'[0m

[1m:4133:1: [0m[1;33mwarning[0m: [1m[unused-parameter] parameter 'wal_fd' is unused in function 'wal_batch_append'[0m

[1m:4174:5: [0m[1;33mwarning[0m: [1m[unused-parameter] parameter 'wal_state_ptr' is unused in function 'wal_batch_append_put'[0m

[1m:4174:5: [0m[1;33mwarning[0m: [1m[unused-parameter] parameter 'wal_fd' is unused in function 'wal_batch_append_put'[0m

[1m:4174:5: [0m[1;33mwarning[0m: [1m[unused-parameter] parameter 'seq' is unused in function 'wal_batch_append_put'[0m

[1m:4189:5: [0m[1;33mwarning[0m: [1m[unused-parameter] parameter 'wal_state_ptr' is unused in function 'wal_batch_append_delete'[0m

[1m:4189:5: [0m[1;33mwarning[0m: [1m[unused-parameter] parameter 'wal_fd' is unused in function 'wal_batch_append_delete'[0m

[1m:4189:5: [0m[1;33mwarning[0m: [1m[unused-parameter] parameter 'seq' is unused in function 'wal_batch_append_delete'[0m

[1m:4292:5: [0m[1;33mwarning[0m: [1m[unused-parameter] parameter 'wal_path' is unused in function 'wal_replay'[0m

[1m:4532:5: [0m[1;33mwarning[0m: [1m[unused-parameter] parameter 'lm' is unused in function 'lm_l0_needs_compaction'[0m

[1m:4585:5: [0m[1;33mwarning[0m: [1m[unused-parameter] parameter 'lm' is unused in function 'lm_get_sstable_count'[0m

[1m:4585:5: [0m[1;33mwarning[0m: [1m[unused-parameter] parameter 'level' is unused in function 'lm_get_sstable_count'[0m

[1m:4733:5: [0m[1;33mwarning[0m: [1m[unused-parameter] parameter 'buf' is unused in function 'page_free_space'[0m

[1m:4749:5: [0m[1;33mwarning[0m: [1m[unused-parameter] parameter 'slot_index' is unused in function 'slot_get_tuple_offset'[0m

[1m:4755:5: [0m[1;33mwarning[0m: [1m[unused-parameter] parameter 'slot_index' is unused in function 'slot_get_tuple_length'[0m

[1m:4761:5: [0m[1;33mwarning[0m: [1m[unused-parameter] parameter 'slot_index' is unused in function 'slot_write'[0m

[1m:4788:5: [0m[1;33mwarning[0m: [1m[unused-parameter] parameter 'slot_index' is unused in function 'page_read_tuple_string'[0m

[1m:4796:5: [0m[1;33mwarning[0m: [1m[unused-parameter] parameter 'buf' is unused in function 'page_is_full'[0m

[1m:4805:5: [0m[1;33mwarning[0m: [1m[unused-parameter] parameter 'buf' is unused in function 'page_live_count'[0m

[1m:4820:5: [0m[1;33mwarning[0m: [1m[unused-parameter] parameter 'buf' is unused in function 'page_used_bytes'[0m

[1m:4884:5: [0m[1;33mwarning[0m: [1m[unused-parameter] parameter 'buf' is unused in function 'page_slot_is_alive'[0m

[1m:4884:5: [0m[1;33mwarning[0m: [1m[unused-parameter] parameter 'slot_index' is unused in function 'page_slot_is_alive'[0m

[1m:5032:5: [0m[1;33mwarning[0m: [1m[unused-parameter] parameter 'key' is unused in function 'bloom_add'[0m

[1m:5057:5: [0m[1;33mwarning[0m: [1m[unused-parameter] parameter 'key' is unused in function 'bloom_check'[0m

[1m:5191:5: [0m[1;33mwarning[0m: [1m[unused-parameter] parameter 'fd' is unused in function 'sstable_flush_page'[0m

[1m:5191:5: [0m[1;33mwarning[0m: [1m[unused-parameter] parameter 'page_buf' is unused in function 'sstable_flush_page'[0m

[1m:5224:5: [0m[1;33mwarning[0m: [1m[unused-parameter] parameter 'mt' is unused in function 'sstable_write'[0m

[1m:5368:5: [0m[1;33mwarning[0m: [1m[unused-variable] variable 'fw' is declared but never used[0m

[1m:5225:5: [0m[1;33mwarning[0m: [1m[unused-variable] variable 'c_path' is declared but never used[0m

[1m:5232:5: [0m[1;33mwarning[0m: [1m[unused-variable] variable 'total_keys_init' is declared but never used[0m

[1m:5383:5: [0m[1;33mwarning[0m: [1m[unused-variable] variable 'c_path' is declared but never used[0m

[1m:5528:5: [0m[1;33mwarning[0m: [1m[unused-parameter] parameter 'slot_index' is unused in function 'sstable_read_record'[0m

[1m:5725:5: [0m[1;33mwarning[0m: [1m[unused-variable] variable 'sst_path' is declared but never used[0m

[1m:5804:5: [0m[1;33mwarning[0m: [1m[unused-variable] variable 'j_rec' is declared but never used[0m

[1m:5801:5: [0m[1;33mwarning[0m: [1m[unused-variable] variable 'i_rec' is declared but never used[0m

[1m:5853:5: [0m[1;33mwarning[0m: [1m[unused-parameter] parameter 'key' is unused in function 'heap_push'[0m

[1m:5895:5: [0m[1;33mwarning[0m: [1m[unused-variable] variable 'rec' is declared but never used[0m

[1m:5963:5: [0m[1;33mwarning[0m: [1m[unused-variable] variable 'best_iter' is declared but never used[0m

[1m:6191:5: [0m[1;33mwarning[0m: [1m[unused-variable] variable 'c_path' is declared but never used[0m

[1m:6439:5: [0m[1;33mwarning[0m: [1m[unused-parameter] parameter 'lm' is unused in function 'maybe_compact'[0m

[1m:6581:5: [0m[1;33mwarning[0m: [1m[unused-parameter] parameter 'wal_path' is unused in function 'wp_init'[0m

[1m:6581:5: [0m[1;33mwarning[0m: [1m[unused-parameter] parameter 'worker_fn' is unused in function 'wp_init'[0m

[1m:6620:5: [0m[1;33mwarning[0m: [1m[unused-parameter] parameter 'key' is unused in function 'wp_put'[0m

[1m:6672:5: [0m[1;33mwarning[0m: [1m[unused-variable] variable 'seq' is declared but never used[0m

[1m:6707:5: [0m[1;33mwarning[0m: [1m[unused-parameter] parameter 'key' is unused in function 'wp_delete'[0m

[1m:6711:5: [0m[1;33mwarning[0m: [1m[unused-variable] variable 'active_mt' is declared but never used[0m

[1m:6713:5: [0m[1;33mwarning[0m: [1m[unused-variable] variable 'seq' is declared but never used[0m

[1m:6835:5: [0m[1;33mwarning[0m: [1m[unused-parameter] parameter 'arena_ptr' is unused in function 'ast_node_make'[0m

[1m:6937:5: [0m[1;33mwarning[0m: [1m[unused-variable] variable 'val0_ptr' is declared but never used[0m

[1m:6936:5: [0m[1;33mwarning[0m: [1m[unused-variable] variable 'key0_ptr' is declared but never used[0m

[1m:7462:5: [0m[1;33mwarning[0m: [1m[unused-parameter] parameter 'pq' is unused in function 'hnsw_pq_get_candidate_ptr'[0m

[1m:7490:1: [0m[1;33mwarning[0m: [1m[unused-parameter] parameter 'src_ptr' is unused in function 'hnsw_pq_copy_candidate'[0m

[1m:7499:1: [0m[1;33mwarning[0m: [1m[unused-parameter] parameter 'pq' is unused in function 'hnsw_pq_compare'[0m

[1m:7499:1: [0m[1;33mwarning[0m: [1m[unused-parameter] parameter 'ptr_a' is unused in function 'hnsw_pq_compare'[0m

[1m:7499:1: [0m[1;33mwarning[0m: [1m[unused-parameter] parameter 'ptr_b' is unused in function 'hnsw_pq_compare'[0m

[1m:7517:1: [0m[1;33mwarning[0m: [1m[unused-parameter] parameter 'pq' is unused in function 'hnsw_pq_sift_up'[0m

[1m:7545:1: [0m[1;33mwarning[0m: [1m[unused-parameter] parameter 'pq' is unused in function 'hnsw_pq_sift_down'[0m

[1m:7678:5: [0m[1;33mwarning[0m: [1m[unused-parameter] parameter 'pq' is unused in function 'hnsw_pq_peek'[0m

[1m:7860:5: [0m[1;33mwarning[0m: [1m[unused-parameter] parameter 'layer' is unused in function 'hnsw_node_get_neighbor_slot'[0m

[1m:7860:5: [0m[1;33mwarning[0m: [1m[unused-parameter] parameter 'i' is unused in function 'hnsw_node_get_neighbor_slot'[0m

[1m:7867:5: [0m[1;33mwarning[0m: [1m[unused-parameter] parameter 'layer' is unused in function 'hnsw_node_get_neighbor_gen'[0m

[1m:7867:5: [0m[1;33mwarning[0m: [1m[unused-parameter] parameter 'i' is unused in function 'hnsw_node_get_neighbor_gen'[0m

[1m:7874:5: [0m[1;33mwarning[0m: [1m[unused-parameter] parameter 'layer' is unused in function 'hnsw_node_get_neighbor_arena_id'[0m

[1m:7874:5: [0m[1;33mwarning[0m: [1m[unused-parameter] parameter 'i' is unused in function 'hnsw_node_get_neighbor_arena_id'[0m

[1m:7881:5: [0m[1;33mwarning[0m: [1m[unused-parameter] parameter 'layer' is unused in function 'hnsw_node_set_neighbor'[0m

[1m:7881:5: [0m[1;33mwarning[0m: [1m[unused-parameter] parameter 'i' is unused in function 'hnsw_node_set_neighbor'[0m

[1m:7892:5: [0m[1;33mwarning[0m: [1m[unused-parameter] parameter 'layer' is unused in function 'hnsw_node_clear_neighbor'[0m

[1m:7892:5: [0m[1;33mwarning[0m: [1m[unused-parameter] parameter 'i' is unused in function 'hnsw_node_clear_neighbor'[0m

[1m:7903:5: [0m[1;33mwarning[0m: [1m[unused-parameter] parameter 'layer' is unused in function 'hnsw_neighbor_is_null'[0m

[1m:7903:5: [0m[1;33mwarning[0m: [1m[unused-parameter] parameter 'i' is unused in function 'hnsw_neighbor_is_null'[0m

[1m:8089:5: [0m[1;33mwarning[0m: [1m[unused-parameter] parameter 'arena' is unused in function 'hnsw_arena_get_node'[0m

[1m:8112:5: [0m[1;33mwarning[0m: [1m[unused-parameter] parameter 'arena' is unused in function 'hnsw_hnsw_arena_get_node_unchecked'[0m

[1m:8209:5: [0m[1;33mwarning[0m: [1m[unused-variable] variable 'tail_start' is declared but never used[0m

[1m:8262:5: [0m[1;33mwarning[0m: [1m[unused-variable] variable 'tail_start' is declared but never used[0m

[1m:8322:5: [0m[1;33mwarning[0m: [1m[unused-variable] variable 'tail_start' is declared but never used[0m

[1m:8483:5: [0m[1;33mwarning[0m: [1m[unused-parameter] parameter 'graph' is unused in function 'hnsw_graph_distance'[0m

[1m:8578:5: [0m[1;33mwarning[0m: [1m[unused-parameter] parameter 'arena' is unused in function 'evaluate_filter'[0m

[1m:8880:5: [0m[1;33mwarning[0m: [1m[unused-parameter] parameter 'query_offset' is unused in function 'hnsw_select_neighbors'[0m

[1m:8951:1: [0m[1;33mwarning[0m: [1m[unused-parameter] parameter 'n_slot' is unused in function 'hnsw_shrink_connections'[0m

[1m:8951:1: [0m[1;33mwarning[0m: [1m[unused-parameter] parameter 'n_gen' is unused in function 'hnsw_shrink_connections'[0m

[1m:9152:5: [0m[1;33mwarning[0m: [1m[unused-parameter] parameter 'req' is unused in function 'controller_create_collection'[0m

[1m:9345:5: [0m[1;33mwarning[0m: [1m[unused-parameter] parameter 'collection_name' is unused in function 'controller_search'[0m

[1m:9345:5: [0m[1;33mwarning[0m: [1m[unused-parameter] parameter 'ebr_tid' is unused in function 'controller_search'[0m

[1m:9441:5: [0m[1;33mwarning[0m: [1m[unused-variable] variable 'visited_set' is declared but never used[0m

[1m:9818:1: [0m[1;33mwarning[0m: [1m[unused-parameter] parameter 'argc' is unused in function 'main'[0m

[1m:9818:1: [0m[1;33mwarning[0m: [1m[unused-parameter] parameter 'argv' is unused in function 'main'[0m

[1m:9722:12: [0m[1;33mwarning[0m: [1m[unreachable-code] then-branch is unreachable (condition is always false)[0m

[1m:9722:5: [0m[1;33mwarning[0m: [1m[constant-condition] condition is always false[0m

[1m:7499:1: [0m[1;33mwarning[0m: [1m[unused-function] function 'hnsw_pq_compare' is defined but never called[0m

[1m:7930:1: [0m[1;33mwarning[0m: [1m[unused-function] function 'hnsw_arena_get_gen_buf' is defined but never called[0m

[1m:5796:1: [0m[1;33mwarning[0m: [1m[unused-function] function 'heap_less' is defined but never called[0m

[1m:4133:1: [0m[1;33mwarning[0m: [1m[unused-function] function 'wal_batch_append' is defined but never called[0m

[1m:3986:1: [0m[1;33mwarning[0m: [1m[unused-function] function 'wal_append' is defined but never called[0m

[1m:9717:1: [0m[1;33mwarning[0m: [1m[unused-function] function 'catalog_compaction_worker_shim' is defined but never called[0m

[1m:7064:1: [0m[1;33mwarning[0m: [1m[unused-function] function 'streq_len' is defined but never called[0m

[1m:7846:1: [0m[1;33mwarning[0m: [1m[unused-function] function 'hnsw_neighbor_base' is defined but never called[0m

[1m:7926:1: [0m[1;33mwarning[0m: [1m[unused-function] function 'hnsw_hnsw_arena_get_node_buf' is defined but never called[0m

[1m:7934:1: [0m[1;33mwarning[0m: [1m[unused-function] function 'hnsw_arena_get_free_buf' is defined but never called[0m

[1m:2873:32: [0m[1;33mwarning[0m: [1m[empty-block] empty if body[0m

[1mSummary: [0m[1;33m345 warnings[0m
Exit code: 0
