  FAIL (compile error): test_cast.npk
  FAIL (compile error): test_cast2.npk
  FAIL (compile error): test_cast3.npk
  FAIL (compile error): test_cast4.npk
  FAIL (compile error): test_cast5.npk
  FAIL (compile error): test_cast6.npk
  FAIL (compile error): test_cast7.npk
  FAIL (compile error): test_extern.npk
  FAIL (compile error): test_extern_func.npk
  FAIL (compile error): test_import1.npk
  FAIL (compile error): test_import2.npk
  FAIL (compile error): test_ptr2.npk
  FAIL (compile error): test_ptr3.npk
  FAIL (compile error): test_ptr4.npk
  FAIL (compile error): test_ptr5.npk
  FAIL (compile error): test_raw2.npk
  FAIL (compile error): test_req.npk
  FAIL (compile error): test_wild.npk
  FAIL (compile error): test_wild_ptr2.npk
  FAIL (compile error): test_wild_ptr_call.npk
  FAIL (compile error): time_test.npk
  FAIL (compile error): test_exit_code.npk
  FAIL (compile error): test_str.npk
  FAIL (compile error): test_string_free.npk
  FAIL (compile error): test_use.npk
  FAIL (compile error): test_verify.npk
  FAIL (compile error): test_cast.npk
  FAIL (compile error): test_exit.npk
  FAIL (compile error): test_thread.npk
  FAIL (compile error): test_cmp.npk
  FAIL (compile error): test_rwlock.npk
  FAIL (compile error): test_stress.npk
  FAIL (compile error): test_unwrap.npk
  FAIL (compile error): test_json.npk
  FAIL (compile error): test_ptr.npk
